HPL_SWM.h:24:20:SWM_init	8	static
HPL_SWM.h:32:20:SWM_deinit	8	static
HPL_CTIMER.c:42:6:CTIMER_init	16	static
HPL_CTIMER.c:59:6:CTIMER_stop	8	static
HPL_CTIMER.c:68:6:CTIMER_run	8	static
HPL_CTIMER.c:80:6:CTIMER_config_mr	16	static
HPL_CTIMER.c:148:6:CTIMER_update_mr_value	16	static
HPL_CTIMER.c:189:6:CTIMER_update_mr_value_on_finish	16	static
HPL_CTIMER.c:230:6:CTIMER_config_cc	16	static
HPL_CTIMER.c:285:6:CTIMER_config_ctcr	16	static
HPL_CTIMER.c:298:6:CTIMER_config_emr	16	static
HPL_CTIMER.c:373:6:CTIMER_enable_pwm	16	static
HPL_CTIMER.c:410:6:CTIMER_disable_pwm	16	static
HPL_CTIMER.c:447:6:CTIMER0_IRQHandler	8	static
