HPL_SYSCON.h:329:6:SYSCON_set_fro_direct	8	static
HPL_SYSCON.h:339:6:SYSCON_clear_fro_direct	8	static
HPL_SYSCON.h:516:6:SYSCON_set_frg_config	24	static
HPL_ADC.c:39:6:ADC_config_control	16	static
HPL_ADC.c:88:6:ADC_config_sequence	24	static
HPL_ADC.c:109:6:ADC_start_burst_in_sequence	24	static
HPL_ADC.c:123:6:ADC_stop_burst_in_sequence	16	static
HPL_ADC.c:133:6:ADC_enable_sequence	16	static
HPL_ADC.c:142:6:ADC_disable_sequence	16	static
HPL_ADC.c:151:6:ADC_software_start_sequence	16	static
HPL_ADC.c:161:6:ADC_set_compare_low_threshold	24	static
HPL_ADC.c:171:6:ADC_set_compare_high_threshold	24	static
HPL_ADC.c:181:6:ADC_set_channel_threshold	16	static
HPL_ADC.c:204:6:ADC_enable_sequence_interrupt	16	static
HPL_ADC.c:220:6:ADC_disable_sequence_interrupt	16	static
HPL_ADC.c:237:6:ADC_set_sequence_callback	16	static
HPL_ADC.c:245:6:ADC_enable_overrun_interrupt	8	static
HPL_ADC.c:253:6:ADC_disable_overrun_interrupt	8	static
HPL_ADC.c:262:6:ADC_set_overrun_callback	16	static
HPL_ADC.c:272:6:ADC_enable_threshold_interrupt	16	static
HPL_ADC.c:295:6:ADC_disable_threshold_interrupt	16	static
HPL_ADC.c:318:6:ADC_set_threshold_callback	16	static
HPL_ADC.c:328:6:ADC_get_global_data	16	static
HPL_ADC.c:338:6:ADC_get_channel_data	16	static
HPL_ADC.c:346:13:dummy_irq_callback	8	static
HPL_ADC.c:354:6:ADC_SEQA_IRQHandler	8	static
HPL_ADC.c:367:6:ADC_SEQB_IRQHandler	8	static
HPL_ADC.c:380:6:ADC_THCMP_IRQHandler	8	static
HPL_ADC.c:388:6:ADC_OVR_IRQHandler	8	static
