HPL_PININT.c:37:6:PININT_init	8	static
HPL_PININT.c:47:6:PININT_deinit	8	static
HPL_PININT.c:56:6:PININT_configure_pin_interrupt	16	static
HPL_PININT.c:92:6:PININT0_IRQHandler	8	static
HPL_PININT.c:103:6:PININT1_IRQHandler	8	static
HPL_PININT.c:114:6:PININT2_IRQHandler	8	static
HPL_PININT.c:125:6:PININT3_IRQHandler	8	static
HPL_PININT.c:136:6:PININT4_IRQHandler	8	static
HPL_PININT.c:147:6:PININT5_IRQHandler	8	static
HPL_PININT.c:158:6:PININT6_IRQHandler	8	static
HPL_PININT.c:174:6:PININT7_IRQHandler	8	static
HPL_PININT.c:193:9:PININT_register_callback	16	static
HPL_PININT.c:213:13:dummy_irq_callback	8	static
