HPL_SYSCON.h:504:20:SYSCON_set_peripheral_clock_source	24	static
HPL_UART.c:48:6:UART_register_rx_callback	16	static
HPL_UART.c:58:6:UART_register_tx_callback	16	static
HPL_UART.c:69:9:UART_init	24	static
HPL_UART.c:282:17:calculate_BRGVAL	24	static
HPL_UART.c:293:9:UART_tx_byte	16	static
HPL_UART.c:336:9:UART_rx_byte	16	static
HPL_UART.c:371:6:UART0_IRQHandler	8	static
HPL_UART.c:399:6:UART1_IRQHandler	8	static
HPL_UART.c:427:6:UART2_IRQHandler	8	static
HPL_UART.c:467:6:UART3_irq	8	static
HPL_UART.c:495:6:UART4_irq	8	static
