HPL_SYSCON.c:63:10:SYSCON_get_system_clock	16	static
HPL_SYSCON.c:79:10:SYSCON_get_fro_clock	8	static
HPL_SYSCON.c:88:10:SYSCON_get_pll_clock	8	static
HPL_SYSCON.c:97:6:SYSCON_set_system_clock_source	16	static
HPL_SYSCON.c:158:6:SYSCON_set_system_clock_divider	16	static
HPL_SYSCON.c:167:6:SYSCON_set_ext_clock_source	16	static
HPL_SYSCON.c:176:6:SYSCON_set_crystal_clock	40	static
HPL_SYSCON.c:231:6:SYSCON_set_ext_in_clock	16	static
HPL_SYSCON.c:239:6:SYSCON_set_fro_direct	8	static
HPL_SYSCON.c:251:6:SYSCON_clear_fro_direct	8	static
HPL_SYSCON.c:265:6:SYSCON_set_watchdog_osc_clock	32	static
HPL_SYSCON.c:280:6:SYSCON_set_PLL	24	static
HPL_SYSCON.c:339:6:SYSCON_set_peripheral_clock_source	24	static
HPL_SYSCON.c:349:10:SYSCON_get_peripheral_clock	16	static
HPL_SYSCON.c:406:6:SYSCON_set_frg_config	48	static
HPL_SYSCON.c:468:6:SYSCON_set_clkout_config	24	static
