HPL_SYSCON.c:63:10:SYSCON_get_system_clock	16	static
HPL_SYSCON.c:79:10:SYSCON_get_fro_clock	8	static
HPL_SYSCON.c:88:10:SYSCON_get_pll_clock	8	static
HPL_SYSCON.c:97:6:SYSCON_set_system_clock_source	16	static
HPL_SYSCON.c:161:6:SYSCON_set_system_clock_divider	16	static
HPL_SYSCON.c:170:6:SYSCON_set_ext_clock_source	16	static
HPL_SYSCON.c:179:6:SYSCON_set_crystal_clock	40	static
HPL_SYSCON.c:234:6:SYSCON_set_ext_in_clock	16	static
HPL_SYSCON.c:242:6:SYSCON_set_fro_direct	8	static
HPL_SYSCON.c:255:6:SYSCON_clear_fro_direct	8	static
HPL_SYSCON.c:270:6:SYSCON_set_watchdog_osc_clock	32	static
HPL_SYSCON.c:285:6:SYSCON_set_PLL	24	static
HPL_SYSCON.c:344:6:SYSCON_set_peripheral_clock_source	24	static
HPL_SYSCON.c:354:10:SYSCON_get_peripheral_clock	16	static
HPL_SYSCON.c:411:6:SYSCON_set_frg_config	48	static
HPL_SYSCON.c:473:6:SYSCON_set_clkout_config	24	static
