HPL_PININT.c:35:6:PININT_init	8	static
HPL_PININT.c:45:6:PININT_deinit	8	static
HPL_PININT.c:54:6:PININT_configure_pin_interrupt	16	static
HPL_PININT.c:90:6:PININT0_IRQHandler	8	static
HPL_PININT.c:101:6:PININT1_IRQHandler	8	static
HPL_PININT.c:112:6:PININT2_IRQHandler	8	static
HPL_PININT.c:123:6:PININT3_IRQHandler	8	static
HPL_PININT.c:134:6:PININT4_IRQHandler	8	static
HPL_PININT.c:145:6:PININT5_IRQHandler	8	static
HPL_PININT.c:156:6:PININT6_IRQHandler	8	static
HPL_PININT.c:172:6:PININT7_IRQHandler	8	static
HPL_PININT.c:191:9:PININT_register_callback	16	static
HPL_PININT.c:211:13:dummy_irq_callback	8	static
