HPL_SYSCON.h:182:20:SYSCON_set_peripheral_clock_source	24	static
HPL_UART.c:39:6:UART_register_rx_callback	16	static
HPL_UART.c:49:6:UART_register_tx_callback	16	static
HPL_UART.c:60:9:UART_init	24	static
HPL_UART.c:273:17:calculate_BRGVAL	24	static
HPL_UART.c:284:9:UART_tx_byte	16	static
HPL_UART.c:327:9:UART_rx_byte	16	static
HPL_UART.c:362:6:UART0_IRQHandler	8	static
HPL_UART.c:390:6:UART1_IRQHandler	8	static
HPL_UART.c:418:6:UART2_IRQHandler	8	static
HPL_UART.c:458:6:UART3_irq	8	static
HPL_UART.c:486:6:UART4_irq	8	static
