HPL_ADC.c:40:6:ADC_init	24	static
HPL_ADC.c:89:6:ADC_config_sequence	24	static
HPL_ADC.c:110:6:ADC_start_burst_in_sequence	24	static
HPL_ADC.c:124:6:ADC_stop_burst_in_sequence	16	static
HPL_ADC.c:134:6:ADC_enable_sequence	16	static
HPL_ADC.c:143:6:ADC_disable_sequence	16	static
HPL_ADC.c:152:6:ADC_software_start_sequence	16	static
HPL_ADC.c:162:6:ADC_set_compare_low_threshold	24	static
HPL_ADC.c:172:6:ADC_set_compare_high_threshold	24	static
HPL_ADC.c:182:6:ADC_set_channel_threshold	16	static
HPL_ADC.c:205:6:ADC_enable_sequence_interrupt	16	static
HPL_ADC.c:221:6:ADC_disable_sequence_interrupt	16	static
HPL_ADC.c:238:6:ADC_set_sequence_callback	16	static
HPL_ADC.c:246:6:ADC_enable_overrun_interrupt	8	static
HPL_ADC.c:254:6:ADC_disable_overrun_interrupt	8	static
HPL_ADC.c:263:6:ADC_set_overrun_callback	16	static
HPL_ADC.c:273:6:ADC_enable_threshold_interrupt	16	static
HPL_ADC.c:296:6:ADC_disable_threshold_interrupt	16	static
HPL_ADC.c:319:6:ADC_set_threshold_callback	16	static
HPL_ADC.c:329:6:ADC_get_global_data	16	static
HPL_ADC.c:339:6:ADC_get_channel_data	16	static
HPL_ADC.c:347:13:dummy_irq_callback	8	static
HPL_ADC.c:355:6:ADC_SEQA_IRQHandler	8	static
HPL_ADC.c:368:6:ADC_SEQB_IRQHandler	8	static
HPL_ADC.c:381:6:ADC_THCMP_IRQHandler	8	static
HPL_ADC.c:389:6:ADC_OVR_IRQHandler	8	static
