Archive member included to satisfy reference by file (symbol)

/home/augusto/Desktop/InfoII/Libreria_LPC845/LPC845/Libreria_LPC845/Debug/libLibreria_LPC845.a(HPL_IOCON.o)
                              ./src/Test_development.o (IOCON_PIN_TABLE)
/home/augusto/Desktop/InfoII/Libreria_LPC845/LPC845/Libreria_LPC845/Debug/libLibreria_LPC845.a(HPL_SWM.o)
                              ./src/Test_development.o (SWM)
/home/augusto/Desktop/InfoII/Libreria_LPC845/LPC845/Libreria_LPC845/Debug/libLibreria_LPC845.a(HPL_SYSCON.o)
                              ./src/Test_development.o (SYSCON)
/usr/local/mcuxpressoide-11.0.0_2516/ide/plugins/com.nxp.mcuxpresso.tools.linux_11.0.0.201905131304/tools/bin/../lib/gcc/arm-none-eabi/8.2.1/../../../../arm-none-eabi/lib/thumb/v6-m/nofp/libcr_c.a(__weak__main.o)
                              ./src/cr_startup_lpc84x.o (__main)

Discarded input sections

 .group         0x0000000000000000        0xc ./src/Test_development.o
 .group         0x0000000000000000        0xc ./src/Test_development.o
 .group         0x0000000000000000        0xc ./src/Test_development.o
 .group         0x0000000000000000        0xc ./src/Test_development.o
 .group         0x0000000000000000        0xc ./src/Test_development.o
 .group         0x0000000000000000        0xc ./src/Test_development.o
 .group         0x0000000000000000        0xc ./src/Test_development.o
 .group         0x0000000000000000        0xc ./src/Test_development.o
 .text          0x0000000000000000        0x0 ./src/Test_development.o
 .data          0x0000000000000000        0x0 ./src/Test_development.o
 .bss           0x0000000000000000        0x0 ./src/Test_development.o
 .text          0x0000000000000000        0x0 ./src/aeabi_romdiv_patch.o
 .data          0x0000000000000000        0x0 ./src/aeabi_romdiv_patch.o
 .bss           0x0000000000000000        0x0 ./src/aeabi_romdiv_patch.o
 .ARM.attributes
                0x0000000000000000       0x1c ./src/aeabi_romdiv_patch.o
 .group         0x0000000000000000        0xc ./src/cr_startup_lpc84x.o
 .text          0x0000000000000000        0x0 ./src/cr_startup_lpc84x.o
 .data          0x0000000000000000        0x0 ./src/cr_startup_lpc84x.o
 .bss           0x0000000000000000        0x0 ./src/cr_startup_lpc84x.o
 .debug_macro   0x0000000000000000      0xa8a ./src/cr_startup_lpc84x.o
 .group         0x0000000000000000        0xc ./src/crp.o
 .group         0x0000000000000000        0xc ./src/crp.o
 .text          0x0000000000000000        0x0 ./src/crp.o
 .data          0x0000000000000000        0x0 ./src/crp.o
 .bss           0x0000000000000000        0x0 ./src/crp.o
 .crp           0x0000000000000000        0x4 ./src/crp.o
 .debug_info    0x0000000000000000       0x40 ./src/crp.o
 .debug_abbrev  0x0000000000000000       0x38 ./src/crp.o
 .debug_aranges
                0x0000000000000000       0x18 ./src/crp.o
 .debug_macro   0x0000000000000000       0x1a ./src/crp.o
 .debug_macro   0x0000000000000000      0xa8a ./src/crp.o
 .debug_macro   0x0000000000000000       0x34 ./src/crp.o
 .debug_line    0x0000000000000000       0xb5 ./src/crp.o
 .debug_str     0x0000000000000000     0x2e1b ./src/crp.o
 .comment       0x0000000000000000       0x76 ./src/crp.o
 .ARM.attributes
                0x0000000000000000       0x31 ./src/crp.o
 .group         0x0000000000000000        0xc ./src/mtb.o
 .text          0x0000000000000000        0x0 ./src/mtb.o
 .data          0x0000000000000000        0x0 ./src/mtb.o
 .bss           0x0000000000000000        0x0 ./src/mtb.o
 .debug_info    0x0000000000000000       0x21 ./src/mtb.o
 .debug_abbrev  0x0000000000000000       0x13 ./src/mtb.o
 .debug_aranges
                0x0000000000000000       0x18 ./src/mtb.o
 .debug_macro   0x0000000000000000       0x11 ./src/mtb.o
 .debug_macro   0x0000000000000000      0xa8a ./src/mtb.o
 .debug_line    0x0000000000000000       0x2d ./src/mtb.o
 .debug_str     0x0000000000000000     0x2d32 ./src/mtb.o
 .comment       0x0000000000000000       0x76 ./src/mtb.o
 .ARM.attributes
                0x0000000000000000       0x31 ./src/mtb.o
 .group         0x0000000000000000        0xc /home/augusto/Desktop/InfoII/Libreria_LPC845/LPC845/Libreria_LPC845/Debug/libLibreria_LPC845.a(HPL_IOCON.o)
 .group         0x0000000000000000        0xc /home/augusto/Desktop/InfoII/Libreria_LPC845/LPC845/Libreria_LPC845/Debug/libLibreria_LPC845.a(HPL_IOCON.o)
 .group         0x0000000000000000        0xc /home/augusto/Desktop/InfoII/Libreria_LPC845/LPC845/Libreria_LPC845/Debug/libLibreria_LPC845.a(HPL_IOCON.o)
 .group         0x0000000000000000        0xc /home/augusto/Desktop/InfoII/Libreria_LPC845/LPC845/Libreria_LPC845/Debug/libLibreria_LPC845.a(HPL_IOCON.o)
 .group         0x0000000000000000        0xc /home/augusto/Desktop/InfoII/Libreria_LPC845/LPC845/Libreria_LPC845/Debug/libLibreria_LPC845.a(HPL_IOCON.o)
 .text          0x0000000000000000        0x0 /home/augusto/Desktop/InfoII/Libreria_LPC845/LPC845/Libreria_LPC845/Debug/libLibreria_LPC845.a(HPL_IOCON.o)
 .data          0x0000000000000000        0x0 /home/augusto/Desktop/InfoII/Libreria_LPC845/LPC845/Libreria_LPC845/Debug/libLibreria_LPC845.a(HPL_IOCON.o)
 .bss           0x0000000000000000        0x0 /home/augusto/Desktop/InfoII/Libreria_LPC845/LPC845/Libreria_LPC845/Debug/libLibreria_LPC845.a(HPL_IOCON.o)
 .rodata.IOCON  0x0000000000000000        0x4 /home/augusto/Desktop/InfoII/Libreria_LPC845/LPC845/Libreria_LPC845/Debug/libLibreria_LPC845.a(HPL_IOCON.o)
 .debug_macro   0x0000000000000000       0x10 /home/augusto/Desktop/InfoII/Libreria_LPC845/LPC845/Libreria_LPC845/Debug/libLibreria_LPC845.a(HPL_IOCON.o)
 .debug_macro   0x0000000000000000      0x12e /home/augusto/Desktop/InfoII/Libreria_LPC845/LPC845/Libreria_LPC845/Debug/libLibreria_LPC845.a(HPL_IOCON.o)
 .debug_macro   0x0000000000000000      0x5b3 /home/augusto/Desktop/InfoII/Libreria_LPC845/LPC845/Libreria_LPC845/Debug/libLibreria_LPC845.a(HPL_IOCON.o)
 .debug_macro   0x0000000000000000       0x10 /home/augusto/Desktop/InfoII/Libreria_LPC845/LPC845/Libreria_LPC845/Debug/libLibreria_LPC845.a(HPL_IOCON.o)
 .group         0x0000000000000000        0xc /home/augusto/Desktop/InfoII/Libreria_LPC845/LPC845/Libreria_LPC845/Debug/libLibreria_LPC845.a(HPL_SWM.o)
 .group         0x0000000000000000        0xc /home/augusto/Desktop/InfoII/Libreria_LPC845/LPC845/Libreria_LPC845/Debug/libLibreria_LPC845.a(HPL_SWM.o)
 .group         0x0000000000000000        0xc /home/augusto/Desktop/InfoII/Libreria_LPC845/LPC845/Libreria_LPC845/Debug/libLibreria_LPC845.a(HPL_SWM.o)
 .group         0x0000000000000000        0xc /home/augusto/Desktop/InfoII/Libreria_LPC845/LPC845/Libreria_LPC845/Debug/libLibreria_LPC845.a(HPL_SWM.o)
 .group         0x0000000000000000        0xc /home/augusto/Desktop/InfoII/Libreria_LPC845/LPC845/Libreria_LPC845/Debug/libLibreria_LPC845.a(HPL_SWM.o)
 .group         0x0000000000000000        0xc /home/augusto/Desktop/InfoII/Libreria_LPC845/LPC845/Libreria_LPC845/Debug/libLibreria_LPC845.a(HPL_SWM.o)
 .group         0x0000000000000000        0xc /home/augusto/Desktop/InfoII/Libreria_LPC845/LPC845/Libreria_LPC845/Debug/libLibreria_LPC845.a(HPL_SWM.o)
 .text          0x0000000000000000        0x0 /home/augusto/Desktop/InfoII/Libreria_LPC845/LPC845/Libreria_LPC845/Debug/libLibreria_LPC845.a(HPL_SWM.o)
 .data          0x0000000000000000        0x0 /home/augusto/Desktop/InfoII/Libreria_LPC845/LPC845/Libreria_LPC845/Debug/libLibreria_LPC845.a(HPL_SWM.o)
 .bss           0x0000000000000000        0x0 /home/augusto/Desktop/InfoII/Libreria_LPC845/LPC845/Libreria_LPC845/Debug/libLibreria_LPC845.a(HPL_SWM.o)
 .debug_macro   0x0000000000000000      0xa96 /home/augusto/Desktop/InfoII/Libreria_LPC845/LPC845/Libreria_LPC845/Debug/libLibreria_LPC845.a(HPL_SWM.o)
 .debug_macro   0x0000000000000000       0x10 /home/augusto/Desktop/InfoII/Libreria_LPC845/LPC845/Libreria_LPC845/Debug/libLibreria_LPC845.a(HPL_SWM.o)
 .debug_macro   0x0000000000000000      0x12e /home/augusto/Desktop/InfoII/Libreria_LPC845/LPC845/Libreria_LPC845/Debug/libLibreria_LPC845.a(HPL_SWM.o)
 .debug_macro   0x0000000000000000      0x5b3 /home/augusto/Desktop/InfoII/Libreria_LPC845/LPC845/Libreria_LPC845/Debug/libLibreria_LPC845.a(HPL_SWM.o)
 .debug_macro   0x0000000000000000       0x10 /home/augusto/Desktop/InfoII/Libreria_LPC845/LPC845/Libreria_LPC845/Debug/libLibreria_LPC845.a(HPL_SWM.o)
 .group         0x0000000000000000        0xc /home/augusto/Desktop/InfoII/Libreria_LPC845/LPC845/Libreria_LPC845/Debug/libLibreria_LPC845.a(HPL_SYSCON.o)
 .group         0x0000000000000000        0xc /home/augusto/Desktop/InfoII/Libreria_LPC845/LPC845/Libreria_LPC845/Debug/libLibreria_LPC845.a(HPL_SYSCON.o)
 .group         0x0000000000000000        0xc /home/augusto/Desktop/InfoII/Libreria_LPC845/LPC845/Libreria_LPC845/Debug/libLibreria_LPC845.a(HPL_SYSCON.o)
 .group         0x0000000000000000        0xc /home/augusto/Desktop/InfoII/Libreria_LPC845/LPC845/Libreria_LPC845/Debug/libLibreria_LPC845.a(HPL_SYSCON.o)
 .group         0x0000000000000000        0xc /home/augusto/Desktop/InfoII/Libreria_LPC845/LPC845/Libreria_LPC845/Debug/libLibreria_LPC845.a(HPL_SYSCON.o)
 .text          0x0000000000000000        0x0 /home/augusto/Desktop/InfoII/Libreria_LPC845/LPC845/Libreria_LPC845/Debug/libLibreria_LPC845.a(HPL_SYSCON.o)
 .data          0x0000000000000000        0x0 /home/augusto/Desktop/InfoII/Libreria_LPC845/LPC845/Libreria_LPC845/Debug/libLibreria_LPC845.a(HPL_SYSCON.o)
 .bss           0x0000000000000000        0x0 /home/augusto/Desktop/InfoII/Libreria_LPC845/LPC845/Libreria_LPC845/Debug/libLibreria_LPC845.a(HPL_SYSCON.o)
 .debug_macro   0x0000000000000000      0xa96 /home/augusto/Desktop/InfoII/Libreria_LPC845/LPC845/Libreria_LPC845/Debug/libLibreria_LPC845.a(HPL_SYSCON.o)
 .debug_macro   0x0000000000000000       0x10 /home/augusto/Desktop/InfoII/Libreria_LPC845/LPC845/Libreria_LPC845/Debug/libLibreria_LPC845.a(HPL_SYSCON.o)
 .debug_macro   0x0000000000000000      0x12e /home/augusto/Desktop/InfoII/Libreria_LPC845/LPC845/Libreria_LPC845/Debug/libLibreria_LPC845.a(HPL_SYSCON.o)
 .debug_macro   0x0000000000000000      0x5b3 /home/augusto/Desktop/InfoII/Libreria_LPC845/LPC845/Libreria_LPC845/Debug/libLibreria_LPC845.a(HPL_SYSCON.o)
 .debug_macro   0x0000000000000000       0x2e /home/augusto/Desktop/InfoII/Libreria_LPC845/LPC845/Libreria_LPC845/Debug/libLibreria_LPC845.a(HPL_SYSCON.o)
 .text          0x0000000000000000        0x0 /usr/local/mcuxpressoide-11.0.0_2516/ide/plugins/com.nxp.mcuxpresso.tools.linux_11.0.0.201905131304/tools/bin/../lib/gcc/arm-none-eabi/8.2.1/../../../../arm-none-eabi/lib/thumb/v6-m/nofp/libcr_c.a(__weak__main.o)
 .data          0x0000000000000000        0x0 /usr/local/mcuxpressoide-11.0.0_2516/ide/plugins/com.nxp.mcuxpresso.tools.linux_11.0.0.201905131304/tools/bin/../lib/gcc/arm-none-eabi/8.2.1/../../../../arm-none-eabi/lib/thumb/v6-m/nofp/libcr_c.a(__weak__main.o)
 .bss           0x0000000000000000        0x0 /usr/local/mcuxpressoide-11.0.0_2516/ide/plugins/com.nxp.mcuxpresso.tools.linux_11.0.0.201905131304/tools/bin/../lib/gcc/arm-none-eabi/8.2.1/../../../../arm-none-eabi/lib/thumb/v6-m/nofp/libcr_c.a(__weak__main.o)

Memory Configuration

Name             Origin             Length             Attributes
MFlash64         0x0000000000000000 0x0000000000010000 xr
RamLoc16         0x0000000010000000 0x0000000000004000 xrw
*default*        0x0000000000000000 0xffffffffffffffff

Linker script and memory map

LOAD ./src/Test_development.o
LOAD ./src/aeabi_romdiv_patch.o
LOAD ./src/cr_startup_lpc84x.o
LOAD ./src/crp.o
LOAD ./src/mtb.o
LOAD /home/augusto/Desktop/InfoII/Libreria_LPC845/LPC845/Libreria_LPC845/Debug/libLibreria_LPC845.a
START GROUP
LOAD /usr/local/mcuxpressoide-11.0.0_2516/ide/plugins/com.nxp.mcuxpresso.tools.linux_11.0.0.201905131304/tools/bin/../lib/gcc/arm-none-eabi/8.2.1/../../../../arm-none-eabi/lib/thumb/v6-m/nofp/libcr_c.a
LOAD /usr/local/mcuxpressoide-11.0.0_2516/ide/plugins/com.nxp.mcuxpresso.tools.linux_11.0.0.201905131304/tools/bin/../lib/gcc/arm-none-eabi/8.2.1/thumb/v6-m/nofp/libcr_eabihelpers.a
LOAD /usr/local/mcuxpressoide-11.0.0_2516/ide/plugins/com.nxp.mcuxpresso.tools.linux_11.0.0.201905131304/tools/bin/../lib/gcc/arm-none-eabi/8.2.1/thumb/v6-m/nofp/libgcc.a
END GROUP
                0x0000000000000000                __base_MFlash64 = 0x0
                0x0000000000000000                __base_Flash = 0x0
                0x0000000000010000                __top_MFlash64 = 0x10000
                0x0000000000010000                __top_Flash = 0x10000
                0x0000000010000000                __base_RamLoc16 = 0x10000000
                0x0000000010000000                __base_RAM = 0x10000000
                0x0000000010004000                __top_RamLoc16 = 0x10004000
                0x0000000010004000                __top_RAM = 0x10004000

.text           0x0000000000000000      0x570
 FILL mask 0xff
                0x0000000000000000                __vectors_start__ = ABSOLUTE (.)
 *(.isr_vector)
 .isr_vector    0x0000000000000000       0xc0 ./src/cr_startup_lpc84x.o
                0x0000000000000000                g_pfnVectors
                0x00000000000000c0                . = ALIGN (0x4)
                0x00000000000000c0                __section_table_start = .
                0x00000000000000c0                __data_section_table = .
                0x00000000000000c0        0x4 LONG 0x570 LOADADDR (.data)
                0x00000000000000c4        0x4 LONG 0x10000000 ADDR (.data)
                0x00000000000000c8        0x4 LONG 0x0 SIZEOF (.data)
                0x00000000000000cc                __data_section_table_end = .
                0x00000000000000cc                __bss_section_table = .
                0x00000000000000cc        0x4 LONG 0x10000000 ADDR (.bss)
                0x00000000000000d0        0x4 LONG 0x4 SIZEOF (.bss)
                0x00000000000000d4                __bss_section_table_end = .
                0x00000000000000d4                __section_table_end = .
 *(.after_vectors*)
 .after_vectors
                0x00000000000000d4      0x114 ./src/cr_startup_lpc84x.o
                0x00000000000000d4                data_init
                0x0000000000000114                bss_init
                0x0000000000000148                ResetISR
                0x00000000000001c4                NMI_Handler
                0x00000000000001ca                HardFault_Handler
                0x00000000000001d0                SVC_Handler
                0x00000000000001d6                PendSV_Handler
                0x00000000000001dc                SysTick_Handler
                0x00000000000001e2                CMP_IRQHandler
                0x00000000000001e2                PININT7_IRQHandler
                0x00000000000001e2                I2C0_IRQHandler
                0x00000000000001e2                WKT_IRQHandler
                0x00000000000001e2                PININT2_IRQHandler
                0x00000000000001e2                PININT1_IRQHandler
                0x00000000000001e2                MRT_IRQHandler
                0x00000000000001e2                I2C1_IRQHandler
                0x00000000000001e2                UART1_IRQHandler
                0x00000000000001e2                ADC_SEQB_IRQHandler
                0x00000000000001e2                UART0_IRQHandler
                0x00000000000001e2                SPI1_IRQHandler
                0x00000000000001e2                IntDefaultHandler
                0x00000000000001e2                ADC_OVR_IRQHandler
                0x00000000000001e2                I2C2_IRQHandler
                0x00000000000001e2                PININT3_IRQHandler
                0x00000000000001e2                UART2_IRQHandler
                0x00000000000001e2                PININT5_IRQHandler
                0x00000000000001e2                PININT4_IRQHandler
                0x00000000000001e2                ADC_THCMP_IRQHandler
                0x00000000000001e2                PININT0_IRQHandler
                0x00000000000001e2                BOD_IRQHandler
                0x00000000000001e2                I2C3_IRQHandler
                0x00000000000001e2                SCT_IRQHandler
                0x00000000000001e2                WDT_IRQHandler
                0x00000000000001e2                ADC_SEQA_IRQHandler
                0x00000000000001e2                FAIM_IRQHandler
                0x00000000000001e2                DAC0_IRQHandler
                0x00000000000001e2                PININT6_IRQHandler
                0x00000000000001e2                SPI0_IRQHandler
                0x00000000000001e2                DMA_IRQHandler
                0x00000000000001e2                FLASH_IRQHandler
                0x00000000000001e2                CTIMER0_IRQHandler
 *(.text*)
 .text.SYSCON_set_oscillator_control
                0x00000000000001e8       0x58 ./src/Test_development.o
 .text.SYSCON_enable_clock
                0x0000000000000240       0x68 ./src/Test_development.o
 .text.SYSCON_power_up_peripheral
                0x00000000000002a8       0x44 ./src/Test_development.o
 .text.SWM_init
                0x00000000000002ec       0x1c ./src/Test_development.o
 .text.SWM_deinit
                0x0000000000000308       0x1c ./src/Test_development.o
 .text.SWM_enable_XTALIN
                0x0000000000000324       0x3c ./src/Test_development.o
 .text.SWM_enable_XTALOUT
                0x0000000000000360       0x40 ./src/Test_development.o
 .text.IOCON_init
                0x00000000000003a0       0x10 ./src/Test_development.o
 .text.IOCON_config_pull_mode
                0x00000000000003b0       0x58 ./src/Test_development.o
 .text.main     0x0000000000000408       0x58 ./src/Test_development.o
                0x0000000000000408                main
 .text.__weak_main
                0x0000000000000460        0x8 /usr/local/mcuxpressoide-11.0.0_2516/ide/plugins/com.nxp.mcuxpresso.tools.linux_11.0.0.201905131304/tools/bin/../lib/gcc/arm-none-eabi/8.2.1/../../../../arm-none-eabi/lib/thumb/v6-m/nofp/libcr_c.a(__weak__main.o)
                0x0000000000000460                __main
                0x0000000000000460                __weak_main
 *(.rodata .rodata.* .constdata .constdata.*)
 .rodata.IOCON_PIN_TABLE
                0x0000000000000468      0x100 /home/augusto/Desktop/InfoII/Libreria_LPC845/LPC845/Libreria_LPC845/Debug/libLibreria_LPC845.a(HPL_IOCON.o)
                0x0000000000000468                IOCON_PIN_TABLE
 .rodata.SWM    0x0000000000000568        0x4 /home/augusto/Desktop/InfoII/Libreria_LPC845/LPC845/Libreria_LPC845/Debug/libLibreria_LPC845.a(HPL_SWM.o)
                0x0000000000000568                SWM
 .rodata.SYSCON
                0x000000000000056c        0x4 /home/augusto/Desktop/InfoII/Libreria_LPC845/LPC845/Libreria_LPC845/Debug/libLibreria_LPC845.a(HPL_SYSCON.o)
                0x000000000000056c                SYSCON
                0x0000000000000570                . = ALIGN (0x4)

.glue_7         0x0000000000000570        0x0
 .glue_7        0x0000000000000570        0x0 linker stubs

.glue_7t        0x0000000000000570        0x0
 .glue_7t       0x0000000000000570        0x0 linker stubs

.vfp11_veneer   0x0000000000000570        0x0
 .vfp11_veneer  0x0000000000000570        0x0 linker stubs

.v4_bx          0x0000000000000570        0x0
 .v4_bx         0x0000000000000570        0x0 linker stubs

.iplt           0x0000000000000570        0x0
 .iplt          0x0000000000000570        0x0 ./src/Test_development.o

.rel.dyn        0x0000000000000570        0x0
 .rel.iplt      0x0000000000000570        0x0 ./src/Test_development.o

.ARM.extab
 *(.ARM.extab* .gnu.linkonce.armextab.*)
                0x0000000000000570                __exidx_start = .

.ARM.exidx
 *(.ARM.exidx* .gnu.linkonce.armexidx.*)
                0x0000000000000570                __exidx_end = .
                0x0000000000000570                _etext = .

.mtb_buffer_default
 *(.mtb*)

.uninit_RESERVED
                0x0000000010000000        0x0
                0x0000000010000000                . = ALIGN (0x4)
 *(.bss.$RESERVED*)
                0x0000000010000000                . = ALIGN (0x4)
                0x0000000010000000                _end_uninit_RESERVED = .

.data           0x0000000010000000        0x0 load address 0x0000000000000570
 FILL mask 0xff
                0x0000000010000000                _data = .
 *(vtable)
 *(.ramfunc*)
 *(.data*)
                0x0000000010000000                . = ALIGN (0x4)
                0x0000000010000000                _edata = .

.igot.plt       0x0000000010000000        0x0 load address 0x0000000000000570
 .igot.plt      0x0000000010000000        0x0 ./src/Test_development.o

.bss            0x0000000010000000        0x4 load address 0x0000000000000570
                0x0000000010000000                . = ALIGN (0x4)
                0x0000000010000000                _bss = .
 *(.bss*)
 .bss.dummy_reg
                0x0000000010000000        0x4 /home/augusto/Desktop/InfoII/Libreria_LPC845/LPC845/Libreria_LPC845/Debug/libLibreria_LPC845.a(HPL_IOCON.o)
                0x0000000010000000                dummy_reg
 *(COMMON)
                0x0000000010000004                . = ALIGN (0x4)
                0x0000000010000004                _ebss = .
                [!provide]                        PROVIDE (end = .)

.noinit         0x0000000010000004        0x0 load address 0x0000000000000570
                0x0000000010000004                . = ALIGN (0x4)
                0x0000000010000004                _noinit = .
 *(.noinit*)
                0x0000000010000004                . = ALIGN (0x4)
                0x0000000010000004                _end_noinit = .
                [!provide]                        PROVIDE (_pvHeapStart = DEFINED (__user_heap_base)?__user_heap_base:.)
                0x0000000010004000                PROVIDE (_vStackTop = DEFINED (__user_stack_top)?__user_stack_top:(__top_RamLoc16 - 0x0))
                0xffffffffefffbb27                PROVIDE (__valid_user_code_checksum = (0x0 - (((_vStackTop + (ResetISR + 0x1)) + (DEFINED (NMI_Handler)?NMI_Handler:M0_NMI_Handler + 0x1)) + (DEFINED (HardFault_Handler)?HardFault_Handler:M0_HardFault_Handler + 0x1))))
                0x0000000000000000                _image_start = LOADADDR (.text)
                0x0000000000000570                _image_end = (LOADADDR (.data) + SIZEOF (.data))
                0x0000000000000570                _image_size = (_image_end - _image_start)
OUTPUT(Test_development.axf elf32-littlearm)

.debug_info     0x0000000000000000     0x650f
 .debug_info    0x0000000000000000     0x2894 ./src/Test_development.o
 .debug_info    0x0000000000002894      0x226 ./src/cr_startup_lpc84x.o
 .debug_info    0x0000000000002aba      0x4a5 /home/augusto/Desktop/InfoII/Libreria_LPC845/LPC845/Libreria_LPC845/Debug/libLibreria_LPC845.a(HPL_IOCON.o)
 .debug_info    0x0000000000002f5f     0x216a /home/augusto/Desktop/InfoII/Libreria_LPC845/LPC845/Libreria_LPC845/Debug/libLibreria_LPC845.a(HPL_SWM.o)
 .debug_info    0x00000000000050c9     0x1446 /home/augusto/Desktop/InfoII/Libreria_LPC845/LPC845/Libreria_LPC845/Debug/libLibreria_LPC845.a(HPL_SYSCON.o)

.debug_abbrev   0x0000000000000000      0x814
 .debug_abbrev  0x0000000000000000      0x2cd ./src/Test_development.o
 .debug_abbrev  0x00000000000002cd      0x117 ./src/cr_startup_lpc84x.o
 .debug_abbrev  0x00000000000003e4       0xf4 /home/augusto/Desktop/InfoII/Libreria_LPC845/LPC845/Libreria_LPC845/Debug/libLibreria_LPC845.a(HPL_IOCON.o)
 .debug_abbrev  0x00000000000004d8      0x1cb /home/augusto/Desktop/InfoII/Libreria_LPC845/LPC845/Libreria_LPC845/Debug/libLibreria_LPC845.a(HPL_SWM.o)
 .debug_abbrev  0x00000000000006a3      0x171 /home/augusto/Desktop/InfoII/Libreria_LPC845/LPC845/Libreria_LPC845/Debug/libLibreria_LPC845.a(HPL_SYSCON.o)

.debug_aranges  0x0000000000000000      0x110
 .debug_aranges
                0x0000000000000000       0x68 ./src/Test_development.o
 .debug_aranges
                0x0000000000000068       0x60 ./src/cr_startup_lpc84x.o
 .debug_aranges
                0x00000000000000c8       0x18 /home/augusto/Desktop/InfoII/Libreria_LPC845/LPC845/Libreria_LPC845/Debug/libLibreria_LPC845.a(HPL_IOCON.o)
 .debug_aranges
                0x00000000000000e0       0x18 /home/augusto/Desktop/InfoII/Libreria_LPC845/LPC845/Libreria_LPC845/Debug/libLibreria_LPC845.a(HPL_SWM.o)
 .debug_aranges
                0x00000000000000f8       0x18 /home/augusto/Desktop/InfoII/Libreria_LPC845/LPC845/Libreria_LPC845/Debug/libLibreria_LPC845.a(HPL_SYSCON.o)

.debug_ranges   0x0000000000000000       0xa8
 .debug_ranges  0x0000000000000000       0x58 ./src/Test_development.o
 .debug_ranges  0x0000000000000058       0x50 ./src/cr_startup_lpc84x.o

.debug_macro    0x0000000000000000     0x1eb9
 .debug_macro   0x0000000000000000       0xac ./src/Test_development.o
 .debug_macro   0x00000000000000ac      0xa8a ./src/Test_development.o
 .debug_macro   0x0000000000000b36       0x10 ./src/Test_development.o
 .debug_macro   0x0000000000000b46      0x12e ./src/Test_development.o
 .debug_macro   0x0000000000000c74      0x5b3 ./src/Test_development.o
 .debug_macro   0x0000000000001227       0x2e ./src/Test_development.o
 .debug_macro   0x0000000000001255       0x10 ./src/Test_development.o
 .debug_macro   0x0000000000001265       0x2c ./src/Test_development.o
 .debug_macro   0x0000000000001291       0x10 ./src/Test_development.o
 .debug_macro   0x00000000000012a1       0x1d ./src/cr_startup_lpc84x.o
 .debug_macro   0x00000000000012be       0x45 /home/augusto/Desktop/InfoII/Libreria_LPC845/LPC845/Libreria_LPC845/Debug/libLibreria_LPC845.a(HPL_IOCON.o)
 .debug_macro   0x0000000000001303      0xa96 /home/augusto/Desktop/InfoII/Libreria_LPC845/LPC845/Libreria_LPC845/Debug/libLibreria_LPC845.a(HPL_IOCON.o)
 .debug_macro   0x0000000000001d99       0x7b /home/augusto/Desktop/InfoII/Libreria_LPC845/LPC845/Libreria_LPC845/Debug/libLibreria_LPC845.a(HPL_SWM.o)
 .debug_macro   0x0000000000001e14       0x26 /home/augusto/Desktop/InfoII/Libreria_LPC845/LPC845/Libreria_LPC845/Debug/libLibreria_LPC845.a(HPL_SWM.o)
 .debug_macro   0x0000000000001e3a       0x34 /home/augusto/Desktop/InfoII/Libreria_LPC845/LPC845/Libreria_LPC845/Debug/libLibreria_LPC845.a(HPL_SWM.o)
 .debug_macro   0x0000000000001e6e       0x4b /home/augusto/Desktop/InfoII/Libreria_LPC845/LPC845/Libreria_LPC845/Debug/libLibreria_LPC845.a(HPL_SYSCON.o)

.debug_line     0x0000000000000000      0xb3e
 .debug_line    0x0000000000000000      0x3fd ./src/Test_development.o
 .debug_line    0x00000000000003fd      0x133 ./src/cr_startup_lpc84x.o
 .debug_line    0x0000000000000530      0x1d2 /home/augusto/Desktop/InfoII/Libreria_LPC845/LPC845/Libreria_LPC845/Debug/libLibreria_LPC845.a(HPL_IOCON.o)
 .debug_line    0x0000000000000702      0x268 /home/augusto/Desktop/InfoII/Libreria_LPC845/LPC845/Libreria_LPC845/Debug/libLibreria_LPC845.a(HPL_SWM.o)
 .debug_line    0x000000000000096a      0x1d4 /home/augusto/Desktop/InfoII/Libreria_LPC845/LPC845/Libreria_LPC845/Debug/libLibreria_LPC845.a(HPL_SYSCON.o)

.debug_str      0x0000000000000000     0x63ba
 .debug_str     0x0000000000000000     0x6021 ./src/Test_development.o
                                       0x6152 (size before relaxing)
 .debug_str     0x0000000000006021      0x18b ./src/cr_startup_lpc84x.o
                                       0x2ec3 (size before relaxing)
 .debug_str     0x00000000000061ac      0x1db /home/augusto/Desktop/InfoII/Libreria_LPC845/LPC845/Libreria_LPC845/Debug/libLibreria_LPC845.a(HPL_IOCON.o)
                                       0x46a5 (size before relaxing)
 .debug_str     0x0000000000006387       0x18 /home/augusto/Desktop/InfoII/Libreria_LPC845/LPC845/Libreria_LPC845/Debug/libLibreria_LPC845.a(HPL_SWM.o)
                                       0x583c (size before relaxing)
 .debug_str     0x000000000000639f       0x1b /home/augusto/Desktop/InfoII/Libreria_LPC845/LPC845/Libreria_LPC845/Debug/libLibreria_LPC845.a(HPL_SYSCON.o)
                                       0x504d (size before relaxing)

.comment        0x0000000000000000       0x75
 .comment       0x0000000000000000       0x75 ./src/Test_development.o
                                         0x76 (size before relaxing)
 .comment       0x0000000000000075       0x76 ./src/cr_startup_lpc84x.o
 .comment       0x0000000000000075       0x76 /home/augusto/Desktop/InfoII/Libreria_LPC845/LPC845/Libreria_LPC845/Debug/libLibreria_LPC845.a(HPL_IOCON.o)
 .comment       0x0000000000000075       0x76 /home/augusto/Desktop/InfoII/Libreria_LPC845/LPC845/Libreria_LPC845/Debug/libLibreria_LPC845.a(HPL_SWM.o)
 .comment       0x0000000000000075       0x76 /home/augusto/Desktop/InfoII/Libreria_LPC845/LPC845/Libreria_LPC845/Debug/libLibreria_LPC845.a(HPL_SYSCON.o)
 .comment       0x0000000000000075       0x76 /usr/local/mcuxpressoide-11.0.0_2516/ide/plugins/com.nxp.mcuxpresso.tools.linux_11.0.0.201905131304/tools/bin/../lib/gcc/arm-none-eabi/8.2.1/../../../../arm-none-eabi/lib/thumb/v6-m/nofp/libcr_c.a(__weak__main.o)

.ARM.attributes
                0x0000000000000000       0x2a
 .ARM.attributes
                0x0000000000000000       0x2c ./src/Test_development.o
 .ARM.attributes
                0x000000000000002c       0x2c ./src/cr_startup_lpc84x.o
 .ARM.attributes
                0x0000000000000058       0x31 /home/augusto/Desktop/InfoII/Libreria_LPC845/LPC845/Libreria_LPC845/Debug/libLibreria_LPC845.a(HPL_IOCON.o)
 .ARM.attributes
                0x0000000000000089       0x31 /home/augusto/Desktop/InfoII/Libreria_LPC845/LPC845/Libreria_LPC845/Debug/libLibreria_LPC845.a(HPL_SWM.o)
 .ARM.attributes
                0x00000000000000ba       0x31 /home/augusto/Desktop/InfoII/Libreria_LPC845/LPC845/Libreria_LPC845/Debug/libLibreria_LPC845.a(HPL_SYSCON.o)
 .ARM.attributes
                0x00000000000000eb       0x2c /usr/local/mcuxpressoide-11.0.0_2516/ide/plugins/com.nxp.mcuxpresso.tools.linux_11.0.0.201905131304/tools/bin/../lib/gcc/arm-none-eabi/8.2.1/../../../../arm-none-eabi/lib/thumb/v6-m/nofp/libcr_c.a(__weak__main.o)

.debug_frame    0x0000000000000000      0x25c
 .debug_frame   0x0000000000000000      0x144 ./src/Test_development.o
 .debug_frame   0x0000000000000144      0x118 ./src/cr_startup_lpc84x.o

Cross Reference Table

Symbol                                            File
ADC_OVR_IRQHandler                                ./src/cr_startup_lpc84x.o
ADC_SEQA_IRQHandler                               ./src/cr_startup_lpc84x.o
ADC_SEQB_IRQHandler                               ./src/cr_startup_lpc84x.o
ADC_THCMP_IRQHandler                              ./src/cr_startup_lpc84x.o
BOD_IRQHandler                                    ./src/cr_startup_lpc84x.o
CMP_IRQHandler                                    ./src/cr_startup_lpc84x.o
CRP_WORD                                          ./src/crp.o
CTIMER0_IRQHandler                                ./src/cr_startup_lpc84x.o
DAC0_IRQHandler                                   ./src/cr_startup_lpc84x.o
DMA_IRQHandler                                    ./src/cr_startup_lpc84x.o
FAIM_IRQHandler                                   ./src/cr_startup_lpc84x.o
FLASH_IRQHandler                                  ./src/cr_startup_lpc84x.o
HardFault_Handler                                 ./src/cr_startup_lpc84x.o
I2C0_IRQHandler                                   ./src/cr_startup_lpc84x.o
I2C1_IRQHandler                                   ./src/cr_startup_lpc84x.o
I2C2_IRQHandler                                   ./src/cr_startup_lpc84x.o
I2C3_IRQHandler                                   ./src/cr_startup_lpc84x.o
IOCON                                             /home/augusto/Desktop/InfoII/Libreria_LPC845/LPC845/Libreria_LPC845/Debug/libLibreria_LPC845.a(HPL_IOCON.o)
IOCON_PIN_TABLE                                   /home/augusto/Desktop/InfoII/Libreria_LPC845/LPC845/Libreria_LPC845/Debug/libLibreria_LPC845.a(HPL_IOCON.o)
                                                  ./src/Test_development.o
IntDefaultHandler                                 ./src/cr_startup_lpc84x.o
MRT_IRQHandler                                    ./src/cr_startup_lpc84x.o
NMI_Handler                                       ./src/cr_startup_lpc84x.o
PININT0_IRQHandler                                ./src/cr_startup_lpc84x.o
PININT1_IRQHandler                                ./src/cr_startup_lpc84x.o
PININT2_IRQHandler                                ./src/cr_startup_lpc84x.o
PININT3_IRQHandler                                ./src/cr_startup_lpc84x.o
PININT4_IRQHandler                                ./src/cr_startup_lpc84x.o
PININT5_IRQHandler                                ./src/cr_startup_lpc84x.o
PININT6_IRQHandler                                ./src/cr_startup_lpc84x.o
PININT7_IRQHandler                                ./src/cr_startup_lpc84x.o
PendSV_Handler                                    ./src/cr_startup_lpc84x.o
ResetISR                                          ./src/cr_startup_lpc84x.o
SCT_IRQHandler                                    ./src/cr_startup_lpc84x.o
SPI0_IRQHandler                                   ./src/cr_startup_lpc84x.o
SPI1_IRQHandler                                   ./src/cr_startup_lpc84x.o
SVC_Handler                                       ./src/cr_startup_lpc84x.o
SWM                                               /home/augusto/Desktop/InfoII/Libreria_LPC845/LPC845/Libreria_LPC845/Debug/libLibreria_LPC845.a(HPL_SWM.o)
                                                  ./src/Test_development.o
SYSCON                                            /home/augusto/Desktop/InfoII/Libreria_LPC845/LPC845/Libreria_LPC845/Debug/libLibreria_LPC845.a(HPL_SYSCON.o)
                                                  ./src/Test_development.o
SysTick_Handler                                   ./src/cr_startup_lpc84x.o
UART0_IRQHandler                                  ./src/cr_startup_lpc84x.o
UART1_IRQHandler                                  ./src/cr_startup_lpc84x.o
UART2_IRQHandler                                  ./src/cr_startup_lpc84x.o
WDT_IRQHandler                                    ./src/cr_startup_lpc84x.o
WKT_IRQHandler                                    ./src/cr_startup_lpc84x.o
__bss_section_table_end                           ./src/cr_startup_lpc84x.o
__data_section_table                              ./src/cr_startup_lpc84x.o
__data_section_table_end                          ./src/cr_startup_lpc84x.o
__main                                            /usr/local/mcuxpressoide-11.0.0_2516/ide/plugins/com.nxp.mcuxpresso.tools.linux_11.0.0.201905131304/tools/bin/../lib/gcc/arm-none-eabi/8.2.1/../../../../arm-none-eabi/lib/thumb/v6-m/nofp/libcr_c.a(__weak__main.o)
                                                  ./src/cr_startup_lpc84x.o
__valid_user_code_checksum                        ./src/cr_startup_lpc84x.o
__weak_main                                       /usr/local/mcuxpressoide-11.0.0_2516/ide/plugins/com.nxp.mcuxpresso.tools.linux_11.0.0.201905131304/tools/bin/../lib/gcc/arm-none-eabi/8.2.1/../../../../arm-none-eabi/lib/thumb/v6-m/nofp/libcr_c.a(__weak__main.o)
_vStackTop                                        ./src/cr_startup_lpc84x.o
bss_init                                          ./src/cr_startup_lpc84x.o
data_init                                         ./src/cr_startup_lpc84x.o
dummy_reg                                         /home/augusto/Desktop/InfoII/Libreria_LPC845/LPC845/Libreria_LPC845/Debug/libLibreria_LPC845.a(HPL_IOCON.o)
g_pfnVectors                                      ./src/cr_startup_lpc84x.o
main                                              ./src/Test_development.o
                                                  /usr/local/mcuxpressoide-11.0.0_2516/ide/plugins/com.nxp.mcuxpresso.tools.linux_11.0.0.201905131304/tools/bin/../lib/gcc/arm-none-eabi/8.2.1/../../../../arm-none-eabi/lib/thumb/v6-m/nofp/libcr_c.a(__weak__main.o)
