HPL_SYSCON.h:113:20:SYSCON_set_system_clock_source	16	static
HPL_SYSCON.h:189:6:SYSCON_set_fro_direct	8	static
HPL_SYSCON.h:199:6:SYSCON_clear_fro_direct	8	static
HPL_SYSCON.h:253:6:SYSCON_set_frg_config	24	static
infotronic.c:33:6:infotronic_init	16	static
infotronic.c:60:6:infotronic_blocking_delay	16	static
infotronic.c:71:9:infotronic_get_key	8	static
infotronic.c:80:6:infotronic_relay_activate	16	static
infotronic.c:89:6:infotronic_relay_deactivate	16	static
infotronic.c:98:6:infotronic_relay_toggle	16	static
infotronic.c:107:6:infotronic_display_off	16	static
infotronic.c:116:6:infotronic_display_on	16	static
infotronic.c:126:6:infotronic_display_write	16	static
infotronic.c:136:6:infotronic_display_set_dp	16	static
infotronic.c:146:6:infotronic_display_clear_dp	16	static
infotronic.c:155:10:infotronic_termometro_read	8	static
infotronic.c:167:6:infotronic_timer_start	32	static
infotronic.c:176:6:infotronic_timer_pause	16	static
infotronic.c:185:6:infotronic_timer_resume	16	static
infotronic.c:194:6:infotronic_timer_stop	16	static
infotronic.c:204:6:infotronic_timer_loop	8	static
infotronic.c:215:6:infotronic_LCD_write	16	static
infotronic.c:223:13:infotronic_systick_callback	8	static
