infotronic.c:31:6:infotronic_init	8	static
infotronic.c:52:6:infotronic_blocking_delay	16	static
infotronic.c:63:9:infotronic_get_key	8	static
infotronic.c:72:6:infotronic_relay_activate	16	static
infotronic.c:81:6:infotronic_relay_deactivate	16	static
infotronic.c:90:6:infotronic_relay_toggle	16	static
infotronic.c:99:6:infotronic_display_off	16	static
infotronic.c:108:6:infotronic_display_on	16	static
infotronic.c:118:6:infotronic_display_write	16	static
infotronic.c:128:6:infotronic_display_set_dp	16	static
infotronic.c:138:6:infotronic_display_clear_dp	16	static
infotronic.c:147:10:infotronic_termometro_read	8	static
infotronic.c:159:6:infotronic_timer_start	32	static
infotronic.c:168:6:infotronic_timer_pause	16	static
infotronic.c:177:6:infotronic_timer_resume	16	static
infotronic.c:186:6:infotronic_timer_stop	16	static
infotronic.c:196:6:infotronic_timer_loop	8	static
infotronic.c:207:6:infotronic_LCD_write	16	static
infotronic.c:215:13:infotronic_systick_callback	8	static
