Archive member included to satisfy reference by file (symbol)

/home/augusto/Desktop/InfoII/Libreria_LPC845/LPC845/Libreria_LPC845/Debug/libLibreria_LPC845.a(infotronic.o)
                              ./src/Test_libreria.o (infotronic_init)
/home/augusto/Desktop/InfoII/Libreria_LPC845/LPC845/Libreria_LPC845/Debug/libLibreria_LPC845.a(relays.o)
                              /home/augusto/Desktop/InfoII/Libreria_LPC845/LPC845/Libreria_LPC845/Debug/libLibreria_LPC845.a(infotronic.o) (relays_init)
/home/augusto/Desktop/InfoII/Libreria_LPC845/LPC845/Libreria_LPC845/Debug/libLibreria_LPC845.a(teclado.o)
                              /home/augusto/Desktop/InfoII/Libreria_LPC845/LPC845/Libreria_LPC845/Debug/libLibreria_LPC845.a(infotronic.o) (teclado_init)
/home/augusto/Desktop/InfoII/Libreria_LPC845/LPC845/Libreria_LPC845/Debug/libLibreria_LPC845.a(termometro.o)
                              /home/augusto/Desktop/InfoII/Libreria_LPC845/LPC845/Libreria_LPC845/Debug/libLibreria_LPC845.a(infotronic.o) (termometro_init)
/home/augusto/Desktop/InfoII/Libreria_LPC845/LPC845/Libreria_LPC845/Debug/libLibreria_LPC845.a(timer.o)
                              /home/augusto/Desktop/InfoII/Libreria_LPC845/LPC845/Libreria_LPC845/Debug/libLibreria_LPC845.a(infotronic.o) (timer_start)
/home/augusto/Desktop/InfoII/Libreria_LPC845/LPC845/Libreria_LPC845/Debug/libLibreria_LPC845.a(HPL_SYSCON.o)
                              /home/augusto/Desktop/InfoII/Libreria_LPC845/LPC845/Libreria_LPC845/Debug/libLibreria_LPC845.a(infotronic.o) (SYSCON)
/home/augusto/Desktop/InfoII/Libreria_LPC845/LPC845/Libreria_LPC845/Debug/libLibreria_LPC845.a(HAL_ADC.o)
                              /home/augusto/Desktop/InfoII/Libreria_LPC845/LPC845/Libreria_LPC845/Debug/libLibreria_LPC845.a(termometro.o) (hal_adc_init_async_mode)
/home/augusto/Desktop/InfoII/Libreria_LPC845/LPC845/Libreria_LPC845/Debug/libLibreria_LPC845.a(HAL_GPIO.o)
                              /home/augusto/Desktop/InfoII/Libreria_LPC845/LPC845/Libreria_LPC845/Debug/libLibreria_LPC845.a(teclado.o) (hal_gpio_set_dir)
/home/augusto/Desktop/InfoII/Libreria_LPC845/LPC845/Libreria_LPC845/Debug/libLibreria_LPC845.a(HAL_IOCON.o)
                              /home/augusto/Desktop/InfoII/Libreria_LPC845/LPC845/Libreria_LPC845/Debug/libLibreria_LPC845.a(teclado.o) (hal_iocon_config_io)
/home/augusto/Desktop/InfoII/Libreria_LPC845/LPC845/Libreria_LPC845/Debug/libLibreria_LPC845.a(HAL_SYSCON.o)
                              /home/augusto/Desktop/InfoII/Libreria_LPC845/LPC845/Libreria_LPC845/Debug/libLibreria_LPC845.a(HAL_ADC.o) (hal_syscon_get_system_clock)
/home/augusto/Desktop/InfoII/Libreria_LPC845/LPC845/Libreria_LPC845/Debug/libLibreria_LPC845.a(HAL_SYSTICK.o)
                              /home/augusto/Desktop/InfoII/Libreria_LPC845/LPC845/Libreria_LPC845/Debug/libLibreria_LPC845.a(infotronic.o) (hal_systick_init)
/home/augusto/Desktop/InfoII/Libreria_LPC845/LPC845/Libreria_LPC845/Debug/libLibreria_LPC845.a(LCD.o)
                              /home/augusto/Desktop/InfoII/Libreria_LPC845/LPC845/Libreria_LPC845/Debug/libLibreria_LPC845.a(infotronic.o) (LCD_write)
/home/augusto/Desktop/InfoII/Libreria_LPC845/LPC845/Libreria_LPC845/Debug/libLibreria_LPC845.a(display.o)
                              /home/augusto/Desktop/InfoII/Libreria_LPC845/LPC845/Libreria_LPC845/Debug/libLibreria_LPC845.a(infotronic.o) (display_init)
/home/augusto/Desktop/InfoII/Libreria_LPC845/LPC845/Libreria_LPC845/Debug/libLibreria_LPC845.a(HPL_ADC.o)
                              /home/augusto/Desktop/InfoII/Libreria_LPC845/LPC845/Libreria_LPC845/Debug/libLibreria_LPC845.a(HAL_ADC.o) (ADC)
/home/augusto/Desktop/InfoII/Libreria_LPC845/LPC845/Libreria_LPC845/Debug/libLibreria_LPC845.a(HPL_GPIO.o)
                              /home/augusto/Desktop/InfoII/Libreria_LPC845/LPC845/Libreria_LPC845/Debug/libLibreria_LPC845.a(HAL_GPIO.o) (GPIO)
/home/augusto/Desktop/InfoII/Libreria_LPC845/LPC845/Libreria_LPC845/Debug/libLibreria_LPC845.a(HPL_IOCON.o)
                              /home/augusto/Desktop/InfoII/Libreria_LPC845/LPC845/Libreria_LPC845/Debug/libLibreria_LPC845.a(HAL_IOCON.o) (IOCON)
/home/augusto/Desktop/InfoII/Libreria_LPC845/LPC845/Libreria_LPC845/Debug/libLibreria_LPC845.a(HPL_NVIC.o)
                              /home/augusto/Desktop/InfoII/Libreria_LPC845/LPC845/Libreria_LPC845/Debug/libLibreria_LPC845.a(HAL_ADC.o) (NVIC)
/home/augusto/Desktop/InfoII/Libreria_LPC845/LPC845/Libreria_LPC845/Debug/libLibreria_LPC845.a(HPL_SWM.o)
                              /home/augusto/Desktop/InfoII/Libreria_LPC845/LPC845/Libreria_LPC845/Debug/libLibreria_LPC845.a(HAL_ADC.o) (SWM)
/home/augusto/Desktop/InfoII/Libreria_LPC845/LPC845/Libreria_LPC845/Debug/libLibreria_LPC845.a(HPL_SYSTICK.o)
                              /home/augusto/Desktop/InfoII/Libreria_LPC845/LPC845/Libreria_LPC845/Debug/libLibreria_LPC845.a(HAL_SYSTICK.o) (SYSTICK)
[...]
Memory Configuration

Name             Origin             Length             Attributes
MFlash64         0x0000000000000000 0x0000000000010000 xr
RamLoc16         0x0000000010000000 0x0000000000004000 xrw
*default*        0x0000000000000000 0xffffffffffffffff

Linker script and memory map

LOAD ./src/Test_libreria.o
LOAD ./src/aeabi_romdiv_patch.o
LOAD ./src/cr_startup_lpc84x.o
LOAD ./src/crp.o
LOAD ./src/mtb.o
LOAD /home/augusto/Desktop/InfoII/Libreria_LPC845/LPC845/Libreria_LPC845/Debug/libLibreria_LPC845.a
START GROUP
LOAD /usr/local/mcuxpressoide-11.0.0_2516/ide/plugins/com.nxp.mcuxpresso.tools.linux_11.0.0.201905131304/tools/bin/../lib/gcc/arm-none-eabi/8.2.1/../../../../arm-none-eabi/lib/thumb/v6-m/nofp/libcr_c.a
LOAD /usr/local/mcuxpressoide-11.0.0_2516/ide/plugins/com.nxp.mcuxpresso.tools.linux_11.0.0.201905131304/tools/bin/../lib/gcc/arm-none-eabi/8.2.1/thumb/v6-m/nofp/libcr_eabihelpers.a
LOAD /usr/local/mcuxpressoide-11.0.0_2516/ide/plugins/com.nxp.mcuxpresso.tools.linux_11.0.0.201905131304/tools/bin/../lib/gcc/arm-none-eabi/8.2.1/thumb/v6-m/nofp/libgcc.a
END GROUP
                0x0000000000000000                __base_MFlash64 = 0x0
                0x0000000000000000                __base_Flash = 0x0
                0x0000000000010000                __top_MFlash64 = 0x10000
                0x0000000000010000                __top_Flash = 0x10000
                0x0000000010000000                __base_RamLoc16 = 0x10000000
                0x0000000010000000                __base_RAM = 0x10000000
                0x0000000010004000                __top_RamLoc16 = 0x10004000
                0x0000000010004000                __top_RAM = 0x10004000

.text           0x0000000000000000     0x2c5c
 FILL mask 0xff
                0x0000000000000000                __vectors_start__ = ABSOLUTE (.)
 *(.isr_vector)
 .isr_vector    0x0000000000000000       0xc0 ./src/cr_startup_lpc84x.o
                0x0000000000000000                g_pfnVectors
                0x00000000000000c0                . = ALIGN (0x4)
                0x00000000000000c0                __section_table_start = .
                0x00000000000000c0                __data_section_table = .
                0x00000000000000c0        0x4 LONG 0x2c5c LOADADDR (.data)
                0x00000000000000c4        0x4 LONG 0x10000000 ADDR (.data)
                0x00000000000000c8        0x4 LONG 0x20 SIZEOF (.data)
                0x00000000000000cc                __data_section_table_end = .
                0x00000000000000cc                __bss_section_table = .
                0x00000000000000cc        0x4 LONG 0x10000020 ADDR (.bss)
                0x00000000000000d0        0x4 LONG 0x220 SIZEOF (.bss)
                0x00000000000000d4                __bss_section_table_end = .
                0x00000000000000d4                __section_table_end = .
 *(.after_vectors*)
 .after_vectors
                0x00000000000000d4      0x114 ./src/cr_startup_lpc84x.o
                0x00000000000000d4                data_init
                0x0000000000000114                bss_init
                0x0000000000000148                ResetISR
                0x00000000000001c4                NMI_Handler
                0x00000000000001ca                HardFault_Handler
                0x00000000000001d0                SVC_Handler
                0x00000000000001d6                PendSV_Handler
                0x00000000000001e2                CMP_IRQHandler
                0x00000000000001e2                PININT7_IRQHandler
                0x00000000000001e2                I2C0_IRQHandler
                0x00000000000001e2                WKT_IRQHandler
                0x00000000000001e2                PININT2_IRQHandler
                0x00000000000001e2                PININT1_IRQHandler
                0x00000000000001e2                MRT_IRQHandler
                0x00000000000001e2                I2C1_IRQHandler
                0x00000000000001e2                UART1_IRQHandler
                0x00000000000001e2                UART0_IRQHandler
                0x00000000000001e2                SPI1_IRQHandler
                0x00000000000001e2                IntDefaultHandler
                0x00000000000001e2                I2C2_IRQHandler
                0x00000000000001e2                PININT3_IRQHandler
                0x00000000000001e2                UART2_IRQHandler
                0x00000000000001e2                PININT5_IRQHandler
                0x00000000000001e2                PININT4_IRQHandler
                0x00000000000001e2                PININT0_IRQHandler
                0x00000000000001e2                BOD_IRQHandler
                0x00000000000001e2                I2C3_IRQHandler
                0x00000000000001e2                SCT_IRQHandler
                0x00000000000001e2                WDT_IRQHandler
                0x00000000000001e2                FAIM_IRQHandler
                0x00000000000001e2                DAC0_IRQHandler
                0x00000000000001e2                PININT6_IRQHandler
                0x00000000000001e2                SPI0_IRQHandler
                0x00000000000001e2                DMA_IRQHandler
                0x00000000000001e2                FLASH_IRQHandler
                0x00000000000001e2                CTIMER0_IRQHandler
 *(.text*)
 .text.main     0x00000000000001e8       0x9c ./src/Test_libreria.o
                0x00000000000001e8                main
 .text.timer_5dec_callback
                0x0000000000000284       0x32 ./src/Test_libreria.o
 *fill*         0x00000000000002b6        0x2 ff
 .text.timer_1seg_callback
                0x00000000000002b8       0x88 ./src/Test_libreria.o
 .text.SYSCON_enable_clock
                0x0000000000000340       0x68 /home/augusto/Desktop/InfoII/Libreria_LPC845/LPC845/Libreria_LPC845/Debug/libLibreria_LPC845.a(infotronic.o)
 .text.IOCON_init
                0x00000000000003a8       0x10 /home/augusto/Desktop/InfoII/Libreria_LPC845/LPC845/Libreria_LPC845/Debug/libLibreria_LPC845.a(infotronic.o)
 .text.infotronic_init
                0x00000000000003b8       0x44 /home/augusto/Desktop/InfoII/Libreria_LPC845/LPC845/Libreria_LPC845/Debug/libLibreria_LPC845.a(infotronic.o)
                0x00000000000003b8                infotronic_init
 .text.infotronic_get_key
                0x00000000000003fc       0x10 /home/augusto/Desktop/InfoII/Libreria_LPC845/LPC845/Libreria_LPC845/Debug/libLibreria_LPC845.a(infotronic.o)
                0x00000000000003fc                infotronic_get_key
 .text.infotronic_relay_activate
                0x000000000000040c       0x1e /home/augusto/Desktop/InfoII/Libreria_LPC845/LPC845/Libreria_LPC845/Debug/libLibreria_LPC845.a(infotronic.o)
                0x000000000000040c                infotronic_relay_activate
 .text.infotronic_relay_deactivate
                0x000000000000042a       0x1e /home/augusto/Desktop/InfoII/Libreria_LPC845/LPC845/Libreria_LPC845/Debug/libLibreria_LPC845.a(infotronic.o)
                0x000000000000042a                infotronic_relay_deactivate
 .text.infotronic_display_on
                0x0000000000000448       0x1e /home/augusto/Desktop/InfoII/Libreria_LPC845/LPC845/Libreria_LPC845/Debug/libLibreria_LPC845.a(infotronic.o)
                0x0000000000000448                infotronic_display_on
 .text.infotronic_display_write
                0x0000000000000466       0x24 /home/augusto/Desktop/InfoII/Libreria_LPC845/LPC845/Libreria_LPC845/Debug/libLibreria_LPC845.a(infotronic.o)
                0x0000000000000466                infotronic_display_write
 .text.infotronic_termometro_read
                0x000000000000048a       0x10 /home/augusto/Desktop/InfoII/Libreria_LPC845/LPC845/Libreria_LPC845/Debug/libLibreria_LPC845.a(infotronic.o)
                0x000000000000048a                infotronic_termometro_read
 .text.infotronic_timer_start
                0x000000000000049a       0x36 /home/augusto/Desktop/InfoII/Libreria_LPC845/LPC845/Libreria_LPC845/Debug/libLibreria_LPC845.a(infotronic.o)
                0x000000000000049a                infotronic_timer_start
 .text.infotronic_timer_loop
                0x00000000000004d0        0xe /home/augusto/Desktop/InfoII/Libreria_LPC845/LPC845/Libreria_LPC845/Debug/libLibreria_LPC845.a(infotronic.o)
                0x00000000000004d0                infotronic_timer_loop
 .text.infotronic_LCD_write
                0x00000000000004de       0x30 /home/augusto/Desktop/InfoII/Libreria_LPC845/LPC845/Libreria_LPC845/Debug/libLibreria_LPC845.a(infotronic.o)
                0x00000000000004de                infotronic_LCD_write
 *fill*         0x000000000000050e        0x2 ff
 .text.infotronic_systick_callback
                0x0000000000000510       0x38 /home/augusto/Desktop/InfoII/Libreria_LPC845/LPC845/Libreria_LPC845/Debug/libLibreria_LPC845.a(infotronic.o)
 .text.relays_init
                0x0000000000000548       0x4c /home/augusto/Desktop/InfoII/Libreria_LPC845/LPC845/Libreria_LPC845/Debug/libLibreria_LPC845.a(relays.o)
                0x0000000000000548                relays_init
 .text.relays_activate
                0x0000000000000594       0x34 /home/augusto/Desktop/InfoII/Libreria_LPC845/LPC845/Libreria_LPC845/Debug/libLibreria_LPC845.a(relays.o)
                0x0000000000000594                relays_activate
 .text.relays_deactivate
                0x00000000000005c8       0x38 /home/augusto/Desktop/InfoII/Libreria_LPC845/LPC845/Libreria_LPC845/Debug/libLibreria_LPC845.a(relays.o)
                0x00000000000005c8                relays_deactivate
 .text.relays_check
                0x0000000000000600       0x94 /home/augusto/Desktop/InfoII/Libreria_LPC845/LPC845/Libreria_LPC845/Debug/libLibreria_LPC845.a(relays.o)
                0x0000000000000600                relays_check
 .text.teclado_init
                0x0000000000000694       0xcc /home/augusto/Desktop/InfoII/Libreria_LPC845/LPC845/Libreria_LPC845/Debug/libLibreria_LPC845.a(teclado.o)
                0x0000000000000694                teclado_init
 .text.get_key  0x0000000000000760       0x24 /home/augusto/Desktop/InfoII/Libreria_LPC845/LPC845/Libreria_LPC845/Debug/libLibreria_LPC845.a(teclado.o)
                0x0000000000000760                get_key
 .text.teclado_check
                0x0000000000000784       0x70 /home/augusto/Desktop/InfoII/Libreria_LPC845/LPC845/Libreria_LPC845/Debug/libLibreria_LPC845.a(teclado.o)
                0x0000000000000784                teclado_check
 .text.get_current_key
                0x00000000000007f4       0xf0 /home/augusto/Desktop/InfoII/Libreria_LPC845/LPC845/Libreria_LPC845/Debug/libLibreria_LPC845.a(teclado.o)
 .text.termometro_init
                0x00000000000008e4       0x4c /home/augusto/Desktop/InfoII/Libreria_LPC845/LPC845/Libreria_LPC845/Debug/libLibreria_LPC845.a(termometro.o)
                0x00000000000008e4                termometro_init
 .text.termometro_check
                0x0000000000000930       0x34 /home/augusto/Desktop/InfoII/Libreria_LPC845/LPC845/Libreria_LPC845/Debug/libLibreria_LPC845.a(termometro.o)
                0x0000000000000930                termometro_check
 .text.termometro_read
                0x0000000000000964       0x14 /home/augusto/Desktop/InfoII/Libreria_LPC845/LPC845/Libreria_LPC845/Debug/libLibreria_LPC845.a(termometro.o)
                0x0000000000000964                termometro_read
 .text.adc_conversion_finished
                0x0000000000000978      0x23c /home/augusto/Desktop/InfoII/Libreria_LPC845/LPC845/Libreria_LPC845/Debug/libLibreria_LPC845.a(termometro.o)
 .text.timer_start
                0x0000000000000bb4       0xc8 /home/augusto/Desktop/InfoII/Libreria_LPC845/LPC845/Libreria_LPC845/Debug/libLibreria_LPC845.a(timer.o)
                0x0000000000000bb4                timer_start
 .text.timer_loop
                0x0000000000000c7c       0x68 /home/augusto/Desktop/InfoII/Libreria_LPC845/LPC845/Libreria_LPC845/Debug/libLibreria_LPC845.a(timer.o)
                0x0000000000000c7c                timer_loop
 .text.timer_check
                0x0000000000000ce4       0xd0 /home/augusto/Desktop/InfoII/Libreria_LPC845/LPC845/Libreria_LPC845/Debug/libLibreria_LPC845.a(timer.o)
                0x0000000000000ce4                timer_check
 .text.ADC_control_config
                0x0000000000000db4       0x84 /home/augusto/Desktop/InfoII/Libreria_LPC845/LPC845/Libreria_LPC845/Debug/libLibreria_LPC845.a(HAL_ADC.o)
 .text.ADC_sequence_config_channels
                0x0000000000000e38       0x44 /home/augusto/Desktop/InfoII/Libreria_LPC845/LPC845/Libreria_LPC845/Debug/libLibreria_LPC845.a(HAL_ADC.o)
 .text.ADC_sequence_get_channels
                0x0000000000000e7c       0x2c /home/augusto/Desktop/InfoII/Libreria_LPC845/LPC845/Libreria_LPC845/Debug/libLibreria_LPC845.a(HAL_ADC.o)
 .text.ADC_sequence_config_trigger
                0x0000000000000ea8       0x48 /home/augusto/Desktop/InfoII/Libreria_LPC845/LPC845/Libreria_LPC845/Debug/libLibreria_LPC845.a(HAL_ADC.o)
 .text.ADC_sequence_config_trigger_pol
                0x0000000000000ef0       0x48 /home/augusto/Desktop/InfoII/Libreria_LPC845/LPC845/Libreria_LPC845/Debug/libLibreria_LPC845.a(HAL_ADC.o)
 .text.ADC_sequence_config_sync
                0x0000000000000f38       0x48 /home/augusto/Desktop/InfoII/Libreria_LPC845/LPC845/Libreria_LPC845/Debug/libLibreria_LPC845.a(HAL_ADC.o)
 .text.ADC_sequence_set_start
                0x0000000000000f80       0x30 /home/augusto/Desktop/InfoII/Libreria_LPC845/LPC845/Libreria_LPC845/Debug/libLibreria_LPC845.a(HAL_ADC.o)
 .text.ADC_sequence_set_burst
                0x0000000000000fb0       0x58 /home/augusto/Desktop/InfoII/Libreria_LPC845/LPC845/Libreria_LPC845/Debug/libLibreria_LPC845.a(HAL_ADC.o)
 .text.ADC_sequence_clear_burst
                0x0000000000001008       0x44 /home/augusto/Desktop/InfoII/Libreria_LPC845/LPC845/Libreria_LPC845/Debug/libLibreria_LPC845.a(HAL_ADC.o)
 .text.ADC_sequence_set_singlestep
                0x000000000000104c       0x30 /home/augusto/Desktop/InfoII/Libreria_LPC845/LPC845/Libreria_LPC845/Debug/libLibreria_LPC845.a(HAL_ADC.o)
 .text.ADC_sequence_clear_singlestep
                0x000000000000107c       0x30 /home/augusto/Desktop/InfoII/Libreria_LPC845/LPC845/Libreria_LPC845/Debug/libLibreria_LPC845.a(HAL_ADC.o)
 .text.ADC_sequence_A_make_low_priority
                0x00000000000010ac       0x1c /home/augusto/Desktop/InfoII/Libreria_LPC845/LPC845/Libreria_LPC845/Debug/libLibreria_LPC845.a(HAL_ADC.o)
 .text.ADC_sequence_A_make_high_priority
                0x00000000000010c8       0x20 /home/augusto/Desktop/InfoII/Libreria_LPC845/LPC845/Libreria_LPC845/Debug/libLibreria_LPC845.a(HAL_ADC.o)
 .text.ADC_sequence_config_interrupt_mode
                0x00000000000010e8       0x48 /home/augusto/Desktop/InfoII/Libreria_LPC845/LPC845/Libreria_LPC845/Debug/libLibreria_LPC845.a(HAL_ADC.o)
 .text.ADC_sequence_get_mode
                0x0000000000001130       0x2c /home/augusto/Desktop/InfoII/Libreria_LPC845/LPC845/Libreria_LPC845/Debug/libLibreria_LPC845.a(HAL_ADC.o)
 .text.ADC_enable_sequence_interrupt
                0x000000000000115c       0x3c /home/augusto/Desktop/InfoII/Libreria_LPC845/LPC845/Libreria_LPC845/Debug/libLibreria_LPC845.a(HAL_ADC.o)
 .text.ADC_disable_sequence_interrupt
                0x0000000000001198       0x3c /home/augusto/Desktop/InfoII/Libreria_LPC845/LPC845/Libreria_LPC845/Debug/libLibreria_LPC845.a(HAL_ADC.o)
 .text.ADC_get_global_data
                0x00000000000011d4       0x28 /home/augusto/Desktop/InfoII/Libreria_LPC845/LPC845/Libreria_LPC845/Debug/libLibreria_LPC845.a(HAL_ADC.o)
 .text.ADC_get_channel_data
                0x00000000000011fc       0x28 /home/augusto/Desktop/InfoII/Libreria_LPC845/LPC845/Libreria_LPC845/Debug/libLibreria_LPC845.a(HAL_ADC.o)
 .text.ADC_set_vrange
                0x0000000000001224       0x38 /home/augusto/Desktop/InfoII/Libreria_LPC845/LPC845/Libreria_LPC845/Debug/libLibreria_LPC845.a(HAL_ADC.o)
 .text.ADC_hardware_calib
                0x000000000000125c       0x74 /home/augusto/Desktop/InfoII/Libreria_LPC845/LPC845/Libreria_LPC845/Debug/libLibreria_LPC845.a(HAL_ADC.o)
 .text.SYSCON_set_adc_clock
                0x00000000000012d0       0x50 /home/augusto/Desktop/InfoII/Libreria_LPC845/LPC845/Libreria_LPC845/Debug/libLibreria_LPC845.a(HAL_ADC.o)
 .text.SYSCON_enable_clock
                0x0000000000001320       0x68 /home/augusto/Desktop/InfoII/Libreria_LPC845/LPC845/Libreria_LPC845/Debug/libLibreria_LPC845.a(HAL_ADC.o)
 .text.SYSCON_assert_reset
                0x0000000000001388       0x6c /home/augusto/Desktop/InfoII/Libreria_LPC845/LPC845/Libreria_LPC845/Debug/libLibreria_LPC845.a(HAL_ADC.o)
 .text.SYSCON_clear_reset
                0x00000000000013f4       0x68 /home/augusto/Desktop/InfoII/Libreria_LPC845/LPC845/Libreria_LPC845/Debug/libLibreria_LPC845.a(HAL_ADC.o)
 .text.SYSCON_power_up_peripheral
                0x000000000000145c       0x44 /home/augusto/Desktop/InfoII/Libreria_LPC845/LPC845/Libreria_LPC845/Debug/libLibreria_LPC845.a(HAL_ADC.o)
 .text.SWM_init
                0x00000000000014a0       0x1c /home/augusto/Desktop/InfoII/Libreria_LPC845/LPC845/Libreria_LPC845/Debug/libLibreria_LPC845.a(HAL_ADC.o)
 .text.SWM_deinit
                0x00000000000014bc       0x1c /home/augusto/Desktop/InfoII/Libreria_LPC845/LPC845/Libreria_LPC845/Debug/libLibreria_LPC845.a(HAL_ADC.o)
 .text.SWM_enable_ADC
                0x00000000000014d8      0x218 /home/augusto/Desktop/InfoII/Libreria_LPC845/LPC845/Libreria_LPC845/Debug/libLibreria_LPC845.a(HAL_ADC.o)
 .text.NVIC_enable_interrupt
                0x00000000000016f0       0x3c /home/augusto/Desktop/InfoII/Libreria_LPC845/LPC845/Libreria_LPC845/Debug/libLibreria_LPC845.a(HAL_ADC.o)
 .text.hal_adc_init_async_mode
                0x000000000000172c       0xe8 /home/augusto/Desktop/InfoII/Libreria_LPC845/LPC845/Libreria_LPC845/Debug/libLibreria_LPC845.a(HAL_ADC.o)
                0x000000000000172c                hal_adc_init_async_mode
 .text.hal_adc_config_sequence
                0x0000000000001814      0x15c /home/augusto/Desktop/InfoII/Libreria_LPC845/LPC845/Libreria_LPC845/Debug/libLibreria_LPC845.a(HAL_ADC.o)
                0x0000000000001814                hal_adc_config_sequence
 .text.hal_adc_start_sequence
                0x0000000000001970       0x1e /home/augusto/Desktop/InfoII/Libreria_LPC845/LPC845/Libreria_LPC845/Debug/libLibreria_LPC845.a(HAL_ADC.o)
                0x0000000000001970                hal_adc_start_sequence
 .text.hal_adc_get_sequence_result
                0x000000000000198e      0x10a /home/augusto/Desktop/InfoII/Libreria_LPC845/LPC845/Libreria_LPC845/Debug/libLibreria_LPC845.a(HAL_ADC.o)
                0x000000000000198e                hal_adc_get_sequence_result
 .text.dummy_irq_callback
                0x0000000000001a98        0xa /home/augusto/Desktop/InfoII/Libreria_LPC845/LPC845/Libreria_LPC845/Debug/libLibreria_LPC845.a(HAL_ADC.o)
 *fill*         0x0000000000001aa2        0x2 ff
 .text.ADC_SEQA_IRQHandler
                0x0000000000001aa4       0x38 /home/augusto/Desktop/InfoII/Libreria_LPC845/LPC845/Libreria_LPC845/Debug/libLibreria_LPC845.a(HAL_ADC.o)
                0x0000000000001aa4                ADC_SEQA_IRQHandler
 .text.ADC_SEQB_IRQHandler
                0x0000000000001adc       0x38 /home/augusto/Desktop/InfoII/Libreria_LPC845/LPC845/Libreria_LPC845/Debug/libLibreria_LPC845.a(HAL_ADC.o)
                0x0000000000001adc                ADC_SEQB_IRQHandler
 .text.ADC_THCMP_IRQHandler
                0x0000000000001b14       0x14 /home/augusto/Desktop/InfoII/Libreria_LPC845/LPC845/Libreria_LPC845/Debug/libLibreria_LPC845.a(HAL_ADC.o)
                0x0000000000001b14                ADC_THCMP_IRQHandler
 .text.ADC_OVR_IRQHandler
                0x0000000000001b28       0x14 /home/augusto/Desktop/InfoII/Libreria_LPC845/LPC845/Libreria_LPC845/Debug/libLibreria_LPC845.a(HAL_ADC.o)
                0x0000000000001b28                ADC_OVR_IRQHandler
 .text.GPIO_read_masked_portpin
                0x0000000000001b3c       0x2c /home/augusto/Desktop/InfoII/Libreria_LPC845/LPC845/Libreria_LPC845/Debug/libLibreria_LPC845.a(HAL_GPIO.o)
 .text.GPIO_write_set
                0x0000000000001b68       0x30 /home/augusto/Desktop/InfoII/Libreria_LPC845/LPC845/Libreria_LPC845/Debug/libLibreria_LPC845.a(HAL_GPIO.o)
 .text.GPIO_write_clear
                0x0000000000001b98       0x30 /home/augusto/Desktop/InfoII/Libreria_LPC845/LPC845/Libreria_LPC845/Debug/libLibreria_LPC845.a(HAL_GPIO.o)
 .text.GPIO_write_dir_set
                0x0000000000001bc8       0x30 /home/augusto/Desktop/InfoII/Libreria_LPC845/LPC845/Libreria_LPC845/Debug/libLibreria_LPC845.a(HAL_GPIO.o)
 .text.GPIO_write_dir_clear
                0x0000000000001bf8       0x30 /home/augusto/Desktop/InfoII/Libreria_LPC845/LPC845/Libreria_LPC845/Debug/libLibreria_LPC845.a(HAL_GPIO.o)
 .text.hal_gpio_set_dir
                0x0000000000001c28       0x8c /home/augusto/Desktop/InfoII/Libreria_LPC845/LPC845/Libreria_LPC845/Debug/libLibreria_LPC845.a(HAL_GPIO.o)
                0x0000000000001c28                hal_gpio_set_dir
 .text.hal_gpio_set_pin
                0x0000000000001cb4       0x30 /home/augusto/Desktop/InfoII/Libreria_LPC845/LPC845/Libreria_LPC845/Debug/libLibreria_LPC845.a(HAL_GPIO.o)
                0x0000000000001cb4                hal_gpio_set_pin
 .text.hal_gpio_clear_pin
                0x0000000000001ce4       0x30 /home/augusto/Desktop/InfoII/Libreria_LPC845/LPC845/Libreria_LPC845/Debug/libLibreria_LPC845.a(HAL_GPIO.o)
                0x0000000000001ce4                hal_gpio_clear_pin
 .text.hal_gpio_read_pin
                0x0000000000001d14       0x2c /home/augusto/Desktop/InfoII/Libreria_LPC845/LPC845/Libreria_LPC845/Debug/libLibreria_LPC845.a(HAL_GPIO.o)
                0x0000000000001d14                hal_gpio_read_pin
 .text.SYSCON_enable_clock
                0x0000000000001d40       0x68 /home/augusto/Desktop/InfoII/Libreria_LPC845/LPC845/Libreria_LPC845/Debug/libLibreria_LPC845.a(HAL_IOCON.o)
 .text.SYSCON_disable_clock
                0x0000000000001da8       0x68 /home/augusto/Desktop/InfoII/Libreria_LPC845/LPC845/Libreria_LPC845/Debug/libLibreria_LPC845.a(HAL_IOCON.o)
 .text.hal_iocon_config_io
                0x0000000000001e10      0x1f4 /home/augusto/Desktop/InfoII/Libreria_LPC845/LPC845/Libreria_LPC845/Debug/libLibreria_LPC845.a(HAL_IOCON.o)
                0x0000000000001e10                hal_iocon_config_io
 .text.hal_syscon_get_system_clock
                0x0000000000002004       0x14 /home/augusto/Desktop/InfoII/Libreria_LPC845/LPC845/Libreria_LPC845/Debug/libLibreria_LPC845.a(HAL_SYSCON.o)
                0x0000000000002004                hal_syscon_get_system_clock
 .text.hal_syscon_get_fro_clock
                0x0000000000002018       0x14 /home/augusto/Desktop/InfoII/Libreria_LPC845/LPC845/Libreria_LPC845/Debug/libLibreria_LPC845.a(HAL_SYSCON.o)
                0x0000000000002018                hal_syscon_get_fro_clock
 .text.hal_syscon_get_pll_clock
                0x000000000000202c       0x14 /home/augusto/Desktop/InfoII/Libreria_LPC845/LPC845/Libreria_LPC845/Debug/libLibreria_LPC845.a(HAL_SYSCON.o)
                0x000000000000202c                hal_syscon_get_pll_clock
 .text.SYSTICK_enable_count
                0x0000000000002040       0x1c /home/augusto/Desktop/InfoII/Libreria_LPC845/LPC845/Libreria_LPC845/Debug/libLibreria_LPC845.a(HAL_SYSTICK.o)
 .text.SYSTICK_enable_interrupt
                0x000000000000205c       0x1c /home/augusto/Desktop/InfoII/Libreria_LPC845/LPC845/Libreria_LPC845/Debug/libLibreria_LPC845.a(HAL_SYSTICK.o)
 .text.SYSTICK_select_clock_source
                0x0000000000002078       0x38 /home/augusto/Desktop/InfoII/Libreria_LPC845/LPC845/Libreria_LPC845/Debug/libLibreria_LPC845.a(HAL_SYSTICK.o)
 .text.SYSTICK_set_reload
                0x00000000000020b0       0x38 /home/augusto/Desktop/InfoII/Libreria_LPC845/LPC845/Libreria_LPC845/Debug/libLibreria_LPC845.a(HAL_SYSTICK.o)
 .text.SYSTICK_set_clear_current_value
                0x00000000000020e8       0x20 /home/augusto/Desktop/InfoII/Libreria_LPC845/LPC845/Libreria_LPC845/Debug/libLibreria_LPC845.a(HAL_SYSTICK.o)
 .text.hal_systick_init
                0x0000000000002108       0x78 /home/augusto/Desktop/InfoII/Libreria_LPC845/LPC845/Libreria_LPC845/Debug/libLibreria_LPC845.a(HAL_SYSTICK.o)
                0x0000000000002108                hal_systick_init
 .text.SysTick_Handler
                0x0000000000002180       0x14 /home/augusto/Desktop/InfoII/Libreria_LPC845/LPC845/Libreria_LPC845/Debug/libLibreria_LPC845.a(HAL_SYSTICK.o)
                0x0000000000002180                SysTick_Handler
 .text.dummy_irq
                0x0000000000002194        0xa /home/augusto/Desktop/InfoII/Libreria_LPC845/LPC845/Libreria_LPC845/Debug/libLibreria_LPC845.a(HAL_SYSTICK.o)
 .text.LCD_write
                0x000000000000219e       0x80 /home/augusto/Desktop/InfoII/Libreria_LPC845/LPC845/Libreria_LPC845/Debug/libLibreria_LPC845.a(LCD.o)
                0x000000000000219e                LCD_write
 .text.LCD_check
                0x000000000000221e       0x9c /home/augusto/Desktop/InfoII/Libreria_LPC845/LPC845/Libreria_LPC845/Debug/libLibreria_LPC845.a(LCD.o)
                0x000000000000221e                LCD_check
 *fill*         0x00000000000022ba        0x2 ff
 .text.LCD_push
                0x00000000000022bc       0xe4 /home/augusto/Desktop/InfoII/Libreria_LPC845/LPC845/Libreria_LPC845/Debug/libLibreria_LPC845.a(LCD.o)
 .text.LCD_pop  0x00000000000023a0       0x58 /home/augusto/Desktop/InfoII/Libreria_LPC845/LPC845/Libreria_LPC845/Debug/libLibreria_LPC845.a(LCD.o)
 .text.display_init
                0x00000000000023f8       0x5e /home/augusto/Desktop/InfoII/Libreria_LPC845/LPC845/Libreria_LPC845/Debug/libLibreria_LPC845.a(display.o)
                0x00000000000023f8                display_init
 *fill*         0x0000000000002456        0x2 ff
 .text.display_on
                0x0000000000002458       0x2c /home/augusto/Desktop/InfoII/Libreria_LPC845/LPC845/Libreria_LPC845/Debug/libLibreria_LPC845.a(display.o)
                0x0000000000002458                display_on
 .text.display_write
                0x0000000000002484       0xc8 /home/augusto/Desktop/InfoII/Libreria_LPC845/LPC845/Libreria_LPC845/Debug/libLibreria_LPC845.a(display.o)
                0x0000000000002484                display_write
 .text.display_check
                0x000000000000254c      0x104 /home/augusto/Desktop/InfoII/Libreria_LPC845/LPC845/Libreria_LPC845/Debug/libLibreria_LPC845.a(display.o)
                0x000000000000254c                display_check
 .text.display_blank_digit
                0x0000000000002650       0x32 /home/augusto/Desktop/InfoII/Libreria_LPC845/LPC845/Libreria_LPC845/Debug/libLibreria_LPC845.a(display.o)
 .text.display_decode_number
                0x0000000000002682       0x84 /home/augusto/Desktop/InfoII/Libreria_LPC845/LPC845/Libreria_LPC845/Debug/libLibreria_LPC845.a(display.o)
 .text.__weak_main
                0x0000000000002706        0x8 /usr/local/mcuxpressoide-11.0.0_2516/ide/plugins/com.nxp.mcuxpresso.tools.linux_11.0.0.201905131304/tools/bin/../lib/gcc/arm-none-eabi/8.2.1/../../../../arm-none-eabi/lib/thumb/v6-m/nofp/libcr_c.a(__weak__main.o)
                0x0000000000002706                __main
                0x0000000000002706                __weak_main
 .text.__aeabi_division_idivmod
                0x000000000000270e       0x78 /usr/local/mcuxpressoide-11.0.0_2516/ide/plugins/com.nxp.mcuxpresso.tools.linux_11.0.0.201905131304/tools/bin/../lib/gcc/arm-none-eabi/8.2.1/thumb/v6-m/nofp/libcr_eabihelpers.a(division_32.o)
                0x000000000000270e                __aeabi_idiv
                0x000000000000270e                __aeabi_idivmod
                0x0000000000002714                __aeabi_uidiv
                0x0000000000002714                __aeabi_uidivmod
 .text.__aeabi_division_idiv0
                0x0000000000002786        0x2 /usr/local/mcuxpressoide-11.0.0_2516/ide/plugins/com.nxp.mcuxpresso.tools.linux_11.0.0.201905131304/tools/bin/../lib/gcc/arm-none-eabi/8.2.1/thumb/v6-m/nofp/libcr_eabihelpers.a(division_idiv0.o)
                0x0000000000002786                __aeabi_idiv0
 .text.__aeabi_ddiv
                0x0000000000002788      0x148 /usr/local/mcuxpressoide-11.0.0_2516/ide/plugins/com.nxp.mcuxpresso.tools.linux_11.0.0.201905131304/tools/bin/../lib/gcc/arm-none-eabi/8.2.1/thumb/v6-m/nofp/libcr_eabihelpers.a(double.o)
                0x0000000000002788                __aeabi_ddiv
 .text.__aeabi_d2uiz
                0x00000000000028d0       0x34 /usr/local/mcuxpressoide-11.0.0_2516/ide/plugins/com.nxp.mcuxpresso.tools.linux_11.0.0.201905131304/tools/bin/../lib/gcc/arm-none-eabi/8.2.1/thumb/v6-m/nofp/libcr_eabihelpers.a(double.o)
                0x00000000000028d0                __aeabi_d2uiz
 .text.__bhs_ui2d
                0x0000000000002904       0x5e /usr/local/mcuxpressoide-11.0.0_2516/ide/plugins/com.nxp.mcuxpresso.tools.linux_11.0.0.201905131304/tools/bin/../lib/gcc/arm-none-eabi/8.2.1/thumb/v6-m/nofp/libcr_eabihelpers.a(double.o)
                0x0000000000002904                __bhs_ui2d
 .text.__aeabi_ui2d
                0x0000000000002962        0xc /usr/local/mcuxpressoide-11.0.0_2516/ide/plugins/com.nxp.mcuxpresso.tools.linux_11.0.0.201905131304/tools/bin/../lib/gcc/arm-none-eabi/8.2.1/thumb/v6-m/nofp/libcr_eabihelpers.a(double.o)
                0x0000000000002962                __aeabi_ui2d
 *(.rodata .rodata.* .constdata .constdata.*)
 *fill*         0x000000000000296e        0x2 ff
 .rodata        0x0000000000002970       0x25 ./src/Test_libreria.o
 *fill*         0x0000000000002995        0x3 ff
 .rodata.relays_port
                0x0000000000002998        0x4 /home/augusto/Desktop/InfoII/Libreria_LPC845/LPC845/Libreria_LPC845/Debug/libLibreria_LPC845.a(relays.o)
 .rodata.relays_pin
                0x000000000000299c        0x4 /home/augusto/Desktop/InfoII/Libreria_LPC845/LPC845/Libreria_LPC845/Debug/libLibreria_LPC845.a(relays.o)
 .rodata.teclado_filas_portpin
                0x00000000000029a0        0x2 /home/augusto/Desktop/InfoII/Libreria_LPC845/LPC845/Libreria_LPC845/Debug/libLibreria_LPC845.a(teclado.o)
 *fill*         0x00000000000029a2        0x2 ff
 .rodata.teclado_columnas_portpin
                0x00000000000029a4        0x3 /home/augusto/Desktop/InfoII/Libreria_LPC845/LPC845/Libreria_LPC845/Debug/libLibreria_LPC845.a(teclado.o)
 *fill*         0x00000000000029a7        0x1 ff
 .rodata.conversion_table
                0x00000000000029a8      0x168 /home/augusto/Desktop/InfoII/Libreria_LPC845/LPC845/Libreria_LPC845/Debug/libLibreria_LPC845.a(termometro.o)
 .rodata.SYSCON
                0x0000000000002b10        0x4 /home/augusto/Desktop/InfoII/Libreria_LPC845/LPC845/Libreria_LPC845/Debug/libLibreria_LPC845.a(HPL_SYSCON.o)
                0x0000000000002b10                SYSCON
 .rodata.SWM_enable_ADC
                0x0000000000002b14       0x30 /home/augusto/Desktop/InfoII/Libreria_LPC845/LPC845/Libreria_LPC845/Debug/libLibreria_LPC845.a(HAL_ADC.o)
 .rodata.ADC    0x0000000000002b44        0x4 /home/augusto/Desktop/InfoII/Libreria_LPC845/LPC845/Libreria_LPC845/Debug/libLibreria_LPC845.a(HPL_ADC.o)
                0x0000000000002b44                ADC
 .rodata.GPIO   0x0000000000002b48        0x4 /home/augusto/Desktop/InfoII/Libreria_LPC845/LPC845/Libreria_LPC845/Debug/libLibreria_LPC845.a(HPL_GPIO.o)
                0x0000000000002b48                GPIO
 .rodata.IOCON  0x0000000000002b4c        0x4 /home/augusto/Desktop/InfoII/Libreria_LPC845/LPC845/Libreria_LPC845/Debug/libLibreria_LPC845.a(HPL_IOCON.o)
                0x0000000000002b4c                IOCON
 .rodata.IOCON_PIN_TABLE
                0x0000000000002b50      0x100 /home/augusto/Desktop/InfoII/Libreria_LPC845/LPC845/Libreria_LPC845/Debug/libLibreria_LPC845.a(HPL_IOCON.o)
                0x0000000000002b50                IOCON_PIN_TABLE
 .rodata.NVIC   0x0000000000002c50        0x4 /home/augusto/Desktop/InfoII/Libreria_LPC845/LPC845/Libreria_LPC845/Debug/libLibreria_LPC845.a(HPL_NVIC.o)
                0x0000000000002c50                NVIC
 .rodata.SWM    0x0000000000002c54        0x4 /home/augusto/Desktop/InfoII/Libreria_LPC845/LPC845/Libreria_LPC845/Debug/libLibreria_LPC845.a(HPL_SWM.o)
                0x0000000000002c54                SWM
 .rodata.SYSTICK
                0x0000000000002c58        0x4 /home/augusto/Desktop/InfoII/Libreria_LPC845/LPC845/Libreria_LPC845/Debug/libLibreria_LPC845.a(HPL_SYSTICK.o)
                0x0000000000002c58                SYSTICK
                0x0000000000002c5c                . = ALIGN (0x4)

.glue_7         0x0000000000002c5c        0x0
 .glue_7        0x0000000000002c5c        0x0 linker stubs

.glue_7t        0x0000000000002c5c        0x0
 .glue_7t       0x0000000000002c5c        0x0 linker stubs

.vfp11_veneer   0x0000000000002c5c        0x0
 .vfp11_veneer  0x0000000000002c5c        0x0 linker stubs

.v4_bx          0x0000000000002c5c        0x0
 .v4_bx         0x0000000000002c5c        0x0 linker stubs

.iplt           0x0000000000002c5c        0x0
 .iplt          0x0000000000002c5c        0x0 ./src/Test_libreria.o

.rel.dyn        0x0000000000002c5c        0x0
 .rel.iplt      0x0000000000002c5c        0x0 ./src/Test_libreria.o

.ARM.extab
 *(.ARM.extab* .gnu.linkonce.armextab.*)
                0x0000000000002c5c                __exidx_start = .

.ARM.exidx
 *(.ARM.exidx* .gnu.linkonce.armexidx.*)
                0x0000000000002c5c                __exidx_end = .
                0x0000000000002c5c                _etext = .

.mtb_buffer_default
 *(.mtb*)

.uninit_RESERVED
                0x0000000010000000        0x0
                0x0000000010000000                . = ALIGN (0x4)
 *(.bss.$RESERVED*)
                0x0000000010000000                . = ALIGN (0x4)
                0x0000000010000000                _end_uninit_RESERVED = .

.data           0x0000000010000000       0x20 load address 0x0000000000002c5c
 FILL mask 0xff
                0x0000000010000000                _data = .
 *(vtable)
 *(.ramfunc*)
 *(.data*)
 .data.key_buffer
                0x0000000010000000        0x1 /home/augusto/Desktop/InfoII/Libreria_LPC845/LPC845/Libreria_LPC845/Debug/libLibreria_LPC845.a(teclado.o)
 .data.last_key.5132
                0x0000000010000001        0x1 /home/augusto/Desktop/InfoII/Libreria_LPC845/LPC845/Libreria_LPC845/Debug/libLibreria_LPC845.a(teclado.o)
 *fill*         0x0000000010000002        0x2 ff
 .data.adc_seq_completed_callback
                0x0000000010000004        0x8 /home/augusto/Desktop/InfoII/Libreria_LPC845/LPC845/Libreria_LPC845/Debug/libLibreria_LPC845.a(HAL_ADC.o)
 .data.adc_overrun_callback
                0x000000001000000c        0x4 /home/augusto/Desktop/InfoII/Libreria_LPC845/LPC845/Libreria_LPC845/Debug/libLibreria_LPC845.a(HAL_ADC.o)
 .data.adc_compare_callback
                0x0000000010000010        0x4 /home/augusto/Desktop/InfoII/Libreria_LPC845/LPC845/Libreria_LPC845/Debug/libLibreria_LPC845.a(HAL_ADC.o)
 .data.current_main_freq
                0x0000000010000014        0x4 /home/augusto/Desktop/InfoII/Libreria_LPC845/LPC845/Libreria_LPC845/Debug/libLibreria_LPC845.a(HAL_SYSCON.o)
 .data.current_fro_freq
                0x0000000010000018        0x4 /home/augusto/Desktop/InfoII/Libreria_LPC845/LPC845/Libreria_LPC845/Debug/libLibreria_LPC845.a(HAL_SYSCON.o)
 .data.systick_callback
                0x000000001000001c        0x4 /home/augusto/Desktop/InfoII/Libreria_LPC845/LPC845/Libreria_LPC845/Debug/libLibreria_LPC845.a(HAL_SYSTICK.o)
                0x0000000010000020                . = ALIGN (0x4)
                0x0000000010000020                _edata = .

.igot.plt       0x0000000010000020        0x0 load address 0x0000000000002c7c
 .igot.plt      0x0000000010000020        0x0 ./src/Test_libreria.o

.bss            0x0000000010000020      0x220 load address 0x0000000000002c7c
                0x0000000010000020                . = ALIGN (0x4)
                0x0000000010000020                _bss = .
 *(.bss*)
 .bss.contador.3903
                0x0000000010000020        0x1 ./src/Test_libreria.o
 *fill*         0x0000000010000021        0x3 
 .bss.blocking_delay_counter
                0x0000000010000024        0x4 /home/augusto/Desktop/InfoII/Libreria_LPC845/LPC845/Libreria_LPC845/Debug/libLibreria_LPC845.a(infotronic.o)
 .bss.relays_state
                0x0000000010000028        0x1 /home/augusto/Desktop/InfoII/Libreria_LPC845/LPC845/Libreria_LPC845/Debug/libLibreria_LPC845.a(relays.o)
 .bss.last_state.4069
                0x0000000010000029        0x1 /home/augusto/Desktop/InfoII/Libreria_LPC845/LPC845/Libreria_LPC845/Debug/libLibreria_LPC845.a(relays.o)
 *fill*         0x000000001000002a        0x2 
 .bss.max_bounces
                0x000000001000002c        0x4 /home/augusto/Desktop/InfoII/Libreria_LPC845/LPC845/Libreria_LPC845/Debug/libLibreria_LPC845.a(teclado.o)
 .bss.current_bounces.5133
                0x0000000010000030        0x4 /home/augusto/Desktop/InfoII/Libreria_LPC845/LPC845/Libreria_LPC845/Debug/libLibreria_LPC845.a(teclado.o)
 .bss.conversion_buffer
                0x0000000010000034       0x28 /home/augusto/Desktop/InfoII/Libreria_LPC845/LPC845/Libreria_LPC845/Debug/libLibreria_LPC845.a(termometro.o)
 .bss.conversion_buffer_idx
                0x000000001000005c        0x4 /home/augusto/Desktop/InfoII/Libreria_LPC845/LPC845/Libreria_LPC845/Debug/libLibreria_LPC845.a(termometro.o)
 .bss.current_temperature
                0x0000000010000060        0x4 /home/augusto/Desktop/InfoII/Libreria_LPC845/LPC845/Libreria_LPC845/Debug/libLibreria_LPC845.a(termometro.o)
 .bss.msec_counter.3954
                0x0000000010000064        0x4 /home/augusto/Desktop/InfoII/Libreria_LPC845/LPC845/Libreria_LPC845/Debug/libLibreria_LPC845.a(termometro.o)
 .bss.timers    0x0000000010000068       0xf0 /home/augusto/Desktop/InfoII/Libreria_LPC845/LPC845/Libreria_LPC845/Debug/libLibreria_LPC845.a(timer.o)
 .bss.current_pll_freq
                0x0000000010000158        0x4 /home/augusto/Desktop/InfoII/Libreria_LPC845/LPC845/Libreria_LPC845/Debug/libLibreria_LPC845.a(HAL_SYSCON.o)
 .bss.LCD_buffer
                0x000000001000015c       0xc8 /home/augusto/Desktop/InfoII/Libreria_LPC845/LPC845/Libreria_LPC845/Debug/libLibreria_LPC845.a(LCD.o)
 .bss.LCD_out_idx
                0x0000000010000224        0x1 /home/augusto/Desktop/InfoII/Libreria_LPC845/LPC845/Libreria_LPC845/Debug/libLibreria_LPC845.a(LCD.o)
 .bss.LCD_in_idx
                0x0000000010000225        0x1 /home/augusto/Desktop/InfoII/Libreria_LPC845/LPC845/Libreria_LPC845/Debug/libLibreria_LPC845.a(LCD.o)
 .bss.LCD_buffer_counter
                0x0000000010000226        0x1 /home/augusto/Desktop/InfoII/Libreria_LPC845/LPC845/Libreria_LPC845/Debug/libLibreria_LPC845.a(LCD.o)
 *fill*         0x0000000010000227        0x1 
 .bss.display_number_buffer
                0x0000000010000228        0x6 /home/augusto/Desktop/InfoII/Libreria_LPC845/LPC845/Libreria_LPC845/Debug/libLibreria_LPC845.a(display.o)
 *fill*         0x000000001000022e        0x2 
 .bss.display_dp_buffer
                0x0000000010000230        0x6 /home/augusto/Desktop/InfoII/Libreria_LPC845/LPC845/Libreria_LPC845/Debug/libLibreria_LPC845.a(display.o)
 *fill*         0x0000000010000236        0x2 
 .bss.display_power_state
                0x0000000010000238        0x2 /home/augusto/Desktop/InfoII/Libreria_LPC845/LPC845/Libreria_LPC845/Debug/libLibreria_LPC845.a(display.o)
 .bss.digit_counter.4093
                0x000000001000023a        0x1 /home/augusto/Desktop/InfoII/Libreria_LPC845/LPC845/Libreria_LPC845/Debug/libLibreria_LPC845.a(display.o)
 *fill*         0x000000001000023b        0x1 
 .bss.dummy_reg
                0x000000001000023c        0x4 /home/augusto/Desktop/InfoII/Libreria_LPC845/LPC845/Libreria_LPC845/Debug/libLibreria_LPC845.a(HPL_IOCON.o)
                0x000000001000023c                dummy_reg
 *(COMMON)
                0x0000000010000240                . = ALIGN (0x4)
                0x0000000010000240                _ebss = .
                [!provide]                        PROVIDE (end = .)

.noinit         0x0000000010000240        0x0 load address 0x0000000000002c7c
                0x0000000010000240                . = ALIGN (0x4)
                0x0000000010000240                _noinit = .
 *(.noinit*)
                0x0000000010000240                . = ALIGN (0x4)
                0x0000000010000240                _end_noinit = .
                [!provide]                        PROVIDE (_pvHeapStart = DEFINED (__user_heap_base)?__user_heap_base:.)
                0x0000000010004000                PROVIDE (_vStackTop = DEFINED (__user_stack_top)?__user_stack_top:(__top_RamLoc16 - 0x0))
                0xffffffffefffbb27                PROVIDE (__valid_user_code_checksum = (0x0 - (((_vStackTop + (ResetISR + 0x1)) + (DEFINED (NMI_Handler)?NMI_Handler:M0_NMI_Handler + 0x1)) + (DEFINED (HardFault_Handler)?HardFault_Handler:M0_HardFault_Handler + 0x1))))
                0x0000000000000000                _image_start = LOADADDR (.text)
                0x0000000000002c7c                _image_end = (LOADADDR (.data) + SIZEOF (.data))
                0x0000000000002c7c                _image_size = (_image_end - _image_start)
OUTPUT(Test_libreria.axf elf32-littlearm)

.debug_info     0x0000000000000000    0x17acf
 .debug_info    0x0000000000000000      0x194 ./src/Test_libreria.o
 .debug_info    0x0000000000000194      0x226 ./src/cr_startup_lpc84x.o
 .debug_info    0x00000000000003ba     0x280a /home/augusto/Desktop/InfoII/Libreria_LPC845/LPC845/Libreria_LPC845/Debug/libLibreria_LPC845.a(infotronic.o)
 .debug_info    0x0000000000002bc4      0x679 /home/augusto/Desktop/InfoII/Libreria_LPC845/LPC845/Libreria_LPC845/Debug/libLibreria_LPC845.a(relays.o)
 .debug_info    0x000000000000323d     0x20d9 /home/augusto/Desktop/InfoII/Libreria_LPC845/LPC845/Libreria_LPC845/Debug/libLibreria_LPC845.a(teclado.o)
 .debug_info    0x0000000000005316      0x49f /home/augusto/Desktop/InfoII/Libreria_LPC845/LPC845/Libreria_LPC845/Debug/libLibreria_LPC845.a(termometro.o)
 .debug_info    0x00000000000057b5      0x26d /home/augusto/Desktop/InfoII/Libreria_LPC845/LPC845/Libreria_LPC845/Debug/libLibreria_LPC845.a(timer.o)
 .debug_info    0x0000000000005a22     0x1446 /home/augusto/Desktop/InfoII/Libreria_LPC845/LPC845/Libreria_LPC845/Debug/libLibreria_LPC845.a(HPL_SYSCON.o)
 .debug_info    0x0000000000006e68     0x494d /home/augusto/Desktop/InfoII/Libreria_LPC845/LPC845/Libreria_LPC845/Debug/libLibreria_LPC845.a(HAL_ADC.o)
 .debug_info    0x000000000000b7b5     0x1d4f /home/augusto/Desktop/InfoII/Libreria_LPC845/LPC845/Libreria_LPC845/Debug/libLibreria_LPC845.a(HAL_GPIO.o)
 .debug_info    0x000000000000d504     0x2058 /home/augusto/Desktop/InfoII/Libreria_LPC845/LPC845/Libreria_LPC845/Debug/libLibreria_LPC845.a(HAL_IOCON.o)
 .debug_info    0x000000000000f55c     0x2fa9 /home/augusto/Desktop/InfoII/Libreria_LPC845/LPC845/Libreria_LPC845/Debug/libLibreria_LPC845.a(HAL_SYSCON.o)
 .debug_info    0x0000000000012505      0x395 /home/augusto/Desktop/InfoII/Libreria_LPC845/LPC845/Libreria_LPC845/Debug/libLibreria_LPC845.a(HAL_SYSTICK.o)
 .debug_info    0x000000000001289a      0x357 /home/augusto/Desktop/InfoII/Libreria_LPC845/LPC845/Libreria_LPC845/Debug/libLibreria_LPC845.a(LCD.o)
 .debug_info    0x0000000000012bf1      0x893 /home/augusto/Desktop/InfoII/Libreria_LPC845/LPC845/Libreria_LPC845/Debug/libLibreria_LPC845.a(display.o)
 .debug_info    0x0000000000013484      0x810 /home/augusto/Desktop/InfoII/Libreria_LPC845/LPC845/Libreria_LPC845/Debug/libLibreria_LPC845.a(HPL_ADC.o)
 .debug_info    0x0000000000013c94      0x4ef /home/augusto/Desktop/InfoII/Libreria_LPC845/LPC845/Libreria_LPC845/Debug/libLibreria_LPC845.a(HPL_GPIO.o)
 .debug_info    0x0000000000014183      0x4a5 /home/augusto/Desktop/InfoII/Libreria_LPC845/LPC845/Libreria_LPC845/Debug/libLibreria_LPC845.a(HPL_IOCON.o)
 .debug_info    0x0000000000014628     0x10f3 /home/augusto/Desktop/InfoII/Libreria_LPC845/LPC845/Libreria_LPC845/Debug/libLibreria_LPC845.a(HPL_NVIC.o)
 .debug_info    0x000000000001571b     0x216a /home/augusto/Desktop/InfoII/Libreria_LPC845/LPC845/Libreria_LPC845/Debug/libLibreria_LPC845.a(HPL_SWM.o)
 .debug_info    0x0000000000017885      0x24a /home/augusto/Desktop/InfoII/Libreria_LPC845/LPC845/Libreria_LPC845/Debug/libLibreria_LPC845.a(HPL_SYSTICK.o)

.debug_abbrev   0x0000000000000000     0x2510
 .debug_abbrev  0x0000000000000000       0xfd ./src/Test_libreria.o
 .debug_abbrev  0x00000000000000fd      0x117 ./src/cr_startup_lpc84x.o
 .debug_abbrev  0x0000000000000214      0x2d5 /home/augusto/Desktop/InfoII/Libreria_LPC845/LPC845/Libreria_LPC845/Debug/libLibreria_LPC845.a(infotronic.o)
 .debug_abbrev  0x00000000000004e9      0x1d5 /home/augusto/Desktop/InfoII/Libreria_LPC845/LPC845/Libreria_LPC845/Debug/libLibreria_LPC845.a(relays.o)
 .debug_abbrev  0x00000000000006be      0x26c /home/augusto/Desktop/InfoII/Libreria_LPC845/LPC845/Libreria_LPC845/Debug/libLibreria_LPC845.a(teclado.o)
 .debug_abbrev  0x000000000000092a      0x150 /home/augusto/Desktop/InfoII/Libreria_LPC845/LPC845/Libreria_LPC845/Debug/libLibreria_LPC845.a(termometro.o)
 .debug_abbrev  0x0000000000000a7a      0x144 /home/augusto/Desktop/InfoII/Libreria_LPC845/LPC845/Libreria_LPC845/Debug/libLibreria_LPC845.a(timer.o)
 .debug_abbrev  0x0000000000000bbe      0x171 /home/augusto/Desktop/InfoII/Libreria_LPC845/LPC845/Libreria_LPC845/Debug/libLibreria_LPC845.a(HPL_SYSCON.o)
 .debug_abbrev  0x0000000000000d2f      0x3b8 /home/augusto/Desktop/InfoII/Libreria_LPC845/LPC845/Libreria_LPC845/Debug/libLibreria_LPC845.a(HAL_ADC.o)
 .debug_abbrev  0x00000000000010e7      0x284 /home/augusto/Desktop/InfoII/Libreria_LPC845/LPC845/Libreria_LPC845/Debug/libLibreria_LPC845.a(HAL_GPIO.o)
 .debug_abbrev  0x000000000000136b      0x25b /home/augusto/Desktop/InfoII/Libreria_LPC845/LPC845/Libreria_LPC845/Debug/libLibreria_LPC845.a(HAL_IOCON.o)
 .debug_abbrev  0x00000000000015c6      0x35b /home/augusto/Desktop/InfoII/Libreria_LPC845/LPC845/Libreria_LPC845/Debug/libLibreria_LPC845.a(HAL_SYSCON.o)
 .debug_abbrev  0x0000000000001921      0x1b2 /home/augusto/Desktop/InfoII/Libreria_LPC845/LPC845/Libreria_LPC845/Debug/libLibreria_LPC845.a(HAL_SYSTICK.o)
 .debug_abbrev  0x0000000000001ad3      0x133 /home/augusto/Desktop/InfoII/Libreria_LPC845/LPC845/Libreria_LPC845/Debug/libLibreria_LPC845.a(LCD.o)
 .debug_abbrev  0x0000000000001c06      0x215 /home/augusto/Desktop/InfoII/Libreria_LPC845/LPC845/Libreria_LPC845/Debug/libLibreria_LPC845.a(display.o)
 .debug_abbrev  0x0000000000001e1b       0xee /home/augusto/Desktop/InfoII/Libreria_LPC845/LPC845/Libreria_LPC845/Debug/libLibreria_LPC845.a(HPL_ADC.o)
 .debug_abbrev  0x0000000000001f09      0x128 /home/augusto/Desktop/InfoII/Libreria_LPC845/LPC845/Libreria_LPC845/Debug/libLibreria_LPC845.a(HPL_GPIO.o)
 .debug_abbrev  0x0000000000002031       0xf4 /home/augusto/Desktop/InfoII/Libreria_LPC845/LPC845/Libreria_LPC845/Debug/libLibreria_LPC845.a(HPL_IOCON.o)
 .debug_abbrev  0x0000000000002125      0x132 /home/augusto/Desktop/InfoII/Libreria_LPC845/LPC845/Libreria_LPC845/Debug/libLibreria_LPC845.a(HPL_NVIC.o)
 .debug_abbrev  0x0000000000002257      0x1cb /home/augusto/Desktop/InfoII/Libreria_LPC845/LPC845/Libreria_LPC845/Debug/libLibreria_LPC845.a(HPL_SWM.o)
 .debug_abbrev  0x0000000000002422       0xee /home/augusto/Desktop/InfoII/Libreria_LPC845/LPC845/Libreria_LPC845/Debug/libLibreria_LPC845.a(HPL_SYSTICK.o)

.debug_aranges  0x0000000000000000      0x728
 .debug_aranges
                0x0000000000000000       0x30 ./src/Test_libreria.o
 .debug_aranges
                0x0000000000000030       0x60 ./src/cr_startup_lpc84x.o
 .debug_aranges
                0x0000000000000090       0xc0 /home/augusto/Desktop/InfoII/Libreria_LPC845/LPC845/Libreria_LPC845/Debug/libLibreria_LPC845.a(infotronic.o)
 .debug_aranges
                0x0000000000000150       0x40 /home/augusto/Desktop/InfoII/Libreria_LPC845/LPC845/Libreria_LPC845/Debug/libLibreria_LPC845.a(relays.o)
 .debug_aranges
                0x0000000000000190       0x38 /home/augusto/Desktop/InfoII/Libreria_LPC845/LPC845/Libreria_LPC845/Debug/libLibreria_LPC845.a(teclado.o)
 .debug_aranges
                0x00000000000001c8       0x38 /home/augusto/Desktop/InfoII/Libreria_LPC845/LPC845/Libreria_LPC845/Debug/libLibreria_LPC845.a(termometro.o)
 .debug_aranges
                0x0000000000000200       0x48 /home/augusto/Desktop/InfoII/Libreria_LPC845/LPC845/Libreria_LPC845/Debug/libLibreria_LPC845.a(timer.o)
 .debug_aranges
                0x0000000000000248       0x18 /home/augusto/Desktop/InfoII/Libreria_LPC845/LPC845/Libreria_LPC845/Debug/libLibreria_LPC845.a(HPL_SYSCON.o)
 .debug_aranges
                0x0000000000000260      0x188 /home/augusto/Desktop/InfoII/Libreria_LPC845/LPC845/Libreria_LPC845/Debug/libLibreria_LPC845.a(HAL_ADC.o)
 .debug_aranges
                0x00000000000003e8       0x80 /home/augusto/Desktop/InfoII/Libreria_LPC845/LPC845/Libreria_LPC845/Debug/libLibreria_LPC845.a(HAL_GPIO.o)
 .debug_aranges
                0x0000000000000468       0x30 /home/augusto/Desktop/InfoII/Libreria_LPC845/LPC845/Libreria_LPC845/Debug/libLibreria_LPC845.a(HAL_IOCON.o)
 .debug_aranges
                0x0000000000000498      0x100 /home/augusto/Desktop/InfoII/Libreria_LPC845/LPC845/Libreria_LPC845/Debug/libLibreria_LPC845.a(HAL_SYSCON.o)
 .debug_aranges
                0x0000000000000598       0x60 /home/augusto/Desktop/InfoII/Libreria_LPC845/LPC845/Libreria_LPC845/Debug/libLibreria_LPC845.a(HAL_SYSTICK.o)
 .debug_aranges
                0x00000000000005f8       0x40 /home/augusto/Desktop/InfoII/Libreria_LPC845/LPC845/Libreria_LPC845/Debug/libLibreria_LPC845.a(LCD.o)
 .debug_aranges
                0x0000000000000638       0x60 /home/augusto/Desktop/InfoII/Libreria_LPC845/LPC845/Libreria_LPC845/Debug/libLibreria_LPC845.a(display.o)
 .debug_aranges
                0x0000000000000698       0x18 /home/augusto/Desktop/InfoII/Libreria_LPC845/LPC845/Libreria_LPC845/Debug/libLibreria_LPC845.a(HPL_ADC.o)
 .debug_aranges
                0x00000000000006b0       0x18 /home/augusto/Desktop/InfoII/Libreria_LPC845/LPC845/Libreria_LPC845/Debug/libLibreria_LPC845.a(HPL_GPIO.o)
 .debug_aranges
                0x00000000000006c8       0x18 /home/augusto/Desktop/InfoII/Libreria_LPC845/LPC845/Libreria_LPC845/Debug/libLibreria_LPC845.a(HPL_IOCON.o)
 .debug_aranges
                0x00000000000006e0       0x18 /home/augusto/Desktop/InfoII/Libreria_LPC845/LPC845/Libreria_LPC845/Debug/libLibreria_LPC845.a(HPL_NVIC.o)
 .debug_aranges
                0x00000000000006f8       0x18 /home/augusto/Desktop/InfoII/Libreria_LPC845/LPC845/Libreria_LPC845/Debug/libLibreria_LPC845.a(HPL_SWM.o)
 .debug_aranges
                0x0000000000000710       0x18 /home/augusto/Desktop/InfoII/Libreria_LPC845/LPC845/Libreria_LPC845/Debug/libLibreria_LPC845.a(HPL_SYSTICK.o)

.debug_ranges   0x0000000000000000      0x5c8
 .debug_ranges  0x0000000000000000       0x20 ./src/Test_libreria.o
 .debug_ranges  0x0000000000000020       0x50 ./src/cr_startup_lpc84x.o
 .debug_ranges  0x0000000000000070       0xb0 /home/augusto/Desktop/InfoII/Libreria_LPC845/LPC845/Libreria_LPC845/Debug/libLibreria_LPC845.a(infotronic.o)
 .debug_ranges  0x0000000000000120       0x30 /home/augusto/Desktop/InfoII/Libreria_LPC845/LPC845/Libreria_LPC845/Debug/libLibreria_LPC845.a(relays.o)
 .debug_ranges  0x0000000000000150       0x28 /home/augusto/Desktop/InfoII/Libreria_LPC845/LPC845/Libreria_LPC845/Debug/libLibreria_LPC845.a(teclado.o)
 .debug_ranges  0x0000000000000178       0x50 /home/augusto/Desktop/InfoII/Libreria_LPC845/LPC845/Libreria_LPC845/Debug/libLibreria_LPC845.a(termometro.o)
 .debug_ranges  0x00000000000001c8       0x38 /home/augusto/Desktop/InfoII/Libreria_LPC845/LPC845/Libreria_LPC845/Debug/libLibreria_LPC845.a(timer.o)
 .debug_ranges  0x0000000000000200      0x178 /home/augusto/Desktop/InfoII/Libreria_LPC845/LPC845/Libreria_LPC845/Debug/libLibreria_LPC845.a(HAL_ADC.o)
 .debug_ranges  0x0000000000000378       0x70 /home/augusto/Desktop/InfoII/Libreria_LPC845/LPC845/Libreria_LPC845/Debug/libLibreria_LPC845.a(HAL_GPIO.o)
 .debug_ranges  0x00000000000003e8       0x20 /home/augusto/Desktop/InfoII/Libreria_LPC845/LPC845/Libreria_LPC845/Debug/libLibreria_LPC845.a(HAL_IOCON.o)
 .debug_ranges  0x0000000000000408       0xf0 /home/augusto/Desktop/InfoII/Libreria_LPC845/LPC845/Libreria_LPC845/Debug/libLibreria_LPC845.a(HAL_SYSCON.o)
 .debug_ranges  0x00000000000004f8       0x50 /home/augusto/Desktop/InfoII/Libreria_LPC845/LPC845/Libreria_LPC845/Debug/libLibreria_LPC845.a(HAL_SYSTICK.o)
 .debug_ranges  0x0000000000000548       0x30 /home/augusto/Desktop/InfoII/Libreria_LPC845/LPC845/Libreria_LPC845/Debug/libLibreria_LPC845.a(LCD.o)
 .debug_ranges  0x0000000000000578       0x50 /home/augusto/Desktop/InfoII/Libreria_LPC845/LPC845/Libreria_LPC845/Debug/libLibreria_LPC845.a(display.o)

.debug_macro    0x0000000000000000     0x2814
 .debug_macro   0x0000000000000000       0x66 ./src/Test_libreria.o
 .debug_macro   0x0000000000000066      0xa8a ./src/Test_libreria.o
 .debug_macro   0x0000000000000af0       0x82 ./src/Test_libreria.o
 .debug_macro   0x0000000000000b72       0x10 ./src/Test_libreria.o
 .debug_macro   0x0000000000000b82      0x12e ./src/Test_libreria.o
 .debug_macro   0x0000000000000cb0      0x5b3 ./src/Test_libreria.o
 .debug_macro   0x0000000000001263       0x2e ./src/Test_libreria.o
 .debug_macro   0x0000000000001291       0x1d ./src/cr_startup_lpc84x.o
 .debug_macro   0x00000000000012ae       0xd7 /home/augusto/Desktop/InfoII/Libreria_LPC845/LPC845/Libreria_LPC845/Debug/libLibreria_LPC845.a(infotronic.o)
 .debug_macro   0x0000000000001385      0xa96 /home/augusto/Desktop/InfoII/Libreria_LPC845/LPC845/Libreria_LPC845/Debug/libLibreria_LPC845.a(infotronic.o)
 .debug_macro   0x0000000000001e1b       0x34 /home/augusto/Desktop/InfoII/Libreria_LPC845/LPC845/Libreria_LPC845/Debug/libLibreria_LPC845.a(infotronic.o)
 .debug_macro   0x0000000000001e4f       0x10 /home/augusto/Desktop/InfoII/Libreria_LPC845/LPC845/Libreria_LPC845/Debug/libLibreria_LPC845.a(infotronic.o)
 .debug_macro   0x0000000000001e5f       0x10 /home/augusto/Desktop/InfoII/Libreria_LPC845/LPC845/Libreria_LPC845/Debug/libLibreria_LPC845.a(infotronic.o)
 .debug_macro   0x0000000000001e6f       0x10 /home/augusto/Desktop/InfoII/Libreria_LPC845/LPC845/Libreria_LPC845/Debug/libLibreria_LPC845.a(infotronic.o)
 .debug_macro   0x0000000000001e7f       0x10 /home/augusto/Desktop/InfoII/Libreria_LPC845/LPC845/Libreria_LPC845/Debug/libLibreria_LPC845.a(infotronic.o)
 .debug_macro   0x0000000000001e8f       0x22 /home/augusto/Desktop/InfoII/Libreria_LPC845/LPC845/Libreria_LPC845/Debug/libLibreria_LPC845.a(infotronic.o)
 .debug_macro   0x0000000000001eb1       0x16 /home/augusto/Desktop/InfoII/Libreria_LPC845/LPC845/Libreria_LPC845/Debug/libLibreria_LPC845.a(infotronic.o)
 .debug_macro   0x0000000000001ec7       0x5f /home/augusto/Desktop/InfoII/Libreria_LPC845/LPC845/Libreria_LPC845/Debug/libLibreria_LPC845.a(relays.o)
 .debug_macro   0x0000000000001f26       0xa7 /home/augusto/Desktop/InfoII/Libreria_LPC845/LPC845/Libreria_LPC845/Debug/libLibreria_LPC845.a(teclado.o)
 .debug_macro   0x0000000000001fcd       0x16 /home/augusto/Desktop/InfoII/Libreria_LPC845/LPC845/Libreria_LPC845/Debug/libLibreria_LPC845.a(teclado.o)
 .debug_macro   0x0000000000001fe3       0x74 /home/augusto/Desktop/InfoII/Libreria_LPC845/LPC845/Libreria_LPC845/Debug/libLibreria_LPC845.a(termometro.o)
 .debug_macro   0x0000000000002057       0x4b /home/augusto/Desktop/InfoII/Libreria_LPC845/LPC845/Libreria_LPC845/Debug/libLibreria_LPC845.a(timer.o)
 .debug_macro   0x00000000000020a2       0x4b /home/augusto/Desktop/InfoII/Libreria_LPC845/LPC845/Libreria_LPC845/Debug/libLibreria_LPC845.a(HPL_SYSCON.o)
 .debug_macro   0x00000000000020ed       0x2e /home/augusto/Desktop/InfoII/Libreria_LPC845/LPC845/Libreria_LPC845/Debug/libLibreria_LPC845.a(HPL_SYSCON.o)
 .debug_macro   0x000000000000211b       0xda /home/augusto/Desktop/InfoII/Libreria_LPC845/LPC845/Libreria_LPC845/Debug/libLibreria_LPC845.a(HAL_ADC.o)
 .debug_macro   0x00000000000021f5       0x16 /home/augusto/Desktop/InfoII/Libreria_LPC845/LPC845/Libreria_LPC845/Debug/libLibreria_LPC845.a(HAL_ADC.o)
 .debug_macro   0x000000000000220b       0x2c /home/augusto/Desktop/InfoII/Libreria_LPC845/LPC845/Libreria_LPC845/Debug/libLibreria_LPC845.a(HAL_ADC.o)
 .debug_macro   0x0000000000002237       0x10 /home/augusto/Desktop/InfoII/Libreria_LPC845/LPC845/Libreria_LPC845/Debug/libLibreria_LPC845.a(HAL_ADC.o)
 .debug_macro   0x0000000000002247       0x71 /home/augusto/Desktop/InfoII/Libreria_LPC845/LPC845/Libreria_LPC845/Debug/libLibreria_LPC845.a(HAL_GPIO.o)
 .debug_macro   0x00000000000022b8       0x10 /home/augusto/Desktop/InfoII/Libreria_LPC845/LPC845/Libreria_LPC845/Debug/libLibreria_LPC845.a(HAL_GPIO.o)
 .debug_macro   0x00000000000022c8       0x8e /home/augusto/Desktop/InfoII/Libreria_LPC845/LPC845/Libreria_LPC845/Debug/libLibreria_LPC845.a(HAL_IOCON.o)
 .debug_macro   0x0000000000002356       0xb0 /home/augusto/Desktop/InfoII/Libreria_LPC845/LPC845/Libreria_LPC845/Debug/libLibreria_LPC845.a(HAL_SYSCON.o)
 .debug_macro   0x0000000000002406       0x63 /home/augusto/Desktop/InfoII/Libreria_LPC845/LPC845/Libreria_LPC845/Debug/libLibreria_LPC845.a(HAL_SYSTICK.o)
 .debug_macro   0x0000000000002469       0x10 /home/augusto/Desktop/InfoII/Libreria_LPC845/LPC845/Libreria_LPC845/Debug/libLibreria_LPC845.a(HAL_SYSTICK.o)
 .debug_macro   0x0000000000002479       0x99 /home/augusto/Desktop/InfoII/Libreria_LPC845/LPC845/Libreria_LPC845/Debug/libLibreria_LPC845.a(LCD.o)
 .debug_macro   0x0000000000002512       0x34 /home/augusto/Desktop/InfoII/Libreria_LPC845/LPC845/Libreria_LPC845/Debug/libLibreria_LPC845.a(LCD.o)
 .debug_macro   0x0000000000002546       0xbf /home/augusto/Desktop/InfoII/Libreria_LPC845/LPC845/Libreria_LPC845/Debug/libLibreria_LPC845.a(display.o)
 .debug_macro   0x0000000000002605       0x4c /home/augusto/Desktop/InfoII/Libreria_LPC845/LPC845/Libreria_LPC845/Debug/libLibreria_LPC845.a(HPL_ADC.o)
 .debug_macro   0x0000000000002651       0x45 /home/augusto/Desktop/InfoII/Libreria_LPC845/LPC845/Libreria_LPC845/Debug/libLibreria_LPC845.a(HPL_GPIO.o)
 .debug_macro   0x0000000000002696       0x45 /home/augusto/Desktop/InfoII/Libreria_LPC845/LPC845/Libreria_LPC845/Debug/libLibreria_LPC845.a(HPL_IOCON.o)
 .debug_macro   0x00000000000026db       0x4c /home/augusto/Desktop/InfoII/Libreria_LPC845/LPC845/Libreria_LPC845/Debug/libLibreria_LPC845.a(HPL_NVIC.o)
 .debug_macro   0x0000000000002727       0x7b /home/augusto/Desktop/InfoII/Libreria_LPC845/LPC845/Libreria_LPC845/Debug/libLibreria_LPC845.a(HPL_SWM.o)
 .debug_macro   0x00000000000027a2       0x26 /home/augusto/Desktop/InfoII/Libreria_LPC845/LPC845/Libreria_LPC845/Debug/libLibreria_LPC845.a(HPL_SWM.o)
 .debug_macro   0x00000000000027c8       0x4c /home/augusto/Desktop/InfoII/Libreria_LPC845/LPC845/Libreria_LPC845/Debug/libLibreria_LPC845.a(HPL_SYSTICK.o)

.debug_line     0x0000000000000000     0x4e1e
 .debug_line    0x0000000000000000      0x2f9 ./src/Test_libreria.o
 .debug_line    0x00000000000002f9      0x133 ./src/cr_startup_lpc84x.o
 .debug_line    0x000000000000042c      0x607 /home/augusto/Desktop/InfoII/Libreria_LPC845/LPC845/Libreria_LPC845/Debug/libLibreria_LPC845.a(infotronic.o)
 .debug_line    0x0000000000000a33      0x37f /home/augusto/Desktop/InfoII/Libreria_LPC845/LPC845/Libreria_LPC845/Debug/libLibreria_LPC845.a(relays.o)
 .debug_line    0x0000000000000db2      0x486 /home/augusto/Desktop/InfoII/Libreria_LPC845/LPC845/Libreria_LPC845/Debug/libLibreria_LPC845.a(teclado.o)
 .debug_line    0x0000000000001238      0x3ad /home/augusto/Desktop/InfoII/Libreria_LPC845/LPC845/Libreria_LPC845/Debug/libLibreria_LPC845.a(termometro.o)
 .debug_line    0x00000000000015e5      0x317 /home/augusto/Desktop/InfoII/Libreria_LPC845/LPC845/Libreria_LPC845/Debug/libLibreria_LPC845.a(timer.o)
 .debug_line    0x00000000000018fc      0x1d4 /home/augusto/Desktop/InfoII/Libreria_LPC845/LPC845/Libreria_LPC845/Debug/libLibreria_LPC845.a(HPL_SYSCON.o)
 .debug_line    0x0000000000001ad0      0xb75 /home/augusto/Desktop/InfoII/Libreria_LPC845/LPC845/Libreria_LPC845/Debug/libLibreria_LPC845.a(HAL_ADC.o)
 .debug_line    0x0000000000002645      0x49b /home/augusto/Desktop/InfoII/Libreria_LPC845/LPC845/Libreria_LPC845/Debug/libLibreria_LPC845.a(HAL_GPIO.o)
 .debug_line    0x0000000000002ae0      0x401 /home/augusto/Desktop/InfoII/Libreria_LPC845/LPC845/Libreria_LPC845/Debug/libLibreria_LPC845.a(HAL_IOCON.o)
 .debug_line    0x0000000000002ee1      0x7a9 /home/augusto/Desktop/InfoII/Libreria_LPC845/LPC845/Libreria_LPC845/Debug/libLibreria_LPC845.a(HAL_SYSCON.o)
 .debug_line    0x000000000000368a      0x3b7 /home/augusto/Desktop/InfoII/Libreria_LPC845/LPC845/Libreria_LPC845/Debug/libLibreria_LPC845.a(HAL_SYSTICK.o)
 .debug_line    0x0000000000003a41      0x3e0 /home/augusto/Desktop/InfoII/Libreria_LPC845/LPC845/Libreria_LPC845/Debug/libLibreria_LPC845.a(LCD.o)
 .debug_line    0x0000000000003e21      0x47f /home/augusto/Desktop/InfoII/Libreria_LPC845/LPC845/Libreria_LPC845/Debug/libLibreria_LPC845.a(display.o)
 .debug_line    0x00000000000042a0      0x1ce /home/augusto/Desktop/InfoII/Libreria_LPC845/LPC845/Libreria_LPC845/Debug/libLibreria_LPC845.a(HPL_ADC.o)
 .debug_line    0x000000000000446e      0x1d0 /home/augusto/Desktop/InfoII/Libreria_LPC845/LPC845/Libreria_LPC845/Debug/libLibreria_LPC845.a(HPL_GPIO.o)
 .debug_line    0x000000000000463e      0x1d2 /home/augusto/Desktop/InfoII/Libreria_LPC845/LPC845/Libreria_LPC845/Debug/libLibreria_LPC845.a(HPL_IOCON.o)
 .debug_line    0x0000000000004810      0x1d0 /home/augusto/Desktop/InfoII/Libreria_LPC845/LPC845/Libreria_LPC845/Debug/libLibreria_LPC845.a(HPL_NVIC.o)
 .debug_line    0x00000000000049e0      0x268 /home/augusto/Desktop/InfoII/Libreria_LPC845/LPC845/Libreria_LPC845/Debug/libLibreria_LPC845.a(HPL_SWM.o)
 .debug_line    0x0000000000004c48      0x1d6 /home/augusto/Desktop/InfoII/Libreria_LPC845/LPC845/Libreria_LPC845/Debug/libLibreria_LPC845.a(HPL_SYSTICK.o)

.debug_str      0x0000000000000000     0xa6da
 .debug_str     0x0000000000000000     0x498c ./src/Test_libreria.o
                                       0x4a17 (size before relaxing)
 .debug_str     0x000000000000498c      0x186 ./src/cr_startup_lpc84x.o
                                       0x2ebe (size before relaxing)
 .debug_str     0x0000000000004b12     0x1b7c /home/augusto/Desktop/InfoII/Libreria_LPC845/LPC845/Libreria_LPC845/Debug/libLibreria_LPC845.a(infotronic.o)
                                       0x5f4b (size before relaxing)
 .debug_str     0x000000000000668e       0xd1 /home/augusto/Desktop/InfoII/Libreria_LPC845/LPC845/Libreria_LPC845/Debug/libLibreria_LPC845.a(relays.o)
                                       0x4748 (size before relaxing)
 .debug_str     0x000000000000675f      0x72c /home/augusto/Desktop/InfoII/Libreria_LPC845/LPC845/Libreria_LPC845/Debug/libLibreria_LPC845.a(teclado.o)
                                       0x5cf4 (size before relaxing)
 .debug_str     0x0000000000006e8b      0x685 /home/augusto/Desktop/InfoII/Libreria_LPC845/LPC845/Libreria_LPC845/Debug/libLibreria_LPC845.a(termometro.o)
                                       0x4b77 (size before relaxing)
 .debug_str     0x0000000000007510       0x66 /home/augusto/Desktop/InfoII/Libreria_LPC845/LPC845/Libreria_LPC845/Debug/libLibreria_LPC845.a(timer.o)
                                       0x4578 (size before relaxing)
 .debug_str     0x0000000000007576       0x1b /home/augusto/Desktop/InfoII/Libreria_LPC845/LPC845/Libreria_LPC845/Debug/libLibreria_LPC845.a(HPL_SYSCON.o)
                                       0x504d (size before relaxing)
 .debug_str     0x0000000000007591     0x1d7c /home/augusto/Desktop/InfoII/Libreria_LPC845/LPC845/Libreria_LPC845/Debug/libLibreria_LPC845.a(HAL_ADC.o)
                                       0x7e5e (size before relaxing)
 .debug_str     0x000000000000930d      0x151 /home/augusto/Desktop/InfoII/Libreria_LPC845/LPC845/Libreria_LPC845/Debug/libLibreria_LPC845.a(HAL_GPIO.o)
                                       0x5b3a (size before relaxing)
 .debug_str     0x000000000000945e       0x2e /home/augusto/Desktop/InfoII/Libreria_LPC845/LPC845/Libreria_LPC845/Debug/libLibreria_LPC845.a(HAL_IOCON.o)
                                       0x5e99 (size before relaxing)
 .debug_str     0x000000000000948c      0xbcc /home/augusto/Desktop/InfoII/Libreria_LPC845/LPC845/Libreria_LPC845/Debug/libLibreria_LPC845.a(HAL_SYSCON.o)
                                       0x6ebf (size before relaxing)
 .debug_str     0x000000000000a058      0x223 /home/augusto/Desktop/InfoII/Libreria_LPC845/LPC845/Libreria_LPC845/Debug/libLibreria_LPC845.a(HAL_SYSTICK.o)
                                       0x46e3 (size before relaxing)
 .debug_str     0x000000000000a27b      0x1ae /home/augusto/Desktop/InfoII/Libreria_LPC845/LPC845/Libreria_LPC845/Debug/libLibreria_LPC845.a(LCD.o)
                                       0x4b78 (size before relaxing)
 .debug_str     0x000000000000a429      0x20f /home/augusto/Desktop/InfoII/Libreria_LPC845/LPC845/Libreria_LPC845/Debug/libLibreria_LPC845.a(display.o)
                                       0x48fe (size before relaxing)
 .debug_str     0x000000000000a638       0x18 /home/augusto/Desktop/InfoII/Libreria_LPC845/LPC845/Libreria_LPC845/Debug/libLibreria_LPC845.a(HPL_ADC.o)
                                       0x4876 (size before relaxing)
 .debug_str     0x000000000000a650       0x19 /home/augusto/Desktop/InfoII/Libreria_LPC845/LPC845/Libreria_LPC845/Debug/libLibreria_LPC845.a(HPL_GPIO.o)
                                       0x4645 (size before relaxing)
 .debug_str     0x000000000000a669       0x24 /home/augusto/Desktop/InfoII/Libreria_LPC845/LPC845/Libreria_LPC845/Debug/libLibreria_LPC845.a(HPL_IOCON.o)
                                       0x46a5 (size before relaxing)
 .debug_str     0x000000000000a68d       0x19 /home/augusto/Desktop/InfoII/Libreria_LPC845/LPC845/Libreria_LPC845/Debug/libLibreria_LPC845.a(HPL_NVIC.o)
                                       0x4d5d (size before relaxing)
 .debug_str     0x000000000000a6a6       0x18 /home/augusto/Desktop/InfoII/Libreria_LPC845/LPC845/Libreria_LPC845/Debug/libLibreria_LPC845.a(HPL_SWM.o)
                                       0x583c (size before relaxing)
 .debug_str     0x000000000000a6be       0x1c /home/augusto/Desktop/InfoII/Libreria_LPC845/LPC845/Libreria_LPC845/Debug/libLibreria_LPC845.a(HPL_SYSTICK.o)
                                       0x4560 (size before relaxing)

.comment        0x0000000000000000       0x75
 .comment       0x0000000000000000       0x75 ./src/Test_libreria.o
                                         0x76 (size before relaxing)
 .comment       0x0000000000000075       0x76 ./src/cr_startup_lpc84x.o
 .comment       0x0000000000000075       0x76 /home/augusto/Desktop/InfoII/Libreria_LPC845/LPC845/Libreria_LPC845/Debug/libLibreria_LPC845.a(infotronic.o)
 .comment       0x0000000000000075       0x76 /home/augusto/Desktop/InfoII/Libreria_LPC845/LPC845/Libreria_LPC845/Debug/libLibreria_LPC845.a(relays.o)
 .comment       0x0000000000000075       0x76 /home/augusto/Desktop/InfoII/Libreria_LPC845/LPC845/Libreria_LPC845/Debug/libLibreria_LPC845.a(teclado.o)
 .comment       0x0000000000000075       0x76 /home/augusto/Desktop/InfoII/Libreria_LPC845/LPC845/Libreria_LPC845/Debug/libLibreria_LPC845.a(termometro.o)
 .comment       0x0000000000000075       0x76 /home/augusto/Desktop/InfoII/Libreria_LPC845/LPC845/Libreria_LPC845/Debug/libLibreria_LPC845.a(timer.o)
 .comment       0x0000000000000075       0x76 /home/augusto/Desktop/InfoII/Libreria_LPC845/LPC845/Libreria_LPC845/Debug/libLibreria_LPC845.a(HPL_SYSCON.o)
 .comment       0x0000000000000075       0x76 /home/augusto/Desktop/InfoII/Libreria_LPC845/LPC845/Libreria_LPC845/Debug/libLibreria_LPC845.a(HAL_ADC.o)
 .comment       0x0000000000000075       0x76 /home/augusto/Desktop/InfoII/Libreria_LPC845/LPC845/Libreria_LPC845/Debug/libLibreria_LPC845.a(HAL_GPIO.o)
 .comment       0x0000000000000075       0x76 /home/augusto/Desktop/InfoII/Libreria_LPC845/LPC845/Libreria_LPC845/Debug/libLibreria_LPC845.a(HAL_IOCON.o)
 .comment       0x0000000000000075       0x76 /home/augusto/Desktop/InfoII/Libreria_LPC845/LPC845/Libreria_LPC845/Debug/libLibreria_LPC845.a(HAL_SYSCON.o)
 .comment       0x0000000000000075       0x76 /home/augusto/Desktop/InfoII/Libreria_LPC845/LPC845/Libreria_LPC845/Debug/libLibreria_LPC845.a(HAL_SYSTICK.o)
 .comment       0x0000000000000075       0x76 /home/augusto/Desktop/InfoII/Libreria_LPC845/LPC845/Libreria_LPC845/Debug/libLibreria_LPC845.a(LCD.o)
 .comment       0x0000000000000075       0x76 /home/augusto/Desktop/InfoII/Libreria_LPC845/LPC845/Libreria_LPC845/Debug/libLibreria_LPC845.a(display.o)
 .comment       0x0000000000000075       0x76 /home/augusto/Desktop/InfoII/Libreria_LPC845/LPC845/Libreria_LPC845/Debug/libLibreria_LPC845.a(HPL_ADC.o)
 .comment       0x0000000000000075       0x76 /home/augusto/Desktop/InfoII/Libreria_LPC845/LPC845/Libreria_LPC845/Debug/libLibreria_LPC845.a(HPL_GPIO.o)
 .comment       0x0000000000000075       0x76 /home/augusto/Desktop/InfoII/Libreria_LPC845/LPC845/Libreria_LPC845/Debug/libLibreria_LPC845.a(HPL_IOCON.o)
 .comment       0x0000000000000075       0x76 /home/augusto/Desktop/InfoII/Libreria_LPC845/LPC845/Libreria_LPC845/Debug/libLibreria_LPC845.a(HPL_NVIC.o)
 .comment       0x0000000000000075       0x76 /home/augusto/Desktop/InfoII/Libreria_LPC845/LPC845/Libreria_LPC845/Debug/libLibreria_LPC845.a(HPL_SWM.o)
 .comment       0x0000000000000075       0x76 /home/augusto/Desktop/InfoII/Libreria_LPC845/LPC845/Libreria_LPC845/Debug/libLibreria_LPC845.a(HPL_SYSTICK.o)
 .comment       0x0000000000000075       0x76 /usr/local/mcuxpressoide-11.0.0_2516/ide/plugins/com.nxp.mcuxpresso.tools.linux_11.0.0.201905131304/tools/bin/../lib/gcc/arm-none-eabi/8.2.1/../../../../arm-none-eabi/lib/thumb/v6-m/nofp/libcr_c.a(__weak__main.o)
 .comment       0x0000000000000075       0x76 /usr/local/mcuxpressoide-11.0.0_2516/ide/plugins/com.nxp.mcuxpresso.tools.linux_11.0.0.201905131304/tools/bin/../lib/gcc/arm-none-eabi/8.2.1/thumb/v6-m/nofp/libcr_eabihelpers.a(double.o)

.ARM.attributes
                0x0000000000000000       0x2a
 .ARM.attributes
                0x0000000000000000       0x2c ./src/Test_libreria.o
 .ARM.attributes
                0x000000000000002c       0x2c ./src/cr_startup_lpc84x.o
 .ARM.attributes
                0x0000000000000058       0x2c /home/augusto/Desktop/InfoII/Libreria_LPC845/LPC845/Libreria_LPC845/Debug/libLibreria_LPC845.a(infotronic.o)
 .ARM.attributes
                0x0000000000000084       0x2c /home/augusto/Desktop/InfoII/Libreria_LPC845/LPC845/Libreria_LPC845/Debug/libLibreria_LPC845.a(relays.o)
 .ARM.attributes
                0x00000000000000b0       0x2c /home/augusto/Desktop/InfoII/Libreria_LPC845/LPC845/Libreria_LPC845/Debug/libLibreria_LPC845.a(teclado.o)
 .ARM.attributes
                0x00000000000000dc       0x2c /home/augusto/Desktop/InfoII/Libreria_LPC845/LPC845/Libreria_LPC845/Debug/libLibreria_LPC845.a(termometro.o)
 .ARM.attributes
                0x0000000000000108       0x2c /home/augusto/Desktop/InfoII/Libreria_LPC845/LPC845/Libreria_LPC845/Debug/libLibreria_LPC845.a(timer.o)
 .ARM.attributes
                0x0000000000000134       0x31 /home/augusto/Desktop/InfoII/Libreria_LPC845/LPC845/Libreria_LPC845/Debug/libLibreria_LPC845.a(HPL_SYSCON.o)
 .ARM.attributes
                0x0000000000000165       0x2c /home/augusto/Desktop/InfoII/Libreria_LPC845/LPC845/Libreria_LPC845/Debug/libLibreria_LPC845.a(HAL_ADC.o)
 .ARM.attributes
                0x0000000000000191       0x2c /home/augusto/Desktop/InfoII/Libreria_LPC845/LPC845/Libreria_LPC845/Debug/libLibreria_LPC845.a(HAL_GPIO.o)
 .ARM.attributes
                0x00000000000001bd       0x2c /home/augusto/Desktop/InfoII/Libreria_LPC845/LPC845/Libreria_LPC845/Debug/libLibreria_LPC845.a(HAL_IOCON.o)
 .ARM.attributes
                0x00000000000001e9       0x2c /home/augusto/Desktop/InfoII/Libreria_LPC845/LPC845/Libreria_LPC845/Debug/libLibreria_LPC845.a(HAL_SYSCON.o)
 .ARM.attributes
                0x0000000000000215       0x2c /home/augusto/Desktop/InfoII/Libreria_LPC845/LPC845/Libreria_LPC845/Debug/libLibreria_LPC845.a(HAL_SYSTICK.o)
 .ARM.attributes
                0x0000000000000241       0x2c /home/augusto/Desktop/InfoII/Libreria_LPC845/LPC845/Libreria_LPC845/Debug/libLibreria_LPC845.a(LCD.o)
 .ARM.attributes
                0x000000000000026d       0x2c /home/augusto/Desktop/InfoII/Libreria_LPC845/LPC845/Libreria_LPC845/Debug/libLibreria_LPC845.a(display.o)
 .ARM.attributes
                0x0000000000000299       0x31 /home/augusto/Desktop/InfoII/Libreria_LPC845/LPC845/Libreria_LPC845/Debug/libLibreria_LPC845.a(HPL_ADC.o)
 .ARM.attributes
                0x00000000000002ca       0x31 /home/augusto/Desktop/InfoII/Libreria_LPC845/LPC845/Libreria_LPC845/Debug/libLibreria_LPC845.a(HPL_GPIO.o)
 .ARM.attributes
                0x00000000000002fb       0x31 /home/augusto/Desktop/InfoII/Libreria_LPC845/LPC845/Libreria_LPC845/Debug/libLibreria_LPC845.a(HPL_IOCON.o)
 .ARM.attributes
                0x000000000000032c       0x31 /home/augusto/Desktop/InfoII/Libreria_LPC845/LPC845/Libreria_LPC845/Debug/libLibreria_LPC845.a(HPL_NVIC.o)
 .ARM.attributes
                0x000000000000035d       0x31 /home/augusto/Desktop/InfoII/Libreria_LPC845/LPC845/Libreria_LPC845/Debug/libLibreria_LPC845.a(HPL_SWM.o)
 .ARM.attributes
                0x000000000000038e       0x31 /home/augusto/Desktop/InfoII/Libreria_LPC845/LPC845/Libreria_LPC845/Debug/libLibreria_LPC845.a(HPL_SYSTICK.o)
 .ARM.attributes
                0x00000000000003bf       0x2c /usr/local/mcuxpressoide-11.0.0_2516/ide/plugins/com.nxp.mcuxpresso.tools.linux_11.0.0.201905131304/tools/bin/../lib/gcc/arm-none-eabi/8.2.1/../../../../arm-none-eabi/lib/thumb/v6-m/nofp/libcr_c.a(__weak__main.o)
 .ARM.attributes
                0x00000000000003eb       0x1c /usr/local/mcuxpressoide-11.0.0_2516/ide/plugins/com.nxp.mcuxpresso.tools.linux_11.0.0.201905131304/tools/bin/../lib/gcc/arm-none-eabi/8.2.1/thumb/v6-m/nofp/libcr_eabihelpers.a(division_32.o)
 .ARM.attributes
                0x0000000000000407       0x1c /usr/local/mcuxpressoide-11.0.0_2516/ide/plugins/com.nxp.mcuxpresso.tools.linux_11.0.0.201905131304/tools/bin/../lib/gcc/arm-none-eabi/8.2.1/thumb/v6-m/nofp/libcr_eabihelpers.a(division_idiv0.o)
 .ARM.attributes
                0x0000000000000423       0x2c /usr/local/mcuxpressoide-11.0.0_2516/ide/plugins/com.nxp.mcuxpresso.tools.linux_11.0.0.201905131304/tools/bin/../lib/gcc/arm-none-eabi/8.2.1/thumb/v6-m/nofp/libcr_eabihelpers.a(double.o)

.debug_frame    0x0000000000000000     0x1524
 .debug_frame   0x0000000000000000       0x74 ./src/Test_libreria.o
 .debug_frame   0x0000000000000074      0x118 ./src/cr_startup_lpc84x.o
 .debug_frame   0x000000000000018c      0x2a0 /home/augusto/Desktop/InfoII/Libreria_LPC845/LPC845/Libreria_LPC845/Debug/libLibreria_LPC845.a(infotronic.o)
 .debug_frame   0x000000000000042c       0xb0 /home/augusto/Desktop/InfoII/Libreria_LPC845/LPC845/Libreria_LPC845/Debug/libLibreria_LPC845.a(relays.o)
 .debug_frame   0x00000000000004dc       0x90 /home/augusto/Desktop/InfoII/Libreria_LPC845/LPC845/Libreria_LPC845/Debug/libLibreria_LPC845.a(teclado.o)
 .debug_frame   0x000000000000056c       0x88 /home/augusto/Desktop/InfoII/Libreria_LPC845/LPC845/Libreria_LPC845/Debug/libLibreria_LPC845.a(termometro.o)
 .debug_frame   0x00000000000005f4       0xd4 /home/augusto/Desktop/InfoII/Libreria_LPC845/LPC845/Libreria_LPC845/Debug/libLibreria_LPC845.a(timer.o)
 .debug_frame   0x00000000000006c8      0x5a8 /home/augusto/Desktop/InfoII/Libreria_LPC845/LPC845/Libreria_LPC845/Debug/libLibreria_LPC845.a(HAL_ADC.o)
 .debug_frame   0x0000000000000c70      0x1b0 /home/augusto/Desktop/InfoII/Libreria_LPC845/LPC845/Libreria_LPC845/Debug/libLibreria_LPC845.a(HAL_GPIO.o)
 .debug_frame   0x0000000000000e20       0x74 /home/augusto/Desktop/InfoII/Libreria_LPC845/LPC845/Libreria_LPC845/Debug/libLibreria_LPC845.a(HAL_IOCON.o)
 .debug_frame   0x0000000000000e94      0x398 /home/augusto/Desktop/InfoII/Libreria_LPC845/LPC845/Libreria_LPC845/Debug/libLibreria_LPC845.a(HAL_SYSCON.o)
 .debug_frame   0x000000000000122c      0x11c /home/augusto/Desktop/InfoII/Libreria_LPC845/LPC845/Libreria_LPC845/Debug/libLibreria_LPC845.a(HAL_SYSTICK.o)
 .debug_frame   0x0000000000001348       0xb0 /home/augusto/Desktop/InfoII/Libreria_LPC845/LPC845/Libreria_LPC845/Debug/libLibreria_LPC845.a(LCD.o)
 .debug_frame   0x00000000000013f8      0x12c /home/augusto/Desktop/InfoII/Libreria_LPC845/LPC845/Libreria_LPC845/Debug/libLibreria_LPC845.a(display.o)

Cross Reference Table

Symbol                                            File
ADC                                               /home/augusto/Desktop/InfoII/Libreria_LPC845/LPC845/Libreria_LPC845/Debug/libLibreria_LPC845.a(HPL_ADC.o)
                                                  /home/augusto/Desktop/InfoII/Libreria_LPC845/LPC845/Libreria_LPC845/Debug/libLibreria_LPC845.a(HAL_ADC.o)
ADC_OVR_IRQHandler                                /home/augusto/Desktop/InfoII/Libreria_LPC845/LPC845/Libreria_LPC845/Debug/libLibreria_LPC845.a(HAL_ADC.o)
                                                  ./src/cr_startup_lpc84x.o
ADC_SEQA_IRQHandler                               /home/augusto/Desktop/InfoII/Libreria_LPC845/LPC845/Libreria_LPC845/Debug/libLibreria_LPC845.a(HAL_ADC.o)
                                                  ./src/cr_startup_lpc84x.o
ADC_SEQB_IRQHandler                               /home/augusto/Desktop/InfoII/Libreria_LPC845/LPC845/Libreria_LPC845/Debug/libLibreria_LPC845.a(HAL_ADC.o)
                                                  ./src/cr_startup_lpc84x.o
ADC_THCMP_IRQHandler                              /home/augusto/Desktop/InfoII/Libreria_LPC845/LPC845/Libreria_LPC845/Debug/libLibreria_LPC845.a(HAL_ADC.o)
                                                  ./src/cr_startup_lpc84x.o
BOD_IRQHandler                                    ./src/cr_startup_lpc84x.o
CMP_IRQHandler                                    ./src/cr_startup_lpc84x.o
CRP_WORD                                          ./src/crp.o
CTIMER0_IRQHandler                                ./src/cr_startup_lpc84x.o
DAC0_IRQHandler                                   ./src/cr_startup_lpc84x.o
DMA_IRQHandler                                    ./src/cr_startup_lpc84x.o
FAIM_IRQHandler                                   ./src/cr_startup_lpc84x.o
FLASH_IRQHandler                                  ./src/cr_startup_lpc84x.o
GPIO                                              /home/augusto/Desktop/InfoII/Libreria_LPC845/LPC845/Libreria_LPC845/Debug/libLibreria_LPC845.a(HPL_GPIO.o)
                                                  /home/augusto/Desktop/InfoII/Libreria_LPC845/LPC845/Libreria_LPC845/Debug/libLibreria_LPC845.a(HAL_GPIO.o)
GPIO_clear_pin                                    /home/augusto/Desktop/InfoII/Libreria_LPC845/LPC845/Libreria_LPC845/Debug/libLibreria_LPC845.a(display.o)
                                                  /home/augusto/Desktop/InfoII/Libreria_LPC845/LPC845/Libreria_LPC845/Debug/libLibreria_LPC845.a(relays.o)
GPIO_init                                         /home/augusto/Desktop/InfoII/Libreria_LPC845/LPC845/Libreria_LPC845/Debug/libLibreria_LPC845.a(infotronic.o)
GPIO_set_dir                                      /home/augusto/Desktop/InfoII/Libreria_LPC845/LPC845/Libreria_LPC845/Debug/libLibreria_LPC845.a(display.o)
                                                  /home/augusto/Desktop/InfoII/Libreria_LPC845/LPC845/Libreria_LPC845/Debug/libLibreria_LPC845.a(relays.o)
GPIO_set_pin                                      /home/augusto/Desktop/InfoII/Libreria_LPC845/LPC845/Libreria_LPC845/Debug/libLibreria_LPC845.a(display.o)
                                                  /home/augusto/Desktop/InfoII/Libreria_LPC845/LPC845/Libreria_LPC845/Debug/libLibreria_LPC845.a(relays.o)
HardFault_Handler                                 ./src/cr_startup_lpc84x.o
I2C0_IRQHandler                                   ./src/cr_startup_lpc84x.o
I2C1_IRQHandler                                   ./src/cr_startup_lpc84x.o
I2C2_IRQHandler                                   ./src/cr_startup_lpc84x.o
I2C3_IRQHandler                                   ./src/cr_startup_lpc84x.o
IOCON                                             /home/augusto/Desktop/InfoII/Libreria_LPC845/LPC845/Libreria_LPC845/Debug/libLibreria_LPC845.a(HPL_IOCON.o)
                                                  /home/augusto/Desktop/InfoII/Libreria_LPC845/LPC845/Libreria_LPC845/Debug/libLibreria_LPC845.a(HAL_IOCON.o)
IOCON_PIN_TABLE                                   /home/augusto/Desktop/InfoII/Libreria_LPC845/LPC845/Libreria_LPC845/Debug/libLibreria_LPC845.a(HPL_IOCON.o)
                                                  /home/augusto/Desktop/InfoII/Libreria_LPC845/LPC845/Libreria_LPC845/Debug/libLibreria_LPC845.a(HAL_SYSCON.o)
                                                  /home/augusto/Desktop/InfoII/Libreria_LPC845/LPC845/Libreria_LPC845/Debug/libLibreria_LPC845.a(HAL_IOCON.o)
IntDefaultHandler                                 ./src/cr_startup_lpc84x.o
LCD_check                                         /home/augusto/Desktop/InfoII/Libreria_LPC845/LPC845/Libreria_LPC845/Debug/libLibreria_LPC845.a(LCD.o)
                                                  /home/augusto/Desktop/InfoII/Libreria_LPC845/LPC845/Libreria_LPC845/Debug/libLibreria_LPC845.a(infotronic.o)
LCD_init                                          /home/augusto/Desktop/InfoII/Libreria_LPC845/LPC845/Libreria_LPC845/Debug/libLibreria_LPC845.a(LCD.o)
LCD_write                                         /home/augusto/Desktop/InfoII/Libreria_LPC845/LPC845/Libreria_LPC845/Debug/libLibreria_LPC845.a(LCD.o)
                                                  /home/augusto/Desktop/InfoII/Libreria_LPC845/LPC845/Libreria_LPC845/Debug/libLibreria_LPC845.a(infotronic.o)
MRT_IRQHandler                                    ./src/cr_startup_lpc84x.o
NMI_Handler                                       ./src/cr_startup_lpc84x.o
NVIC                                              /home/augusto/Desktop/InfoII/Libreria_LPC845/LPC845/Libreria_LPC845/Debug/libLibreria_LPC845.a(HPL_NVIC.o)
                                                  /home/augusto/Desktop/InfoII/Libreria_LPC845/LPC845/Libreria_LPC845/Debug/libLibreria_LPC845.a(HAL_ADC.o)
PININT0_IRQHandler                                ./src/cr_startup_lpc84x.o
PININT1_IRQHandler                                ./src/cr_startup_lpc84x.o
PININT2_IRQHandler                                ./src/cr_startup_lpc84x.o
PININT3_IRQHandler                                ./src/cr_startup_lpc84x.o
PININT4_IRQHandler                                ./src/cr_startup_lpc84x.o
PININT5_IRQHandler                                ./src/cr_startup_lpc84x.o
PININT6_IRQHandler                                ./src/cr_startup_lpc84x.o
PININT7_IRQHandler                                ./src/cr_startup_lpc84x.o
PendSV_Handler                                    ./src/cr_startup_lpc84x.o
ResetISR                                          ./src/cr_startup_lpc84x.o
SCT_IRQHandler                                    ./src/cr_startup_lpc84x.o
SPI0_IRQHandler                                   ./src/cr_startup_lpc84x.o
SPI1_IRQHandler                                   ./src/cr_startup_lpc84x.o
SVC_Handler                                       ./src/cr_startup_lpc84x.o
SWM                                               /home/augusto/Desktop/InfoII/Libreria_LPC845/LPC845/Libreria_LPC845/Debug/libLibreria_LPC845.a(HPL_SWM.o)
                                                  /home/augusto/Desktop/InfoII/Libreria_LPC845/LPC845/Libreria_LPC845/Debug/libLibreria_LPC845.a(HAL_SYSCON.o)
                                                  /home/augusto/Desktop/InfoII/Libreria_LPC845/LPC845/Libreria_LPC845/Debug/libLibreria_LPC845.a(HAL_ADC.o)
SYSCON                                            /home/augusto/Desktop/InfoII/Libreria_LPC845/LPC845/Libreria_LPC845/Debug/libLibreria_LPC845.a(HPL_SYSCON.o)
                                                  /home/augusto/Desktop/InfoII/Libreria_LPC845/LPC845/Libreria_LPC845/Debug/libLibreria_LPC845.a(HAL_SYSCON.o)
                                                  /home/augusto/Desktop/InfoII/Libreria_LPC845/LPC845/Libreria_LPC845/Debug/libLibreria_LPC845.a(HAL_IOCON.o)
                                                  /home/augusto/Desktop/InfoII/Libreria_LPC845/LPC845/Libreria_LPC845/Debug/libLibreria_LPC845.a(HAL_GPIO.o)
                                                  /home/augusto/Desktop/InfoII/Libreria_LPC845/LPC845/Libreria_LPC845/Debug/libLibreria_LPC845.a(HAL_ADC.o)
                                                  /home/augusto/Desktop/InfoII/Libreria_LPC845/LPC845/Libreria_LPC845/Debug/libLibreria_LPC845.a(infotronic.o)
SYSTICK                                           /home/augusto/Desktop/InfoII/Libreria_LPC845/LPC845/Libreria_LPC845/Debug/libLibreria_LPC845.a(HPL_SYSTICK.o)
                                                  /home/augusto/Desktop/InfoII/Libreria_LPC845/LPC845/Libreria_LPC845/Debug/libLibreria_LPC845.a(HAL_SYSTICK.o)
SysTick_Handler                                   /home/augusto/Desktop/InfoII/Libreria_LPC845/LPC845/Libreria_LPC845/Debug/libLibreria_LPC845.a(HAL_SYSTICK.o)
                                                  ./src/cr_startup_lpc84x.o
UART0_IRQHandler                                  ./src/cr_startup_lpc84x.o
UART1_IRQHandler                                  ./src/cr_startup_lpc84x.o
UART2_IRQHandler                                  ./src/cr_startup_lpc84x.o
WDT_IRQHandler                                    ./src/cr_startup_lpc84x.o
WKT_IRQHandler                                    ./src/cr_startup_lpc84x.o
__aeabi_cdcmpeq                                   /usr/local/mcuxpressoide-11.0.0_2516/ide/plugins/com.nxp.mcuxpresso.tools.linux_11.0.0.201905131304/tools/bin/../lib/gcc/arm-none-eabi/8.2.1/thumb/v6-m/nofp/libcr_eabihelpers.a(double.o)
__aeabi_cdcmple                                   /usr/local/mcuxpressoide-11.0.0_2516/ide/plugins/com.nxp.mcuxpresso.tools.linux_11.0.0.201905131304/tools/bin/../lib/gcc/arm-none-eabi/8.2.1/thumb/v6-m/nofp/libcr_eabihelpers.a(double.o)
__aeabi_cdrcmple                                  /usr/local/mcuxpressoide-11.0.0_2516/ide/plugins/com.nxp.mcuxpresso.tools.linux_11.0.0.201905131304/tools/bin/../lib/gcc/arm-none-eabi/8.2.1/thumb/v6-m/nofp/libcr_eabihelpers.a(double.o)
__aeabi_cfcmpeq                                   /usr/local/mcuxpressoide-11.0.0_2516/ide/plugins/com.nxp.mcuxpresso.tools.linux_11.0.0.201905131304/tools/bin/../lib/gcc/arm-none-eabi/8.2.1/thumb/v6-m/nofp/libcr_eabihelpers.a(float.o)
__aeabi_cfcmple                                   /usr/local/mcuxpressoide-11.0.0_2516/ide/plugins/com.nxp.mcuxpresso.tools.linux_11.0.0.201905131304/tools/bin/../lib/gcc/arm-none-eabi/8.2.1/thumb/v6-m/nofp/libcr_eabihelpers.a(float.o)
__aeabi_cfrcmple                                  /usr/local/mcuxpressoide-11.0.0_2516/ide/plugins/com.nxp.mcuxpresso.tools.linux_11.0.0.201905131304/tools/bin/../lib/gcc/arm-none-eabi/8.2.1/thumb/v6-m/nofp/libcr_eabihelpers.a(float.o)
__aeabi_d2f                                       /usr/local/mcuxpressoide-11.0.0_2516/ide/plugins/com.nxp.mcuxpresso.tools.linux_11.0.0.201905131304/tools/bin/../lib/gcc/arm-none-eabi/8.2.1/thumb/v6-m/nofp/libcr_eabihelpers.a(double.o)
__aeabi_d2iz                                      /usr/local/mcuxpressoide-11.0.0_2516/ide/plugins/com.nxp.mcuxpresso.tools.linux_11.0.0.201905131304/tools/bin/../lib/gcc/arm-none-eabi/8.2.1/thumb/v6-m/nofp/libcr_eabihelpers.a(double.o)
__aeabi_d2lz                                      /usr/local/mcuxpressoide-11.0.0_2516/ide/plugins/com.nxp.mcuxpresso.tools.linux_11.0.0.201905131304/tools/bin/../lib/gcc/arm-none-eabi/8.2.1/thumb/v6-m/nofp/libcr_eabihelpers.a(double.o)
__aeabi_d2uiz                                     /usr/local/mcuxpressoide-11.0.0_2516/ide/plugins/com.nxp.mcuxpresso.tools.linux_11.0.0.201905131304/tools/bin/../lib/gcc/arm-none-eabi/8.2.1/thumb/v6-m/nofp/libcr_eabihelpers.a(double.o)
                                                  /home/augusto/Desktop/InfoII/Libreria_LPC845/LPC845/Libreria_LPC845/Debug/libLibreria_LPC845.a(HAL_ADC.o)
__aeabi_d2ulz                                     /usr/local/mcuxpressoide-11.0.0_2516/ide/plugins/com.nxp.mcuxpresso.tools.linux_11.0.0.201905131304/tools/bin/../lib/gcc/arm-none-eabi/8.2.1/thumb/v6-m/nofp/libcr_eabihelpers.a(double.o)
__aeabi_dadd                                      /usr/local/mcuxpressoide-11.0.0_2516/ide/plugins/com.nxp.mcuxpresso.tools.linux_11.0.0.201905131304/tools/bin/../lib/gcc/arm-none-eabi/8.2.1/thumb/v6-m/nofp/libcr_eabihelpers.a(double.o)
__aeabi_dcmpeq                                    /usr/local/mcuxpressoide-11.0.0_2516/ide/plugins/com.nxp.mcuxpresso.tools.linux_11.0.0.201905131304/tools/bin/../lib/gcc/arm-none-eabi/8.2.1/thumb/v6-m/nofp/libcr_eabihelpers.a(double.o)
__aeabi_dcmpge                                    /usr/local/mcuxpressoide-11.0.0_2516/ide/plugins/com.nxp.mcuxpresso.tools.linux_11.0.0.201905131304/tools/bin/../lib/gcc/arm-none-eabi/8.2.1/thumb/v6-m/nofp/libcr_eabihelpers.a(double.o)
__aeabi_dcmpgt                                    /usr/local/mcuxpressoide-11.0.0_2516/ide/plugins/com.nxp.mcuxpresso.tools.linux_11.0.0.201905131304/tools/bin/../lib/gcc/arm-none-eabi/8.2.1/thumb/v6-m/nofp/libcr_eabihelpers.a(double.o)
__aeabi_dcmple                                    /usr/local/mcuxpressoide-11.0.0_2516/ide/plugins/com.nxp.mcuxpresso.tools.linux_11.0.0.201905131304/tools/bin/../lib/gcc/arm-none-eabi/8.2.1/thumb/v6-m/nofp/libcr_eabihelpers.a(double.o)
__aeabi_dcmplt                                    /usr/local/mcuxpressoide-11.0.0_2516/ide/plugins/com.nxp.mcuxpresso.tools.linux_11.0.0.201905131304/tools/bin/../lib/gcc/arm-none-eabi/8.2.1/thumb/v6-m/nofp/libcr_eabihelpers.a(double.o)
__aeabi_dcmpun                                    /usr/local/mcuxpressoide-11.0.0_2516/ide/plugins/com.nxp.mcuxpresso.tools.linux_11.0.0.201905131304/tools/bin/../lib/gcc/arm-none-eabi/8.2.1/thumb/v6-m/nofp/libcr_eabihelpers.a(double.o)
__aeabi_ddiv                                      /usr/local/mcuxpressoide-11.0.0_2516/ide/plugins/com.nxp.mcuxpresso.tools.linux_11.0.0.201905131304/tools/bin/../lib/gcc/arm-none-eabi/8.2.1/thumb/v6-m/nofp/libcr_eabihelpers.a(double.o)
                                                  /home/augusto/Desktop/InfoII/Libreria_LPC845/LPC845/Libreria_LPC845/Debug/libLibreria_LPC845.a(HAL_ADC.o)
__aeabi_dmul                                      /usr/local/mcuxpressoide-11.0.0_2516/ide/plugins/com.nxp.mcuxpresso.tools.linux_11.0.0.201905131304/tools/bin/../lib/gcc/arm-none-eabi/8.2.1/thumb/v6-m/nofp/libcr_eabihelpers.a(double.o)
__aeabi_dneg                                      /usr/local/mcuxpressoide-11.0.0_2516/ide/plugins/com.nxp.mcuxpresso.tools.linux_11.0.0.201905131304/tools/bin/../lib/gcc/arm-none-eabi/8.2.1/thumb/v6-m/nofp/libcr_eabihelpers.a(double.o)
__aeabi_drsub                                     /usr/local/mcuxpressoide-11.0.0_2516/ide/plugins/com.nxp.mcuxpresso.tools.linux_11.0.0.201905131304/tools/bin/../lib/gcc/arm-none-eabi/8.2.1/thumb/v6-m/nofp/libcr_eabihelpers.a(double.o)
__aeabi_dsub                                      /usr/local/mcuxpressoide-11.0.0_2516/ide/plugins/com.nxp.mcuxpresso.tools.linux_11.0.0.201905131304/tools/bin/../lib/gcc/arm-none-eabi/8.2.1/thumb/v6-m/nofp/libcr_eabihelpers.a(double.o)
__aeabi_f2d                                       /usr/local/mcuxpressoide-11.0.0_2516/ide/plugins/com.nxp.mcuxpresso.tools.linux_11.0.0.201905131304/tools/bin/../lib/gcc/arm-none-eabi/8.2.1/thumb/v6-m/nofp/libcr_eabihelpers.a(float.o)
__aeabi_f2iz                                      /usr/local/mcuxpressoide-11.0.0_2516/ide/plugins/com.nxp.mcuxpresso.tools.linux_11.0.0.201905131304/tools/bin/../lib/gcc/arm-none-eabi/8.2.1/thumb/v6-m/nofp/libcr_eabihelpers.a(float.o)
__aeabi_f2lz                                      /usr/local/mcuxpressoide-11.0.0_2516/ide/plugins/com.nxp.mcuxpresso.tools.linux_11.0.0.201905131304/tools/bin/../lib/gcc/arm-none-eabi/8.2.1/thumb/v6-m/nofp/libcr_eabihelpers.a(float.o)
__aeabi_f2uiz                                     /usr/local/mcuxpressoide-11.0.0_2516/ide/plugins/com.nxp.mcuxpresso.tools.linux_11.0.0.201905131304/tools/bin/../lib/gcc/arm-none-eabi/8.2.1/thumb/v6-m/nofp/libcr_eabihelpers.a(float.o)
                                                  /home/augusto/Desktop/InfoII/Libreria_LPC845/LPC845/Libreria_LPC845/Debug/libLibreria_LPC845.a(HAL_SYSCON.o)
__aeabi_f2ulz                                     /usr/local/mcuxpressoide-11.0.0_2516/ide/plugins/com.nxp.mcuxpresso.tools.linux_11.0.0.201905131304/tools/bin/../lib/gcc/arm-none-eabi/8.2.1/thumb/v6-m/nofp/libcr_eabihelpers.a(float.o)
__aeabi_fadd                                      /usr/local/mcuxpressoide-11.0.0_2516/ide/plugins/com.nxp.mcuxpresso.tools.linux_11.0.0.201905131304/tools/bin/../lib/gcc/arm-none-eabi/8.2.1/thumb/v6-m/nofp/libcr_eabihelpers.a(float.o)
                                                  /home/augusto/Desktop/InfoII/Libreria_LPC845/LPC845/Libreria_LPC845/Debug/libLibreria_LPC845.a(HAL_SYSCON.o)
__aeabi_fcmpeq                                    /usr/local/mcuxpressoide-11.0.0_2516/ide/plugins/com.nxp.mcuxpresso.tools.linux_11.0.0.201905131304/tools/bin/../lib/gcc/arm-none-eabi/8.2.1/thumb/v6-m/nofp/libcr_eabihelpers.a(float.o)
__aeabi_fcmpge                                    /usr/local/mcuxpressoide-11.0.0_2516/ide/plugins/com.nxp.mcuxpresso.tools.linux_11.0.0.201905131304/tools/bin/../lib/gcc/arm-none-eabi/8.2.1/thumb/v6-m/nofp/libcr_eabihelpers.a(float.o)
__aeabi_fcmpgt                                    /usr/local/mcuxpressoide-11.0.0_2516/ide/plugins/com.nxp.mcuxpresso.tools.linux_11.0.0.201905131304/tools/bin/../lib/gcc/arm-none-eabi/8.2.1/thumb/v6-m/nofp/libcr_eabihelpers.a(float.o)
__aeabi_fcmple                                    /usr/local/mcuxpressoide-11.0.0_2516/ide/plugins/com.nxp.mcuxpresso.tools.linux_11.0.0.201905131304/tools/bin/../lib/gcc/arm-none-eabi/8.2.1/thumb/v6-m/nofp/libcr_eabihelpers.a(float.o)