10:15:40 **** Clean-only build of configuration Debug for project Libreria_LPC845 ****
make -r clean 
rm -rf  ./source/hpl/HPL_ADC.o ./source/hpl/HPL_DAC.o ./source/hpl/HPL_GPIO.o ./source/hpl/HPL_IOCON.o ./source/hpl/HPL_NVIC.o ./source/hpl/HPL_PININT.o ./source/hpl/HPL_SWM.o ./source/hpl/HPL_SYSCON.o ./source/hpl/HPL_SYSTICK.o ./source/hpl/HPL_UART.o  ./source/mtb.o  ./source/hpl/HPL_ADC.d ./source/hpl/HPL_DAC.d ./source/hpl/HPL_GPIO.d ./source/hpl/HPL_IOCON.d ./source/hpl/HPL_NVIC.d ./source/hpl/HPL_PININT.d ./source/hpl/HPL_SWM.d ./source/hpl/HPL_SYSCON.d ./source/hpl/HPL_SYSTICK.d ./source/hpl/HPL_UART.d  ./source/mtb.d  libLibreria_LPC845.a
 
10:15:42 **** Build of configuration Debug for project Libreria_LPC845 ****
make -r all 
Building file: ../source/hpl/HPL_ADC.c
Invoking: MCU C Compiler
arm-none-eabi-gcc -D__REDLIB__ -DCPU_LPC845M301JBD48 -DCPU_LPC845M301JBD48_cm0plus -DSDK_DEBUGCONSOLE=1 -DCR_INTEGER_PRINTF -DPRINTF_FLOAT_ENABLE=0 -D__MCUXPRESSO -DDEBUG -I"/home/augusto/Desktop/InfoII/Libreria_AJS/Libreria_LPC845/includes" -I"/home/augusto/Desktop/InfoII/Libreria_AJS/Libreria_LPC845/includes/hpl" -I"/home/augusto/Desktop/InfoII/Libreria_AJS/Libreria_LPC845/includes/hri" -O0 -fno-common -g3 -Wall -c -ffunction-sections -fdata-sections -ffreestanding -fno-builtin -mcpu=cortex-m0plus -mthumb -D__REDLIB__ -fstack-usage -specs=redlib.specs -MMD -MP -MF"source/hpl/HPL_ADC.d" -MT"source/hpl/HPL_ADC.o" -MT"source/hpl/HPL_ADC.d" -o "source/hpl/HPL_ADC.o" "../source/hpl/HPL_ADC.c"
Finished building: ../source/hpl/HPL_ADC.c
 
Building file: ../source/hpl/HPL_DAC.c
Invoking: MCU C Compiler
arm-none-eabi-gcc -D__REDLIB__ -DCPU_LPC845M301JBD48 -DCPU_LPC845M301JBD48_cm0plus -DSDK_DEBUGCONSOLE=1 -DCR_INTEGER_PRINTF -DPRINTF_FLOAT_ENABLE=0 -D__MCUXPRESSO -DDEBUG -I"/home/augusto/Desktop/InfoII/Libreria_AJS/Libreria_LPC845/includes" -I"/home/augusto/Desktop/InfoII/Libreria_AJS/Libreria_LPC845/includes/hpl" -I"/home/augusto/Desktop/InfoII/Libreria_AJS/Libreria_LPC845/includes/hri" -O0 -fno-common -g3 -Wall -c -ffunction-sections -fdata-sections -ffreestanding -fno-builtin -mcpu=cortex-m0plus -mthumb -D__REDLIB__ -fstack-usage -specs=redlib.specs -MMD -MP -MF"source/hpl/HPL_DAC.d" -MT"source/hpl/HPL_DAC.o" -MT"source/hpl/HPL_DAC.d" -o "source/hpl/HPL_DAC.o" "../source/hpl/HPL_DAC.c"
Finished building: ../source/hpl/HPL_DAC.c
 
Building file: ../source/hpl/HPL_GPIO.c
Invoking: MCU C Compiler
arm-none-eabi-gcc -D__REDLIB__ -DCPU_LPC845M301JBD48 -DCPU_LPC845M301JBD48_cm0plus -DSDK_DEBUGCONSOLE=1 -DCR_INTEGER_PRINTF -DPRINTF_FLOAT_ENABLE=0 -D__MCUXPRESSO -DDEBUG -I"/home/augusto/Desktop/InfoII/Libreria_AJS/Libreria_LPC845/includes" -I"/home/augusto/Desktop/InfoII/Libreria_AJS/Libreria_LPC845/includes/hpl" -I"/home/augusto/Desktop/InfoII/Libreria_AJS/Libreria_LPC845/includes/hri" -O0 -fno-common -g3 -Wall -c -ffunction-sections -fdata-sections -ffreestanding -fno-builtin -mcpu=cortex-m0plus -mthumb -D__REDLIB__ -fstack-usage -specs=redlib.specs -MMD -MP -MF"source/hpl/HPL_GPIO.d" -MT"source/hpl/HPL_GPIO.o" -MT"source/hpl/HPL_GPIO.d" -o "source/hpl/HPL_GPIO.o" "../source/hpl/HPL_GPIO.c"
Finished building: ../source/hpl/HPL_GPIO.c
 
Building file: ../source/hpl/HPL_IOCON.c
Invoking: MCU C Compiler
arm-none-eabi-gcc -D__REDLIB__ -DCPU_LPC845M301JBD48 -DCPU_LPC845M301JBD48_cm0plus -DSDK_DEBUGCONSOLE=1 -DCR_INTEGER_PRINTF -DPRINTF_FLOAT_ENABLE=0 -D__MCUXPRESSO -DDEBUG -I"/home/augusto/Desktop/InfoII/Libreria_AJS/Libreria_LPC845/includes" -I"/home/augusto/Desktop/InfoII/Libreria_AJS/Libreria_LPC845/includes/hpl" -I"/home/augusto/Desktop/InfoII/Libreria_AJS/Libreria_LPC845/includes/hri" -O0 -fno-common -g3 -Wall -c -ffunction-sections -fdata-sections -ffreestanding -fno-builtin -mcpu=cortex-m0plus -mthumb -D__REDLIB__ -fstack-usage -specs=redlib.specs -MMD -MP -MF"source/hpl/HPL_IOCON.d" -MT"source/hpl/HPL_IOCON.o" -MT"source/hpl/HPL_IOCON.d" -o "source/hpl/HPL_IOCON.o" "../source/hpl/HPL_IOCON.c"
Finished building: ../source/hpl/HPL_IOCON.c
 
Building file: ../source/hpl/HPL_NVIC.c
Invoking: MCU C Compiler
arm-none-eabi-gcc -D__REDLIB__ -DCPU_LPC845M301JBD48 -DCPU_LPC845M301JBD48_cm0plus -DSDK_DEBUGCONSOLE=1 -DCR_INTEGER_PRINTF -DPRINTF_FLOAT_ENABLE=0 -D__MCUXPRESSO -DDEBUG -I"/home/augusto/Desktop/InfoII/Libreria_AJS/Libreria_LPC845/includes" -I"/home/augusto/Desktop/InfoII/Libreria_AJS/Libreria_LPC845/includes/hpl" -I"/home/augusto/Desktop/InfoII/Libreria_AJS/Libreria_LPC845/includes/hri" -O0 -fno-common -g3 -Wall -c -ffunction-sections -fdata-sections -ffreestanding -fno-builtin -mcpu=cortex-m0plus -mthumb -D__REDLIB__ -fstack-usage -specs=redlib.specs -MMD -MP -MF"source/hpl/HPL_NVIC.d" -MT"source/hpl/HPL_NVIC.o" -MT"source/hpl/HPL_NVIC.d" -o "source/hpl/HPL_NVIC.o" "../source/hpl/HPL_NVIC.c"
Finished building: ../source/hpl/HPL_NVIC.c
 
Building file: ../source/hpl/HPL_PININT.c
Invoking: MCU C Compiler
arm-none-eabi-gcc -D__REDLIB__ -DCPU_LPC845M301JBD48 -DCPU_LPC845M301JBD48_cm0plus -DSDK_DEBUGCONSOLE=1 -DCR_INTEGER_PRINTF -DPRINTF_FLOAT_ENABLE=0 -D__MCUXPRESSO -DDEBUG -I"/home/augusto/Desktop/InfoII/Libreria_AJS/Libreria_LPC845/includes" -I"/home/augusto/Desktop/InfoII/Libreria_AJS/Libreria_LPC845/includes/hpl" -I"/home/augusto/Desktop/InfoII/Libreria_AJS/Libreria_LPC845/includes/hri" -O0 -fno-common -g3 -Wall -c -ffunction-sections -fdata-sections -ffreestanding -fno-builtin -mcpu=cortex-m0plus -mthumb -D__REDLIB__ -fstack-usage -specs=redlib.specs -MMD -MP -MF"source/hpl/HPL_PININT.d" -MT"source/hpl/HPL_PININT.o" -MT"source/hpl/HPL_PININT.d" -o "source/hpl/HPL_PININT.o" "../source/hpl/HPL_PININT.c"
Finished building: ../source/hpl/HPL_PININT.c
 
Building file: ../source/hpl/HPL_SWM.c
Invoking: MCU C Compiler
arm-none-eabi-gcc -D__REDLIB__ -DCPU_LPC845M301JBD48 -DCPU_LPC845M301JBD48_cm0plus -DSDK_DEBUGCONSOLE=1 -DCR_INTEGER_PRINTF -DPRINTF_FLOAT_ENABLE=0 -D__MCUXPRESSO -DDEBUG -I"/home/augusto/Desktop/InfoII/Libreria_AJS/Libreria_LPC845/includes" -I"/home/augusto/Desktop/InfoII/Libreria_AJS/Libreria_LPC845/includes/hpl" -I"/home/augusto/Desktop/InfoII/Libreria_AJS/Libreria_LPC845/includes/hri" -O0 -fno-common -g3 -Wall -c -ffunction-sections -fdata-sections -ffreestanding -fno-builtin -mcpu=cortex-m0plus -mthumb -D__REDLIB__ -fstack-usage -specs=redlib.specs -MMD -MP -MF"source/hpl/HPL_SWM.d" -MT"source/hpl/HPL_SWM.o" -MT"source/hpl/HPL_SWM.d" -o "source/hpl/HPL_SWM.o" "../source/hpl/HPL_SWM.c"
Finished building: ../source/hpl/HPL_SWM.c
 
Building file: ../source/hpl/HPL_SYSCON.c
Invoking: MCU C Compiler
arm-none-eabi-gcc -D__REDLIB__ -DCPU_LPC845M301JBD48 -DCPU_LPC845M301JBD48_cm0plus -DSDK_DEBUGCONSOLE=1 -DCR_INTEGER_PRINTF -DPRINTF_FLOAT_ENABLE=0 -D__MCUXPRESSO -DDEBUG -I"/home/augusto/Desktop/InfoII/Libreria_AJS/Libreria_LPC845/includes" -I"/home/augusto/Desktop/InfoII/Libreria_AJS/Libreria_LPC845/includes/hpl" -I"/home/augusto/Desktop/InfoII/Libreria_AJS/Libreria_LPC845/includes/hri" -O0 -fno-common -g3 -Wall -c -ffunction-sections -fdata-sections -ffreestanding -fno-builtin -mcpu=cortex-m0plus -mthumb -D__REDLIB__ -fstack-usage -specs=redlib.specs -MMD -MP -MF"source/hpl/HPL_SYSCON.d" -MT"source/hpl/HPL_SYSCON.o" -MT"source/hpl/HPL_SYSCON.d" -o "source/hpl/HPL_SYSCON.o" "../source/hpl/HPL_SYSCON.c"
Finished building: ../source/hpl/HPL_SYSCON.c
 
Building file: ../source/hpl/HPL_SYSTICK.c
Invoking: MCU C Compiler
arm-none-eabi-gcc -D__REDLIB__ -DCPU_LPC845M301JBD48 -DCPU_LPC845M301JBD48_cm0plus -DSDK_DEBUGCONSOLE=1 -DCR_INTEGER_PRINTF -DPRINTF_FLOAT_ENABLE=0 -D__MCUXPRESSO -DDEBUG -I"/home/augusto/Desktop/InfoII/Libreria_AJS/Libreria_LPC845/includes" -I"/home/augusto/Desktop/InfoII/Libreria_AJS/Libreria_LPC845/includes/hpl" -I"/home/augusto/Desktop/InfoII/Libreria_AJS/Libreria_LPC845/includes/hri" -O0 -fno-common -g3 -Wall -c -ffunction-sections -fdata-sections -ffreestanding -fno-builtin -mcpu=cortex-m0plus -mthumb -D__REDLIB__ -fstack-usage -specs=redlib.specs -MMD -MP -MF"source/hpl/HPL_SYSTICK.d" -MT"source/hpl/HPL_SYSTICK.o" -MT"source/hpl/HPL_SYSTICK.d" -o "source/hpl/HPL_SYSTICK.o" "../source/hpl/HPL_SYSTICK.c"
Finished building: ../source/hpl/HPL_SYSTICK.c
 
Building file: ../source/hpl/HPL_UART.c
Invoking: MCU C Compiler
arm-none-eabi-gcc -D__REDLIB__ -DCPU_LPC845M301JBD48 -DCPU_LPC845M301JBD48_cm0plus -DSDK_DEBUGCONSOLE=1 -DCR_INTEGER_PRINTF -DPRINTF_FLOAT_ENABLE=0 -D__MCUXPRESSO -DDEBUG -I"/home/augusto/Desktop/InfoII/Libreria_AJS/Libreria_LPC845/includes" -I"/home/augusto/Desktop/InfoII/Libreria_AJS/Libreria_LPC845/includes/hpl" -I"/home/augusto/Desktop/InfoII/Libreria_AJS/Libreria_LPC845/includes/hri" -O0 -fno-common -g3 -Wall -c -ffunction-sections -fdata-sections -ffreestanding -fno-builtin -mcpu=cortex-m0plus -mthumb -D__REDLIB__ -fstack-usage -specs=redlib.specs -MMD -MP -MF"source/hpl/HPL_UART.d" -MT"source/hpl/HPL_UART.o" -MT"source/hpl/HPL_UART.d" -o "source/hpl/HPL_UART.o" "../source/hpl/HPL_UART.c"
Finished building: ../source/hpl/HPL_UART.c
 
Building file: ../source/mtb.c
Invoking: MCU C Compiler
arm-none-eabi-gcc -D__REDLIB__ -DCPU_LPC845M301JBD48 -DCPU_LPC845M301JBD48_cm0plus -DSDK_DEBUGCONSOLE=1 -DCR_INTEGER_PRINTF -DPRINTF_FLOAT_ENABLE=0 -D__MCUXPRESSO -DDEBUG -I"/home/augusto/Desktop/InfoII/Libreria_AJS/Libreria_LPC845/includes" -I"/home/augusto/Desktop/InfoII/Libreria_AJS/Libreria_LPC845/includes/hpl" -I"/home/augusto/Desktop/InfoII/Libreria_AJS/Libreria_LPC845/includes/hri" -O0 -fno-common -g3 -Wall -c -ffunction-sections -fdata-sections -ffreestanding -fno-builtin -mcpu=cortex-m0plus -mthumb -D__REDLIB__ -fstack-usage -specs=redlib.specs -MMD -MP -MF"source/mtb.d" -MT"source/mtb.o" -MT"source/mtb.d" -o "source/mtb.o" "../source/mtb.c"
Finished building: ../source/mtb.c
 
Building target: libLibreria_LPC845.a
Invoking: MCU Archiver
arm-none-eabi-ar -r  "libLibreria_LPC845.a"  ./source/hpl/HPL_ADC.o ./source/hpl/HPL_DAC.o ./source/hpl/HPL_GPIO.o ./source/hpl/HPL_IOCON.o ./source/hpl/HPL_NVIC.o ./source/hpl/HPL_PININT.o ./source/hpl/HPL_SWM.o ./source/hpl/HPL_SYSCON.o ./source/hpl/HPL_SYSTICK.o ./source/hpl/HPL_UART.o  ./source/mtb.o   
arm-none-eabi-ar: creating libLibreria_LPC845.a
Finished building target: libLibreria_LPC845.a
 
make --no-print-directory post-build
Performing post-build steps
arm-none-eabi-size "libLibreria_LPC845.a" ; # arm-none-eabi-objdump -h -S "libLibreria_LPC845.a" >"libLibreria_LPC845.lss"
   text	   data	    bss	    dec	    hex	filename
   1308	      0	      4	   1312	    520	HPL_ADC.o (ex libLibreria_LPC845.a)
    384	      0	      0	    384	    180	HPL_DAC.o (ex libLibreria_LPC845.a)
   1304	      0	      0	   1304	    518	HPL_GPIO.o (ex libLibreria_LPC845.a)
   1176	      0	      0	   1176	    498	HPL_IOCON.o (ex libLibreria_LPC845.a)
      4	      0	      0	      4	      4	HPL_NVIC.o (ex libLibreria_LPC845.a)
   1364	      0	     32	   1396	    574	HPL_PININT.o (ex libLibreria_LPC845.a)
      4	      0	      0	      4	      4	HPL_SWM.o (ex libLibreria_LPC845.a)
     24	      4	      0	     28	     1c	HPL_SYSCON.o (ex libLibreria_LPC845.a)
    216	      0	      4	    220	     dc	HPL_SYSTICK.o (ex libLibreria_LPC845.a)
   2122	      0	     40	   2162	    872	HPL_UART.o (ex libLibreria_LPC845.a)
      0	    128	      0	    128	     80	mtb.o (ex libLibreria_LPC845.a)
 
10:16:30 **** Incremental Build of configuration Debug for project Libreria_LPC845 ****
make -r all 
make: Nothing to be done for 'all'.
10:21:48 **** Incremental Build of configuration Debug for project Libreria_LPC845 ****
make -r all 
Building file: ../source/hpl/HPL_ADC.c
Invoking: MCU C Compiler
arm-none-eabi-gcc -D__REDLIB__ -DCPU_LPC845M301JBD48 -DCPU_LPC845M301JBD48_cm0plus -DSDK_DEBUGCONSOLE=1 -DCR_INTEGER_PRINTF -DPRINTF_FLOAT_ENABLE=0 -D__MCUXPRESSO -DDEBUG -I"/home/augusto/Desktop/InfoII/Libreria_AJS/Libreria_LPC845/includes" -I"/home/augusto/Desktop/InfoII/Libreria_AJS/Libreria_LPC845/includes/hpl" -I"/home/augusto/Desktop/InfoII/Libreria_AJS/Libreria_LPC845/includes/hri" -O0 -fno-common -g3 -Wall -c -ffunction-sections -fdata-sections -ffreestanding -fno-builtin -mcpu=cortex-m0plus -mthumb -D__REDLIB__ -fstack-usage -specs=redlib.specs -MMD -MP -MF"source/hpl/HPL_ADC.d" -MT"source/hpl/HPL_ADC.o" -MT"source/hpl/HPL_ADC.d" -o "source/hpl/HPL_ADC.o" "../source/hpl/HPL_ADC.c"
Finished building: ../source/hpl/HPL_ADC.c
 
Building target: libLibreria_LPC845.a
Invoking: MCU Archiver
arm-none-eabi-ar -r  "libLibreria_LPC845.a"  ./source/hpl/HPL_ADC.o ./source/hpl/HPL_DAC.o ./source/hpl/HPL_GPIO.o ./source/hpl/HPL_IOCON.o ./source/hpl/HPL_NVIC.o ./source/hpl/HPL_PININT.o ./source/hpl/HPL_SWM.o ./source/hpl/HPL_SYSCON.o ./source/hpl/HPL_SYSTICK.o ./source/hpl/HPL_UART.o  ./source/mtb.o   
arm-none-eabi-ar: creating libLibreria_LPC845.a
Finished building target: libLibreria_LPC845.a
 
make --no-print-directory post-build
Performing post-build steps
arm-none-eabi-size "libLibreria_LPC845.a" ; # arm-none-eabi-objdump -h -S "libLibreria_LPC845.a" >"libLibreria_LPC845.lss"
   text	   data	    bss	    dec	    hex	filename
   1308	      0	      4	   1312	    520	HPL_ADC.o (ex libLibreria_LPC845.a)
    384	      0	      0	    384	    180	HPL_DAC.o (ex libLibreria_LPC845.a)
   1304	      0	      0	   1304	    518	HPL_GPIO.o (ex libLibreria_LPC845.a)
   1176	      0	      0	   1176	    498	HPL_IOCON.o (ex libLibreria_LPC845.a)
      4	      0	      0	      4	      4	HPL_NVIC.o (ex libLibreria_LPC845.a)
   1364	      0	     32	   1396	    574	HPL_PININT.o (ex libLibreria_LPC845.a)
      4	      0	      0	      4	      4	HPL_SWM.o (ex libLibreria_LPC845.a)
     24	      4	      0	     28	     1c	HPL_SYSCON.o (ex libLibreria_LPC845.a)
    216	      0	      4	    220	     dc	HPL_SYSTICK.o (ex libLibreria_LPC845.a)
   2122	      0	     40	   2162	    872	HPL_UART.o (ex libLibreria_LPC845.a)
      0	    128	      0	    128	     80	mtb.o (ex libLibreria_LPC845.a)
 
10:23:00 **** Incremental Build of configuration Debug for project Libreria_LPC845 ****
make -r all 
Building file: ../source/hpl/HPL_ADC.c
Invoking: MCU C Compiler
arm-none-eabi-gcc -D__REDLIB__ -DCPU_LPC845M301JBD48 -DCPU_LPC845M301JBD48_cm0plus -DSDK_DEBUGCONSOLE=1 -DCR_INTEGER_PRINTF -DPRINTF_FLOAT_ENABLE=0 -D__MCUXPRESSO -DDEBUG -I"/home/augusto/Desktop/InfoII/Libreria_AJS/Libreria_LPC845/includes" -I"/home/augusto/Desktop/InfoII/Libreria_AJS/Libreria_LPC845/includes/hpl" -I"/home/augusto/Desktop/InfoII/Libreria_AJS/Libreria_LPC845/includes/hri" -O0 -fno-common -g3 -Wall -c -ffunction-sections -fdata-sections -ffreestanding -fno-builtin -mcpu=cortex-m0plus -mthumb -D__REDLIB__ -fstack-usage -specs=redlib.specs -MMD -MP -MF"source/hpl/HPL_ADC.d" -MT"source/hpl/HPL_ADC.o" -MT"source/hpl/HPL_ADC.d" -o "source/hpl/HPL_ADC.o" "../source/hpl/HPL_ADC.c"
../source/hpl/HPL_ADC.c:10:10: fatal error: tipos.h: No such file or directory
source/hpl/subdir.mk:45: recipe for target 'source/hpl/HPL_ADC.o' failed
 #include <tipos.h>
          ^~~~~~~~~
compilation terminated.
make: *** [source/hpl/HPL_ADC.o] Error 1
"make -r all" terminated with exit code 2. Build might be incomplete.
10:23:09 **** Incremental Build of configuration Debug for project Libreria_LPC845 ****
make -r all 
Building file: ../source/hpl/HPL_ADC.c
Invoking: MCU C Compiler
arm-none-eabi-gcc -D__REDLIB__ -DCPU_LPC845M301JBD48 -DCPU_LPC845M301JBD48_cm0plus -DSDK_DEBUGCONSOLE=1 -DCR_INTEGER_PRINTF -DPRINTF_FLOAT_ENABLE=0 -D__MCUXPRESSO -DDEBUG -I"/home/augusto/Desktop/InfoII/Libreria_AJS/Libreria_LPC845/includes" -I"/home/augusto/Desktop/InfoII/Libreria_AJS/Libreria_LPC845/includes/hpl" -I"/home/augusto/Desktop/InfoII/Libreria_AJS/Libreria_LPC845/includes/hri" -O0 -fno-common -g3 -Wall -c -ffunction-sections -fdata-sections -ffreestanding -fno-builtin -mcpu=cortex-m0plus -mthumb -D__REDLIB__ -fstack-usage -specs=redlib.specs -MMD -MP -MF"source/hpl/HPL_ADC.d" -MT"source/hpl/HPL_ADC.o" -MT"source/hpl/HPL_ADC.d" -o "source/hpl/HPL_ADC.o" "../source/hpl/HPL_ADC.c"
Finished building: ../source/hpl/HPL_ADC.c
 
Building file: ../source/hpl/HPL_DAC.c
Invoking: MCU C Compiler
arm-none-eabi-gcc -D__REDLIB__ -DCPU_LPC845M301JBD48 -DCPU_LPC845M301JBD48_cm0plus -DSDK_DEBUGCONSOLE=1 -DCR_INTEGER_PRINTF -DPRINTF_FLOAT_ENABLE=0 -D__MCUXPRESSO -DDEBUG -I"/home/augusto/Desktop/InfoII/Libreria_AJS/Libreria_LPC845/includes" -I"/home/augusto/Desktop/InfoII/Libreria_AJS/Libreria_LPC845/includes/hpl" -I"/home/augusto/Desktop/InfoII/Libreria_AJS/Libreria_LPC845/includes/hri" -O0 -fno-common -g3 -Wall -c -ffunction-sections -fdata-sections -ffreestanding -fno-builtin -mcpu=cortex-m0plus -mthumb -D__REDLIB__ -fstack-usage -specs=redlib.specs -MMD -MP -MF"source/hpl/HPL_DAC.d" -MT"source/hpl/HPL_DAC.o" -MT"source/hpl/HPL_DAC.d" -o "source/hpl/HPL_DAC.o" "../source/hpl/HPL_DAC.c"
../source/hpl/HPL_DAC.c:9:10: fatal error: tipos.h: No such file or directory
 #include <tipos.h>
          ^~~~~~~~~
compilation terminated.
source/hpl/subdir.mk:45: recipe for target 'source/hpl/HPL_DAC.o' failed
make: *** [source/hpl/HPL_DAC.o] Error 1
"make -r all" terminated with exit code 2. Build might be incomplete.
10:23:15 **** Incremental Build of configuration Debug for project Libreria_LPC845 ****
make -r all 
Building file: ../source/hpl/HPL_DAC.c
Invoking: MCU C Compiler
arm-none-eabi-gcc -D__REDLIB__ -DCPU_LPC845M301JBD48 -DCPU_LPC845M301JBD48_cm0plus -DSDK_DEBUGCONSOLE=1 -DCR_INTEGER_PRINTF -DPRINTF_FLOAT_ENABLE=0 -D__MCUXPRESSO -DDEBUG -I"/home/augusto/Desktop/InfoII/Libreria_AJS/Libreria_LPC845/includes" -I"/home/augusto/Desktop/InfoII/Libreria_AJS/Libreria_LPC845/includes/hpl" -I"/home/augusto/Desktop/InfoII/Libreria_AJS/Libreria_LPC845/includes/hri" -O0 -fno-common -g3 -Wall -c -ffunction-sections -fdata-sections -ffreestanding -fno-builtin -mcpu=cortex-m0plus -mthumb -D__REDLIB__ -fstack-usage -specs=redlib.specs -MMD -MP -MF"source/hpl/HPL_DAC.d" -MT"source/hpl/HPL_DAC.o" -MT"source/hpl/HPL_DAC.d" -o "source/hpl/HPL_DAC.o" "../source/hpl/HPL_DAC.c"
Finished building: ../source/hpl/HPL_DAC.c
 
Building file: ../source/hpl/HPL_GPIO.c
Invoking: MCU C Compiler
arm-none-eabi-gcc -D__REDLIB__ -DCPU_LPC845M301JBD48 -DCPU_LPC845M301JBD48_cm0plus -DSDK_DEBUGCONSOLE=1 -DCR_INTEGER_PRINTF -DPRINTF_FLOAT_ENABLE=0 -D__MCUXPRESSO -DDEBUG -I"/home/augusto/Desktop/InfoII/Libreria_AJS/Libreria_LPC845/includes" -I"/home/augusto/Desktop/InfoII/Libreria_AJS/Libreria_LPC845/includes/hpl" -I"/home/augusto/Desktop/InfoII/Libreria_AJS/Libreria_LPC845/includes/hri" -O0 -fno-common -g3 -Wall -c -ffunction-sections -fdata-sections -ffreestanding -fno-builtin -mcpu=cortex-m0plus -mthumb -D__REDLIB__ -fstack-usage -specs=redlib.specs -MMD -MP -MF"source/hpl/HPL_GPIO.d" -MT"source/hpl/HPL_GPIO.o" -MT"source/hpl/HPL_GPIO.d" -o "source/hpl/HPL_GPIO.o" "../source/hpl/HPL_GPIO.c"
../source/hpl/HPL_GPIO.c:9:10: fatal error: tipos.h: No such file or directory
 #include <tipos.h>
          ^~~~~~~~~
compilation terminated.
source/hpl/subdir.mk:45: recipe for target 'source/hpl/HPL_GPIO.o' failed
make: *** [source/hpl/HPL_GPIO.o] Error 1
"make -r all" terminated with exit code 2. Build might be incomplete.
10:23:20 **** Incremental Build of configuration Debug for project Libreria_LPC845 ****
make -r all 
Building file: ../source/hpl/HPL_GPIO.c
Invoking: MCU C Compiler
arm-none-eabi-gcc -D__REDLIB__ -DCPU_LPC845M301JBD48 -DCPU_LPC845M301JBD48_cm0plus -DSDK_DEBUGCONSOLE=1 -DCR_INTEGER_PRINTF -DPRINTF_FLOAT_ENABLE=0 -D__MCUXPRESSO -DDEBUG -I"/home/augusto/Desktop/InfoII/Libreria_AJS/Libreria_LPC845/includes" -I"/home/augusto/Desktop/InfoII/Libreria_AJS/Libreria_LPC845/includes/hpl" -I"/home/augusto/Desktop/InfoII/Libreria_AJS/Libreria_LPC845/includes/hri" -O0 -fno-common -g3 -Wall -c -ffunction-sections -fdata-sections -ffreestanding -fno-builtin -mcpu=cortex-m0plus -mthumb -D__REDLIB__ -fstack-usage -specs=redlib.specs -MMD -MP -MF"source/hpl/HPL_GPIO.d" -MT"source/hpl/HPL_GPIO.o" -MT"source/hpl/HPL_GPIO.d" -o "source/hpl/HPL_GPIO.o" "../source/hpl/HPL_GPIO.c"
Finished building: ../source/hpl/HPL_GPIO.c
 
Building file: ../source/hpl/HPL_IOCON.c
Invoking: MCU C Compiler
arm-none-eabi-gcc -D__REDLIB__ -DCPU_LPC845M301JBD48 -DCPU_LPC845M301JBD48_cm0plus -DSDK_DEBUGCONSOLE=1 -DCR_INTEGER_PRINTF -DPRINTF_FLOAT_ENABLE=0 -D__MCUXPRESSO -DDEBUG -I"/home/augusto/Desktop/InfoII/Libreria_AJS/Libreria_LPC845/includes" -I"/home/augusto/Desktop/InfoII/Libreria_AJS/Libreria_LPC845/includes/hpl" -I"/home/augusto/Desktop/InfoII/Libreria_AJS/Libreria_LPC845/includes/hri" -O0 -fno-common -g3 -Wall -c -ffunction-sections -fdata-sections -ffreestanding -fno-builtin -mcpu=cortex-m0plus -mthumb -D__REDLIB__ -fstack-usage -specs=redlib.specs -MMD -MP -MF"source/hpl/HPL_IOCON.d" -MT"source/hpl/HPL_IOCON.o" -MT"source/hpl/HPL_IOCON.d" -o "source/hpl/HPL_IOCON.o" "../source/hpl/HPL_IOCON.c"
../source/hpl/HPL_IOCON.c:9:10: fatal error: tipos.h: No such file or directory
 #include <tipos.h>
          ^~~~~~~~~
compilation terminated.
source/hpl/subdir.mk:45: recipe for target 'source/hpl/HPL_IOCON.o' failed
make: *** [source/hpl/HPL_IOCON.o] Error 1
"make -r all" terminated with exit code 2. Build might be incomplete.
10:23:24 **** Incremental Build of configuration Debug for project Libreria_LPC845 ****
make -r all 
Building file: ../source/hpl/HPL_IOCON.c
Invoking: MCU C Compiler
arm-none-eabi-gcc -D__REDLIB__ -DCPU_LPC845M301JBD48 -DCPU_LPC845M301JBD48_cm0plus -DSDK_DEBUGCONSOLE=1 -DCR_INTEGER_PRINTF -DPRINTF_FLOAT_ENABLE=0 -D__MCUXPRESSO -DDEBUG -I"/home/augusto/Desktop/InfoII/Libreria_AJS/Libreria_LPC845/includes" -I"/home/augusto/Desktop/InfoII/Libreria_AJS/Libreria_LPC845/includes/hpl" -I"/home/augusto/Desktop/InfoII/Libreria_AJS/Libreria_LPC845/includes/hri" -O0 -fno-common -g3 -Wall -c -ffunction-sections -fdata-sections -ffreestanding -fno-builtin -mcpu=cortex-m0plus -mthumb -D__REDLIB__ -fstack-usage -specs=redlib.specs -MMD -MP -MF"source/hpl/HPL_IOCON.d" -MT"source/hpl/HPL_IOCON.o" -MT"source/hpl/HPL_IOCON.d" -o "source/hpl/HPL_IOCON.o" "../source/hpl/HPL_IOCON.c"
Finished building: ../source/hpl/HPL_IOCON.c
 
Building file: ../source/hpl/HPL_NVIC.c
Invoking: MCU C Compiler
arm-none-eabi-gcc -D__REDLIB__ -DCPU_LPC845M301JBD48 -DCPU_LPC845M301JBD48_cm0plus -DSDK_DEBUGCONSOLE=1 -DCR_INTEGER_PRINTF -DPRINTF_FLOAT_ENABLE=0 -D__MCUXPRESSO -DDEBUG -I"/home/augusto/Desktop/InfoII/Libreria_AJS/Libreria_LPC845/includes" -I"/home/augusto/Desktop/InfoII/Libreria_AJS/Libreria_LPC845/includes/hpl" -I"/home/augusto/Desktop/InfoII/Libreria_AJS/Libreria_LPC845/includes/hri" -O0 -fno-common -g3 -Wall -c -ffunction-sections -fdata-sections -ffreestanding -fno-builtin -mcpu=cortex-m0plus -mthumb -D__REDLIB__ -fstack-usage -specs=redlib.specs -MMD -MP -MF"source/hpl/HPL_NVIC.d" -MT"source/hpl/HPL_NVIC.o" -MT"source/hpl/HPL_NVIC.d" -o "source/hpl/HPL_NVIC.o" "../source/hpl/HPL_NVIC.c"
Finished building: ../source/hpl/HPL_NVIC.c
 
Building file: ../source/hpl/HPL_PININT.c
Invoking: MCU C Compiler
arm-none-eabi-gcc -D__REDLIB__ -DCPU_LPC845M301JBD48 -DCPU_LPC845M301JBD48_cm0plus -DSDK_DEBUGCONSOLE=1 -DCR_INTEGER_PRINTF -DPRINTF_FLOAT_ENABLE=0 -D__MCUXPRESSO -DDEBUG -I"/home/augusto/Desktop/InfoII/Libreria_AJS/Libreria_LPC845/includes" -I"/home/augusto/Desktop/InfoII/Libreria_AJS/Libreria_LPC845/includes/hpl" -I"/home/augusto/Desktop/InfoII/Libreria_AJS/Libreria_LPC845/includes/hri" -O0 -fno-common -g3 -Wall -c -ffunction-sections -fdata-sections -ffreestanding -fno-builtin -mcpu=cortex-m0plus -mthumb -D__REDLIB__ -fstack-usage -specs=redlib.specs -MMD -MP -MF"source/hpl/HPL_PININT.d" -MT"source/hpl/HPL_PININT.o" -MT"source/hpl/HPL_PININT.d" -o "source/hpl/HPL_PININT.o" "../source/hpl/HPL_PININT.c"
../source/hpl/HPL_PININT.c:10:10: fatal error: tipos.h: No such file or directory
 #include <tipos.h>
          ^~~~~~~~~
compilation terminated.
source/hpl/subdir.mk:45: recipe for target 'source/hpl/HPL_PININT.o' failed
make: *** [source/hpl/HPL_PININT.o] Error 1
"make -r all" terminated with exit code 2. Build might be incomplete.
10:23:31 **** Incremental Build of configuration Debug for project Libreria_LPC845 ****
make -r all 
Building file: ../source/hpl/HPL_PININT.c
Invoking: MCU C Compiler
arm-none-eabi-gcc -D__REDLIB__ -DCPU_LPC845M301JBD48 -DCPU_LPC845M301JBD48_cm0plus -DSDK_DEBUGCONSOLE=1 -DCR_INTEGER_PRINTF -DPRINTF_FLOAT_ENABLE=0 -D__MCUXPRESSO -DDEBUG -I"/home/augusto/Desktop/InfoII/Libreria_AJS/Libreria_LPC845/includes" -I"/home/augusto/Desktop/InfoII/Libreria_AJS/Libreria_LPC845/includes/hpl" -I"/home/augusto/Desktop/InfoII/Libreria_AJS/Libreria_LPC845/includes/hri" -O0 -fno-common -g3 -Wall -c -ffunction-sections -fdata-sections -ffreestanding -fno-builtin -mcpu=cortex-m0plus -mthumb -D__REDLIB__ -fstack-usage -specs=redlib.specs -MMD -MP -MF"source/hpl/HPL_PININT.d" -MT"source/hpl/HPL_PININT.o" -MT"source/hpl/HPL_PININT.d" -o "source/hpl/HPL_PININT.o" "../source/hpl/HPL_PININT.c"
Finished building: ../source/hpl/HPL_PININT.c
 
Building file: ../source/hpl/HPL_SWM.c
Invoking: MCU C Compiler
arm-none-eabi-gcc -D__REDLIB__ -DCPU_LPC845M301JBD48 -DCPU_LPC845M301JBD48_cm0plus -DSDK_DEBUGCONSOLE=1 -DCR_INTEGER_PRINTF -DPRINTF_FLOAT_ENABLE=0 -D__MCUXPRESSO -DDEBUG -I"/home/augusto/Desktop/InfoII/Libreria_AJS/Libreria_LPC845/includes" -I"/home/augusto/Desktop/InfoII/Libreria_AJS/Libreria_LPC845/includes/hpl" -I"/home/augusto/Desktop/InfoII/Libreria_AJS/Libreria_LPC845/includes/hri" -O0 -fno-common -g3 -Wall -c -ffunction-sections -fdata-sections -ffreestanding -fno-builtin -mcpu=cortex-m0plus -mthumb -D__REDLIB__ -fstack-usage -specs=redlib.specs -MMD -MP -MF"source/hpl/HPL_SWM.d" -MT"source/hpl/HPL_SWM.o" -MT"source/hpl/HPL_SWM.d" -o "source/hpl/HPL_SWM.o" "../source/hpl/HPL_SWM.c"
../source/hpl/HPL_SWM.c:9:10: fatal error: tipos.h: No such file or directory
 #include <tipos.h>
          ^~~~~~~~~
compilation terminated.
make: *** [source/hpl/HPL_SWM.o] Error 1
source/hpl/subdir.mk:45: recipe for target 'source/hpl/HPL_SWM.o' failed
"make -r all" terminated with exit code 2. Build might be incomplete.
10:23:35 **** Incremental Build of configuration Debug for project Libreria_LPC845 ****
make -r all 
Building file: ../source/hpl/HPL_SWM.c
Invoking: MCU C Compiler
arm-none-eabi-gcc -D__REDLIB__ -DCPU_LPC845M301JBD48 -DCPU_LPC845M301JBD48_cm0plus -DSDK_DEBUGCONSOLE=1 -DCR_INTEGER_PRINTF -DPRINTF_FLOAT_ENABLE=0 -D__MCUXPRESSO -DDEBUG -I"/home/augusto/Desktop/InfoII/Libreria_AJS/Libreria_LPC845/includes" -I"/home/augusto/Desktop/InfoII/Libreria_AJS/Libreria_LPC845/includes/hpl" -I"/home/augusto/Desktop/InfoII/Libreria_AJS/Libreria_LPC845/includes/hri" -O0 -fno-common -g3 -Wall -c -ffunction-sections -fdata-sections -ffreestanding -fno-builtin -mcpu=cortex-m0plus -mthumb -D__REDLIB__ -fstack-usage -specs=redlib.specs -MMD -MP -MF"source/hpl/HPL_SWM.d" -MT"source/hpl/HPL_SWM.o" -MT"source/hpl/HPL_SWM.d" -o "source/hpl/HPL_SWM.o" "../source/hpl/HPL_SWM.c"
Finished building: ../source/hpl/HPL_SWM.c
 
Building file: ../source/hpl/HPL_SYSCON.c
Invoking: MCU C Compiler
arm-none-eabi-gcc -D__REDLIB__ -DCPU_LPC845M301JBD48 -DCPU_LPC845M301JBD48_cm0plus -DSDK_DEBUGCONSOLE=1 -DCR_INTEGER_PRINTF -DPRINTF_FLOAT_ENABLE=0 -D__MCUXPRESSO -DDEBUG -I"/home/augusto/Desktop/InfoII/Libreria_AJS/Libreria_LPC845/includes" -I"/home/augusto/Desktop/InfoII/Libreria_AJS/Libreria_LPC845/includes/hpl" -I"/home/augusto/Desktop/InfoII/Libreria_AJS/Libreria_LPC845/includes/hri" -O0 -fno-common -g3 -Wall -c -ffunction-sections -fdata-sections -ffreestanding -fno-builtin -mcpu=cortex-m0plus -mthumb -D__REDLIB__ -fstack-usage -specs=redlib.specs -MMD -MP -MF"source/hpl/HPL_SYSCON.d" -MT"source/hpl/HPL_SYSCON.o" -MT"source/hpl/HPL_SYSCON.d" -o "source/hpl/HPL_SYSCON.o" "../source/hpl/HPL_SYSCON.c"
../source/hpl/HPL_SYSCON.c:9:10: fatal error: tipos.h: No such file or directory
 #include <tipos.h>
          ^~~~~~~~~
compilation terminated.
source/hpl/subdir.mk:45: recipe for target 'source/hpl/HPL_SYSCON.o' failed
make: *** [source/hpl/HPL_SYSCON.o] Error 1
"make -r all" terminated with exit code 2. Build might be incomplete.
10:23:40 **** Incremental Build of configuration Debug for project Libreria_LPC845 ****
make -r all 
Building file: ../source/hpl/HPL_SYSCON.c
Invoking: MCU C Compiler
arm-none-eabi-gcc -D__REDLIB__ -DCPU_LPC845M301JBD48 -DCPU_LPC845M301JBD48_cm0plus -DSDK_DEBUGCONSOLE=1 -DCR_INTEGER_PRINTF -DPRINTF_FLOAT_ENABLE=0 -D__MCUXPRESSO -DDEBUG -I"/home/augusto/Desktop/InfoII/Libreria_AJS/Libreria_LPC845/includes" -I"/home/augusto/Desktop/InfoII/Libreria_AJS/Libreria_LPC845/includes/hpl" -I"/home/augusto/Desktop/InfoII/Libreria_AJS/Libreria_LPC845/includes/hri" -O0 -fno-common -g3 -Wall -c -ffunction-sections -fdata-sections -ffreestanding -fno-builtin -mcpu=cortex-m0plus -mthumb -D__REDLIB__ -fstack-usage -specs=redlib.specs -MMD -MP -MF"source/hpl/HPL_SYSCON.d" -MT"source/hpl/HPL_SYSCON.o" -MT"source/hpl/HPL_SYSCON.d" -o "source/hpl/HPL_SYSCON.o" "../source/hpl/HPL_SYSCON.c"
Finished building: ../source/hpl/HPL_SYSCON.c
 
Building file: ../source/hpl/HPL_SYSTICK.c
Invoking: MCU C Compiler
arm-none-eabi-gcc -D__REDLIB__ -DCPU_LPC845M301JBD48 -DCPU_LPC845M301JBD48_cm0plus -DSDK_DEBUGCONSOLE=1 -DCR_INTEGER_PRINTF -DPRINTF_FLOAT_ENABLE=0 -D__MCUXPRESSO -DDEBUG -I"/home/augusto/Desktop/InfoII/Libreria_AJS/Libreria_LPC845/includes" -I"/home/augusto/Desktop/InfoII/Libreria_AJS/Libreria_LPC845/includes/hpl" -I"/home/augusto/Desktop/InfoII/Libreria_AJS/Libreria_LPC845/includes/hri" -O0 -fno-common -g3 -Wall -c -ffunction-sections -fdata-sections -ffreestanding -fno-builtin -mcpu=cortex-m0plus -mthumb -D__REDLIB__ -fstack-usage -specs=redlib.specs -MMD -MP -MF"source/hpl/HPL_SYSTICK.d" -MT"source/hpl/HPL_SYSTICK.o" -MT"source/hpl/HPL_SYSTICK.d" -o "source/hpl/HPL_SYSTICK.o" "../source/hpl/HPL_SYSTICK.c"
../source/hpl/HPL_SYSTICK.c:10:10: fatal error: tipos.h: No such file or directory
 #include <tipos.h>
          ^~~~~~~~~
compilation terminated.
make: *** [source/hpl/HPL_SYSTICK.o] Error 1
source/hpl/subdir.mk:45: recipe for target 'source/hpl/HPL_SYSTICK.o' failed
"make -r all" terminated with exit code 2. Build might be incomplete.
10:23:47 **** Incremental Build of configuration Debug for project Libreria_LPC845 ****
make -r all 
Building file: ../source/hpl/HPL_SYSTICK.c
Invoking: MCU C Compiler
arm-none-eabi-gcc -D__REDLIB__ -DCPU_LPC845M301JBD48 -DCPU_LPC845M301JBD48_cm0plus -DSDK_DEBUGCONSOLE=1 -DCR_INTEGER_PRINTF -DPRINTF_FLOAT_ENABLE=0 -D__MCUXPRESSO -DDEBUG -I"/home/augusto/Desktop/InfoII/Libreria_AJS/Libreria_LPC845/includes" -I"/home/augusto/Desktop/InfoII/Libreria_AJS/Libreria_LPC845/includes/hpl" -I"/home/augusto/Desktop/InfoII/Libreria_AJS/Libreria_LPC845/includes/hri" -O0 -fno-common -g3 -Wall -c -ffunction-sections -fdata-sections -ffreestanding -fno-builtin -mcpu=cortex-m0plus -mthumb -D__REDLIB__ -fstack-usage -specs=redlib.specs -MMD -MP -MF"source/hpl/HPL_SYSTICK.d" -MT"source/hpl/HPL_SYSTICK.o" -MT"source/hpl/HPL_SYSTICK.d" -o "source/hpl/HPL_SYSTICK.o" "../source/hpl/HPL_SYSTICK.c"
../source/hpl/HPL_SYSTICK.c:10:10: fatal error: tipos.h: No such file or directory
 #include <tipos.h>
          ^~~~~~~~~
compilation terminated.
make: *** [source/hpl/HPL_SYSTICK.o] Error 1
source/hpl/subdir.mk:45: recipe for target 'source/hpl/HPL_SYSTICK.o' failed
"make -r all" terminated with exit code 2. Build might be incomplete.
10:23:49 **** Incremental Build of configuration Debug for project Libreria_LPC845 ****
make -r all 
Building file: ../source/hpl/HPL_SYSTICK.c
Invoking: MCU C Compiler
arm-none-eabi-gcc -D__REDLIB__ -DCPU_LPC845M301JBD48 -DCPU_LPC845M301JBD48_cm0plus -DSDK_DEBUGCONSOLE=1 -DCR_INTEGER_PRINTF -DPRINTF_FLOAT_ENABLE=0 -D__MCUXPRESSO -DDEBUG -I"/home/augusto/Desktop/InfoII/Libreria_AJS/Libreria_LPC845/includes" -I"/home/augusto/Desktop/InfoII/Libreria_AJS/Libreria_LPC845/includes/hpl" -I"/home/augusto/Desktop/InfoII/Libreria_AJS/Libreria_LPC845/includes/hri" -O0 -fno-common -g3 -Wall -c -ffunction-sections -fdata-sections -ffreestanding -fno-builtin -mcpu=cortex-m0plus -mthumb -D__REDLIB__ -fstack-usage -specs=redlib.specs -MMD -MP -MF"source/hpl/HPL_SYSTICK.d" -MT"source/hpl/HPL_SYSTICK.o" -MT"source/hpl/HPL_SYSTICK.d" -o "source/hpl/HPL_SYSTICK.o" "../source/hpl/HPL_SYSTICK.c"
Finished building: ../source/hpl/HPL_SYSTICK.c
 
Building file: ../source/hpl/HPL_UART.c
Invoking: MCU C Compiler
arm-none-eabi-gcc -D__REDLIB__ -DCPU_LPC845M301JBD48 -DCPU_LPC845M301JBD48_cm0plus -DSDK_DEBUGCONSOLE=1 -DCR_INTEGER_PRINTF -DPRINTF_FLOAT_ENABLE=0 -D__MCUXPRESSO -DDEBUG -I"/home/augusto/Desktop/InfoII/Libreria_AJS/Libreria_LPC845/includes" -I"/home/augusto/Desktop/InfoII/Libreria_AJS/Libreria_LPC845/includes/hpl" -I"/home/augusto/Desktop/InfoII/Libreria_AJS/Libreria_LPC845/includes/hri" -O0 -fno-common -g3 -Wall -c -ffunction-sections -fdata-sections -ffreestanding -fno-builtin -mcpu=cortex-m0plus -mthumb -D__REDLIB__ -fstack-usage -specs=redlib.specs -MMD -MP -MF"source/hpl/HPL_UART.d" -MT"source/hpl/HPL_UART.o" -MT"source/hpl/HPL_UART.d" -o "source/hpl/HPL_UART.o" "../source/hpl/HPL_UART.c"
../source/hpl/HPL_UART.c:10:10: fatal error: tipos.h: No such file or directory
 #include <tipos.h>
          ^~~~~~~~~
compilation terminated.
make: *** [source/hpl/HPL_UART.o] Error 1
source/hpl/subdir.mk:45: recipe for target 'source/hpl/HPL_UART.o' failed
"make -r all" terminated with exit code 2. Build might be incomplete.
10:23:53 **** Incremental Build of configuration Debug for project Libreria_LPC845 ****
make -r all 
Building file: ../source/hpl/HPL_UART.c
Invoking: MCU C Compiler
arm-none-eabi-gcc -D__REDLIB__ -DCPU_LPC845M301JBD48 -DCPU_LPC845M301JBD48_cm0plus -DSDK_DEBUGCONSOLE=1 -DCR_INTEGER_PRINTF -DPRINTF_FLOAT_ENABLE=0 -D__MCUXPRESSO -DDEBUG -I"/home/augusto/Desktop/InfoII/Libreria_AJS/Libreria_LPC845/includes" -I"/home/augusto/Desktop/InfoII/Libreria_AJS/Libreria_LPC845/includes/hpl" -I"/home/augusto/Desktop/InfoII/Libreria_AJS/Libreria_LPC845/includes/hri" -O0 -fno-common -g3 -Wall -c -ffunction-sections -fdata-sections -ffreestanding -fno-builtin -mcpu=cortex-m0plus -mthumb -D__REDLIB__ -fstack-usage -specs=redlib.specs -MMD -MP -MF"source/hpl/HPL_UART.d" -MT"source/hpl/HPL_UART.o" -MT"source/hpl/HPL_UART.d" -o "source/hpl/HPL_UART.o" "../source/hpl/HPL_UART.c"
Finished building: ../source/hpl/HPL_UART.c
 
Building target: libLibreria_LPC845.a
Invoking: MCU Archiver
arm-none-eabi-ar -r  "libLibreria_LPC845.a"  ./source/hpl/HPL_ADC.o ./source/hpl/HPL_DAC.o ./source/hpl/HPL_GPIO.o ./source/hpl/HPL_IOCON.o ./source/hpl/HPL_NVIC.o ./source/hpl/HPL_PININT.o ./source/hpl/HPL_SWM.o ./source/hpl/HPL_SYSCON.o ./source/hpl/HPL_SYSTICK.o ./source/hpl/HPL_UART.o  ./source/mtb.o   
arm-none-eabi-ar: creating libLibreria_LPC845.a
Finished building target: libLibreria_LPC845.a
 
make --no-print-directory post-build
Performing post-build steps
arm-none-eabi-size "libLibreria_LPC845.a" ; # arm-none-eabi-objdump -h -S "libLibreria_LPC845.a" >"libLibreria_LPC845.lss"
   text	   data	    bss	    dec	    hex	filename
   1308	      0	      4	   1312	    520	HPL_ADC.o (ex libLibreria_LPC845.a)
    384	      0	      0	    384	    180	HPL_DAC.o (ex libLibreria_LPC845.a)
   1304	      0	      0	   1304	    518	HPL_GPIO.o (ex libLibreria_LPC845.a)
   1176	      0	      0	   1176	    498	HPL_IOCON.o (ex libLibreria_LPC845.a)
      4	      0	      0	      4	      4	HPL_NVIC.o (ex libLibreria_LPC845.a)
   1364	      0	     32	   1396	    574	HPL_PININT.o (ex libLibreria_LPC845.a)
      4	      0	      0	      4	      4	HPL_SWM.o (ex libLibreria_LPC845.a)
     24	      4	      0	     28	     1c	HPL_SYSCON.o (ex libLibreria_LPC845.a)
    216	      0	      4	    220	     dc	HPL_SYSTICK.o (ex libLibreria_LPC845.a)
   2122	      0	     40	   2162	    872	HPL_UART.o (ex libLibreria_LPC845.a)
      0	    128	      0	    128	     80	mtb.o (ex libLibreria_LPC845.a)
 
10:39:37 **** Clean-only build of configuration Debug for project Libreria_LPC845 ****
make -r clean 
rm -rf  ./source/hpl/HPL_ADC.o ./source/hpl/HPL_DAC.o ./source/hpl/HPL_GPIO.o ./source/hpl/HPL_IOCON.o ./source/hpl/HPL_NVIC.o ./source/hpl/HPL_PININT.o ./source/hpl/HPL_SWM.o ./source/hpl/HPL_SYSCON.o ./source/hpl/HPL_SYSTICK.o ./source/hpl/HPL_UART.o  ./source/mtb.o  ./source/hpl/HPL_ADC.d ./source/hpl/HPL_DAC.d ./source/hpl/HPL_GPIO.d ./source/hpl/HPL_IOCON.d ./source/hpl/HPL_NVIC.d ./source/hpl/HPL_PININT.d ./source/hpl/HPL_SWM.d ./source/hpl/HPL_SYSCON.d ./source/hpl/HPL_SYSTICK.d ./source/hpl/HPL_UART.d  ./source/mtb.d  libLibreria_LPC845.a
 
10:39:38 **** Incremental Build of configuration Debug for project Libreria_LPC845 ****
make -r all 
Building file: ../source/infotronic/teclado.c
Invoking: MCU C Compiler
arm-none-eabi-gcc -D__REDLIB__ -DCPU_LPC845M301JBD48 -DCPU_LPC845M301JBD48_cm0plus -DSDK_DEBUGCONSOLE=1 -DCR_INTEGER_PRINTF -DPRINTF_FLOAT_ENABLE=0 -D__MCUXPRESSO -DDEBUG -I"/home/augusto/Desktop/InfoII/Libreria_AJS/Libreria_LPC845/includes" -I"/home/augusto/Desktop/InfoII/Libreria_AJS/Libreria_LPC845/includes/hpl" -I"/home/augusto/Desktop/InfoII/Libreria_AJS/Libreria_LPC845/includes/hri" -O0 -fno-common -g3 -Wall -c -ffunction-sections -fdata-sections -ffreestanding -fno-builtin -mcpu=cortex-m0plus -mthumb -D__REDLIB__ -fstack-usage -specs=redlib.specs -MMD -MP -MF"source/infotronic/teclado.d" -MT"source/infotronic/teclado.o" -MT"source/infotronic/teclado.d" -o "source/infotronic/teclado.o" "../source/infotronic/teclado.c"
Finished building: ../source/infotronic/teclado.c
 
Building file: ../source/hpl/HPL_ADC.c
Invoking: MCU C Compiler
arm-none-eabi-gcc -D__REDLIB__ -DCPU_LPC845M301JBD48 -DCPU_LPC845M301JBD48_cm0plus -DSDK_DEBUGCONSOLE=1 -DCR_INTEGER_PRINTF -DPRINTF_FLOAT_ENABLE=0 -D__MCUXPRESSO -DDEBUG -I"/home/augusto/Desktop/InfoII/Libreria_AJS/Libreria_LPC845/includes" -I"/home/augusto/Desktop/InfoII/Libreria_AJS/Libreria_LPC845/includes/hpl" -I"/home/augusto/Desktop/InfoII/Libreria_AJS/Libreria_LPC845/includes/hri" -O0 -fno-common -g3 -Wall -c -ffunction-sections -fdata-sections -ffreestanding -fno-builtin -mcpu=cortex-m0plus -mthumb -D__REDLIB__ -fstack-usage -specs=redlib.specs -MMD -MP -MF"source/hpl/HPL_ADC.d" -MT"source/hpl/HPL_ADC.o" -MT"source/hpl/HPL_ADC.d" -o "source/hpl/HPL_ADC.o" "../source/hpl/HPL_ADC.c"
Finished building: ../source/hpl/HPL_ADC.c
 
Building file: ../source/hpl/HPL_DAC.c
Invoking: MCU C Compiler
arm-none-eabi-gcc -D__REDLIB__ -DCPU_LPC845M301JBD48 -DCPU_LPC845M301JBD48_cm0plus -DSDK_DEBUGCONSOLE=1 -DCR_INTEGER_PRINTF -DPRINTF_FLOAT_ENABLE=0 -D__MCUXPRESSO -DDEBUG -I"/home/augusto/Desktop/InfoII/Libreria_AJS/Libreria_LPC845/includes" -I"/home/augusto/Desktop/InfoII/Libreria_AJS/Libreria_LPC845/includes/hpl" -I"/home/augusto/Desktop/InfoII/Libreria_AJS/Libreria_LPC845/includes/hri" -O0 -fno-common -g3 -Wall -c -ffunction-sections -fdata-sections -ffreestanding -fno-builtin -mcpu=cortex-m0plus -mthumb -D__REDLIB__ -fstack-usage -specs=redlib.specs -MMD -MP -MF"source/hpl/HPL_DAC.d" -MT"source/hpl/HPL_DAC.o" -MT"source/hpl/HPL_DAC.d" -o "source/hpl/HPL_DAC.o" "../source/hpl/HPL_DAC.c"
Finished building: ../source/hpl/HPL_DAC.c
 
Building file: ../source/hpl/HPL_GPIO.c
Invoking: MCU C Compiler
arm-none-eabi-gcc -D__REDLIB__ -DCPU_LPC845M301JBD48 -DCPU_LPC845M301JBD48_cm0plus -DSDK_DEBUGCONSOLE=1 -DCR_INTEGER_PRINTF -DPRINTF_FLOAT_ENABLE=0 -D__MCUXPRESSO -DDEBUG -I"/home/augusto/Desktop/InfoII/Libreria_AJS/Libreria_LPC845/includes" -I"/home/augusto/Desktop/InfoII/Libreria_AJS/Libreria_LPC845/includes/hpl" -I"/home/augusto/Desktop/InfoII/Libreria_AJS/Libreria_LPC845/includes/hri" -O0 -fno-common -g3 -Wall -c -ffunction-sections -fdata-sections -ffreestanding -fno-builtin -mcpu=cortex-m0plus -mthumb -D__REDLIB__ -fstack-usage -specs=redlib.specs -MMD -MP -MF"source/hpl/HPL_GPIO.d" -MT"source/hpl/HPL_GPIO.o" -MT"source/hpl/HPL_GPIO.d" -o "source/hpl/HPL_GPIO.o" "../source/hpl/HPL_GPIO.c"
Finished building: ../source/hpl/HPL_GPIO.c
 
Building file: ../source/hpl/HPL_IOCON.c
Invoking: MCU C Compiler
arm-none-eabi-gcc -D__REDLIB__ -DCPU_LPC845M301JBD48 -DCPU_LPC845M301JBD48_cm0plus -DSDK_DEBUGCONSOLE=1 -DCR_INTEGER_PRINTF -DPRINTF_FLOAT_ENABLE=0 -D__MCUXPRESSO -DDEBUG -I"/home/augusto/Desktop/InfoII/Libreria_AJS/Libreria_LPC845/includes" -I"/home/augusto/Desktop/InfoII/Libreria_AJS/Libreria_LPC845/includes/hpl" -I"/home/augusto/Desktop/InfoII/Libreria_AJS/Libreria_LPC845/includes/hri" -O0 -fno-common -g3 -Wall -c -ffunction-sections -fdata-sections -ffreestanding -fno-builtin -mcpu=cortex-m0plus -mthumb -D__REDLIB__ -fstack-usage -specs=redlib.specs -MMD -MP -MF"source/hpl/HPL_IOCON.d" -MT"source/hpl/HPL_IOCON.o" -MT"source/hpl/HPL_IOCON.d" -o "source/hpl/HPL_IOCON.o" "../source/hpl/HPL_IOCON.c"
Finished building: ../source/hpl/HPL_IOCON.c
 
Building file: ../source/hpl/HPL_NVIC.c
Invoking: MCU C Compiler
arm-none-eabi-gcc -D__REDLIB__ -DCPU_LPC845M301JBD48 -DCPU_LPC845M301JBD48_cm0plus -DSDK_DEBUGCONSOLE=1 -DCR_INTEGER_PRINTF -DPRINTF_FLOAT_ENABLE=0 -D__MCUXPRESSO -DDEBUG -I"/home/augusto/Desktop/InfoII/Libreria_AJS/Libreria_LPC845/includes" -I"/home/augusto/Desktop/InfoII/Libreria_AJS/Libreria_LPC845/includes/hpl" -I"/home/augusto/Desktop/InfoII/Libreria_AJS/Libreria_LPC845/includes/hri" -O0 -fno-common -g3 -Wall -c -ffunction-sections -fdata-sections -ffreestanding -fno-builtin -mcpu=cortex-m0plus -mthumb -D__REDLIB__ -fstack-usage -specs=redlib.specs -MMD -MP -MF"source/hpl/HPL_NVIC.d" -MT"source/hpl/HPL_NVIC.o" -MT"source/hpl/HPL_NVIC.d" -o "source/hpl/HPL_NVIC.o" "../source/hpl/HPL_NVIC.c"
Finished building: ../source/hpl/HPL_NVIC.c
 
Building file: ../source/hpl/HPL_PININT.c
Invoking: MCU C Compiler
arm-none-eabi-gcc -D__REDLIB__ -DCPU_LPC845M301JBD48 -DCPU_LPC845M301JBD48_cm0plus -DSDK_DEBUGCONSOLE=1 -DCR_INTEGER_PRINTF -DPRINTF_FLOAT_ENABLE=0 -D__MCUXPRESSO -DDEBUG -I"/home/augusto/Desktop/InfoII/Libreria_AJS/Libreria_LPC845/includes" -I"/home/augusto/Desktop/InfoII/Libreria_AJS/Libreria_LPC845/includes/hpl" -I"/home/augusto/Desktop/InfoII/Libreria_AJS/Libreria_LPC845/includes/hri" -O0 -fno-common -g3 -Wall -c -ffunction-sections -fdata-sections -ffreestanding -fno-builtin -mcpu=cortex-m0plus -mthumb -D__REDLIB__ -fstack-usage -specs=redlib.specs -MMD -MP -MF"source/hpl/HPL_PININT.d" -MT"source/hpl/HPL_PININT.o" -MT"source/hpl/HPL_PININT.d" -o "source/hpl/HPL_PININT.o" "../source/hpl/HPL_PININT.c"
Finished building: ../source/hpl/HPL_PININT.c
 
Building file: ../source/hpl/HPL_SWM.c
Invoking: MCU C Compiler
arm-none-eabi-gcc -D__REDLIB__ -DCPU_LPC845M301JBD48 -DCPU_LPC845M301JBD48_cm0plus -DSDK_DEBUGCONSOLE=1 -DCR_INTEGER_PRINTF -DPRINTF_FLOAT_ENABLE=0 -D__MCUXPRESSO -DDEBUG -I"/home/augusto/Desktop/InfoII/Libreria_AJS/Libreria_LPC845/includes" -I"/home/augusto/Desktop/InfoII/Libreria_AJS/Libreria_LPC845/includes/hpl" -I"/home/augusto/Desktop/InfoII/Libreria_AJS/Libreria_LPC845/includes/hri" -O0 -fno-common -g3 -Wall -c -ffunction-sections -fdata-sections -ffreestanding -fno-builtin -mcpu=cortex-m0plus -mthumb -D__REDLIB__ -fstack-usage -specs=redlib.specs -MMD -MP -MF"source/hpl/HPL_SWM.d" -MT"source/hpl/HPL_SWM.o" -MT"source/hpl/HPL_SWM.d" -o "source/hpl/HPL_SWM.o" "../source/hpl/HPL_SWM.c"
Finished building: ../source/hpl/HPL_SWM.c
 
Building file: ../source/hpl/HPL_SYSCON.c
Invoking: MCU C Compiler
arm-none-eabi-gcc -D__REDLIB__ -DCPU_LPC845M301JBD48 -DCPU_LPC845M301JBD48_cm0plus -DSDK_DEBUGCONSOLE=1 -DCR_INTEGER_PRINTF -DPRINTF_FLOAT_ENABLE=0 -D__MCUXPRESSO -DDEBUG -I"/home/augusto/Desktop/InfoII/Libreria_AJS/Libreria_LPC845/includes" -I"/home/augusto/Desktop/InfoII/Libreria_AJS/Libreria_LPC845/includes/hpl" -I"/home/augusto/Desktop/InfoII/Libreria_AJS/Libreria_LPC845/includes/hri" -O0 -fno-common -g3 -Wall -c -ffunction-sections -fdata-sections -ffreestanding -fno-builtin -mcpu=cortex-m0plus -mthumb -D__REDLIB__ -fstack-usage -specs=redlib.specs -MMD -MP -MF"source/hpl/HPL_SYSCON.d" -MT"source/hpl/HPL_SYSCON.o" -MT"source/hpl/HPL_SYSCON.d" -o "source/hpl/HPL_SYSCON.o" "../source/hpl/HPL_SYSCON.c"
Finished building: ../source/hpl/HPL_SYSCON.c
 
Building file: ../source/hpl/HPL_SYSTICK.c
Invoking: MCU C Compiler
arm-none-eabi-gcc -D__REDLIB__ -DCPU_LPC845M301JBD48 -DCPU_LPC845M301JBD48_cm0plus -DSDK_DEBUGCONSOLE=1 -DCR_INTEGER_PRINTF -DPRINTF_FLOAT_ENABLE=0 -D__MCUXPRESSO -DDEBUG -I"/home/augusto/Desktop/InfoII/Libreria_AJS/Libreria_LPC845/includes" -I"/home/augusto/Desktop/InfoII/Libreria_AJS/Libreria_LPC845/includes/hpl" -I"/home/augusto/Desktop/InfoII/Libreria_AJS/Libreria_LPC845/includes/hri" -O0 -fno-common -g3 -Wall -c -ffunction-sections -fdata-sections -ffreestanding -fno-builtin -mcpu=cortex-m0plus -mthumb -D__REDLIB__ -fstack-usage -specs=redlib.specs -MMD -MP -MF"source/hpl/HPL_SYSTICK.d" -MT"source/hpl/HPL_SYSTICK.o" -MT"source/hpl/HPL_SYSTICK.d" -o "source/hpl/HPL_SYSTICK.o" "../source/hpl/HPL_SYSTICK.c"
Finished building: ../source/hpl/HPL_SYSTICK.c
 
Building file: ../source/hpl/HPL_UART.c
Invoking: MCU C Compiler
arm-none-eabi-gcc -D__REDLIB__ -DCPU_LPC845M301JBD48 -DCPU_LPC845M301JBD48_cm0plus -DSDK_DEBUGCONSOLE=1 -DCR_INTEGER_PRINTF -DPRINTF_FLOAT_ENABLE=0 -D__MCUXPRESSO -DDEBUG -I"/home/augusto/Desktop/InfoII/Libreria_AJS/Libreria_LPC845/includes" -I"/home/augusto/Desktop/InfoII/Libreria_AJS/Libreria_LPC845/includes/hpl" -I"/home/augusto/Desktop/InfoII/Libreria_AJS/Libreria_LPC845/includes/hri" -O0 -fno-common -g3 -Wall -c -ffunction-sections -fdata-sections -ffreestanding -fno-builtin -mcpu=cortex-m0plus -mthumb -D__REDLIB__ -fstack-usage -specs=redlib.specs -MMD -MP -MF"source/hpl/HPL_UART.d" -MT"source/hpl/HPL_UART.o" -MT"source/hpl/HPL_UART.d" -o "source/hpl/HPL_UART.o" "../source/hpl/HPL_UART.c"
Finished building: ../source/hpl/HPL_UART.c
 
Building file: ../source/mtb.c
Invoking: MCU C Compiler
arm-none-eabi-gcc -D__REDLIB__ -DCPU_LPC845M301JBD48 -DCPU_LPC845M301JBD48_cm0plus -DSDK_DEBUGCONSOLE=1 -DCR_INTEGER_PRINTF -DPRINTF_FLOAT_ENABLE=0 -D__MCUXPRESSO -DDEBUG -I"/home/augusto/Desktop/InfoII/Libreria_AJS/Libreria_LPC845/includes" -I"/home/augusto/Desktop/InfoII/Libreria_AJS/Libreria_LPC845/includes/hpl" -I"/home/augusto/Desktop/InfoII/Libreria_AJS/Libreria_LPC845/includes/hri" -O0 -fno-common -g3 -Wall -c -ffunction-sections -fdata-sections -ffreestanding -fno-builtin -mcpu=cortex-m0plus -mthumb -D__REDLIB__ -fstack-usage -specs=redlib.specs -MMD -MP -MF"source/mtb.d" -MT"source/mtb.o" -MT"source/mtb.d" -o "source/mtb.o" "../source/mtb.c"
Finished building: ../source/mtb.c
 
Building target: libLibreria_LPC845.a
Invoking: MCU Archiver
arm-none-eabi-ar -r  "libLibreria_LPC845.a"  ./source/infotronic/teclado.o  ./source/hpl/HPL_ADC.o ./source/hpl/HPL_DAC.o ./source/hpl/HPL_GPIO.o ./source/hpl/HPL_IOCON.o ./source/hpl/HPL_NVIC.o ./source/hpl/HPL_PININT.o ./source/hpl/HPL_SWM.o ./source/hpl/HPL_SYSCON.o ./source/hpl/HPL_SYSTICK.o ./source/hpl/HPL_UART.o  ./source/mtb.o   
arm-none-eabi-ar: creating libLibreria_LPC845.a
Finished building target: libLibreria_LPC845.a
 
make --no-print-directory post-build
Performing post-build steps
arm-none-eabi-size "libLibreria_LPC845.a" ; # arm-none-eabi-objdump -h -S "libLibreria_LPC845.a" >"libLibreria_LPC845.lss"
   text	   data	    bss	    dec	    hex	filename
    154	      0	      0	    154	     9a	teclado.o (ex libLibreria_LPC845.a)
   1308	      0	      4	   1312	    520	HPL_ADC.o (ex libLibreria_LPC845.a)
    384	      0	      0	    384	    180	HPL_DAC.o (ex libLibreria_LPC845.a)
   1304	      0	      0	   1304	    518	HPL_GPIO.o (ex libLibreria_LPC845.a)
   1176	      0	      0	   1176	    498	HPL_IOCON.o (ex libLibreria_LPC845.a)
      4	      0	      0	      4	      4	HPL_NVIC.o (ex libLibreria_LPC845.a)
   1364	      0	     32	   1396	    574	HPL_PININT.o (ex libLibreria_LPC845.a)
      4	      0	      0	      4	      4	HPL_SWM.o (ex libLibreria_LPC845.a)
     24	      4	      0	     28	     1c	HPL_SYSCON.o (ex libLibreria_LPC845.a)
    216	      0	      4	    220	     dc	HPL_SYSTICK.o (ex libLibreria_LPC845.a)
   2122	      0	     40	   2162	    872	HPL_UART.o (ex libLibreria_LPC845.a)
      0	    128	      0	    128	     80	mtb.o (ex libLibreria_LPC845.a)
 
11:34:11 **** Incremental Build of configuration Debug for project Libreria_LPC845 ****
make -r all 
Building file: ../source/infotronic/infotronic.c
Invoking: MCU C Compiler
arm-none-eabi-gcc -D__REDLIB__ -DCPU_LPC845M301JBD48 -DCPU_LPC845M301JBD48_cm0plus -DSDK_DEBUGCONSOLE=1 -DCR_INTEGER_PRINTF -DPRINTF_FLOAT_ENABLE=0 -D__MCUXPRESSO -DDEBUG -I"/home/augusto/Desktop/InfoII/Libreria_AJS/Libreria_LPC845/includes" -I"/home/augusto/Desktop/InfoII/Libreria_AJS/Libreria_LPC845/includes/infotronic" -I"/home/augusto/Desktop/InfoII/Libreria_AJS/Libreria_LPC845/includes/hpl" -I"/home/augusto/Desktop/InfoII/Libreria_AJS/Libreria_LPC845/includes/hri" -O0 -fno-common -g3 -Wall -c -ffunction-sections -fdata-sections -ffreestanding -fno-builtin -mcpu=cortex-m0plus -mthumb -D__REDLIB__ -fstack-usage -specs=redlib.specs -MMD -MP -MF"source/infotronic/infotronic.d" -MT"source/infotronic/infotronic.o" -MT"source/infotronic/infotronic.d" -o "source/infotronic/infotronic.o" "../source/infotronic/infotronic.c"
../source/infotronic/infotronic.c: In function 'infotronic_init':
../source/infotronic/infotronic.c:21:2: warning: implicit declaration of function 'IOCON_init'; did you mean '_exit_init'? [-Wimplicit-function-declaration]
  IOCON_init();
  ^~~~~~~~~~
  _exit_init
../source/infotronic/infotronic.c:22:2: warning: implicit declaration of function 'GPIO_init'; did you mean '_exit_init'? [-Wimplicit-function-declaration]
  GPIO_init(0);
  ^~~~~~~~~
  _exit_init
../source/infotronic/infotronic.c:27:2: warning: implicit declaration of function 'SYSTICK_init' [-Wimplicit-function-declaration]
  SYSTICK_init(1000, infotronic_systick_callback);
  ^~~~~~~~~~~~
Finished building: ../source/infotronic/infotronic.c
 
Building file: ../source/infotronic/teclado.c
Invoking: MCU C Compiler
arm-none-eabi-gcc -D__REDLIB__ -DCPU_LPC845M301JBD48 -DCPU_LPC845M301JBD48_cm0plus -DSDK_DEBUGCONSOLE=1 -DCR_INTEGER_PRINTF -DPRINTF_FLOAT_ENABLE=0 -D__MCUXPRESSO -DDEBUG -I"/home/augusto/Desktop/InfoII/Libreria_AJS/Libreria_LPC845/includes" -I"/home/augusto/Desktop/InfoII/Libreria_AJS/Libreria_LPC845/includes/infotronic" -I"/home/augusto/Desktop/InfoII/Libreria_AJS/Libreria_LPC845/includes/hpl" -I"/home/augusto/Desktop/InfoII/Libreria_AJS/Libreria_LPC845/includes/hri" -O0 -fno-common -g3 -Wall -c -ffunction-sections -fdata-sections -ffreestanding -fno-builtin -mcpu=cortex-m0plus -mthumb -D__REDLIB__ -fstack-usage -specs=redlib.specs -MMD -MP -MF"source/infotronic/teclado.d" -MT"source/infotronic/teclado.o" -MT"source/infotronic/teclado.d" -o "source/infotronic/teclado.o" "../source/infotronic/teclado.c"
../source/infotronic/teclado.c: In function 'teclado_init':
../source/infotronic/teclado.c:73:76: error: incompatible type for argument 3 of 'IOCON_config_io'
   IOCON_config_io(teclado_filas_port[counter], teclado_filas_pin[counter], pin_config);
                                                                            ^~~~~~~~~~
In file included from ../source/infotronic/teclado.c:12:
/home/augusto/Desktop/InfoII/Libreria_AJS/Libreria_LPC845/includes/hpl/HPL_IOCON.h:87:70: note: expected 'IOCON_config_t *' {aka 'struct <anonymous> *'} but argument is of type 'IOCON_config_t' {aka 'struct <anonymous>'}
 int32_t IOCON_config_io(uint32_t port, uint32_t pin, IOCON_config_t *pin_config);
                                                      ~~~~~~~~~~~~~~~~^~~~~~~~~~
../source/infotronic/teclado.c: At top level:
../source/infotronic/teclado.c:130:16: error: conflicting types for 'get_current_key'
 static uint8_t get_current_key(void)
                ^~~~~~~~~~~~~~~
../source/infotronic/teclado.c:48:17: note: previous declaration of 'get_current_key' was here
 static uint32_t get_current_key(void);
                 ^~~~~~~~~~~~~~~
../source/infotronic/teclado.c:48:17: warning: 'get_current_key' used but never defined
../source/infotronic/teclado.c:130:16: warning: 'get_current_key' defined but not used [-Wunused-function]
source/infotronic/subdir.mk:21: recipe for target 'source/infotronic/teclado.o' failed
 static uint8_t get_current_key(void)
                ^~~~~~~~~~~~~~~
make: *** [source/infotronic/teclado.o] Error 1
"make -r all" terminated with exit code 2. Build might be incomplete.
11:34:22 **** Incremental Build of configuration Debug for project Libreria_LPC845 ****
make -r all 
Building file: ../source/infotronic/teclado.c
Invoking: MCU C Compiler
arm-none-eabi-gcc -D__REDLIB__ -DCPU_LPC845M301JBD48 -DCPU_LPC845M301JBD48_cm0plus -DSDK_DEBUGCONSOLE=1 -DCR_INTEGER_PRINTF -DPRINTF_FLOAT_ENABLE=0 -D__MCUXPRESSO -DDEBUG -I"/home/augusto/Desktop/InfoII/Libreria_AJS/Libreria_LPC845/includes" -I"/home/augusto/Desktop/InfoII/Libreria_AJS/Libreria_LPC845/includes/infotronic" -I"/home/augusto/Desktop/InfoII/Libreria_AJS/Libreria_LPC845/includes/hpl" -I"/home/augusto/Desktop/InfoII/Libreria_AJS/Libreria_LPC845/includes/hri" -O0 -fno-common -g3 -Wall -c -ffunction-sections -fdata-sections -ffreestanding -fno-builtin -mcpu=cortex-m0plus -mthumb -D__REDLIB__ -fstack-usage -specs=redlib.specs -MMD -MP -MF"source/infotronic/teclado.d" -MT"source/infotronic/teclado.o" -MT"source/infotronic/teclado.d" -o "source/infotronic/teclado.o" "../source/infotronic/teclado.c"
../source/infotronic/teclado.c: In function 'teclado_init':
../source/infotronic/teclado.c:73:76: error: incompatible type for argument 3 of 'IOCON_config_io'
   IOCON_config_io(teclado_filas_port[counter], teclado_filas_pin[counter], pin_config);
                                                                            ^~~~~~~~~~
In file included from ../source/infotronic/teclado.c:12:
/home/augusto/Desktop/InfoII/Libreria_AJS/Libreria_LPC845/includes/hpl/HPL_IOCON.h:87:70: note: expected 'IOCON_config_t *' {aka 'struct <anonymous> *'} but argument is of type 'IOCON_config_t' {aka 'struct <anonymous>'}
 int32_t IOCON_config_io(uint32_t port, uint32_t pin, IOCON_config_t *pin_config);
                                                      ~~~~~~~~~~~~~~~~^~~~~~~~~~
source/infotronic/subdir.mk:21: recipe for target 'source/infotronic/teclado.o' failed
make: *** [source/infotronic/teclado.o] Error 1
"make -r all" terminated with exit code 2. Build might be incomplete.
11:34:33 **** Incremental Build of configuration Debug for project Libreria_LPC845 ****
make -r all 
Building file: ../source/infotronic/teclado.c
Invoking: MCU C Compiler
arm-none-eabi-gcc -D__REDLIB__ -DCPU_LPC845M301JBD48 -DCPU_LPC845M301JBD48_cm0plus -DSDK_DEBUGCONSOLE=1 -DCR_INTEGER_PRINTF -DPRINTF_FLOAT_ENABLE=0 -D__MCUXPRESSO -DDEBUG -I"/home/augusto/Desktop/InfoII/Libreria_AJS/Libreria_LPC845/includes" -I"/home/augusto/Desktop/InfoII/Libreria_AJS/Libreria_LPC845/includes/infotronic" -I"/home/augusto/Desktop/InfoII/Libreria_AJS/Libreria_LPC845/includes/hpl" -I"/home/augusto/Desktop/InfoII/Libreria_AJS/Libreria_LPC845/includes/hri" -O0 -fno-common -g3 -Wall -c -ffunction-sections -fdata-sections -ffreestanding -fno-builtin -mcpu=cortex-m0plus -mthumb -D__REDLIB__ -fstack-usage -specs=redlib.specs -MMD -MP -MF"source/infotronic/teclado.d" -MT"source/infotronic/teclado.o" -MT"source/infotronic/teclado.d" -o "source/infotronic/teclado.o" "../source/infotronic/teclado.c"
Finished building: ../source/infotronic/teclado.c
 
Building file: ../source/hpl/HPL_ADC.c
Invoking: MCU C Compiler
arm-none-eabi-gcc -D__REDLIB__ -DCPU_LPC845M301JBD48 -DCPU_LPC845M301JBD48_cm0plus -DSDK_DEBUGCONSOLE=1 -DCR_INTEGER_PRINTF -DPRINTF_FLOAT_ENABLE=0 -D__MCUXPRESSO -DDEBUG -I"/home/augusto/Desktop/InfoII/Libreria_AJS/Libreria_LPC845/includes" -I"/home/augusto/Desktop/InfoII/Libreria_AJS/Libreria_LPC845/includes/infotronic" -I"/home/augusto/Desktop/InfoII/Libreria_AJS/Libreria_LPC845/includes/hpl" -I"/home/augusto/Desktop/InfoII/Libreria_AJS/Libreria_LPC845/includes/hri" -O0 -fno-common -g3 -Wall -c -ffunction-sections -fdata-sections -ffreestanding -fno-builtin -mcpu=cortex-m0plus -mthumb -D__REDLIB__ -fstack-usage -specs=redlib.specs -MMD -MP -MF"source/hpl/HPL_ADC.d" -MT"source/hpl/HPL_ADC.o" -MT"source/hpl/HPL_ADC.d" -o "source/hpl/HPL_ADC.o" "../source/hpl/HPL_ADC.c"
Finished building: ../source/hpl/HPL_ADC.c
 
Building file: ../source/hpl/HPL_DAC.c
Invoking: MCU C Compiler
arm-none-eabi-gcc -D__REDLIB__ -DCPU_LPC845M301JBD48 -DCPU_LPC845M301JBD48_cm0plus -DSDK_DEBUGCONSOLE=1 -DCR_INTEGER_PRINTF -DPRINTF_FLOAT_ENABLE=0 -D__MCUXPRESSO -DDEBUG -I"/home/augusto/Desktop/InfoII/Libreria_AJS/Libreria_LPC845/includes" -I"/home/augusto/Desktop/InfoII/Libreria_AJS/Libreria_LPC845/includes/infotronic" -I"/home/augusto/Desktop/InfoII/Libreria_AJS/Libreria_LPC845/includes/hpl" -I"/home/augusto/Desktop/InfoII/Libreria_AJS/Libreria_LPC845/includes/hri" -O0 -fno-common -g3 -Wall -c -ffunction-sections -fdata-sections -ffreestanding -fno-builtin -mcpu=cortex-m0plus -mthumb -D__REDLIB__ -fstack-usage -specs=redlib.specs -MMD -MP -MF"source/hpl/HPL_DAC.d" -MT"source/hpl/HPL_DAC.o" -MT"source/hpl/HPL_DAC.d" -o "source/hpl/HPL_DAC.o" "../source/hpl/HPL_DAC.c"
Finished building: ../source/hpl/HPL_DAC.c
 
Building file: ../source/hpl/HPL_GPIO.c
Invoking: MCU C Compiler
arm-none-eabi-gcc -D__REDLIB__ -DCPU_LPC845M301JBD48 -DCPU_LPC845M301JBD48_cm0plus -DSDK_DEBUGCONSOLE=1 -DCR_INTEGER_PRINTF -DPRINTF_FLOAT_ENABLE=0 -D__MCUXPRESSO -DDEBUG -I"/home/augusto/Desktop/InfoII/Libreria_AJS/Libreria_LPC845/includes" -I"/home/augusto/Desktop/InfoII/Libreria_AJS/Libreria_LPC845/includes/infotronic" -I"/home/augusto/Desktop/InfoII/Libreria_AJS/Libreria_LPC845/includes/hpl" -I"/home/augusto/Desktop/InfoII/Libreria_AJS/Libreria_LPC845/includes/hri" -O0 -fno-common -g3 -Wall -c -ffunction-sections -fdata-sections -ffreestanding -fno-builtin -mcpu=cortex-m0plus -mthumb -D__REDLIB__ -fstack-usage -specs=redlib.specs -MMD -MP -MF"source/hpl/HPL_GPIO.d" -MT"source/hpl/HPL_GPIO.o" -MT"source/hpl/HPL_GPIO.d" -o "source/hpl/HPL_GPIO.o" "../source/hpl/HPL_GPIO.c"
Finished building: ../source/hpl/HPL_GPIO.c
 
Building file: ../source/hpl/HPL_IOCON.c
Invoking: MCU C Compiler
arm-none-eabi-gcc -D__REDLIB__ -DCPU_LPC845M301JBD48 -DCPU_LPC845M301JBD48_cm0plus -DSDK_DEBUGCONSOLE=1 -DCR_INTEGER_PRINTF -DPRINTF_FLOAT_ENABLE=0 -D__MCUXPRESSO -DDEBUG -I"/home/augusto/Desktop/InfoII/Libreria_AJS/Libreria_LPC845/includes" -I"/home/augusto/Desktop/InfoII/Libreria_AJS/Libreria_LPC845/includes/infotronic" -I"/home/augusto/Desktop/InfoII/Libreria_AJS/Libreria_LPC845/includes/hpl" -I"/home/augusto/Desktop/InfoII/Libreria_AJS/Libreria_LPC845/includes/hri" -O0 -fno-common -g3 -Wall -c -ffunction-sections -fdata-sections -ffreestanding -fno-builtin -mcpu=cortex-m0plus -mthumb -D__REDLIB__ -fstack-usage -specs=redlib.specs -MMD -MP -MF"source/hpl/HPL_IOCON.d" -MT"source/hpl/HPL_IOCON.o" -MT"source/hpl/HPL_IOCON.d" -o "source/hpl/HPL_IOCON.o" "../source/hpl/HPL_IOCON.c"
Finished building: ../source/hpl/HPL_IOCON.c
 
Building file: ../source/hpl/HPL_NVIC.c
Invoking: MCU C Compiler
arm-none-eabi-gcc -D__REDLIB__ -DCPU_LPC845M301JBD48 -DCPU_LPC845M301JBD48_cm0plus -DSDK_DEBUGCONSOLE=1 -DCR_INTEGER_PRINTF -DPRINTF_FLOAT_ENABLE=0 -D__MCUXPRESSO -DDEBUG -I"/home/augusto/Desktop/InfoII/Libreria_AJS/Libreria_LPC845/includes" -I"/home/augusto/Desktop/InfoII/Libreria_AJS/Libreria_LPC845/includes/infotronic" -I"/home/augusto/Desktop/InfoII/Libreria_AJS/Libreria_LPC845/includes/hpl" -I"/home/augusto/Desktop/InfoII/Libreria_AJS/Libreria_LPC845/includes/hri" -O0 -fno-common -g3 -Wall -c -ffunction-sections -fdata-sections -ffreestanding -fno-builtin -mcpu=cortex-m0plus -mthumb -D__REDLIB__ -fstack-usage -specs=redlib.specs -MMD -MP -MF"source/hpl/HPL_NVIC.d" -MT"source/hpl/HPL_NVIC.o" -MT"source/hpl/HPL_NVIC.d" -o "source/hpl/HPL_NVIC.o" "../source/hpl/HPL_NVIC.c"
Finished building: ../source/hpl/HPL_NVIC.c
 
Building file: ../source/hpl/HPL_PININT.c
Invoking: MCU C Compiler
arm-none-eabi-gcc -D__REDLIB__ -DCPU_LPC845M301JBD48 -DCPU_LPC845M301JBD48_cm0plus -DSDK_DEBUGCONSOLE=1 -DCR_INTEGER_PRINTF -DPRINTF_FLOAT_ENABLE=0 -D__MCUXPRESSO -DDEBUG -I"/home/augusto/Desktop/InfoII/Libreria_AJS/Libreria_LPC845/includes" -I"/home/augusto/Desktop/InfoII/Libreria_AJS/Libreria_LPC845/includes/infotronic" -I"/home/augusto/Desktop/InfoII/Libreria_AJS/Libreria_LPC845/includes/hpl" -I"/home/augusto/Desktop/InfoII/Libreria_AJS/Libreria_LPC845/includes/hri" -O0 -fno-common -g3 -Wall -c -ffunction-sections -fdata-sections -ffreestanding -fno-builtin -mcpu=cortex-m0plus -mthumb -D__REDLIB__ -fstack-usage -specs=redlib.specs -MMD -MP -MF"source/hpl/HPL_PININT.d" -MT"source/hpl/HPL_PININT.o" -MT"source/hpl/HPL_PININT.d" -o "source/hpl/HPL_PININT.o" "../source/hpl/HPL_PININT.c"
Finished building: ../source/hpl/HPL_PININT.c
 
Building file: ../source/hpl/HPL_SWM.c
Invoking: MCU C Compiler
arm-none-eabi-gcc -D__REDLIB__ -DCPU_LPC845M301JBD48 -DCPU_LPC845M301JBD48_cm0plus -DSDK_DEBUGCONSOLE=1 -DCR_INTEGER_PRINTF -DPRINTF_FLOAT_ENABLE=0 -D__MCUXPRESSO -DDEBUG -I"/home/augusto/Desktop/InfoII/Libreria_AJS/Libreria_LPC845/includes" -I"/home/augusto/Desktop/InfoII/Libreria_AJS/Libreria_LPC845/includes/infotronic" -I"/home/augusto/Desktop/InfoII/Libreria_AJS/Libreria_LPC845/includes/hpl" -I"/home/augusto/Desktop/InfoII/Libreria_AJS/Libreria_LPC845/includes/hri" -O0 -fno-common -g3 -Wall -c -ffunction-sections -fdata-sections -ffreestanding -fno-builtin -mcpu=cortex-m0plus -mthumb -D__REDLIB__ -fstack-usage -specs=redlib.specs -MMD -MP -MF"source/hpl/HPL_SWM.d" -MT"source/hpl/HPL_SWM.o" -MT"source/hpl/HPL_SWM.d" -o "source/hpl/HPL_SWM.o" "../source/hpl/HPL_SWM.c"
Finished building: ../source/hpl/HPL_SWM.c
 
Building file: ../source/hpl/HPL_SYSCON.c
Invoking: MCU C Compiler
arm-none-eabi-gcc -D__REDLIB__ -DCPU_LPC845M301JBD48 -DCPU_LPC845M301JBD48_cm0plus -DSDK_DEBUGCONSOLE=1 -DCR_INTEGER_PRINTF -DPRINTF_FLOAT_ENABLE=0 -D__MCUXPRESSO -DDEBUG -I"/home/augusto/Desktop/InfoII/Libreria_AJS/Libreria_LPC845/includes" -I"/home/augusto/Desktop/InfoII/Libreria_AJS/Libreria_LPC845/includes/infotronic" -I"/home/augusto/Desktop/InfoII/Libreria_AJS/Libreria_LPC845/includes/hpl" -I"/home/augusto/Desktop/InfoII/Libreria_AJS/Libreria_LPC845/includes/hri" -O0 -fno-common -g3 -Wall -c -ffunction-sections -fdata-sections -ffreestanding -fno-builtin -mcpu=cortex-m0plus -mthumb -D__REDLIB__ -fstack-usage -specs=redlib.specs -MMD -MP -MF"source/hpl/HPL_SYSCON.d" -MT"source/hpl/HPL_SYSCON.o" -MT"source/hpl/HPL_SYSCON.d" -o "source/hpl/HPL_SYSCON.o" "../source/hpl/HPL_SYSCON.c"
Finished building: ../source/hpl/HPL_SYSCON.c
 
Building file: ../source/hpl/HPL_SYSTICK.c
Invoking: MCU C Compiler
arm-none-eabi-gcc -D__REDLIB__ -DCPU_LPC845M301JBD48 -DCPU_LPC845M301JBD48_cm0plus -DSDK_DEBUGCONSOLE=1 -DCR_INTEGER_PRINTF -DPRINTF_FLOAT_ENABLE=0 -D__MCUXPRESSO -DDEBUG -I"/home/augusto/Desktop/InfoII/Libreria_AJS/Libreria_LPC845/includes" -I"/home/augusto/Desktop/InfoII/Libreria_AJS/Libreria_LPC845/includes/infotronic" -I"/home/augusto/Desktop/InfoII/Libreria_AJS/Libreria_LPC845/includes/hpl" -I"/home/augusto/Desktop/InfoII/Libreria_AJS/Libreria_LPC845/includes/hri" -O0 -fno-common -g3 -Wall -c -ffunction-sections -fdata-sections -ffreestanding -fno-builtin -mcpu=cortex-m0plus -mthumb -D__REDLIB__ -fstack-usage -specs=redlib.specs -MMD -MP -MF"source/hpl/HPL_SYSTICK.d" -MT"source/hpl/HPL_SYSTICK.o" -MT"source/hpl/HPL_SYSTICK.d" -o "source/hpl/HPL_SYSTICK.o" "../source/hpl/HPL_SYSTICK.c"
Finished building: ../source/hpl/HPL_SYSTICK.c
 
Building file: ../source/hpl/HPL_UART.c
Invoking: MCU C Compiler
arm-none-eabi-gcc -D__REDLIB__ -DCPU_LPC845M301JBD48 -DCPU_LPC845M301JBD48_cm0plus -DSDK_DEBUGCONSOLE=1 -DCR_INTEGER_PRINTF -DPRINTF_FLOAT_ENABLE=0 -D__MCUXPRESSO -DDEBUG -I"/home/augusto/Desktop/InfoII/Libreria_AJS/Libreria_LPC845/includes" -I"/home/augusto/Desktop/InfoII/Libreria_AJS/Libreria_LPC845/includes/infotronic" -I"/home/augusto/Desktop/InfoII/Libreria_AJS/Libreria_LPC845/includes/hpl" -I"/home/augusto/Desktop/InfoII/Libreria_AJS/Libreria_LPC845/includes/hri" -O0 -fno-common -g3 -Wall -c -ffunction-sections -fdata-sections -ffreestanding -fno-builtin -mcpu=cortex-m0plus -mthumb -D__REDLIB__ -fstack-usage -specs=redlib.specs -MMD -MP -MF"source/hpl/HPL_UART.d" -MT"source/hpl/HPL_UART.o" -MT"source/hpl/HPL_UART.d" -o "source/hpl/HPL_UART.o" "../source/hpl/HPL_UART.c"
Finished building: ../source/hpl/HPL_UART.c
 
Building file: ../source/mtb.c
Invoking: MCU C Compiler
arm-none-eabi-gcc -D__REDLIB__ -DCPU_LPC845M301JBD48 -DCPU_LPC845M301JBD48_cm0plus -DSDK_DEBUGCONSOLE=1 -DCR_INTEGER_PRINTF -DPRINTF_FLOAT_ENABLE=0 -D__MCUXPRESSO -DDEBUG -I"/home/augusto/Desktop/InfoII/Libreria_AJS/Libreria_LPC845/includes" -I"/home/augusto/Desktop/InfoII/Libreria_AJS/Libreria_LPC845/includes/infotronic" -I"/home/augusto/Desktop/InfoII/Libreria_AJS/Libreria_LPC845/includes/hpl" -I"/home/augusto/Desktop/InfoII/Libreria_AJS/Libreria_LPC845/includes/hri" -O0 -fno-common -g3 -Wall -c -ffunction-sections -fdata-sections -ffreestanding -fno-builtin -mcpu=cortex-m0plus -mthumb -D__REDLIB__ -fstack-usage -specs=redlib.specs -MMD -MP -MF"source/mtb.d" -MT"source/mtb.o" -MT"source/mtb.d" -o "source/mtb.o" "../source/mtb.c"
Finished building: ../source/mtb.c
 
Building target: libLibreria_LPC845.a
Invoking: MCU Archiver
arm-none-eabi-ar -r  "libLibreria_LPC845.a"  ./source/infotronic/infotronic.o ./source/infotronic/teclado.o  ./source/hpl/HPL_ADC.o ./source/hpl/HPL_DAC.o ./source/hpl/HPL_GPIO.o ./source/hpl/HPL_IOCON.o ./source/hpl/HPL_NVIC.o ./source/hpl/HPL_PININT.o ./source/hpl/HPL_SWM.o ./source/hpl/HPL_SYSCON.o ./source/hpl/HPL_SYSTICK.o ./source/hpl/HPL_UART.o  ./source/mtb.o   
arm-none-eabi-ar: creating libLibreria_LPC845.a
Finished building target: libLibreria_LPC845.a
 
make --no-print-directory post-build
Performing post-build steps
arm-none-eabi-size "libLibreria_LPC845.a" ; # arm-none-eabi-objdump -h -S "libLibreria_LPC845.a" >"libLibreria_LPC845.lss"
   text	   data	    bss	    dec	    hex	filename
     82	      0	      0	     82	     52	infotronic.o (ex libLibreria_LPC845.a)
    666	      2	      8	    676	    2a4	teclado.o (ex libLibreria_LPC845.a)
   1308	      0	      4	   1312	    520	HPL_ADC.o (ex libLibreria_LPC845.a)
    384	      0	      0	    384	    180	HPL_DAC.o (ex libLibreria_LPC845.a)
   1304	      0	      0	   1304	    518	HPL_GPIO.o (ex libLibreria_LPC845.a)
   1176	      0	      0	   1176	    498	HPL_IOCON.o (ex libLibreria_LPC845.a)
      4	      0	      0	      4	      4	HPL_NVIC.o (ex libLibreria_LPC845.a)
   1364	      0	     32	   1396	    574	HPL_PININT.o (ex libLibreria_LPC845.a)
      4	      0	      0	      4	      4	HPL_SWM.o (ex libLibreria_LPC845.a)
     24	      4	      0	     28	     1c	HPL_SYSCON.o (ex libLibreria_LPC845.a)
    216	      0	      4	    220	     dc	HPL_SYSTICK.o (ex libLibreria_LPC845.a)
   2122	      0	     40	   2162	    872	HPL_UART.o (ex libLibreria_LPC845.a)
      0	    128	      0	    128	     80	mtb.o (ex libLibreria_LPC845.a)
 
11:36:22 **** Incremental Build of configuration Debug for project Libreria_LPC845 ****
make -r all 
make: Nothing to be done for 'all'.
11:39:26 **** Incremental Build of configuration Debug for project Libreria_LPC845 ****
make -r all 
make: Nothing to be done for 'all'.
11:44:37 **** Incremental Build of configuration Debug for project Libreria_LPC845 ****
make -r all 
Building file: ../source/infotronic/teclado.c
Invoking: MCU C Compiler
arm-none-eabi-gcc -D__REDLIB__ -DCPU_LPC845M301JBD48 -DCPU_LPC845M301JBD48_cm0plus -DSDK_DEBUGCONSOLE=1 -DCR_INTEGER_PRINTF -DPRINTF_FLOAT_ENABLE=0 -D__MCUXPRESSO -DDEBUG -I"/home/augusto/Desktop/InfoII/Libreria_AJS/Libreria_LPC845/includes" -I"/home/augusto/Desktop/InfoII/Libreria_AJS/Libreria_LPC845/includes/infotronic" -I"/home/augusto/Desktop/InfoII/Libreria_AJS/Libreria_LPC845/includes/hpl" -I"/home/augusto/Desktop/InfoII/Libreria_AJS/Libreria_LPC845/includes/hri" -O0 -fno-common -g3 -Wall -c -ffunction-sections -fdata-sections -ffreestanding -fno-builtin -mcpu=cortex-m0plus -mthumb -D__REDLIB__ -fstack-usage -specs=redlib.specs -MMD -MP -MF"source/infotronic/teclado.d" -MT"source/infotronic/teclado.o" -MT"source/infotronic/teclado.d" -o "source/infotronic/teclado.o" "../source/infotronic/teclado.c"
Finished building: ../source/infotronic/teclado.c
 
Building target: libLibreria_LPC845.a
Invoking: MCU Archiver
arm-none-eabi-ar -r  "libLibreria_LPC845.a"  ./source/infotronic/infotronic.o ./source/infotronic/teclado.o  ./source/hpl/HPL_ADC.o ./source/hpl/HPL_DAC.o ./source/hpl/HPL_GPIO.o ./source/hpl/HPL_IOCON.o ./source/hpl/HPL_NVIC.o ./source/hpl/HPL_PININT.o ./source/hpl/HPL_SWM.o ./source/hpl/HPL_SYSCON.o ./source/hpl/HPL_SYSTICK.o ./source/hpl/HPL_UART.o  ./source/mtb.o   
arm-none-eabi-ar: creating libLibreria_LPC845.a
Finished building target: libLibreria_LPC845.a
 
make --no-print-directory post-build
Performing post-build steps
arm-none-eabi-size "libLibreria_LPC845.a" ; # arm-none-eabi-objdump -h -S "libLibreria_LPC845.a" >"libLibreria_LPC845.lss"
   text	   data	    bss	    dec	    hex	filename
     82	      0	      0	     82	     52	infotronic.o (ex libLibreria_LPC845.a)
    666	      2	      8	    676	    2a4	teclado.o (ex libLibreria_LPC845.a)
   1308	      0	      4	   1312	    520	HPL_ADC.o (ex libLibreria_LPC845.a)
    384	      0	      0	    384	    180	HPL_DAC.o (ex libLibreria_LPC845.a)
   1304	      0	      0	   1304	    518	HPL_GPIO.o (ex libLibreria_LPC845.a)
   1176	      0	      0	   1176	    498	HPL_IOCON.o (ex libLibreria_LPC845.a)
      4	      0	      0	      4	      4	HPL_NVIC.o (ex libLibreria_LPC845.a)
   1364	      0	     32	   1396	    574	HPL_PININT.o (ex libLibreria_LPC845.a)
      4	      0	      0	      4	      4	HPL_SWM.o (ex libLibreria_LPC845.a)
     24	      4	      0	     28	     1c	HPL_SYSCON.o (ex libLibreria_LPC845.a)
    216	      0	      4	    220	     dc	HPL_SYSTICK.o (ex libLibreria_LPC845.a)
   2122	      0	     40	   2162	    872	HPL_UART.o (ex libLibreria_LPC845.a)
      0	    128	      0	    128	     80	mtb.o (ex libLibreria_LPC845.a)
 
11:46:34 **** Incremental Build of configuration Debug for project Libreria_LPC845 ****
make -r all 
Building file: ../source/infotronic/teclado.c
Invoking: MCU C Compiler
arm-none-eabi-gcc -D__REDLIB__ -DCPU_LPC845M301JBD48 -DCPU_LPC845M301JBD48_cm0plus -DSDK_DEBUGCONSOLE=1 -DCR_INTEGER_PRINTF -DPRINTF_FLOAT_ENABLE=0 -D__MCUXPRESSO -DDEBUG -I"/home/augusto/Desktop/InfoII/Libreria_AJS/Libreria_LPC845/includes" -I"/home/augusto/Desktop/InfoII/Libreria_AJS/Libreria_LPC845/includes/infotronic" -I"/home/augusto/Desktop/InfoII/Libreria_AJS/Libreria_LPC845/includes/hpl" -I"/home/augusto/Desktop/InfoII/Libreria_AJS/Libreria_LPC845/includes/hri" -O0 -fno-common -g3 -Wall -c -ffunction-sections -fdata-sections -ffreestanding -fno-builtin -mcpu=cortex-m0plus -mthumb -D__REDLIB__ -fstack-usage -specs=redlib.specs -MMD -MP -MF"source/infotronic/teclado.d" -MT"source/infotronic/teclado.o" -MT"source/infotronic/teclado.d" -o "source/infotronic/teclado.o" "../source/infotronic/teclado.c"
Finished building: ../source/infotronic/teclado.c
 
Building target: libLibreria_LPC845.a
Invoking: MCU Archiver
arm-none-eabi-ar -r  "libLibreria_LPC845.a"  ./source/infotronic/infotronic.o ./source/infotronic/teclado.o  ./source/hpl/HPL_ADC.o ./source/hpl/HPL_DAC.o ./source/hpl/HPL_GPIO.o ./source/hpl/HPL_IOCON.o ./source/hpl/HPL_NVIC.o ./source/hpl/HPL_PININT.o ./source/hpl/HPL_SWM.o ./source/hpl/HPL_SYSCON.o ./source/hpl/HPL_SYSTICK.o ./source/hpl/HPL_UART.o  ./source/mtb.o   
arm-none-eabi-ar: creating libLibreria_LPC845.a
Finished building target: libLibreria_LPC845.a
 
make --no-print-directory post-build
Performing post-build steps
arm-none-eabi-size "libLibreria_LPC845.a" ; # arm-none-eabi-objdump -h -S "libLibreria_LPC845.a" >"libLibreria_LPC845.lss"
   text	   data	    bss	    dec	    hex	filename
     82	      0	      0	     82	     52	infotronic.o (ex libLibreria_LPC845.a)
    674	      2	      8	    684	    2ac	teclado.o (ex libLibreria_LPC845.a)
   1308	      0	      4	   1312	    520	HPL_ADC.o (ex libLibreria_LPC845.a)
    384	      0	      0	    384	    180	HPL_DAC.o (ex libLibreria_LPC845.a)
   1304	      0	      0	   1304	    518	HPL_GPIO.o (ex libLibreria_LPC845.a)
   1176	      0	      0	   1176	    498	HPL_IOCON.o (ex libLibreria_LPC845.a)
      4	      0	      0	      4	      4	HPL_NVIC.o (ex libLibreria_LPC845.a)
   1364	      0	     32	   1396	    574	HPL_PININT.o (ex libLibreria_LPC845.a)
      4	      0	      0	      4	      4	HPL_SWM.o (ex libLibreria_LPC845.a)
     24	      4	      0	     28	     1c	HPL_SYSCON.o (ex libLibreria_LPC845.a)
    216	      0	      4	    220	     dc	HPL_SYSTICK.o (ex libLibreria_LPC845.a)
   2122	      0	     40	   2162	    872	HPL_UART.o (ex libLibreria_LPC845.a)
      0	    128	      0	    128	     80	mtb.o (ex libLibreria_LPC845.a)
 
11:55:22 **** Incremental Build of configuration Debug for project Libreria_LPC845 ****
make -r all 
Building file: ../source/infotronic/teclado.c
Invoking: MCU C Compiler
arm-none-eabi-gcc -D__REDLIB__ -DCPU_LPC845M301JBD48 -DCPU_LPC845M301JBD48_cm0plus -DSDK_DEBUGCONSOLE=1 -DCR_INTEGER_PRINTF -DPRINTF_FLOAT_ENABLE=0 -D__MCUXPRESSO -DDEBUG -I"/home/augusto/Desktop/InfoII/Libreria_AJS/Libreria_LPC845/includes" -I"/home/augusto/Desktop/InfoII/Libreria_AJS/Libreria_LPC845/includes/infotronic" -I"/home/augusto/Desktop/InfoII/Libreria_AJS/Libreria_LPC845/includes/hpl" -I"/home/augusto/Desktop/InfoII/Libreria_AJS/Libreria_LPC845/includes/hri" -O0 -fno-common -g3 -Wall -c -ffunction-sections -fdata-sections -ffreestanding -fno-builtin -mcpu=cortex-m0plus -mthumb -D__REDLIB__ -fstack-usage -specs=redlib.specs -MMD -MP -MF"source/infotronic/teclado.d" -MT"source/infotronic/teclado.o" -MT"source/infotronic/teclado.d" -o "source/infotronic/teclado.o" "../source/infotronic/teclado.c"
Finished building: ../source/infotronic/teclado.c
 
Building target: libLibreria_LPC845.a
Invoking: MCU Archiver
arm-none-eabi-ar -r  "libLibreria_LPC845.a"  ./source/infotronic/infotronic.o ./source/infotronic/teclado.o  ./source/hpl/HPL_ADC.o ./source/hpl/HPL_DAC.o ./source/hpl/HPL_GPIO.o ./source/hpl/HPL_IOCON.o ./source/hpl/HPL_NVIC.o ./source/hpl/HPL_PININT.o ./source/hpl/HPL_SWM.o ./source/hpl/HPL_SYSCON.o ./source/hpl/HPL_SYSTICK.o ./source/hpl/HPL_UART.o  ./source/mtb.o   
arm-none-eabi-ar: creating libLibreria_LPC845.a
Finished building target: libLibreria_LPC845.a
 
make --no-print-directory post-build
Performing post-build steps
arm-none-eabi-size "libLibreria_LPC845.a" ; # arm-none-eabi-objdump -h -S "libLibreria_LPC845.a" >"libLibreria_LPC845.lss"
   text	   data	    bss	    dec	    hex	filename
     82	      0	      0	     82	     52	infotronic.o (ex libLibreria_LPC845.a)
    674	      2	      8	    684	    2ac	teclado.o (ex libLibreria_LPC845.a)
   1308	      0	      4	   1312	    520	HPL_ADC.o (ex libLibreria_LPC845.a)
    384	      0	      0	    384	    180	HPL_DAC.o (ex libLibreria_LPC845.a)
   1304	      0	      0	   1304	    518	HPL_GPIO.o (ex libLibreria_LPC845.a)
   1176	      0	      0	   1176	    498	HPL_IOCON.o (ex libLibreria_LPC845.a)
      4	      0	      0	      4	      4	HPL_NVIC.o (ex libLibreria_LPC845.a)
   1364	      0	     32	   1396	    574	HPL_PININT.o (ex libLibreria_LPC845.a)
      4	      0	      0	      4	      4	HPL_SWM.o (ex libLibreria_LPC845.a)
     24	      4	      0	     28	     1c	HPL_SYSCON.o (ex libLibreria_LPC845.a)
    216	      0	      4	    220	     dc	HPL_SYSTICK.o (ex libLibreria_LPC845.a)
   2122	      0	     40	   2162	    872	HPL_UART.o (ex libLibreria_LPC845.a)
      0	    128	      0	    128	     80	mtb.o (ex libLibreria_LPC845.a)
 
12:09:39 **** Incremental Build of configuration Debug for project Libreria_LPC845 ****
make -r all 
Building file: ../source/infotronic/teclado.c
Invoking: MCU C Compiler
arm-none-eabi-gcc -D__REDLIB__ -DCPU_LPC845M301JBD48 -DCPU_LPC845M301JBD48_cm0plus -DSDK_DEBUGCONSOLE=1 -DCR_INTEGER_PRINTF -DPRINTF_FLOAT_ENABLE=0 -D__MCUXPRESSO -DDEBUG -I"/home/augusto/Desktop/InfoII/Libreria_AJS/Libreria_LPC845/includes" -I"/home/augusto/Desktop/InfoII/Libreria_AJS/Libreria_LPC845/includes/infotronic" -I"/home/augusto/Desktop/InfoII/Libreria_AJS/Libreria_LPC845/includes/hpl" -I"/home/augusto/Desktop/InfoII/Libreria_AJS/Libreria_LPC845/includes/hri" -O0 -fno-common -g3 -Wall -c -ffunction-sections -fdata-sections -ffreestanding -fno-builtin -mcpu=cortex-m0plus -mthumb -D__REDLIB__ -fstack-usage -specs=redlib.specs -MMD -MP -MF"source/infotronic/teclado.d" -MT"source/infotronic/teclado.o" -MT"source/infotronic/teclado.d" -o "source/infotronic/teclado.o" "../source/infotronic/teclado.c"
Finished building: ../source/infotronic/teclado.c
 
Building target: libLibreria_LPC845.a
Invoking: MCU Archiver
arm-none-eabi-ar -r  "libLibreria_LPC845.a"  ./source/infotronic/infotronic.o ./source/infotronic/teclado.o  ./source/hpl/HPL_ADC.o ./source/hpl/HPL_DAC.o ./source/hpl/HPL_GPIO.o ./source/hpl/HPL_IOCON.o ./source/hpl/HPL_NVIC.o ./source/hpl/HPL_PININT.o ./source/hpl/HPL_SWM.o ./source/hpl/HPL_SYSCON.o ./source/hpl/HPL_SYSTICK.o ./source/hpl/HPL_UART.o  ./source/mtb.o   
arm-none-eabi-ar: creating libLibreria_LPC845.a
Finished building target: libLibreria_LPC845.a
 
make --no-print-directory post-build
Performing post-build steps
arm-none-eabi-size "libLibreria_LPC845.a" ; # arm-none-eabi-objdump -h -S "libLibreria_LPC845.a" >"libLibreria_LPC845.lss"
   text	   data	    bss	    dec	    hex	filename
     82	      0	      0	     82	     52	infotronic.o (ex libLibreria_LPC845.a)
    750	      2	      8	    760	    2f8	teclado.o (ex libLibreria_LPC845.a)
   1308	      0	      4	   1312	    520	HPL_ADC.o (ex libLibreria_LPC845.a)
    384	      0	      0	    384	    180	HPL_DAC.o (ex libLibreria_LPC845.a)
   1304	      0	      0	   1304	    518	HPL_GPIO.o (ex libLibreria_LPC845.a)
   1176	      0	      0	   1176	    498	HPL_IOCON.o (ex libLibreria_LPC845.a)
      4	      0	      0	      4	      4	HPL_NVIC.o (ex libLibreria_LPC845.a)
   1364	      0	     32	   1396	    574	HPL_PININT.o (ex libLibreria_LPC845.a)
      4	      0	      0	      4	      4	HPL_SWM.o (ex libLibreria_LPC845.a)
     24	      4	      0	     28	     1c	HPL_SYSCON.o (ex libLibreria_LPC845.a)
    216	      0	      4	    220	     dc	HPL_SYSTICK.o (ex libLibreria_LPC845.a)
   2122	      0	     40	   2162	    872	HPL_UART.o (ex libLibreria_LPC845.a)
      0	    128	      0	    128	     80	mtb.o (ex libLibreria_LPC845.a)
 
12:10:51 **** Incremental Build of configuration Debug for project Libreria_LPC845 ****
make -r all 
Building file: ../source/infotronic/teclado.c
Invoking: MCU C Compiler
arm-none-eabi-gcc -D__REDLIB__ -DCPU_LPC845M301JBD48 -DCPU_LPC845M301JBD48_cm0plus -DSDK_DEBUGCONSOLE=1 -DCR_INTEGER_PRINTF -DPRINTF_FLOAT_ENABLE=0 -D__MCUXPRESSO -DDEBUG -I"/home/augusto/Desktop/InfoII/Libreria_AJS/Libreria_LPC845/includes" -I"/home/augusto/Desktop/InfoII/Libreria_AJS/Libreria_LPC845/includes/infotronic" -I"/home/augusto/Desktop/InfoII/Libreria_AJS/Libreria_LPC845/includes/hpl" -I"/home/augusto/Desktop/InfoII/Libreria_AJS/Libreria_LPC845/includes/hri" -O0 -fno-common -g3 -Wall -c -ffunction-sections -fdata-sections -ffreestanding -fno-builtin -mcpu=cortex-m0plus -mthumb -D__REDLIB__ -fstack-usage -specs=redlib.specs -MMD -MP -MF"source/infotronic/teclado.d" -MT"source/infotronic/teclado.o" -MT"source/infotronic/teclado.d" -o "source/infotronic/teclado.o" "../source/infotronic/teclado.c"
Finished building: ../source/infotronic/teclado.c
 
Building target: libLibreria_LPC845.a
Invoking: MCU Archiver
arm-none-eabi-ar -r  "libLibreria_LPC845.a"  ./source/infotronic/infotronic.o ./source/infotronic/teclado.o  ./source/hpl/HPL_ADC.o ./source/hpl/HPL_DAC.o ./source/hpl/HPL_GPIO.o ./source/hpl/HPL_IOCON.o ./source/hpl/HPL_NVIC.o ./source/hpl/HPL_PININT.o ./source/hpl/HPL_SWM.o ./source/hpl/HPL_SYSCON.o ./source/hpl/HPL_SYSTICK.o ./source/hpl/HPL_UART.o  ./source/mtb.o   
arm-none-eabi-ar: creating libLibreria_LPC845.a
Finished building target: libLibreria_LPC845.a
 
make --no-print-directory post-build
Performing post-build steps
[...]
21:57:01 **** Incremental Build of configuration Debug for project Libreria_LPC845 ****
make -r all 
Building file: ../source/infotronic/timer.c
Invoking: MCU C Compiler
arm-none-eabi-gcc -D__REDLIB__ -DCPU_LPC845M301JBD48 -DCPU_LPC845M301JBD48_cm0plus -DSDK_DEBUGCONSOLE=1 -DCR_INTEGER_PRINTF -DPRINTF_FLOAT_ENABLE=0 -D__MCUXPRESSO -DDEBUG -I"/home/augusto/Desktop/InfoII/Libreria_AJS/Libreria_LPC845/includes" -I"/home/augusto/Desktop/InfoII/Libreria_AJS/Libreria_LPC845/includes/infotronic" -I"/home/augusto/Desktop/InfoII/Libreria_AJS/Libreria_LPC845/includes/hpl" -I"/home/augusto/Desktop/InfoII/Libreria_AJS/Libreria_LPC845/includes/hri" -O0 -fno-common -g3 -Wall -c -ffunction-sections -fdata-sections -ffreestanding -fno-builtin -mcpu=cortex-m0plus -mthumb -D__REDLIB__ -fstack-usage -specs=redlib.specs -MMD -MP -MF"source/infotronic/timer.d" -MT"source/infotronic/timer.o" -MT"source/infotronic/timer.d" -o "source/infotronic/timer.o" "../source/infotronic/timer.c"
../source/infotronic/timer.c:33:6: error: conflicting types for 'timer_start'
 void timer_start(uint8_t event_number, uint32_t msecs, void (*callback)(void), uint8_t repeat)
      ^~~~~~~~~~~
In file included from ../source/infotronic/timer.c:10:
/home/augusto/Desktop/InfoII/Libreria_AJS/Libreria_LPC845/includes/infotronic/timer.h:24:6: note: previous declaration of 'timer_start' was here
 void timer_start(uint8_t event_number, uint32_t msecs, void *callback(void), uint8_t repeat);
      ^~~~~~~~~~~
source/infotronic/subdir.mk:33: recipe for target 'source/infotronic/timer.o' failed
make: *** [source/infotronic/timer.o] Error 1
"make -r all" terminated with exit code 2. Build might be incomplete.
21:57:12 **** Incremental Build of configuration Debug for project Libreria_LPC845 ****
make -r all 
Building file: ../source/infotronic/infotronic.c
Invoking: MCU C Compiler
arm-none-eabi-gcc -D__REDLIB__ -DCPU_LPC845M301JBD48 -DCPU_LPC845M301JBD48_cm0plus -DSDK_DEBUGCONSOLE=1 -DCR_INTEGER_PRINTF -DPRINTF_FLOAT_ENABLE=0 -D__MCUXPRESSO -DDEBUG -I"/home/augusto/Desktop/InfoII/Libreria_AJS/Libreria_LPC845/includes" -I"/home/augusto/Desktop/InfoII/Libreria_AJS/Libreria_LPC845/includes/infotronic" -I"/home/augusto/Desktop/InfoII/Libreria_AJS/Libreria_LPC845/includes/hpl" -I"/home/augusto/Desktop/InfoII/Libreria_AJS/Libreria_LPC845/includes/hri" -O0 -fno-common -g3 -Wall -c -ffunction-sections -fdata-sections -ffreestanding -fno-builtin -mcpu=cortex-m0plus -mthumb -D__REDLIB__ -fstack-usage -specs=redlib.specs -MMD -MP -MF"source/infotronic/infotronic.d" -MT"source/infotronic/infotronic.o" -MT"source/infotronic/infotronic.d" -o "source/infotronic/infotronic.o" "../source/infotronic/infotronic.c"
Finished building: ../source/infotronic/infotronic.c
 
Building file: ../source/infotronic/timer.c
Invoking: MCU C Compiler
arm-none-eabi-gcc -D__REDLIB__ -DCPU_LPC845M301JBD48 -DCPU_LPC845M301JBD48_cm0plus -DSDK_DEBUGCONSOLE=1 -DCR_INTEGER_PRINTF -DPRINTF_FLOAT_ENABLE=0 -D__MCUXPRESSO -DDEBUG -I"/home/augusto/Desktop/InfoII/Libreria_AJS/Libreria_LPC845/includes" -I"/home/augusto/Desktop/InfoII/Libreria_AJS/Libreria_LPC845/includes/infotronic" -I"/home/augusto/Desktop/InfoII/Libreria_AJS/Libreria_LPC845/includes/hpl" -I"/home/augusto/Desktop/InfoII/Libreria_AJS/Libreria_LPC845/includes/hri" -O0 -fno-common -g3 -Wall -c -ffunction-sections -fdata-sections -ffreestanding -fno-builtin -mcpu=cortex-m0plus -mthumb -D__REDLIB__ -fstack-usage -specs=redlib.specs -MMD -MP -MF"source/infotronic/timer.d" -MT"source/infotronic/timer.o" -MT"source/infotronic/timer.d" -o "source/infotronic/timer.o" "../source/infotronic/timer.c"
Finished building: ../source/infotronic/timer.c
 
Building target: libLibreria_LPC845.a
Invoking: MCU Archiver
arm-none-eabi-ar -r  "libLibreria_LPC845.a"  ./source/infotronic/display.o ./source/infotronic/infotronic.o ./source/infotronic/relays.o ./source/infotronic/teclado.o ./source/infotronic/termometro.o ./source/infotronic/timer.o  ./source/hpl/HPL_ADC.o ./source/hpl/HPL_DAC.o ./source/hpl/HPL_GPIO.o ./source/hpl/HPL_IOCON.o ./source/hpl/HPL_NVIC.o ./source/hpl/HPL_PININT.o ./source/hpl/HPL_SWM.o ./source/hpl/HPL_SYSCON.o ./source/hpl/HPL_SYSTICK.o ./source/hpl/HPL_UART.o  ./source/mtb.o   
arm-none-eabi-ar: creating libLibreria_LPC845.a
Finished building target: libLibreria_LPC845.a
 
make --no-print-directory post-build
Performing post-build steps
arm-none-eabi-size "libLibreria_LPC845.a" ; # arm-none-eabi-objdump -h -S "libLibreria_LPC845.a" >"libLibreria_LPC845.lss"
   text	   data	    bss	    dec	    hex	filename
    968	      0	     15	    983	    3d7	display.o (ex libLibreria_LPC845.a)
    396	      0	      0	    396	    18c	infotronic.o (ex libLibreria_LPC845.a)
    392	      0	      2	    394	    18a	relays.o (ex libLibreria_LPC845.a)
    750	      2	      8	    760	    2f8	teclado.o (ex libLibreria_LPC845.a)
   1044	      0	     52	   1096	    448	termometro.o (ex libLibreria_LPC845.a)
    640	      0	    240	    880	    370	timer.o (ex libLibreria_LPC845.a)
   1308	      0	      4	   1312	    520	HPL_ADC.o (ex libLibreria_LPC845.a)
    384	      0	      0	    384	    180	HPL_DAC.o (ex libLibreria_LPC845.a)
   1304	      0	      0	   1304	    518	HPL_GPIO.o (ex libLibreria_LPC845.a)
   1176	      0	      0	   1176	    498	HPL_IOCON.o (ex libLibreria_LPC845.a)
      4	      0	      0	      4	      4	HPL_NVIC.o (ex libLibreria_LPC845.a)
   1364	      0	     32	   1396	    574	HPL_PININT.o (ex libLibreria_LPC845.a)
      4	      0	      0	      4	      4	HPL_SWM.o (ex libLibreria_LPC845.a)
     24	      4	      0	     28	     1c	HPL_SYSCON.o (ex libLibreria_LPC845.a)
    216	      0	      4	    220	     dc	HPL_SYSTICK.o (ex libLibreria_LPC845.a)
   2122	      0	     40	   2162	    872	HPL_UART.o (ex libLibreria_LPC845.a)
      0	    128	      0	    128	     80	mtb.o (ex libLibreria_LPC845.a)
 
21:59:18 **** Incremental Build of configuration Debug for project Libreria_LPC845 ****
make -r all 
Building file: ../source/infotronic/infotronic.c
Invoking: MCU C Compiler
arm-none-eabi-gcc -D__REDLIB__ -DCPU_LPC845M301JBD48 -DCPU_LPC845M301JBD48_cm0plus -DSDK_DEBUGCONSOLE=1 -DCR_INTEGER_PRINTF -DPRINTF_FLOAT_ENABLE=0 -D__MCUXPRESSO -DDEBUG -I"/home/augusto/Desktop/InfoII/Libreria_AJS/Libreria_LPC845/includes" -I"/home/augusto/Desktop/InfoII/Libreria_AJS/Libreria_LPC845/includes/infotronic" -I"/home/augusto/Desktop/InfoII/Libreria_AJS/Libreria_LPC845/includes/hpl" -I"/home/augusto/Desktop/InfoII/Libreria_AJS/Libreria_LPC845/includes/hri" -O0 -fno-common -g3 -Wall -c -ffunction-sections -fdata-sections -ffreestanding -fno-builtin -mcpu=cortex-m0plus -mthumb -D__REDLIB__ -fstack-usage -specs=redlib.specs -MMD -MP -MF"source/infotronic/infotronic.d" -MT"source/infotronic/infotronic.o" -MT"source/infotronic/infotronic.d" -o "source/infotronic/infotronic.o" "../source/infotronic/infotronic.c"
Finished building: ../source/infotronic/infotronic.c
 
Building file: ../source/infotronic/timer.c
Invoking: MCU C Compiler
arm-none-eabi-gcc -D__REDLIB__ -DCPU_LPC845M301JBD48 -DCPU_LPC845M301JBD48_cm0plus -DSDK_DEBUGCONSOLE=1 -DCR_INTEGER_PRINTF -DPRINTF_FLOAT_ENABLE=0 -D__MCUXPRESSO -DDEBUG -I"/home/augusto/Desktop/InfoII/Libreria_AJS/Libreria_LPC845/includes" -I"/home/augusto/Desktop/InfoII/Libreria_AJS/Libreria_LPC845/includes/infotronic" -I"/home/augusto/Desktop/InfoII/Libreria_AJS/Libreria_LPC845/includes/hpl" -I"/home/augusto/Desktop/InfoII/Libreria_AJS/Libreria_LPC845/includes/hri" -O0 -fno-common -g3 -Wall -c -ffunction-sections -fdata-sections -ffreestanding -fno-builtin -mcpu=cortex-m0plus -mthumb -D__REDLIB__ -fstack-usage -specs=redlib.specs -MMD -MP -MF"source/infotronic/timer.d" -MT"source/infotronic/timer.o" -MT"source/infotronic/timer.d" -o "source/infotronic/timer.o" "../source/infotronic/timer.c"
Finished building: ../source/infotronic/timer.c
 
Building target: libLibreria_LPC845.a
Invoking: MCU Archiver
arm-none-eabi-ar -r  "libLibreria_LPC845.a"  ./source/infotronic/display.o ./source/infotronic/infotronic.o ./source/infotronic/relays.o ./source/infotronic/teclado.o ./source/infotronic/termometro.o ./source/infotronic/timer.o  ./source/hpl/HPL_ADC.o ./source/hpl/HPL_DAC.o ./source/hpl/HPL_GPIO.o ./source/hpl/HPL_IOCON.o ./source/hpl/HPL_NVIC.o ./source/hpl/HPL_PININT.o ./source/hpl/HPL_SWM.o ./source/hpl/HPL_SYSCON.o ./source/hpl/HPL_SYSTICK.o ./source/hpl/HPL_UART.o  ./source/mtb.o   
arm-none-eabi-ar: creating libLibreria_LPC845.a
Finished building target: libLibreria_LPC845.a
 
make --no-print-directory post-build
Performing post-build steps
arm-none-eabi-size "libLibreria_LPC845.a" ; # arm-none-eabi-objdump -h -S "libLibreria_LPC845.a" >"libLibreria_LPC845.lss"
   text	   data	    bss	    dec	    hex	filename
    968	      0	     15	    983	    3d7	display.o (ex libLibreria_LPC845.a)
    554	      0	      0	    554	    22a	infotronic.o (ex libLibreria_LPC845.a)
    392	      0	      2	    394	    18a	relays.o (ex libLibreria_LPC845.a)
    750	      2	      8	    760	    2f8	teclado.o (ex libLibreria_LPC845.a)
   1044	      0	     52	   1096	    448	termometro.o (ex libLibreria_LPC845.a)
    640	      0	    240	    880	    370	timer.o (ex libLibreria_LPC845.a)
   1308	      0	      4	   1312	    520	HPL_ADC.o (ex libLibreria_LPC845.a)
    384	      0	      0	    384	    180	HPL_DAC.o (ex libLibreria_LPC845.a)
   1304	      0	      0	   1304	    518	HPL_GPIO.o (ex libLibreria_LPC845.a)
   1176	      0	      0	   1176	    498	HPL_IOCON.o (ex libLibreria_LPC845.a)
      4	      0	      0	      4	      4	HPL_NVIC.o (ex libLibreria_LPC845.a)
   1364	      0	     32	   1396	    574	HPL_PININT.o (ex libLibreria_LPC845.a)
      4	      0	      0	      4	      4	HPL_SWM.o (ex libLibreria_LPC845.a)
     24	      4	      0	     28	     1c	HPL_SYSCON.o (ex libLibreria_LPC845.a)
    216	      0	      4	    220	     dc	HPL_SYSTICK.o (ex libLibreria_LPC845.a)
   2122	      0	     40	   2162	    872	HPL_UART.o (ex libLibreria_LPC845.a)
      0	    128	      0	    128	     80	mtb.o (ex libLibreria_LPC845.a)
 
22:13:52 **** Incremental Build of configuration Debug for project Libreria_LPC845 ****
make -r all 
make: Nothing to be done for 'all'.
22:14:02 **** Incremental Build of configuration Debug for project Libreria_LPC845 ****
make -r all 
Building file: ../source/infotronic/termometro.c
Invoking: MCU C Compiler
arm-none-eabi-gcc -D__REDLIB__ -DCPU_LPC845M301JBD48 -DCPU_LPC845M301JBD48_cm0plus -DSDK_DEBUGCONSOLE=1 -DCR_INTEGER_PRINTF -DPRINTF_FLOAT_ENABLE=0 -D__MCUXPRESSO -DDEBUG -I"/home/augusto/Desktop/InfoII/Libreria_AJS/Libreria_LPC845/includes" -I"/home/augusto/Desktop/InfoII/Libreria_AJS/Libreria_LPC845/includes/infotronic" -I"/home/augusto/Desktop/InfoII/Libreria_AJS/Libreria_LPC845/includes/hpl" -I"/home/augusto/Desktop/InfoII/Libreria_AJS/Libreria_LPC845/includes/hri" -O0 -fno-common -g3 -Wall -c -ffunction-sections -fdata-sections -ffreestanding -fno-builtin -mcpu=cortex-m0plus -mthumb -D__REDLIB__ -fstack-usage -specs=redlib.specs -MMD -MP -MF"source/infotronic/termometro.d" -MT"source/infotronic/termometro.o" -MT"source/infotronic/termometro.d" -o "source/infotronic/termometro.o" "../source/infotronic/termometro.c"
Finished building: ../source/infotronic/termometro.c
 
Building target: libLibreria_LPC845.a
Invoking: MCU Archiver
arm-none-eabi-ar -r  "libLibreria_LPC845.a"  ./source/infotronic/display.o ./source/infotronic/infotronic.o ./source/infotronic/relays.o ./source/infotronic/teclado.o ./source/infotronic/termometro.o ./source/infotronic/timer.o  ./source/hpl/HPL_ADC.o ./source/hpl/HPL_DAC.o ./source/hpl/HPL_GPIO.o ./source/hpl/HPL_IOCON.o ./source/hpl/HPL_NVIC.o ./source/hpl/HPL_PININT.o ./source/hpl/HPL_SWM.o ./source/hpl/HPL_SYSCON.o ./source/hpl/HPL_SYSTICK.o ./source/hpl/HPL_UART.o  ./source/mtb.o   
arm-none-eabi-ar: creating libLibreria_LPC845.a
Finished building target: libLibreria_LPC845.a
 
make --no-print-directory post-build
Performing post-build steps
arm-none-eabi-size "libLibreria_LPC845.a" ; # arm-none-eabi-objdump -h -S "libLibreria_LPC845.a" >"libLibreria_LPC845.lss"
   text	   data	    bss	    dec	    hex	filename
    968	      0	     15	    983	    3d7	display.o (ex libLibreria_LPC845.a)
    554	      0	      0	    554	    22a	infotronic.o (ex libLibreria_LPC845.a)
    392	      0	      2	    394	    18a	relays.o (ex libLibreria_LPC845.a)
    750	      2	      8	    760	    2f8	teclado.o (ex libLibreria_LPC845.a)
   1048	      0	     52	   1100	    44c	termometro.o (ex libLibreria_LPC845.a)
    640	      0	    240	    880	    370	timer.o (ex libLibreria_LPC845.a)
   1308	      0	      4	   1312	    520	HPL_ADC.o (ex libLibreria_LPC845.a)
    384	      0	      0	    384	    180	HPL_DAC.o (ex libLibreria_LPC845.a)
   1304	      0	      0	   1304	    518	HPL_GPIO.o (ex libLibreria_LPC845.a)
   1176	      0	      0	   1176	    498	HPL_IOCON.o (ex libLibreria_LPC845.a)
      4	      0	      0	      4	      4	HPL_NVIC.o (ex libLibreria_LPC845.a)
   1364	      0	     32	   1396	    574	HPL_PININT.o (ex libLibreria_LPC845.a)
      4	      0	      0	      4	      4	HPL_SWM.o (ex libLibreria_LPC845.a)
     24	      4	      0	     28	     1c	HPL_SYSCON.o (ex libLibreria_LPC845.a)
    216	      0	      4	    220	     dc	HPL_SYSTICK.o (ex libLibreria_LPC845.a)
   2122	      0	     40	   2162	    872	HPL_UART.o (ex libLibreria_LPC845.a)
      0	    128	      0	    128	     80	mtb.o (ex libLibreria_LPC845.a)
 
22:20:37 **** Incremental Build of configuration Debug for project Libreria_LPC845 ****
make -r all 
Building file: ../source/infotronic/termometro.c
Invoking: MCU C Compiler
arm-none-eabi-gcc -D__REDLIB__ -DCPU_LPC845M301JBD48 -DCPU_LPC845M301JBD48_cm0plus -DSDK_DEBUGCONSOLE=1 -DCR_INTEGER_PRINTF -DPRINTF_FLOAT_ENABLE=0 -D__MCUXPRESSO -DDEBUG -I"/home/augusto/Desktop/InfoII/Libreria_AJS/Libreria_LPC845/includes" -I"/home/augusto/Desktop/InfoII/Libreria_AJS/Libreria_LPC845/includes/infotronic" -I"/home/augusto/Desktop/InfoII/Libreria_AJS/Libreria_LPC845/includes/hpl" -I"/home/augusto/Desktop/InfoII/Libreria_AJS/Libreria_LPC845/includes/hri" -O0 -fno-common -g3 -Wall -c -ffunction-sections -fdata-sections -ffreestanding -fno-builtin -mcpu=cortex-m0plus -mthumb -D__REDLIB__ -fstack-usage -specs=redlib.specs -MMD -MP -MF"source/infotronic/termometro.d" -MT"source/infotronic/termometro.o" -MT"source/infotronic/termometro.d" -o "source/infotronic/termometro.o" "../source/infotronic/termometro.c"
Finished building: ../source/infotronic/termometro.c
 
Building target: libLibreria_LPC845.a
Invoking: MCU Archiver
arm-none-eabi-ar -r  "libLibreria_LPC845.a"  ./source/infotronic/display.o ./source/infotronic/infotronic.o ./source/infotronic/relays.o ./source/infotronic/teclado.o ./source/infotronic/termometro.o ./source/infotronic/timer.o  ./source/hpl/HPL_ADC.o ./source/hpl/HPL_DAC.o ./source/hpl/HPL_GPIO.o ./source/hpl/HPL_IOCON.o ./source/hpl/HPL_NVIC.o ./source/hpl/HPL_PININT.o ./source/hpl/HPL_SWM.o ./source/hpl/HPL_SYSCON.o ./source/hpl/HPL_SYSTICK.o ./source/hpl/HPL_UART.o  ./source/mtb.o   
arm-none-eabi-ar: creating libLibreria_LPC845.a
Finished building target: libLibreria_LPC845.a
 
make --no-print-directory post-build
Performing post-build steps
arm-none-eabi-size "libLibreria_LPC845.a" ; # arm-none-eabi-objdump -h -S "libLibreria_LPC845.a" >"libLibreria_LPC845.lss"
   text	   data	    bss	    dec	    hex	filename
    968	      0	     15	    983	    3d7	display.o (ex libLibreria_LPC845.a)
    554	      0	      0	    554	    22a	infotronic.o (ex libLibreria_LPC845.a)
    392	      0	      2	    394	    18a	relays.o (ex libLibreria_LPC845.a)
    750	      2	      8	    760	    2f8	teclado.o (ex libLibreria_LPC845.a)
   1044	      0	     52	   1096	    448	termometro.o (ex libLibreria_LPC845.a)
    640	      0	    240	    880	    370	timer.o (ex libLibreria_LPC845.a)
   1308	      0	      4	   1312	    520	HPL_ADC.o (ex libLibreria_LPC845.a)
    384	      0	      0	    384	    180	HPL_DAC.o (ex libLibreria_LPC845.a)
   1304	      0	      0	   1304	    518	HPL_GPIO.o (ex libLibreria_LPC845.a)
   1176	      0	      0	   1176	    498	HPL_IOCON.o (ex libLibreria_LPC845.a)
      4	      0	      0	      4	      4	HPL_NVIC.o (ex libLibreria_LPC845.a)
   1364	      0	     32	   1396	    574	HPL_PININT.o (ex libLibreria_LPC845.a)
      4	      0	      0	      4	      4	HPL_SWM.o (ex libLibreria_LPC845.a)
     24	      4	      0	     28	     1c	HPL_SYSCON.o (ex libLibreria_LPC845.a)
    216	      0	      4	    220	     dc	HPL_SYSTICK.o (ex libLibreria_LPC845.a)
   2122	      0	     40	   2162	    872	HPL_UART.o (ex libLibreria_LPC845.a)
      0	    128	      0	    128	     80	mtb.o (ex libLibreria_LPC845.a)
 
22:21:28 **** Incremental Build of configuration Debug for project Libreria_LPC845 ****
make -r all 
Building file: ../source/infotronic/termometro.c
Invoking: MCU C Compiler
arm-none-eabi-gcc -D__REDLIB__ -DCPU_LPC845M301JBD48 -DCPU_LPC845M301JBD48_cm0plus -DSDK_DEBUGCONSOLE=1 -DCR_INTEGER_PRINTF -DPRINTF_FLOAT_ENABLE=0 -D__MCUXPRESSO -DDEBUG -I"/home/augusto/Desktop/InfoII/Libreria_AJS/Libreria_LPC845/includes" -I"/home/augusto/Desktop/InfoII/Libreria_AJS/Libreria_LPC845/includes/infotronic" -I"/home/augusto/Desktop/InfoII/Libreria_AJS/Libreria_LPC845/includes/hpl" -I"/home/augusto/Desktop/InfoII/Libreria_AJS/Libreria_LPC845/includes/hri" -O0 -fno-common -g3 -Wall -c -ffunction-sections -fdata-sections -ffreestanding -fno-builtin -mcpu=cortex-m0plus -mthumb -D__REDLIB__ -fstack-usage -specs=redlib.specs -MMD -MP -MF"source/infotronic/termometro.d" -MT"source/infotronic/termometro.o" -MT"source/infotronic/termometro.d" -o "source/infotronic/termometro.o" "../source/infotronic/termometro.c"
Finished building: ../source/infotronic/termometro.c
 
Building target: libLibreria_LPC845.a
Invoking: MCU Archiver
arm-none-eabi-ar -r  "libLibreria_LPC845.a"  ./source/infotronic/display.o ./source/infotronic/infotronic.o ./source/infotronic/relays.o ./source/infotronic/teclado.o ./source/infotronic/termometro.o ./source/infotronic/timer.o  ./source/hpl/HPL_ADC.o ./source/hpl/HPL_DAC.o ./source/hpl/HPL_GPIO.o ./source/hpl/HPL_IOCON.o ./source/hpl/HPL_NVIC.o ./source/hpl/HPL_PININT.o ./source/hpl/HPL_SWM.o ./source/hpl/HPL_SYSCON.o ./source/hpl/HPL_SYSTICK.o ./source/hpl/HPL_UART.o  ./source/mtb.o   
arm-none-eabi-ar: creating libLibreria_LPC845.a
Finished building target: libLibreria_LPC845.a
 
make --no-print-directory post-build
Performing post-build steps
arm-none-eabi-size "libLibreria_LPC845.a" ; # arm-none-eabi-objdump -h -S "libLibreria_LPC845.a" >"libLibreria_LPC845.lss"
   text	   data	    bss	    dec	    hex	filename
    968	      0	     15	    983	    3d7	display.o (ex libLibreria_LPC845.a)
    554	      0	      0	    554	    22a	infotronic.o (ex libLibreria_LPC845.a)
    392	      0	      2	    394	    18a	relays.o (ex libLibreria_LPC845.a)
    750	      2	      8	    760	    2f8	teclado.o (ex libLibreria_LPC845.a)
   1044	      0	     52	   1096	    448	termometro.o (ex libLibreria_LPC845.a)
    640	      0	    240	    880	    370	timer.o (ex libLibreria_LPC845.a)
   1308	      0	      4	   1312	    520	HPL_ADC.o (ex libLibreria_LPC845.a)
    384	      0	      0	    384	    180	HPL_DAC.o (ex libLibreria_LPC845.a)
   1304	      0	      0	   1304	    518	HPL_GPIO.o (ex libLibreria_LPC845.a)
   1176	      0	      0	   1176	    498	HPL_IOCON.o (ex libLibreria_LPC845.a)
      4	      0	      0	      4	      4	HPL_NVIC.o (ex libLibreria_LPC845.a)
   1364	      0	     32	   1396	    574	HPL_PININT.o (ex libLibreria_LPC845.a)
      4	      0	      0	      4	      4	HPL_SWM.o (ex libLibreria_LPC845.a)
     24	      4	      0	     28	     1c	HPL_SYSCON.o (ex libLibreria_LPC845.a)
    216	      0	      4	    220	     dc	HPL_SYSTICK.o (ex libLibreria_LPC845.a)
   2122	      0	     40	   2162	    872	HPL_UART.o (ex libLibreria_LPC845.a)
      0	    128	      0	    128	     80	mtb.o (ex libLibreria_LPC845.a)
 
