18:17:43 **** Incremental Build of configuration Debug for project Libreria_LPC845 ****
make -r all 
Building file: ../source/hpl/HPL_UART.c
Invoking: MCU C Compiler
arm-none-eabi-gcc -D__REDLIB__ -DCPU_LPC845M301JBD48 -DCPU_LPC845M301JBD48_cm0plus -DSDK_DEBUGCONSOLE=1 -DCR_INTEGER_PRINTF -DPRINTF_FLOAT_ENABLE=0 -D__MCUXPRESSO -DDEBUG -I../source -I"/home/augusto/Escritorio/InfoII/Libreria_AJS/Libreria_LPC845/includes" -I"/home/augusto/Escritorio/InfoII/Libreria_AJS/Libreria_LPC845/includes/hpl" -I"/home/augusto/Escritorio/InfoII/Libreria_AJS/Libreria_LPC845/includes/hri" -I../ -I"/home/augusto/Escritorio/InfoII/Libreria_AJS/Libreria_LPC845/source" -O0 -fno-common -g3 -Wall -c -ffunction-sections -fdata-sections -ffreestanding -fno-builtin -mcpu=cortex-m0plus -mthumb -D__REDLIB__ -specs=redlib.specs -MMD -MP -MF"source/hpl/HPL_UART.d" -MT"source/hpl/HPL_UART.o" -MT"source/hpl/HPL_UART.d" -o "source/hpl/HPL_UART.o" "../source/hpl/HPL_UART.c"
../source/hpl/HPL_UART.c: In function 'UART0_IRQHandler':
../source/hpl/HPL_UART.c:328:12: warning: variable 'aux' set but not used [-Wunused-but-set-variable]
   uint32_t aux;
            ^~~
../source/hpl/HPL_UART.c: In function 'UART1_IRQHandler':
../source/hpl/HPL_UART.c:358:12: warning: variable 'aux' set but not used [-Wunused-but-set-variable]
   uint32_t aux;
            ^~~
../source/hpl/HPL_UART.c: In function 'UART2_IRQHandler':
../source/hpl/HPL_UART.c:388:12: warning: variable 'aux' set but not used [-Wunused-but-set-variable]
   uint32_t aux;
            ^~~
../source/hpl/HPL_UART.c: In function 'UART3_irq':
../source/hpl/HPL_UART.c:430:12: warning: variable 'aux' set but not used [-Wunused-but-set-variable]
   uint32_t aux;
            ^~~
../source/hpl/HPL_UART.c: In function 'UART4_irq':
../source/hpl/HPL_UART.c:460:12: warning: variable 'aux' set but not used [-Wunused-but-set-variable]
   uint32_t aux;
            ^~~
Finished building: ../source/hpl/HPL_UART.c
 
Building target: libLibreria_LPC845.a
Invoking: MCU Archiver
arm-none-eabi-ar -r  "libLibreria_LPC845.a"  ./source/hpl/HPL_ADC.o ./source/hpl/HPL_DAC.o ./source/hpl/HPL_GPIO.o ./source/hpl/HPL_IOCON.o ./source/hpl/HPL_NVIC.o ./source/hpl/HPL_PININT.o ./source/hpl/HPL_SWM.o ./source/hpl/HPL_SYSCON.o ./source/hpl/HPL_SYSTICK.o ./source/hpl/HPL_UART.o  ./source/mtb.o   
arm-none-eabi-ar: creating libLibreria_LPC845.a
Finished building target: libLibreria_LPC845.a
 
make --no-print-directory post-build
Performing post-build steps
arm-none-eabi-size "libLibreria_LPC845.a" ; # arm-none-eabi-objdump -h -S "libLibreria_LPC845.a" >"libLibreria_LPC845.lss"
   text	   data	    bss	    dec	    hex	filename
   1308	      0	      4	   1312	    520	HPL_ADC.o (ex libLibreria_LPC845.a)
    384	      0	      0	    384	    180	HPL_DAC.o (ex libLibreria_LPC845.a)
   1304	      0	      0	   1304	    518	HPL_GPIO.o (ex libLibreria_LPC845.a)
   1112	      0	      0	   1112	    458	HPL_IOCON.o (ex libLibreria_LPC845.a)
      4	      0	      0	      4	      4	HPL_NVIC.o (ex libLibreria_LPC845.a)
   1364	      0	     32	   1396	    574	HPL_PININT.o (ex libLibreria_LPC845.a)
      4	      0	      0	      4	      4	HPL_SWM.o (ex libLibreria_LPC845.a)
     24	      4	      0	     28	     1c	HPL_SYSCON.o (ex libLibreria_LPC845.a)
    216	      0	      4	    220	     dc	HPL_SYSTICK.o (ex libLibreria_LPC845.a)
   2162	      0	     40	   2202	    89a	HPL_UART.o (ex libLibreria_LPC845.a)
      0	    128	      0	    128	     80	mtb.o (ex libLibreria_LPC845.a)
 

18:17:44 Build Finished (took 1s.56ms)

