HPL_ADC.h:118:20:ADC_control_config	24	static
HPL_ADC.h:130:20:ADC_sequence_config_channels	16	static
HPL_ADC.h:140:24:ADC_sequence_get_channels	16	static
HPL_ADC.h:150:20:ADC_sequence_config_trigger	24	static
HPL_ADC.h:160:20:ADC_sequence_config_trigger_pol	24	static
HPL_ADC.h:170:20:ADC_sequence_config_sync	24	static
HPL_ADC.h:179:20:ADC_sequence_set_start	16	static
HPL_ADC.h:188:20:ADC_sequence_set_burst	24	static
HPL_ADC.h:202:20:ADC_sequence_clear_burst	16	static
HPL_ADC.h:212:20:ADC_sequence_set_singlestep	16	static
HPL_ADC.h:221:20:ADC_sequence_clear_singlestep	16	static
HPL_ADC.h:229:20:ADC_sequence_A_lowpriority_set	8	static
HPL_ADC.h:237:20:ADC_sequence_A_lowpriority_clear	8	static
HPL_ADC.h:257:37:ADC_sequence_get_mode	16	static
HPL_ADC.h:424:33:ADC_get_global_data	16	static
HPL_ADC.h:434:34:ADC_get_channel_data	16	static
HPL_ADC.h:443:20:ADC_set_vrange	16	static
HPL_ADC.h:452:20:ADC_hardware_calib	24	static
HPL_SYSCON.h:405:20:SYSCON_set_adc_clock	16	static
HPL_SYSCON.h:435:20:SYSCON_enable_clock	16	static
HPL_SYSCON.h:688:20:SYSCON_power_up_peripheral	16	static
HPL_SWM.h:24:20:SWM_init	8	static
HPL_SWM.h:32:20:SWM_deinit	8	static
HPL_SWM.h:524:20:SWM_enable_ADC	24	static
HAL_ADC.c:39:6:hal_adc_init	24	static
HAL_ADC.c:64:6:hal_adc_config_sequence	24	static
HAL_ADC.c:127:6:hal_adc_start_sequence	16	static
HAL_ADC.c:145:28:hal_adc_get_sequence_result	40	static
HAL_ADC.c:190:13:dummy_irq_callback	8	static
HAL_ADC.c:198:6:ADC_SEQA_IRQHandler	8	static
HAL_ADC.c:211:6:ADC_SEQB_IRQHandler	8	static
HAL_ADC.c:224:6:ADC_THCMP_IRQHandler	8	static
HAL_ADC.c:232:6:ADC_OVR_IRQHandler	8	static
