HPL_ADC.h:120:20:ADC_control_config	24	static
HPL_ADC.h:132:20:ADC_sequence_config_channels	16	static
HPL_ADC.h:142:24:ADC_sequence_get_channels	16	static
HPL_ADC.h:152:20:ADC_sequence_config_trigger	24	static
HPL_ADC.h:162:20:ADC_sequence_config_trigger_pol	24	static
HPL_ADC.h:172:20:ADC_sequence_config_sync	24	static
HPL_ADC.h:181:20:ADC_sequence_set_start	16	static
HPL_ADC.h:190:20:ADC_sequence_set_burst	24	static
HPL_ADC.h:204:20:ADC_sequence_clear_burst	16	static
HPL_ADC.h:214:20:ADC_sequence_set_singlestep	16	static
HPL_ADC.h:223:20:ADC_sequence_clear_singlestep	16	static
HPL_ADC.h:231:20:ADC_sequence_A_lowpriority_set	8	static
HPL_ADC.h:239:20:ADC_sequence_A_lowpriority_clear	8	static
HPL_ADC.h:259:37:ADC_sequence_get_mode	16	static
HPL_ADC.h:426:33:ADC_get_global_data	16	static
HPL_ADC.h:436:34:ADC_get_channel_data	16	static
HPL_ADC.h:445:20:ADC_set_vrange	16	static
HPL_ADC.h:454:20:ADC_hardware_calib	24	static
HPL_SYSCON.h:405:20:SYSCON_set_adc_clock	16	static
HPL_SYSCON.h:435:20:SYSCON_enable_clock	16	static
HPL_SYSCON.h:688:20:SYSCON_power_up_peripheral	16	static
HAL_ADC.c:38:6:hal_adc_init	24	static
HAL_ADC.c:63:6:hal_adc_config_sequence	16	static
HAL_ADC.c:111:6:hal_adc_start_sequence	16	static
HAL_ADC.c:129:28:hal_adc_get_sequence_result	40	static
HAL_ADC.c:174:13:dummy_irq_callback	8	static
HAL_ADC.c:182:6:ADC_SEQA_IRQHandler	8	static
HAL_ADC.c:195:6:ADC_SEQB_IRQHandler	8	static
HAL_ADC.c:208:6:ADC_THCMP_IRQHandler	8	static
HAL_ADC.c:216:6:ADC_OVR_IRQHandler	8	static
