HPL_ADC.h:120:20:ADC_control_config	24	static
HPL_ADC.h:132:20:ADC_sequence_config_channels	16	static
HPL_ADC.h:142:24:ADC_sequence_get_channels	16	static
HPL_ADC.h:152:20:ADC_sequence_config_trigger	24	static
HPL_ADC.h:162:20:ADC_sequence_config_trigger_pol	24	static
HPL_ADC.h:172:20:ADC_sequence_config_sync	24	static
HPL_ADC.h:181:20:ADC_sequence_set_start	16	static
HPL_ADC.h:190:20:ADC_sequence_set_burst	24	static
HPL_ADC.h:204:20:ADC_sequence_clear_burst	16	static
HPL_ADC.h:214:20:ADC_sequence_set_singlestep	16	static
HPL_ADC.h:223:20:ADC_sequence_clear_singlestep	16	static
HPL_ADC.h:231:20:ADC_sequence_A_lowpriority_set	8	static
HPL_ADC.h:239:20:ADC_sequence_A_lowpriority_clear	8	static
HPL_ADC.h:249:20:ADC_sequence_config_interrupt_mode	24	static
HPL_ADC.h:259:37:ADC_sequence_get_mode	16	static
HPL_ADC.h:268:20:ADC_sequence_enable	16	static
HPL_ADC.h:330:20:ADC_enable_sequence_interrupt	16	static
HPL_ADC.h:426:33:ADC_get_global_data	16	static
HPL_ADC.h:436:34:ADC_get_channel_data	16	static
HPL_ADC.h:445:20:ADC_set_vrange	16	static
HPL_ADC.h:454:20:ADC_hardware_calib	24	static
HPL_SYSCON.h:408:20:SYSCON_set_adc_clock	16	static
HPL_SYSCON.h:438:20:SYSCON_enable_clock	16	static
HPL_SYSCON.h:489:20:SYSCON_clear_reset	16	static
HPL_SYSCON.h:701:20:SYSCON_power_up_peripheral	16	static
HPL_SWM.h:26:20:SWM_init	8	static
HPL_SWM.h:34:20:SWM_deinit	8	static
HPL_SWM.h:526:20:SWM_enable_ADC	24	static
HPL_NVIC.h:64:20:NVIC_enable_interrupt	16	static
HAL_ADC.c:40:6:hal_adc_init	24	static
HAL_ADC.c:67:6:hal_adc_config_sequence	24	static
HAL_ADC.c:139:6:hal_adc_enable_sequence	16	static
HAL_ADC.c:152:6:hal_adc_start_sequence	16	static
HAL_ADC.c:170:28:hal_adc_get_sequence_result	40	static
HAL_ADC.c:215:13:dummy_irq_callback	8	static
HAL_ADC.c:223:6:ADC_SEQA_IRQHandler	8	static
HAL_ADC.c:236:6:ADC_SEQB_IRQHandler	8	static
HAL_ADC.c:249:6:ADC_THCMP_IRQHandler	8	static
HAL_ADC.c:257:6:ADC_OVR_IRQHandler	8	static
