HPL_SYSCON.h:309:20:SYSCON_set_oscillator_control	16	static
HPL_SYSCON.h:329:20:SYSCON_set_fro_direct	8	static
HPL_SYSCON.h:339:20:SYSCON_clear_fro_direct	8	static
HPL_SYSCON.h:362:20:SYSCON_set_system_clock_source	16	static
HPL_SYSCON.h:426:20:SYSCON_set_ext_clock_source	16	static
HPL_SYSCON.h:435:20:SYSCON_enable_clock	16	static
HPL_SYSCON.h:516:20:SYSCON_set_frg_config	24	static
HPL_SYSCON.h:537:20:SYSCON_set_clkout_config	24	static
HPL_SYSCON.h:688:20:SYSCON_power_up_peripheral	16	static
HPL_IOCON.h:57:20:IOCON_init	8	static
HPL_IOCON.h:78:20:IOCON_config_pull_mode	24	static
HPL_SWM.h:24:20:SWM_init	8	static
HPL_SWM.h:32:20:SWM_deinit	8	static
HPL_SWM.h:391:20:SWM_assign_CLKOUT	16	static
HPL_SWM.h:478:20:SWM_enable_XTALIN	24	static
HPL_SWM.h:487:20:SWM_enable_XTALOUT	24	static
HAL_SYSCON.c:30:10:hal_syscon_get_system_clock	8	static
HAL_SYSCON.c:39:10:hal_syscon_get_fro_clock	8	static
HAL_SYSCON.c:49:6:hal_syscon_config_external_crystal	24	static
HAL_SYSCON.c:93:6:hal_syscon_config_fro_direct	16	static
HAL_SYSCON.c:119:6:hal_syscon_config_clkout	24	static
HAL_SYSCON.c:137:6:hal_syscon_config_frg	16	static
