HPL_ADC.h:119:20:ADC_control_config	24	static
HPL_ADC.h:131:20:ADC_sequence_config_channels	16	static
HPL_ADC.h:141:24:ADC_sequence_get_channels	16	static
HPL_ADC.h:151:20:ADC_sequence_config_trigger	24	static
HPL_ADC.h:161:20:ADC_sequence_config_trigger_pol	24	static
HPL_ADC.h:171:20:ADC_sequence_config_sync	24	static
HPL_ADC.h:180:20:ADC_sequence_set_start	16	static
HPL_ADC.h:189:20:ADC_sequence_set_burst	24	static
HPL_ADC.h:203:20:ADC_sequence_clear_burst	16	static
HPL_ADC.h:213:20:ADC_sequence_set_singlestep	16	static
HPL_ADC.h:222:20:ADC_sequence_clear_singlestep	16	static
HPL_ADC.h:230:20:ADC_sequence_A_make_low_priority	8	static
HPL_ADC.h:238:20:ADC_sequence_A_make_high_priority	8	static
HPL_ADC.h:248:20:ADC_sequence_config_interrupt_mode	24	static
HPL_ADC.h:258:37:ADC_sequence_get_mode	16	static
HPL_ADC.h:267:20:ADC_sequence_enable	16	static
HPL_ADC.h:329:20:ADC_enable_sequence_interrupt	16	static
HPL_ADC.h:345:20:ADC_disable_sequence_interrupt	16	static
HPL_ADC.h:425:33:ADC_get_global_data	16	static
HPL_ADC.h:435:34:ADC_get_channel_data	16	static
HPL_ADC.h:444:20:ADC_set_vrange	16	static
HPL_ADC.h:453:20:ADC_hardware_calib	24	static
HPL_SYSCON.h:409:20:SYSCON_set_adc_clock	16	static
HPL_SYSCON.h:439:20:SYSCON_enable_clock	16	static
HPL_SYSCON.h:456:20:SYSCON_disable_clock	16	static
HPL_SYSCON.h:473:20:SYSCON_assert_reset	16	static
HPL_SYSCON.h:490:20:SYSCON_clear_reset	16	static
HPL_SYSCON.h:702:20:SYSCON_power_up_peripheral	16	static
HPL_SYSCON.h:711:20:SYSCON_power_down_peripheral	16	static
HPL_SWM.h:26:20:SWM_init	8	static
HPL_SWM.h:34:20:SWM_deinit	8	static
HPL_SWM.h:526:20:SWM_enable_ADC	24	static
HPL_NVIC.h:63:20:NVIC_enable_interrupt	16	static
HPL_NVIC.h:72:20:NVIC_disable_interrupt	16	static
HAL_ADC.c:50:6:hal_adc_init_async_mode	32	static
HAL_ADC.c:99:6:hal_adc_init_sync_mode	32	static
HAL_ADC.c:137:6:hal_adc_deinit	8	static
HAL_ADC.c:161:6:hal_adc_config_sequence	24	static
HAL_ADC.c:242:6:hal_adc_enable_sequence	16	static
HAL_ADC.c:256:6:hal_adc_start_sequence	16	static
HAL_ADC.c:277:28:hal_adc_get_sequence_result	40	static
HAL_ADC.c:322:13:dummy_irq_callback	8	static
HAL_ADC.c:330:6:ADC_SEQA_IRQHandler	8	static
HAL_ADC.c:343:6:ADC_SEQB_IRQHandler	8	static
HAL_ADC.c:356:6:ADC_THCMP_IRQHandler	8	static
HAL_ADC.c:364:6:ADC_OVR_IRQHandler	8	static
