HPL_SYSCON.h:309:20:SYSCON_set_oscillator_control	16	static
HPL_SYSCON.h:329:20:SYSCON_set_fro_direct	8	static
HPL_SYSCON.h:339:20:SYSCON_clear_fro_direct	8	static
HPL_SYSCON.h:362:20:SYSCON_set_system_clock_source	16	static
HPL_SYSCON.h:426:20:SYSCON_set_ext_clock_source	16	static
HPL_SYSCON.h:435:20:SYSCON_enable_clock	16	static
HPL_SYSCON.h:504:20:SYSCON_set_peripheral_clock_source	24	static
HPL_SYSCON.h:516:20:SYSCON_set_frg_config	24	static
HPL_SYSCON.h:537:20:SYSCON_set_clkout_config	24	static
HPL_SYSCON.h:558:20:SYSCON_set_iocon_glitch_divider	24	static
HPL_SYSCON.h:693:20:SYSCON_power_up_peripheral	16	static
HPL_IOCON.h:57:20:IOCON_init	8	static
HPL_IOCON.h:78:20:IOCON_config_pull_mode	24	static
HPL_SWM.h:24:20:SWM_init	8	static
HPL_SWM.h:32:20:SWM_deinit	8	static
HPL_SWM.h:391:20:SWM_assign_CLKOUT	16	static
HPL_SWM.h:478:20:SWM_enable_XTALIN	24	static
HPL_SWM.h:487:20:SWM_enable_XTALOUT	24	static
HAL_SYSCON.c:32:10:hal_syscon_get_system_clock	8	static
HAL_SYSCON.c:41:10:hal_syscon_get_fro_clock	8	static
HAL_SYSCON.c:51:6:hal_syscon_config_external_crystal	24	static
HAL_SYSCON.c:95:6:hal_syscon_config_fro_direct	16	static
HAL_SYSCON.c:122:6:hal_syscon_config_clkout	24	static
HAL_SYSCON.c:140:6:hal_syscon_config_frg	32	static
HAL_SYSCON.c:162:6:hal_syscon_set_peripheral_clock_source	16	static
HAL_SYSCON.c:172:10:hal_syscon_get_peripheral_clock	24	static
HAL_SYSCON.c:194:6:hal_syscon_set_iocon_glitch_divider	16	static
