Archive member included to satisfy reference by file (symbol)

/home/augusto/Desktop/InfoII/Libreria_LPC845/LPC845/Libreria_LPC845/Debug/libLibreria_LPC845.a(HAL_ADC.o)
                              ./src/Micro_tester.o (hal_adc_init_async_mode)
/home/augusto/Desktop/InfoII/Libreria_LPC845/LPC845/Libreria_LPC845/Debug/libLibreria_LPC845.a(HAL_CTIMER.o)
                              ./src/Micro_tester.o (hal_ctimer_pwm_mode_init)
/home/augusto/Desktop/InfoII/Libreria_LPC845/LPC845/Libreria_LPC845/Debug/libLibreria_LPC845.a(HAL_GPIO.o)
                              ./src/Micro_tester.o (hal_gpio_init)
/home/augusto/Desktop/InfoII/Libreria_LPC845/LPC845/Libreria_LPC845/Debug/libLibreria_LPC845.a(HAL_IOCON.o)
                              ./src/Micro_tester.o (hal_iocon_config_io)
/home/augusto/Desktop/InfoII/Libreria_LPC845/LPC845/Libreria_LPC845/Debug/libLibreria_LPC845.a(HAL_PININT.o)
                              ./src/Micro_tester.o (hal_pinint_init)
/home/augusto/Desktop/InfoII/Libreria_LPC845/LPC845/Libreria_LPC845/Debug/libLibreria_LPC845.a(HAL_SPI.o)
                              ./src/Micro_tester.o (hal_spi_master_mode_init)
/home/augusto/Desktop/InfoII/Libreria_LPC845/LPC845/Libreria_LPC845/Debug/libLibreria_LPC845.a(HAL_SYSCON.o)
                              /home/augusto/Desktop/InfoII/Libreria_LPC845/LPC845/Libreria_LPC845/Debug/libLibreria_LPC845.a(HAL_ADC.o) (hal_syscon_get_system_clock)
/home/augusto/Desktop/InfoII/Libreria_LPC845/LPC845/Libreria_LPC845/Debug/libLibreria_LPC845.a(HAL_SYSTICK.o)
                              ./src/Micro_tester.o (hal_systick_init)
/home/augusto/Desktop/InfoII/Libreria_LPC845/LPC845/Libreria_LPC845/Debug/libLibreria_LPC845.a(HAL_UART.o)
                              ./src/Micro_tester.o (hal_uart_init)
/home/augusto/Desktop/InfoII/Libreria_LPC845/LPC845/Libreria_LPC845/Debug/libLibreria_LPC845.a(HAL_WKT.o)
                              ./src/Micro_tester.o (hal_wkt_init)
/home/augusto/Desktop/InfoII/Libreria_LPC845/LPC845/Libreria_LPC845/Debug/libLibreria_LPC845.a(HPL_ADC.o)
                              /home/augusto/Desktop/InfoII/Libreria_LPC845/LPC845/Libreria_LPC845/Debug/libLibreria_LPC845.a(HAL_ADC.o) (ADC)
/home/augusto/Desktop/InfoII/Libreria_LPC845/LPC845/Libreria_LPC845/Debug/libLibreria_LPC845.a(HPL_CTIMER.o)
                              /home/augusto/Desktop/InfoII/Libreria_LPC845/LPC845/Libreria_LPC845/Debug/libLibreria_LPC845.a(HAL_CTIMER.o) (CTIMER)
/home/augusto/Desktop/InfoII/Libreria_LPC845/LPC845/Libreria_LPC845/Debug/libLibreria_LPC845.a(HPL_GPIO.o)
                              /home/augusto/Desktop/InfoII/Libreria_LPC845/LPC845/Libreria_LPC845/Debug/libLibreria_LPC845.a(HAL_GPIO.o) (GPIO)
/home/augusto/Desktop/InfoII/Libreria_LPC845/LPC845/Libreria_LPC845/Debug/libLibreria_LPC845.a(HPL_IOCON.o)
                              /home/augusto/Desktop/InfoII/Libreria_LPC845/LPC845/Libreria_LPC845/Debug/libLibreria_LPC845.a(HAL_IOCON.o) (IOCON)
/home/augusto/Desktop/InfoII/Libreria_LPC845/LPC845/Libreria_LPC845/Debug/libLibreria_LPC845.a(HPL_NVIC.o)
                              /home/augusto/Desktop/InfoII/Libreria_LPC845/LPC845/Libreria_LPC845/Debug/libLibreria_LPC845.a(HAL_ADC.o) (NVIC)
/home/augusto/Desktop/InfoII/Libreria_LPC845/LPC845/Libreria_LPC845/Debug/libLibreria_LPC845.a(HPL_PININT.o)
                              /home/augusto/Desktop/InfoII/Libreria_LPC845/LPC845/Libreria_LPC845/Debug/libLibreria_LPC845.a(HAL_PININT.o) (PININT)
/home/augusto/Desktop/InfoII/Libreria_LPC845/LPC845/Libreria_LPC845/Debug/libLibreria_LPC845.a(HPL_PMU.o)
                              /home/augusto/Desktop/InfoII/Libreria_LPC845/LPC845/Libreria_LPC845/Debug/libLibreria_LPC845.a(HAL_WKT.o) (PMU)
/home/augusto/Desktop/InfoII/Libreria_LPC845/LPC845/Libreria_LPC845/Debug/libLibreria_LPC845.a(HPL_SPI.o)
                              /home/augusto/Desktop/InfoII/Libreria_LPC845/LPC845/Libreria_LPC845/Debug/libLibreria_LPC845.a(HAL_SPI.o) (SPI)
/home/augusto/Desktop/InfoII/Libreria_LPC845/LPC845/Libreria_LPC845/Debug/libLibreria_LPC845.a(HPL_SWM.o)
                              /home/augusto/Desktop/InfoII/Libreria_LPC845/LPC845/Libreria_LPC845/Debug/libLibreria_LPC845.a(HAL_ADC.o) (SWM)
/home/augusto/Desktop/InfoII/Libreria_LPC845/LPC845/Libreria_LPC845/Debug/libLibreria_LPC845.a(HPL_SYSCON.o)
                              /home/augusto/Desktop/InfoII/Libreria_LPC845/LPC845/Libreria_LPC845/Debug/libLibreria_LPC845.a(HAL_ADC.o) (SYSCON)
/home/augusto/Desktop/InfoII/Libreria_LPC845/LPC845/Libreria_LPC845/Debug/libLibreria_LPC845.a(HPL_SYSTICK.o)
                              /home/augusto/Desktop/InfoII/Libreria_LPC845/LPC845/Libreria_LPC845/Debug/libLibreria_LPC845.a(HAL_SYSTICK.o) (SYSTICK)
/home/augusto/Desktop/InfoII/Libreria_LPC845/LPC845/Libreria_LPC845/Debug/libLibreria_LPC845.a(HPL_UART.o)
                              /home/augusto/Desktop/InfoII/Libreria_LPC845/LPC845/Libreria_LPC845/Debug/libLibreria_LPC845.a(HAL_UART.o) (UART)
[...]
Memory Configuration

Name             Origin             Length             Attributes
MFlash64         0x0000000000000000 0x0000000000010000 xr
RamLoc16         0x0000000010000000 0x0000000000004000 xrw
*default*        0x0000000000000000 0xffffffffffffffff

Linker script and memory map

LOAD ./src/Micro_tester.o
LOAD ./src/aeabi_romdiv_patch.o
LOAD ./src/cr_startup_lpc84x.o
LOAD ./src/crp.o
LOAD ./src/mtb.o
LOAD /home/augusto/Desktop/InfoII/Libreria_LPC845/LPC845/Libreria_LPC845/Debug/libLibreria_LPC845.a
START GROUP
LOAD /usr/local/mcuxpressoide-11.0.0_2516/ide/plugins/com.nxp.mcuxpresso.tools.linux_11.0.0.201905131304/tools/bin/../lib/gcc/arm-none-eabi/8.2.1/../../../../arm-none-eabi/lib/thumb/v6-m/nofp/libcr_c.a
LOAD /usr/local/mcuxpressoide-11.0.0_2516/ide/plugins/com.nxp.mcuxpresso.tools.linux_11.0.0.201905131304/tools/bin/../lib/gcc/arm-none-eabi/8.2.1/thumb/v6-m/nofp/libcr_eabihelpers.a
LOAD /usr/local/mcuxpressoide-11.0.0_2516/ide/plugins/com.nxp.mcuxpresso.tools.linux_11.0.0.201905131304/tools/bin/../lib/gcc/arm-none-eabi/8.2.1/thumb/v6-m/nofp/libgcc.a
END GROUP
                0x0000000000000000                __base_MFlash64 = 0x0
                0x0000000000000000                __base_Flash = 0x0
                0x0000000000010000                __top_MFlash64 = 0x10000
                0x0000000000010000                __top_Flash = 0x10000
                0x0000000010000000                __base_RamLoc16 = 0x10000000
                0x0000000010000000                __base_RAM = 0x10000000
                0x0000000010004000                __top_RamLoc16 = 0x10004000
                0x0000000010004000                __top_RAM = 0x10004000

.text           0x0000000000000000     0x59e0
 FILL mask 0xff
                0x0000000000000000                __vectors_start__ = ABSOLUTE (.)
 *(.isr_vector)
 .isr_vector    0x0000000000000000       0xc0 ./src/cr_startup_lpc84x.o
                0x0000000000000000                g_pfnVectors
                0x00000000000000c0                . = ALIGN (0x4)
                0x00000000000000c0                __section_table_start = .
                0x00000000000000c0                __data_section_table = .
                0x00000000000000c0        0x4 LONG 0x59e0 LOADADDR (.data)
                0x00000000000000c4        0x4 LONG 0x10000000 ADDR (.data)
                0x00000000000000c8        0x4 LONG 0xcc SIZEOF (.data)
                0x00000000000000cc                __data_section_table_end = .
                0x00000000000000cc                __bss_section_table = .
                0x00000000000000cc        0x4 LONG 0x100000cc ADDR (.bss)
                0x00000000000000d0        0x4 LONG 0x48 SIZEOF (.bss)
                0x00000000000000d4                __bss_section_table_end = .
                0x00000000000000d4                __section_table_end = .
 *(.after_vectors*)
 .after_vectors
                0x00000000000000d4      0x114 ./src/cr_startup_lpc84x.o
                0x00000000000000d4                data_init
                0x0000000000000114                bss_init
                0x0000000000000148                ResetISR
                0x00000000000001c4                NMI_Handler
                0x00000000000001ca                HardFault_Handler
                0x00000000000001d0                SVC_Handler
                0x00000000000001d6                PendSV_Handler
                0x00000000000001e2                CMP_IRQHandler
                0x00000000000001e2                I2C0_IRQHandler
                0x00000000000001e2                MRT_IRQHandler
                0x00000000000001e2                I2C1_IRQHandler
                0x00000000000001e2                IntDefaultHandler
                0x00000000000001e2                I2C2_IRQHandler
                0x00000000000001e2                BOD_IRQHandler
                0x00000000000001e2                I2C3_IRQHandler
                0x00000000000001e2                SCT_IRQHandler
                0x00000000000001e2                WDT_IRQHandler
                0x00000000000001e2                FAIM_IRQHandler
                0x00000000000001e2                DAC0_IRQHandler
                0x00000000000001e2                DMA_IRQHandler
                0x00000000000001e2                FLASH_IRQHandler
 *(.text*)
 .text.main     0x00000000000001e8      0x110 ./src/Micro_tester.o
                0x00000000000001e8                main
 .text.tick_callback
                0x00000000000002f8       0xc4 ./src/Micro_tester.o
 .text.adc_callback
                0x00000000000003bc       0x70 ./src/Micro_tester.o
 .text.rx_callback
                0x000000000000042c       0x40 ./src/Micro_tester.o
 .text.tx_callback
                0x000000000000046c       0x3c ./src/Micro_tester.o
 .text.pinint_callback
                0x00000000000004a8       0x38 ./src/Micro_tester.o
 .text.match_callback
                0x00000000000004e0       0x1c ./src/Micro_tester.o
 .text.spi_tx_callback
                0x00000000000004fc       0x34 ./src/Micro_tester.o
 .text.spi_rx_callback
                0x0000000000000530       0x38 ./src/Micro_tester.o
 .text.wkt_callback
                0x0000000000000568       0x1c ./src/Micro_tester.o
 .text.ADC_control_config
                0x0000000000000584       0x84 /home/augusto/Desktop/InfoII/Libreria_LPC845/LPC845/Libreria_LPC845/Debug/libLibreria_LPC845.a(HAL_ADC.o)
 .text.ADC_sequence_config_channels
                0x0000000000000608       0x44 /home/augusto/Desktop/InfoII/Libreria_LPC845/LPC845/Libreria_LPC845/Debug/libLibreria_LPC845.a(HAL_ADC.o)
 .text.ADC_sequence_get_channels
                0x000000000000064c       0x2c /home/augusto/Desktop/InfoII/Libreria_LPC845/LPC845/Libreria_LPC845/Debug/libLibreria_LPC845.a(HAL_ADC.o)
 .text.ADC_sequence_config_trigger
                0x0000000000000678       0x48 /home/augusto/Desktop/InfoII/Libreria_LPC845/LPC845/Libreria_LPC845/Debug/libLibreria_LPC845.a(HAL_ADC.o)
 .text.ADC_sequence_config_trigger_pol
                0x00000000000006c0       0x48 /home/augusto/Desktop/InfoII/Libreria_LPC845/LPC845/Libreria_LPC845/Debug/libLibreria_LPC845.a(HAL_ADC.o)
 .text.ADC_sequence_config_sync
                0x0000000000000708       0x48 /home/augusto/Desktop/InfoII/Libreria_LPC845/LPC845/Libreria_LPC845/Debug/libLibreria_LPC845.a(HAL_ADC.o)
 .text.ADC_sequence_set_start
                0x0000000000000750       0x30 /home/augusto/Desktop/InfoII/Libreria_LPC845/LPC845/Libreria_LPC845/Debug/libLibreria_LPC845.a(HAL_ADC.o)
 .text.ADC_sequence_set_burst
                0x0000000000000780       0x58 /home/augusto/Desktop/InfoII/Libreria_LPC845/LPC845/Libreria_LPC845/Debug/libLibreria_LPC845.a(HAL_ADC.o)
 .text.ADC_sequence_clear_burst
                0x00000000000007d8       0x44 /home/augusto/Desktop/InfoII/Libreria_LPC845/LPC845/Libreria_LPC845/Debug/libLibreria_LPC845.a(HAL_ADC.o)
 .text.ADC_sequence_set_singlestep
                0x000000000000081c       0x30 /home/augusto/Desktop/InfoII/Libreria_LPC845/LPC845/Libreria_LPC845/Debug/libLibreria_LPC845.a(HAL_ADC.o)
 .text.ADC_sequence_clear_singlestep
                0x000000000000084c       0x30 /home/augusto/Desktop/InfoII/Libreria_LPC845/LPC845/Libreria_LPC845/Debug/libLibreria_LPC845.a(HAL_ADC.o)
 .text.ADC_sequence_A_make_low_priority
                0x000000000000087c       0x1c /home/augusto/Desktop/InfoII/Libreria_LPC845/LPC845/Libreria_LPC845/Debug/libLibreria_LPC845.a(HAL_ADC.o)
 .text.ADC_sequence_A_make_high_priority
                0x0000000000000898       0x20 /home/augusto/Desktop/InfoII/Libreria_LPC845/LPC845/Libreria_LPC845/Debug/libLibreria_LPC845.a(HAL_ADC.o)
 .text.ADC_sequence_config_interrupt_mode
                0x00000000000008b8       0x48 /home/augusto/Desktop/InfoII/Libreria_LPC845/LPC845/Libreria_LPC845/Debug/libLibreria_LPC845.a(HAL_ADC.o)
 .text.ADC_sequence_get_mode
                0x0000000000000900       0x2c /home/augusto/Desktop/InfoII/Libreria_LPC845/LPC845/Libreria_LPC845/Debug/libLibreria_LPC845.a(HAL_ADC.o)
 .text.ADC_sequence_enable
                0x000000000000092c       0x30 /home/augusto/Desktop/InfoII/Libreria_LPC845/LPC845/Libreria_LPC845/Debug/libLibreria_LPC845.a(HAL_ADC.o)
 .text.ADC_enable_sequence_interrupt
                0x000000000000095c       0x3c /home/augusto/Desktop/InfoII/Libreria_LPC845/LPC845/Libreria_LPC845/Debug/libLibreria_LPC845.a(HAL_ADC.o)
 .text.ADC_disable_sequence_interrupt
                0x0000000000000998       0x3c /home/augusto/Desktop/InfoII/Libreria_LPC845/LPC845/Libreria_LPC845/Debug/libLibreria_LPC845.a(HAL_ADC.o)
 .text.ADC_get_global_data
                0x00000000000009d4       0x28 /home/augusto/Desktop/InfoII/Libreria_LPC845/LPC845/Libreria_LPC845/Debug/libLibreria_LPC845.a(HAL_ADC.o)
 .text.ADC_get_channel_data
                0x00000000000009fc       0x28 /home/augusto/Desktop/InfoII/Libreria_LPC845/LPC845/Libreria_LPC845/Debug/libLibreria_LPC845.a(HAL_ADC.o)
 .text.ADC_set_vrange
                0x0000000000000a24       0x38 /home/augusto/Desktop/InfoII/Libreria_LPC845/LPC845/Libreria_LPC845/Debug/libLibreria_LPC845.a(HAL_ADC.o)
 .text.ADC_hardware_calib
                0x0000000000000a5c       0x74 /home/augusto/Desktop/InfoII/Libreria_LPC845/LPC845/Libreria_LPC845/Debug/libLibreria_LPC845.a(HAL_ADC.o)
 .text.SYSCON_set_adc_clock
                0x0000000000000ad0       0x50 /home/augusto/Desktop/InfoII/Libreria_LPC845/LPC845/Libreria_LPC845/Debug/libLibreria_LPC845.a(HAL_ADC.o)
 .text.SYSCON_enable_clock
                0x0000000000000b20       0x68 /home/augusto/Desktop/InfoII/Libreria_LPC845/LPC845/Libreria_LPC845/Debug/libLibreria_LPC845.a(HAL_ADC.o)
 .text.SYSCON_assert_reset
                0x0000000000000b88       0x6c /home/augusto/Desktop/InfoII/Libreria_LPC845/LPC845/Libreria_LPC845/Debug/libLibreria_LPC845.a(HAL_ADC.o)
 .text.SYSCON_clear_reset
                0x0000000000000bf4       0x68 /home/augusto/Desktop/InfoII/Libreria_LPC845/LPC845/Libreria_LPC845/Debug/libLibreria_LPC845.a(HAL_ADC.o)
 .text.SYSCON_power_up_peripheral
                0x0000000000000c5c       0x44 /home/augusto/Desktop/InfoII/Libreria_LPC845/LPC845/Libreria_LPC845/Debug/libLibreria_LPC845.a(HAL_ADC.o)
 .text.SWM_init
                0x0000000000000ca0       0x1c /home/augusto/Desktop/InfoII/Libreria_LPC845/LPC845/Libreria_LPC845/Debug/libLibreria_LPC845.a(HAL_ADC.o)
 .text.SWM_deinit
                0x0000000000000cbc       0x1c /home/augusto/Desktop/InfoII/Libreria_LPC845/LPC845/Libreria_LPC845/Debug/libLibreria_LPC845.a(HAL_ADC.o)
 .text.SWM_enable_ADC
                0x0000000000000cd8      0x218 /home/augusto/Desktop/InfoII/Libreria_LPC845/LPC845/Libreria_LPC845/Debug/libLibreria_LPC845.a(HAL_ADC.o)
 .text.NVIC_enable_interrupt
                0x0000000000000ef0       0x3c /home/augusto/Desktop/InfoII/Libreria_LPC845/LPC845/Libreria_LPC845/Debug/libLibreria_LPC845.a(HAL_ADC.o)
 .text.hal_adc_init_async_mode
                0x0000000000000f2c       0xe8 /home/augusto/Desktop/InfoII/Libreria_LPC845/LPC845/Libreria_LPC845/Debug/libLibreria_LPC845.a(HAL_ADC.o)
                0x0000000000000f2c                hal_adc_init_async_mode
 .text.hal_adc_config_sequence
                0x0000000000001014      0x15c /home/augusto/Desktop/InfoII/Libreria_LPC845/LPC845/Libreria_LPC845/Debug/libLibreria_LPC845.a(HAL_ADC.o)
                0x0000000000001014                hal_adc_config_sequence
 .text.hal_adc_enable_sequence
                0x0000000000001170       0x1e /home/augusto/Desktop/InfoII/Libreria_LPC845/LPC845/Libreria_LPC845/Debug/libLibreria_LPC845.a(HAL_ADC.o)
                0x0000000000001170                hal_adc_enable_sequence
 .text.hal_adc_start_sequence
                0x000000000000118e       0x1e /home/augusto/Desktop/InfoII/Libreria_LPC845/LPC845/Libreria_LPC845/Debug/libLibreria_LPC845.a(HAL_ADC.o)
                0x000000000000118e                hal_adc_start_sequence
 .text.hal_adc_get_sequence_result
                0x00000000000011ac      0x10a /home/augusto/Desktop/InfoII/Libreria_LPC845/LPC845/Libreria_LPC845/Debug/libLibreria_LPC845.a(HAL_ADC.o)
                0x00000000000011ac                hal_adc_get_sequence_result
 .text.dummy_irq_callback
                0x00000000000012b6        0xa /home/augusto/Desktop/InfoII/Libreria_LPC845/LPC845/Libreria_LPC845/Debug/libLibreria_LPC845.a(HAL_ADC.o)
 .text.ADC_SEQA_IRQHandler
                0x00000000000012c0       0x38 /home/augusto/Desktop/InfoII/Libreria_LPC845/LPC845/Libreria_LPC845/Debug/libLibreria_LPC845.a(HAL_ADC.o)
                0x00000000000012c0                ADC_SEQA_IRQHandler
 .text.ADC_SEQB_IRQHandler
                0x00000000000012f8       0x38 /home/augusto/Desktop/InfoII/Libreria_LPC845/LPC845/Libreria_LPC845/Debug/libLibreria_LPC845.a(HAL_ADC.o)
                0x00000000000012f8                ADC_SEQB_IRQHandler
 .text.ADC_THCMP_IRQHandler
                0x0000000000001330       0x14 /home/augusto/Desktop/InfoII/Libreria_LPC845/LPC845/Libreria_LPC845/Debug/libLibreria_LPC845.a(HAL_ADC.o)
                0x0000000000001330                ADC_THCMP_IRQHandler
 .text.ADC_OVR_IRQHandler
                0x0000000000001344       0x14 /home/augusto/Desktop/InfoII/Libreria_LPC845/LPC845/Libreria_LPC845/Debug/libLibreria_LPC845.a(HAL_ADC.o)
                0x0000000000001344                ADC_OVR_IRQHandler
 .text.SYSCON_enable_clock
                0x0000000000001358       0x68 /home/augusto/Desktop/InfoII/Libreria_LPC845/LPC845/Libreria_LPC845/Debug/libLibreria_LPC845.a(HAL_CTIMER.o)
 .text.SYSCON_clear_reset
                0x00000000000013c0       0x68 /home/augusto/Desktop/InfoII/Libreria_LPC845/LPC845/Libreria_LPC845/Debug/libLibreria_LPC845.a(HAL_CTIMER.o)
 .text.CTIMER_get_match_irq_flag
                0x0000000000001428       0x6c /home/augusto/Desktop/InfoII/Libreria_LPC845/LPC845/Libreria_LPC845/Debug/libLibreria_LPC845.a(HAL_CTIMER.o)
 .text.CTIMER_get_capture_irq_flag
                0x0000000000001494       0x6c /home/augusto/Desktop/InfoII/Libreria_LPC845/LPC845/Libreria_LPC845/Debug/libLibreria_LPC845.a(HAL_CTIMER.o)
 .text.CTIMER_clear_match_irq_flag
                0x0000000000001500       0x6c /home/augusto/Desktop/InfoII/Libreria_LPC845/LPC845/Libreria_LPC845/Debug/libLibreria_LPC845.a(HAL_CTIMER.o)
 .text.CTIMER_clear_capture_irq_flag
                0x000000000000156c       0x6c /home/augusto/Desktop/InfoII/Libreria_LPC845/LPC845/Libreria_LPC845/Debug/libLibreria_LPC845.a(HAL_CTIMER.o)
 .text.CTIMER_enable_counter
                0x00000000000015d8       0x1c /home/augusto/Desktop/InfoII/Libreria_LPC845/LPC845/Libreria_LPC845/Debug/libLibreria_LPC845.a(HAL_CTIMER.o)
 .text.CTIMER_disable_counter
                0x00000000000015f4       0x1c /home/augusto/Desktop/InfoII/Libreria_LPC845/LPC845/Libreria_LPC845/Debug/libLibreria_LPC845.a(HAL_CTIMER.o)
 .text.CTIMER_assert_counter_reset
                0x0000000000001610       0x1c /home/augusto/Desktop/InfoII/Libreria_LPC845/LPC845/Libreria_LPC845/Debug/libLibreria_LPC845.a(HAL_CTIMER.o)
 .text.CTIMER_clear_counter_reset
                0x000000000000162c       0x1c /home/augusto/Desktop/InfoII/Libreria_LPC845/LPC845/Libreria_LPC845/Debug/libLibreria_LPC845.a(HAL_CTIMER.o)
 .text.CTIMER_write_prescaler
                0x0000000000001648       0x1c /home/augusto/Desktop/InfoII/Libreria_LPC845/LPC845/Libreria_LPC845/Debug/libLibreria_LPC845.a(HAL_CTIMER.o)
 .text.CTIMER_read_prescaler
                0x0000000000001664       0x14 /home/augusto/Desktop/InfoII/Libreria_LPC845/LPC845/Libreria_LPC845/Debug/libLibreria_LPC845.a(HAL_CTIMER.o)
 .text.CTIMER_enable_interrupt_on_match
                0x0000000000001678       0x6c /home/augusto/Desktop/InfoII/Libreria_LPC845/LPC845/Libreria_LPC845/Debug/libLibreria_LPC845.a(HAL_CTIMER.o)
 .text.CTIMER_disable_interrupt_on_match
                0x00000000000016e4       0x70 /home/augusto/Desktop/InfoII/Libreria_LPC845/LPC845/Libreria_LPC845/Debug/libLibreria_LPC845.a(HAL_CTIMER.o)
 .text.CTIMER_enable_reset_on_match
                0x0000000000001754       0x6c /home/augusto/Desktop/InfoII/Libreria_LPC845/LPC845/Libreria_LPC845/Debug/libLibreria_LPC845.a(HAL_CTIMER.o)
 .text.CTIMER_disable_stop_on_match
                0x00000000000017c0       0x74 /home/augusto/Desktop/InfoII/Libreria_LPC845/LPC845/Libreria_LPC845/Debug/libLibreria_LPC845.a(HAL_CTIMER.o)
 .text.CTIMER_enable_reload_on_match
                0x0000000000001834       0x74 /home/augusto/Desktop/InfoII/Libreria_LPC845/LPC845/Libreria_LPC845/Debug/libLibreria_LPC845.a(HAL_CTIMER.o)
 .text.CTIMER_write_match_value
                0x00000000000018a8       0x2c /home/augusto/Desktop/InfoII/Libreria_LPC845/LPC845/Libreria_LPC845/Debug/libLibreria_LPC845.a(HAL_CTIMER.o)
 .text.CTIMER_read_match_value
                0x00000000000018d4       0x28 /home/augusto/Desktop/InfoII/Libreria_LPC845/LPC845/Libreria_LPC845/Debug/libLibreria_LPC845.a(HAL_CTIMER.o)
 .text.CTIMER_config_counter_timer_mode
                0x00000000000018fc       0x34 /home/augusto/Desktop/InfoII/Libreria_LPC845/LPC845/Libreria_LPC845/Debug/libLibreria_LPC845.a(HAL_CTIMER.o)
 .text.CTIMER_enable_pwm
                0x0000000000001930       0x54 /home/augusto/Desktop/InfoII/Libreria_LPC845/LPC845/Libreria_LPC845/Debug/libLibreria_LPC845.a(HAL_CTIMER.o)
 .text.CTIMER_write_shadow_register
                0x0000000000001984       0x2c /home/augusto/Desktop/InfoII/Libreria_LPC845/LPC845/Libreria_LPC845/Debug/libLibreria_LPC845.a(HAL_CTIMER.o)
 .text.NVIC_enable_interrupt
                0x00000000000019b0       0x3c /home/augusto/Desktop/InfoII/Libreria_LPC845/LPC845/Libreria_LPC845/Debug/libLibreria_LPC845.a(HAL_CTIMER.o)
 .text.SWM_init
                0x00000000000019ec       0x1c /home/augusto/Desktop/InfoII/Libreria_LPC845/LPC845/Libreria_LPC845/Debug/libLibreria_LPC845.a(HAL_CTIMER.o)
 .text.SWM_deinit
                0x0000000000001a08       0x1c /home/augusto/Desktop/InfoII/Libreria_LPC845/LPC845/Libreria_LPC845/Debug/libLibreria_LPC845.a(HAL_CTIMER.o)
 .text.SWM_assign_T0_MAT
                0x0000000000001a24       0xe0 /home/augusto/Desktop/InfoII/Libreria_LPC845/LPC845/Libreria_LPC845/Debug/libLibreria_LPC845.a(HAL_CTIMER.o)
 .text.hal_ctimer_pwm_mode_init
                0x0000000000001b04       0xa8 /home/augusto/Desktop/InfoII/Libreria_LPC845/LPC845/Libreria_LPC845/Debug/libLibreria_LPC845.a(HAL_CTIMER.o)
                0x0000000000001b04                hal_ctimer_pwm_mode_init
 .text.hal_ctimer_pwm_mode_set_period
                0x0000000000001bac       0x22 /home/augusto/Desktop/InfoII/Libreria_LPC845/LPC845/Libreria_LPC845/Debug/libLibreria_LPC845.a(HAL_CTIMER.o)
                0x0000000000001bac                hal_ctimer_pwm_mode_set_period
 *fill*         0x0000000000001bce        0x2 ff
 .text.hal_ctimer_pwm_mode_config_channel
                0x0000000000001bd0      0x128 /home/augusto/Desktop/InfoII/Libreria_LPC845/LPC845/Libreria_LPC845/Debug/libLibreria_LPC845.a(HAL_CTIMER.o)
                0x0000000000001bd0                hal_ctimer_pwm_mode_config_channel
 .text.dummy_irq
                0x0000000000001cf8        0xa /home/augusto/Desktop/InfoII/Libreria_LPC845/LPC845/Libreria_LPC845/Debug/libLibreria_LPC845.a(HAL_CTIMER.o)
 *fill*         0x0000000000001d02        0x2 ff
 .text.hal_ctimer_calc_match_value
                0x0000000000001d04       0x64 /home/augusto/Desktop/InfoII/Libreria_LPC845/LPC845/Libreria_LPC845/Debug/libLibreria_LPC845.a(HAL_CTIMER.o)
 .text.CTIMER0_IRQHandler
                0x0000000000001d68       0x94 /home/augusto/Desktop/InfoII/Libreria_LPC845/LPC845/Libreria_LPC845/Debug/libLibreria_LPC845.a(HAL_CTIMER.o)
                0x0000000000001d68                CTIMER0_IRQHandler
 .text.GPIO_write_set
                0x0000000000001dfc       0x30 /home/augusto/Desktop/InfoII/Libreria_LPC845/LPC845/Libreria_LPC845/Debug/libLibreria_LPC845.a(HAL_GPIO.o)
 .text.GPIO_write_toggle
                0x0000000000001e2c       0x30 /home/augusto/Desktop/InfoII/Libreria_LPC845/LPC845/Libreria_LPC845/Debug/libLibreria_LPC845.a(HAL_GPIO.o)
 .text.GPIO_write_dir_set
                0x0000000000001e5c       0x30 /home/augusto/Desktop/InfoII/Libreria_LPC845/LPC845/Libreria_LPC845/Debug/libLibreria_LPC845.a(HAL_GPIO.o)
 .text.GPIO_write_dir_clear
                0x0000000000001e8c       0x30 /home/augusto/Desktop/InfoII/Libreria_LPC845/LPC845/Libreria_LPC845/Debug/libLibreria_LPC845.a(HAL_GPIO.o)
 .text.SYSCON_enable_clock
                0x0000000000001ebc       0x68 /home/augusto/Desktop/InfoII/Libreria_LPC845/LPC845/Libreria_LPC845/Debug/libLibreria_LPC845.a(HAL_GPIO.o)
 .text.hal_gpio_init
                0x0000000000001f24       0x2a /home/augusto/Desktop/InfoII/Libreria_LPC845/LPC845/Libreria_LPC845/Debug/libLibreria_LPC845.a(HAL_GPIO.o)
                0x0000000000001f24                hal_gpio_init
 .text.hal_gpio_set_dir
                0x0000000000001f4e       0x8c /home/augusto/Desktop/InfoII/Libreria_LPC845/LPC845/Libreria_LPC845/Debug/libLibreria_LPC845.a(HAL_GPIO.o)
                0x0000000000001f4e                hal_gpio_set_dir
 .text.hal_gpio_toggle_pin
                0x0000000000001fda       0x30 /home/augusto/Desktop/InfoII/Libreria_LPC845/LPC845/Libreria_LPC845/Debug/libLibreria_LPC845.a(HAL_GPIO.o)
                0x0000000000001fda                hal_gpio_toggle_pin
 *fill*         0x000000000000200a        0x2 ff
 .text.SYSCON_enable_clock
                0x000000000000200c       0x68 /home/augusto/Desktop/InfoII/Libreria_LPC845/LPC845/Libreria_LPC845/Debug/libLibreria_LPC845.a(HAL_IOCON.o)
 .text.SYSCON_disable_clock
                0x0000000000002074       0x68 /home/augusto/Desktop/InfoII/Libreria_LPC845/LPC845/Libreria_LPC845/Debug/libLibreria_LPC845.a(HAL_IOCON.o)
 .text.hal_iocon_config_io
                0x00000000000020dc      0x1f4 /home/augusto/Desktop/InfoII/Libreria_LPC845/LPC845/Libreria_LPC845/Debug/libLibreria_LPC845.a(HAL_IOCON.o)
                0x00000000000020dc                hal_iocon_config_io
 .text.PININT_set_interrupt_mode
                0x00000000000022d0       0x84 /home/augusto/Desktop/InfoII/Libreria_LPC845/LPC845/Libreria_LPC845/Debug/libLibreria_LPC845.a(HAL_PININT.o)
 .text.PININT_get_interrupt_mode
                0x0000000000002354       0x3c /home/augusto/Desktop/InfoII/Libreria_LPC845/LPC845/Libreria_LPC845/Debug/libLibreria_LPC845.a(HAL_PININT.o)
 .text.PININT_enable_rising_edge
                0x0000000000002390       0x48 /home/augusto/Desktop/InfoII/Libreria_LPC845/LPC845/Libreria_LPC845/Debug/libLibreria_LPC845.a(HAL_PININT.o)
 .text.PININT_enable_falling_edge
                0x00000000000023d8       0x48 /home/augusto/Desktop/InfoII/Libreria_LPC845/LPC845/Libreria_LPC845/Debug/libLibreria_LPC845.a(HAL_PININT.o)
 .text.PININT_enable_high_level
                0x0000000000002420       0x48 /home/augusto/Desktop/InfoII/Libreria_LPC845/LPC845/Libreria_LPC845/Debug/libLibreria_LPC845.a(HAL_PININT.o)
 .text.PININT_disable_high_level
                0x0000000000002468       0x48 /home/augusto/Desktop/InfoII/Libreria_LPC845/LPC845/Libreria_LPC845/Debug/libLibreria_LPC845.a(HAL_PININT.o)
 .text.PININT_clear_edge_level_irq
                0x00000000000024b0       0x48 /home/augusto/Desktop/InfoII/Libreria_LPC845/LPC845/Libreria_LPC845/Debug/libLibreria_LPC845.a(HAL_PININT.o)
 .text.SYSCON_enable_clock
                0x00000000000024f8       0x68 /home/augusto/Desktop/InfoII/Libreria_LPC845/LPC845/Libreria_LPC845/Debug/libLibreria_LPC845.a(HAL_PININT.o)
 .text.SYSCON_set_pinint_pin
                0x0000000000002560       0x44 /home/augusto/Desktop/InfoII/Libreria_LPC845/LPC845/Libreria_LPC845/Debug/libLibreria_LPC845.a(HAL_PININT.o)
 .text.NVIC_enable_interrupt
                0x00000000000025a4       0x3c /home/augusto/Desktop/InfoII/Libreria_LPC845/LPC845/Libreria_LPC845/Debug/libLibreria_LPC845.a(HAL_PININT.o)
 .text.hal_pinint_init
                0x00000000000025e0       0x10 /home/augusto/Desktop/InfoII/Libreria_LPC845/LPC845/Libreria_LPC845/Debug/libLibreria_LPC845.a(HAL_PININT.o)
                0x00000000000025e0                hal_pinint_init
 .text.hal_pinint_configure_pin_interrupt
                0x00000000000025f0       0xe8 /home/augusto/Desktop/InfoII/Libreria_LPC845/LPC845/Libreria_LPC845/Debug/libLibreria_LPC845.a(HAL_PININT.o)
                0x00000000000025f0                hal_pinint_configure_pin_interrupt
 .text.dummy_irq_callback
                0x00000000000026d8        0xa /home/augusto/Desktop/InfoII/Libreria_LPC845/LPC845/Libreria_LPC845/Debug/libLibreria_LPC845.a(HAL_PININT.o)
 *fill*         0x00000000000026e2        0x2 ff
 .text.hal_pinint_handle_irq
                0x00000000000026e4       0x3c /home/augusto/Desktop/InfoII/Libreria_LPC845/LPC845/Libreria_LPC845/Debug/libLibreria_LPC845.a(HAL_PININT.o)
 .text.PININT0_IRQHandler
                0x0000000000002720       0x10 /home/augusto/Desktop/InfoII/Libreria_LPC845/LPC845/Libreria_LPC845/Debug/libLibreria_LPC845.a(HAL_PININT.o)
                0x0000000000002720                PININT0_IRQHandler
 .text.PININT1_IRQHandler
                0x0000000000002730       0x10 /home/augusto/Desktop/InfoII/Libreria_LPC845/LPC845/Libreria_LPC845/Debug/libLibreria_LPC845.a(HAL_PININT.o)
                0x0000000000002730                PININT1_IRQHandler
 .text.PININT2_IRQHandler
                0x0000000000002740       0x10 /home/augusto/Desktop/InfoII/Libreria_LPC845/LPC845/Libreria_LPC845/Debug/libLibreria_LPC845.a(HAL_PININT.o)
                0x0000000000002740                PININT2_IRQHandler
 .text.PININT3_IRQHandler
                0x0000000000002750       0x10 /home/augusto/Desktop/InfoII/Libreria_LPC845/LPC845/Libreria_LPC845/Debug/libLibreria_LPC845.a(HAL_PININT.o)
                0x0000000000002750                PININT3_IRQHandler
 .text.PININT4_IRQHandler
                0x0000000000002760       0x10 /home/augusto/Desktop/InfoII/Libreria_LPC845/LPC845/Libreria_LPC845/Debug/libLibreria_LPC845.a(HAL_PININT.o)
                0x0000000000002760                PININT4_IRQHandler
 .text.PININT5_IRQHandler
                0x0000000000002770       0x10 /home/augusto/Desktop/InfoII/Libreria_LPC845/LPC845/Libreria_LPC845/Debug/libLibreria_LPC845.a(HAL_PININT.o)
                0x0000000000002770                PININT5_IRQHandler
 .text.PININT6_IRQHandler
                0x0000000000002780       0x28 /home/augusto/Desktop/InfoII/Libreria_LPC845/LPC845/Libreria_LPC845/Debug/libLibreria_LPC845.a(HAL_PININT.o)
                0x0000000000002780                PININT6_IRQHandler
 .text.PININT7_IRQHandler
                0x00000000000027a8       0x28 /home/augusto/Desktop/InfoII/Libreria_LPC845/LPC845/Libreria_LPC845/Debug/libLibreria_LPC845.a(HAL_PININT.o)
                0x00000000000027a8                PININT7_IRQHandler
 .text.SPI_enable
                0x00000000000027d0       0x2c /home/augusto/Desktop/InfoII/Libreria_LPC845/LPC845/Libreria_LPC845/Debug/libLibreria_LPC845.a(HAL_SPI.o)
 .text.SPI_set_master_mode
                0x00000000000027fc       0x2c /home/augusto/Desktop/InfoII/Libreria_LPC845/LPC845/Libreria_LPC845/Debug/libLibreria_LPC845.a(HAL_SPI.o)
 .text.SPI_set_cpha_change
                0x0000000000002828       0x2c /home/augusto/Desktop/InfoII/Libreria_LPC845/LPC845/Libreria_LPC845/Debug/libLibreria_LPC845.a(HAL_SPI.o)
 .text.SPI_set_cpha_capture
                0x0000000000002854       0x2c /home/augusto/Desktop/InfoII/Libreria_LPC845/LPC845/Libreria_LPC845/Debug/libLibreria_LPC845.a(HAL_SPI.o)
 .text.SPI_set_cpol_low
                0x0000000000002880       0x2c /home/augusto/Desktop/InfoII/Libreria_LPC845/LPC845/Libreria_LPC845/Debug/libLibreria_LPC845.a(HAL_SPI.o)
 .text.SPI_set_cpol_high
                0x00000000000028ac       0x2c /home/augusto/Desktop/InfoII/Libreria_LPC845/LPC845/Libreria_LPC845/Debug/libLibreria_LPC845.a(HAL_SPI.o)
 .text.SPI_set_ssel_active_low
                0x00000000000028d8       0x98 /home/augusto/Desktop/InfoII/Libreria_LPC845/LPC845/Libreria_LPC845/Debug/libLibreria_LPC845.a(HAL_SPI.o)
 .text.SPI_set_ssel_active_high
                0x0000000000002970       0x90 /home/augusto/Desktop/InfoII/Libreria_LPC845/LPC845/Libreria_LPC845/Debug/libLibreria_LPC845.a(HAL_SPI.o)
 .text.SPI_set_pre_delay
                0x0000000000002a00       0x40 /home/augusto/Desktop/InfoII/Libreria_LPC845/LPC845/Libreria_LPC845/Debug/libLibreria_LPC845.a(HAL_SPI.o)
 .text.SPI_set_post_delay
                0x0000000000002a40       0x44 /home/augusto/Desktop/InfoII/Libreria_LPC845/LPC845/Libreria_LPC845/Debug/libLibreria_LPC845.a(HAL_SPI.o)
 .text.SPI_set_frame_delay
                0x0000000000002a84       0x48 /home/augusto/Desktop/InfoII/Libreria_LPC845/LPC845/Libreria_LPC845/Debug/libLibreria_LPC845.a(HAL_SPI.o)
 .text.SPI_set_transfer_delay
                0x0000000000002acc       0x48 /home/augusto/Desktop/InfoII/Libreria_LPC845/LPC845/Libreria_LPC845/Debug/libLibreria_LPC845.a(HAL_SPI.o)
 .text.SPI_get_status_flag
                0x0000000000002b14       0xec /home/augusto/Desktop/InfoII/Libreria_LPC845/LPC845/Libreria_LPC845/Debug/libLibreria_LPC845.a(HAL_SPI.o)
 .text.SPI_enable_irq
                0x0000000000002c00       0xb0 /home/augusto/Desktop/InfoII/Libreria_LPC845/LPC845/Libreria_LPC845/Debug/libLibreria_LPC845.a(HAL_SPI.o)
 .text.SPI_disable_irq
                0x0000000000002cb0       0xb0 /home/augusto/Desktop/InfoII/Libreria_LPC845/LPC845/Libreria_LPC845/Debug/libLibreria_LPC845.a(HAL_SPI.o)
 .text.SPI_read_rx_data
                0x0000000000002d60       0x28 /home/augusto/Desktop/InfoII/Libreria_LPC845/LPC845/Libreria_LPC845/Debug/libLibreria_LPC845.a(HAL_SPI.o)
 .text.SPI_select_slave
                0x0000000000002d88      0x1dc /home/augusto/Desktop/InfoII/Libreria_LPC845/LPC845/Libreria_LPC845/Debug/libLibreria_LPC845.a(HAL_SPI.o)
 .text.SPI_set_data_and_control
                0x0000000000002f64       0x2c /home/augusto/Desktop/InfoII/Libreria_LPC845/LPC845/Libreria_LPC845/Debug/libLibreria_LPC845.a(HAL_SPI.o)
 .text.SPI_set_clock_div
                0x0000000000002f90       0x3c /home/augusto/Desktop/InfoII/Libreria_LPC845/LPC845/Libreria_LPC845/Debug/libLibreria_LPC845.a(HAL_SPI.o)
 .text.SPI_get_irq_flag_status
                0x0000000000002fcc       0xb0 /home/augusto/Desktop/InfoII/Libreria_LPC845/LPC845/Libreria_LPC845/Debug/libLibreria_LPC845.a(HAL_SPI.o)
 .text.SYSCON_enable_clock
                0x000000000000307c       0x68 /home/augusto/Desktop/InfoII/Libreria_LPC845/LPC845/Libreria_LPC845/Debug/libLibreria_LPC845.a(HAL_SPI.o)
 .text.SYSCON_clear_reset
                0x00000000000030e4       0x68 /home/augusto/Desktop/InfoII/Libreria_LPC845/LPC845/Libreria_LPC845/Debug/libLibreria_LPC845.a(HAL_SPI.o)
 .text.SYSCON_set_peripheral_clock_source
                0x000000000000314c       0x44 /home/augusto/Desktop/InfoII/Libreria_LPC845/LPC845/Libreria_LPC845/Debug/libLibreria_LPC845.a(HAL_SPI.o)
 .text.SWM_init
                0x0000000000003190       0x1c /home/augusto/Desktop/InfoII/Libreria_LPC845/LPC845/Libreria_LPC845/Debug/libLibreria_LPC845.a(HAL_SPI.o)
 .text.SWM_deinit
                0x00000000000031ac       0x1c /home/augusto/Desktop/InfoII/Libreria_LPC845/LPC845/Libreria_LPC845/Debug/libLibreria_LPC845.a(HAL_SPI.o)
 .text.SWM_assign_spi_SCK
                0x00000000000031c8       0x84 /home/augusto/Desktop/InfoII/Libreria_LPC845/LPC845/Libreria_LPC845/Debug/libLibreria_LPC845.a(HAL_SPI.o)
 .text.SWM_assign_spi_MOSI
                0x000000000000324c       0x80 /home/augusto/Desktop/InfoII/Libreria_LPC845/LPC845/Libreria_LPC845/Debug/libLibreria_LPC845.a(HAL_SPI.o)
 .text.SWM_assign_spi_MISO
                0x00000000000032cc       0x88 /home/augusto/Desktop/InfoII/Libreria_LPC845/LPC845/Libreria_LPC845/Debug/libLibreria_LPC845.a(HAL_SPI.o)
 .text.SWM_assign_spi_SSEL0
                0x0000000000003354       0x8c /home/augusto/Desktop/InfoII/Libreria_LPC845/LPC845/Libreria_LPC845/Debug/libLibreria_LPC845.a(HAL_SPI.o)
 .text.SWM_assign_spi_SSEL1
                0x00000000000033e0       0x84 /home/augusto/Desktop/InfoII/Libreria_LPC845/LPC845/Libreria_LPC845/Debug/libLibreria_LPC845.a(HAL_SPI.o)
 .text.SWM_assign_spi_SSEL2
                0x0000000000003464       0x58 /home/augusto/Desktop/InfoII/Libreria_LPC845/LPC845/Libreria_LPC845/Debug/libLibreria_LPC845.a(HAL_SPI.o)
 .text.SWM_assign_spi_SSEL3
                0x00000000000034bc       0x5c /home/augusto/Desktop/InfoII/Libreria_LPC845/LPC845/Libreria_LPC845/Debug/libLibreria_LPC845.a(HAL_SPI.o)
 .text.NVIC_enable_interrupt
                0x0000000000003518       0x3c /home/augusto/Desktop/InfoII/Libreria_LPC845/LPC845/Libreria_LPC845/Debug/libLibreria_LPC845.a(HAL_SPI.o)
 .text.hal_spi_master_mode_init
                0x0000000000003554      0x25c /home/augusto/Desktop/InfoII/Libreria_LPC845/LPC845/Libreria_LPC845/Debug/libLibreria_LPC845.a(HAL_SPI.o)
                0x0000000000003554                hal_spi_master_mode_init
 .text.hal_spi_master_mode_rx_data
                0x00000000000037b0       0x20 /home/augusto/Desktop/InfoII/Libreria_LPC845/LPC845/Libreria_LPC845/Debug/libLibreria_LPC845.a(HAL_SPI.o)
                0x00000000000037b0                hal_spi_master_mode_rx_data
 .text.hal_spi_master_mode_config_tx
                0x00000000000037d0       0x98 /home/augusto/Desktop/InfoII/Libreria_LPC845/LPC845/Libreria_LPC845/Debug/libLibreria_LPC845.a(HAL_SPI.o)
                0x00000000000037d0                hal_spi_master_mode_config_tx
 .text.hal_spi_master_mode_tx_data
                0x0000000000003868       0x30 /home/augusto/Desktop/InfoII/Libreria_LPC845/LPC845/Libreria_LPC845/Debug/libLibreria_LPC845.a(HAL_SPI.o)
                0x0000000000003868                hal_spi_master_mode_tx_data
 .text.dummy_irq
                0x0000000000003898        0xa /home/augusto/Desktop/InfoII/Libreria_LPC845/LPC845/Libreria_LPC845/Debug/libLibreria_LPC845.a(HAL_SPI.o)
 *fill*         0x00000000000038a2        0x2 ff
 .text.spi_irq_handler
                0x00000000000038a4       0x8c /home/augusto/Desktop/InfoII/Libreria_LPC845/LPC845/Libreria_LPC845/Debug/libLibreria_LPC845.a(HAL_SPI.o)
 .text.SPI0_IRQHandler
                0x0000000000003930       0x10 /home/augusto/Desktop/InfoII/Libreria_LPC845/LPC845/Libreria_LPC845/Debug/libLibreria_LPC845.a(HAL_SPI.o)
                0x0000000000003930                SPI0_IRQHandler
 .text.SPI1_IRQHandler
                0x0000000000003940       0x10 /home/augusto/Desktop/InfoII/Libreria_LPC845/LPC845/Libreria_LPC845/Debug/libLibreria_LPC845.a(HAL_SPI.o)
                0x0000000000003940                SPI1_IRQHandler
 .text.SYSCON_set_fro_direct
                0x0000000000003950       0x34 /home/augusto/Desktop/InfoII/Libreria_LPC845/LPC845/Libreria_LPC845/Debug/libLibreria_LPC845.a(HAL_SYSCON.o)
 .text.SYSCON_clear_fro_direct
                0x0000000000003984       0x38 /home/augusto/Desktop/InfoII/Libreria_LPC845/LPC845/Libreria_LPC845/Debug/libLibreria_LPC845.a(HAL_SYSCON.o)
 .text.SYSCON_set_system_clock_source
                0x00000000000039bc       0xa4 /home/augusto/Desktop/InfoII/Libreria_LPC845/LPC845/Libreria_LPC845/Debug/libLibreria_LPC845.a(HAL_SYSCON.o)
 .text.SYSCON_set_peripheral_clock_source
                0x0000000000003a60       0x44 /home/augusto/Desktop/InfoII/Libreria_LPC845/LPC845/Libreria_LPC845/Debug/libLibreria_LPC845.a(HAL_SYSCON.o)
 .text.SYSCON_set_frg_config
                0x0000000000003aa4       0xe0 /home/augusto/Desktop/InfoII/Libreria_LPC845/LPC845/Libreria_LPC845/Debug/libLibreria_LPC845.a(HAL_SYSCON.o)
 .text.SYSCON_set_clkout_config
                0x0000000000003b84       0x54 /home/augusto/Desktop/InfoII/Libreria_LPC845/LPC845/Libreria_LPC845/Debug/libLibreria_LPC845.a(HAL_SYSCON.o)
 .text.SYSCON_set_iocon_glitch_divider
                0x0000000000003bd8       0xf8 /home/augusto/Desktop/InfoII/Libreria_LPC845/LPC845/Libreria_LPC845/Debug/libLibreria_LPC845.a(HAL_SYSCON.o)
 .text.SWM_init
                0x0000000000003cd0       0x1c /home/augusto/Desktop/InfoII/Libreria_LPC845/LPC845/Libreria_LPC845/Debug/libLibreria_LPC845.a(HAL_SYSCON.o)
 .text.SWM_deinit
                0x0000000000003cec       0x1c /home/augusto/Desktop/InfoII/Libreria_LPC845/LPC845/Libreria_LPC845/Debug/libLibreria_LPC845.a(HAL_SYSCON.o)
 .text.SWM_assign_CLKOUT
                0x0000000000003d08       0x48 /home/augusto/Desktop/InfoII/Libreria_LPC845/LPC845/Libreria_LPC845/Debug/libLibreria_LPC845.a(HAL_SYSCON.o)
 .text.hal_syscon_get_system_clock
                0x0000000000003d50       0x14 /home/augusto/Desktop/InfoII/Libreria_LPC845/LPC845/Libreria_LPC845/Debug/libLibreria_LPC845.a(HAL_SYSCON.o)
                0x0000000000003d50                hal_syscon_get_system_clock
 .text.hal_syscon_get_fro_clock
                0x0000000000003d64       0x14 /home/augusto/Desktop/InfoII/Libreria_LPC845/LPC845/Libreria_LPC845/Debug/libLibreria_LPC845.a(HAL_SYSCON.o)
                0x0000000000003d64                hal_syscon_get_fro_clock
 .text.hal_syscon_config_fro_direct
                0x0000000000003d78       0x60 /home/augusto/Desktop/InfoII/Libreria_LPC845/LPC845/Libreria_LPC845/Debug/libLibreria_LPC845.a(HAL_SYSCON.o)
                0x0000000000003d78                hal_syscon_config_fro_direct
 .text.hal_syscon_config_clkout
                0x0000000000003dd8       0x56 /home/augusto/Desktop/InfoII/Libreria_LPC845/LPC845/Libreria_LPC845/Debug/libLibreria_LPC845.a(HAL_SYSCON.o)
                0x0000000000003dd8                hal_syscon_config_clkout
 *fill*         0x0000000000003e2e        0x2 ff
 .text.hal_syscon_config_frg
                0x0000000000003e30       0xbc /home/augusto/Desktop/InfoII/Libreria_LPC845/LPC845/Libreria_LPC845/Debug/libLibreria_LPC845.a(HAL_SYSCON.o)
                0x0000000000003e30                hal_syscon_config_frg
 .text.hal_syscon_set_peripheral_clock_source
                0x0000000000003eec       0x2a /home/augusto/Desktop/InfoII/Libreria_LPC845/LPC845/Libreria_LPC845/Debug/libLibreria_LPC845.a(HAL_SYSCON.o)
                0x0000000000003eec                hal_syscon_set_peripheral_clock_source
 *fill*         0x0000000000003f16        0x2 ff
 .text.hal_syscon_get_peripheral_clock
                0x0000000000003f18       0x7c /home/augusto/Desktop/InfoII/Libreria_LPC845/LPC845/Libreria_LPC845/Debug/libLibreria_LPC845.a(HAL_SYSCON.o)
                0x0000000000003f18                hal_syscon_get_peripheral_clock
 .text.hal_syscon_set_iocon_glitch_divider
                0x0000000000003f94       0x26 /home/augusto/Desktop/InfoII/Libreria_LPC845/LPC845/Libreria_LPC845/Debug/libLibreria_LPC845.a(HAL_SYSCON.o)
                0x0000000000003f94                hal_syscon_set_iocon_glitch_divider
 *fill*         0x0000000000003fba        0x2 ff
 .text.hal_syscon_get_pll_clock
                0x0000000000003fbc       0x14 /home/augusto/Desktop/InfoII/Libreria_LPC845/LPC845/Libreria_LPC845/Debug/libLibreria_LPC845.a(HAL_SYSCON.o)
                0x0000000000003fbc                hal_syscon_get_pll_clock
 .text.SYSTICK_enable_count
                0x0000000000003fd0       0x1c /home/augusto/Desktop/InfoII/Libreria_LPC845/LPC845/Libreria_LPC845/Debug/libLibreria_LPC845.a(HAL_SYSTICK.o)
 .text.SYSTICK_enable_interrupt
                0x0000000000003fec       0x1c /home/augusto/Desktop/InfoII/Libreria_LPC845/LPC845/Libreria_LPC845/Debug/libLibreria_LPC845.a(HAL_SYSTICK.o)
 .text.SYSTICK_select_clock_source
                0x0000000000004008       0x38 /home/augusto/Desktop/InfoII/Libreria_LPC845/LPC845/Libreria_LPC845/Debug/libLibreria_LPC845.a(HAL_SYSTICK.o)
 .text.SYSTICK_set_reload
                0x0000000000004040       0x38 /home/augusto/Desktop/InfoII/Libreria_LPC845/LPC845/Libreria_LPC845/Debug/libLibreria_LPC845.a(HAL_SYSTICK.o)
 .text.SYSTICK_set_clear_current_value
                0x0000000000004078       0x20 /home/augusto/Desktop/InfoII/Libreria_LPC845/LPC845/Libreria_LPC845/Debug/libLibreria_LPC845.a(HAL_SYSTICK.o)
 .text.hal_systick_init
                0x0000000000004098       0x78 /home/augusto/Desktop/InfoII/Libreria_LPC845/LPC845/Libreria_LPC845/Debug/libLibreria_LPC845.a(HAL_SYSTICK.o)
                0x0000000000004098                hal_systick_init
 .text.SysTick_Handler
                0x0000000000004110       0x14 /home/augusto/Desktop/InfoII/Libreria_LPC845/LPC845/Libreria_LPC845/Debug/libLibreria_LPC845.a(HAL_SYSTICK.o)
                0x0000000000004110                SysTick_Handler
 .text.dummy_irq
                0x0000000000004124        0xa /home/augusto/Desktop/InfoII/Libreria_LPC845/LPC845/Libreria_LPC845/Debug/libLibreria_LPC845.a(HAL_SYSTICK.o)
 *fill*         0x000000000000412e        0x2 ff
 .text.UART_enable
                0x0000000000004130       0x2c /home/augusto/Desktop/InfoII/Libreria_LPC845/LPC845/Libreria_LPC845/Debug/libLibreria_LPC845.a(HAL_UART.o)
 .text.UART_config_data_length
                0x000000000000415c       0x44 /home/augusto/Desktop/InfoII/Libreria_LPC845/LPC845/Libreria_LPC845/Debug/libLibreria_LPC845.a(HAL_UART.o)
 .text.UART_config_parity
                0x00000000000041a0       0x44 /home/augusto/Desktop/InfoII/Libreria_LPC845/LPC845/Libreria_LPC845/Debug/libLibreria_LPC845.a(HAL_UART.o)
 .text.UART_config_stop_bits
                0x00000000000041e4       0x44 /home/augusto/Desktop/InfoII/Libreria_LPC845/LPC845/Libreria_LPC845/Debug/libLibreria_LPC845.a(HAL_UART.o)
 .text.UART_get_flag_RXRDY
                0x0000000000004228       0x2c /home/augusto/Desktop/InfoII/Libreria_LPC845/LPC845/Libreria_LPC845/Debug/libLibreria_LPC845.a(HAL_UART.o)
 .text.UART_get_flag_TXRDY
                0x0000000000004254       0x2c /home/augusto/Desktop/InfoII/Libreria_LPC845/LPC845/Libreria_LPC845/Debug/libLibreria_LPC845.a(HAL_UART.o)
 .text.UART_enable_irq_RXRDY
                0x0000000000004280       0x2c /home/augusto/Desktop/InfoII/Libreria_LPC845/LPC845/Libreria_LPC845/Debug/libLibreria_LPC845.a(HAL_UART.o)
 .text.UART_enable_irq_TXRDY
                0x00000000000042ac       0x2c /home/augusto/Desktop/InfoII/Libreria_LPC845/LPC845/Libreria_LPC845/Debug/libLibreria_LPC845.a(HAL_UART.o)
 .text.UART_disable_irq_RXRDY
                0x00000000000042d8       0x2c /home/augusto/Desktop/InfoII/Libreria_LPC845/LPC845/Libreria_LPC845/Debug/libLibreria_LPC845.a(HAL_UART.o)
 .text.UART_disable_irq_TXRDY
                0x0000000000004304       0x2c /home/augusto/Desktop/InfoII/Libreria_LPC845/LPC845/Libreria_LPC845/Debug/libLibreria_LPC845.a(HAL_UART.o)
 .text.UART_get_data
                0x0000000000004330       0x2c /home/augusto/Desktop/InfoII/Libreria_LPC845/LPC845/Libreria_LPC845/Debug/libLibreria_LPC845.a(HAL_UART.o)
 .text.UART_write_data
                0x000000000000435c       0x3c /home/augusto/Desktop/InfoII/Libreria_LPC845/LPC845/Libreria_LPC845/Debug/libLibreria_LPC845.a(HAL_UART.o)
 .text.UART_set_BRGVAL
                0x0000000000004398       0x38 /home/augusto/Desktop/InfoII/Libreria_LPC845/LPC845/Libreria_LPC845/Debug/libLibreria_LPC845.a(HAL_UART.o)
 .text.UART_get_irq_status_RXRDY
                0x00000000000043d0       0x2c /home/augusto/Desktop/InfoII/Libreria_LPC845/LPC845/Libreria_LPC845/Debug/libLibreria_LPC845.a(HAL_UART.o)
 .text.UART_get_irq_status_TXRDY
                0x00000000000043fc       0x2c /home/augusto/Desktop/InfoII/Libreria_LPC845/LPC845/Libreria_LPC845/Debug/libLibreria_LPC845.a(HAL_UART.o)
 .text.UART_set_OSRVAL
                0x0000000000004428       0x3c /home/augusto/Desktop/InfoII/Libreria_LPC845/LPC845/Libreria_LPC845/Debug/libLibreria_LPC845.a(HAL_UART.o)
 .text.NVIC_enable_interrupt
                0x0000000000004464       0x3c /home/augusto/Desktop/InfoII/Libreria_LPC845/LPC845/Libreria_LPC845/Debug/libLibreria_LPC845.a(HAL_UART.o)
 .text.SYSCON_enable_clock
                0x00000000000044a0       0x68 /home/augusto/Desktop/InfoII/Libreria_LPC845/LPC845/Libreria_LPC845/Debug/libLibreria_LPC845.a(HAL_UART.o)
 .text.SYSCON_clear_reset
                0x0000000000004508       0x68 /home/augusto/Desktop/InfoII/Libreria_LPC845/LPC845/Libreria_LPC845/Debug/libLibreria_LPC845.a(HAL_UART.o)
 .text.SWM_init
                0x0000000000004570       0x1c /home/augusto/Desktop/InfoII/Libreria_LPC845/LPC845/Libreria_LPC845/Debug/libLibreria_LPC845.a(HAL_UART.o)
 .text.SWM_deinit
                0x000000000000458c       0x1c /home/augusto/Desktop/InfoII/Libreria_LPC845/LPC845/Libreria_LPC845/Debug/libLibreria_LPC845.a(HAL_UART.o)
 .text.SWM_assign_uart_TXD
                0x00000000000045a8      0x100 /home/augusto/Desktop/InfoII/Libreria_LPC845/LPC845/Libreria_LPC845/Debug/libLibreria_LPC845.a(HAL_UART.o)
 .text.SWM_assign_uart_RXD
                0x00000000000046a8       0xfc /home/augusto/Desktop/InfoII/Libreria_LPC845/LPC845/Libreria_LPC845/Debug/libLibreria_LPC845.a(HAL_UART.o)
 .text.hal_uart_init
                0x00000000000047a4      0x22c /home/augusto/Desktop/InfoII/Libreria_LPC845/LPC845/Libreria_LPC845/Debug/libLibreria_LPC845.a(HAL_UART.o)
                0x00000000000047a4                hal_uart_init
 .text.hal_uart_tx_byte
                0x00000000000049d0       0x5c /home/augusto/Desktop/InfoII/Libreria_LPC845/LPC845/Libreria_LPC845/Debug/libLibreria_LPC845.a(HAL_UART.o)
                0x00000000000049d0                hal_uart_tx_byte
 .text.hal_uart_rx_byte
                0x0000000000004a2c       0x3a /home/augusto/Desktop/InfoII/Libreria_LPC845/LPC845/Libreria_LPC845/Debug/libLibreria_LPC845.a(HAL_UART.o)
                0x0000000000004a2c                hal_uart_rx_byte
 *fill*         0x0000000000004a66        0x2 ff
 .text.hal_uart_register_rx_callback
                0x0000000000004a68       0x54 /home/augusto/Desktop/InfoII/Libreria_LPC845/LPC845/Libreria_LPC845/Debug/libLibreria_LPC845.a(HAL_UART.o)
                0x0000000000004a68                hal_uart_register_rx_callback
 .text.hal_uart_register_tx_callback
                0x0000000000004abc       0x40 /home/augusto/Desktop/InfoII/Libreria_LPC845/LPC845/Libreria_LPC845/Debug/libLibreria_LPC845.a(HAL_UART.o)
                0x0000000000004abc                hal_uart_register_tx_callback
 .text.dummy_callback
                0x0000000000004afc        0xa /home/augusto/Desktop/InfoII/Libreria_LPC845/LPC845/Libreria_LPC845/Debug/libLibreria_LPC845.a(HAL_UART.o)
 .text.hal_uart_calculate_brgval
                0x0000000000004b06       0x32 /home/augusto/Desktop/InfoII/Libreria_LPC845/LPC845/Libreria_LPC845/Debug/libLibreria_LPC845.a(HAL_UART.o)
 .text.hal_uart_handle_irq
                0x0000000000004b38       0x84 /home/augusto/Desktop/InfoII/Libreria_LPC845/LPC845/Libreria_LPC845/Debug/libLibreria_LPC845.a(HAL_UART.o)
 .text.UART0_IRQHandler
                0x0000000000004bbc       0x10 /home/augusto/Desktop/InfoII/Libreria_LPC845/LPC845/Libreria_LPC845/Debug/libLibreria_LPC845.a(HAL_UART.o)
                0x0000000000004bbc                UART0_IRQHandler
 .text.UART1_IRQHandler
                0x0000000000004bcc       0x10 /home/augusto/Desktop/InfoII/Libreria_LPC845/LPC845/Libreria_LPC845/Debug/libLibreria_LPC845.a(HAL_UART.o)
                0x0000000000004bcc                UART1_IRQHandler
 .text.UART2_IRQHandler
                0x0000000000004bdc       0x10 /home/augusto/Desktop/InfoII/Libreria_LPC845/LPC845/Libreria_LPC845/Debug/libLibreria_LPC845.a(HAL_UART.o)
                0x0000000000004bdc                UART2_IRQHandler
 .text.UART3_irq
                0x0000000000004bec       0x10 /home/augusto/Desktop/InfoII/Libreria_LPC845/LPC845/Libreria_LPC845/Debug/libLibreria_LPC845.a(HAL_UART.o)
                0x0000000000004bec                UART3_irq
 .text.UART4_irq
                0x0000000000004bfc       0x10 /home/augusto/Desktop/InfoII/Libreria_LPC845/LPC845/Libreria_LPC845/Debug/libLibreria_LPC845.a(HAL_UART.o)
                0x0000000000004bfc                UART4_irq
 .text.WKT_select_clock_source
                0x0000000000004c0c       0x34 /home/augusto/Desktop/InfoII/Libreria_LPC845/LPC845/Libreria_LPC845/Debug/libLibreria_LPC845.a(HAL_WKT.o)
 .text.WKT_clear_alarm_flag
                0x0000000000004c40       0x1c /home/augusto/Desktop/InfoII/Libreria_LPC845/LPC845/Libreria_LPC845/Debug/libLibreria_LPC845.a(HAL_WKT.o)
 .text.WKT_set_internal_clock_source
                0x0000000000004c5c       0x1c /home/augusto/Desktop/InfoII/Libreria_LPC845/LPC845/Libreria_LPC845/Debug/libLibreria_LPC845.a(HAL_WKT.o)
 .text.WKT_set_external_clock_source
                0x0000000000004c78       0x1c /home/augusto/Desktop/InfoII/Libreria_LPC845/LPC845/Libreria_LPC845/Debug/libLibreria_LPC845.a(HAL_WKT.o)
 .text.WKT_write_count
                0x0000000000004c94       0x1c /home/augusto/Desktop/InfoII/Libreria_LPC845/LPC845/Libreria_LPC845/Debug/libLibreria_LPC845.a(HAL_WKT.o)
 .text.NVIC_enable_interrupt
                0x0000000000004cb0       0x3c /home/augusto/Desktop/InfoII/Libreria_LPC845/LPC845/Libreria_LPC845/Debug/libLibreria_LPC845.a(HAL_WKT.o)
 .text.NVIC_disable_interrupt
                0x0000000000004cec       0x3c /home/augusto/Desktop/InfoII/Libreria_LPC845/LPC845/Libreria_LPC845/Debug/libLibreria_LPC845.a(HAL_WKT.o)
 .text.NVIC_clear_pending_interrupt
                0x0000000000004d28       0x44 /home/augusto/Desktop/InfoII/Libreria_LPC845/LPC845/Libreria_LPC845/Debug/libLibreria_LPC845.a(HAL_WKT.o)
 .text.SYSCON_enable_clock
                0x0000000000004d6c       0x68 /home/augusto/Desktop/InfoII/Libreria_LPC845/LPC845/Libreria_LPC845/Debug/libLibreria_LPC845.a(HAL_WKT.o)
 .text.SYSCON_clear_reset
                0x0000000000004dd4       0x68 /home/augusto/Desktop/InfoII/Libreria_LPC845/LPC845/Libreria_LPC845/Debug/libLibreria_LPC845.a(HAL_WKT.o)
 .text.PMU_enable_wake_up_clock_pin
                0x0000000000004e3c       0x1c /home/augusto/Desktop/InfoII/Libreria_LPC845/LPC845/Libreria_LPC845/Debug/libLibreria_LPC845.a(HAL_WKT.o)
 .text.PMU_disable_wake_up_clock_pin
                0x0000000000004e58       0x1c /home/augusto/Desktop/InfoII/Libreria_LPC845/LPC845/Libreria_LPC845/Debug/libLibreria_LPC845.a(HAL_WKT.o)
 .text.hal_wkt_init
                0x0000000000004e74       0x48 /home/augusto/Desktop/InfoII/Libreria_LPC845/LPC845/Libreria_LPC845/Debug/libLibreria_LPC845.a(HAL_WKT.o)
                0x0000000000004e74                hal_wkt_init
 .text.hal_wkt_select_clock_source
                0x0000000000004ebc       0x5c /home/augusto/Desktop/InfoII/Libreria_LPC845/LPC845/Libreria_LPC845/Debug/libLibreria_LPC845.a(HAL_WKT.o)
                0x0000000000004ebc                hal_wkt_select_clock_source
 .text.hal_wkt_register_callback
                0x0000000000004f18       0x40 /home/augusto/Desktop/InfoII/Libreria_LPC845/LPC845/Libreria_LPC845/Debug/libLibreria_LPC845.a(HAL_WKT.o)
                0x0000000000004f18                hal_wkt_register_callback
 .text.hal_wkt_start_count
                0x0000000000004f58       0x94 /home/augusto/Desktop/InfoII/Libreria_LPC845/LPC845/Libreria_LPC845/Debug/libLibreria_LPC845.a(HAL_WKT.o)
                0x0000000000004f58                hal_wkt_start_count
 .text.dummy_irq
                0x0000000000004fec        0xa /home/augusto/Desktop/InfoII/Libreria_LPC845/LPC845/Libreria_LPC845/Debug/libLibreria_LPC845.a(HAL_WKT.o)
 *fill*         0x0000000000004ff6        0x2 ff
 .text.WKT_IRQHandler
                0x0000000000004ff8       0x18 /home/augusto/Desktop/InfoII/Libreria_LPC845/LPC845/Libreria_LPC845/Debug/libLibreria_LPC845.a(HAL_WKT.o)
                0x0000000000004ff8                WKT_IRQHandler
 .text.__weak_main
                0x0000000000005010        0x8 /usr/local/mcuxpressoide-11.0.0_2516/ide/plugins/com.nxp.mcuxpresso.tools.linux_11.0.0.201905131304/tools/bin/../lib/gcc/arm-none-eabi/8.2.1/../../../../arm-none-eabi/lib/thumb/v6-m/nofp/libcr_c.a(__weak__main.o)
                0x0000000000005010                __main
                0x0000000000005010                __weak_main
 .text.__aeabi_division_idivmod
                0x0000000000005018       0x78 /usr/local/mcuxpressoide-11.0.0_2516/ide/plugins/com.nxp.mcuxpresso.tools.linux_11.0.0.201905131304/tools/bin/../lib/gcc/arm-none-eabi/8.2.1/thumb/v6-m/nofp/libcr_eabihelpers.a(division_32.o)
                0x0000000000005018                __aeabi_idiv
                0x0000000000005018                __aeabi_idivmod
                0x000000000000501e                __aeabi_uidiv
                0x000000000000501e                __aeabi_uidivmod
 .text.__aeabi_division_idiv0
                0x0000000000005090        0x2 /usr/local/mcuxpressoide-11.0.0_2516/ide/plugins/com.nxp.mcuxpresso.tools.linux_11.0.0.201905131304/tools/bin/../lib/gcc/arm-none-eabi/8.2.1/thumb/v6-m/nofp/libcr_eabihelpers.a(division_idiv0.o)
                0x0000000000005090                __aeabi_idiv0
 *fill*         0x0000000000005092        0x2 ff
 .text.__aeabi_ddiv
                0x0000000000005094      0x148 /usr/local/mcuxpressoide-11.0.0_2516/ide/plugins/com.nxp.mcuxpresso.tools.linux_11.0.0.201905131304/tools/bin/../lib/gcc/arm-none-eabi/8.2.1/thumb/v6-m/nofp/libcr_eabihelpers.a(double.o)
                0x0000000000005094                __aeabi_ddiv
 .text.__aeabi_d2uiz
                0x00000000000051dc       0x34 /usr/local/mcuxpressoide-11.0.0_2516/ide/plugins/com.nxp.mcuxpresso.tools.linux_11.0.0.201905131304/tools/bin/../lib/gcc/arm-none-eabi/8.2.1/thumb/v6-m/nofp/libcr_eabihelpers.a(double.o)
                0x00000000000051dc                __aeabi_d2uiz
 .text.__bhs_ui2d
                0x0000000000005210       0x5e /usr/local/mcuxpressoide-11.0.0_2516/ide/plugins/com.nxp.mcuxpresso.tools.linux_11.0.0.201905131304/tools/bin/../lib/gcc/arm-none-eabi/8.2.1/thumb/v6-m/nofp/libcr_eabihelpers.a(double.o)
                0x0000000000005210                __bhs_ui2d
 .text.__aeabi_ui2d
                0x000000000000526e        0xc /usr/local/mcuxpressoide-11.0.0_2516/ide/plugins/com.nxp.mcuxpresso.tools.linux_11.0.0.201905131304/tools/bin/../lib/gcc/arm-none-eabi/8.2.1/thumb/v6-m/nofp/libcr_eabihelpers.a(double.o)
                0x000000000000526e                __aeabi_ui2d
 *fill*         0x000000000000527a        0x2 ff
 .text.__aeabi_fmul
                0x000000000000527c       0xc4 /usr/local/mcuxpressoide-11.0.0_2516/ide/plugins/com.nxp.mcuxpresso.tools.linux_11.0.0.201905131304/tools/bin/../lib/gcc/arm-none-eabi/8.2.1/thumb/v6-m/nofp/libcr_eabihelpers.a(float.o)
                0x000000000000527c                __aeabi_fmul
 .text.__aeabi_fdiv
                0x0000000000005340       0xdc /usr/local/mcuxpressoide-11.0.0_2516/ide/plugins/com.nxp.mcuxpresso.tools.linux_11.0.0.201905131304/tools/bin/../lib/gcc/arm-none-eabi/8.2.1/thumb/v6-m/nofp/libcr_eabihelpers.a(float.o)
                0x0000000000005340                __aeabi_fdiv
 .text.__aeabi_fsub
                0x000000000000541c      0x128 /usr/local/mcuxpressoide-11.0.0_2516/ide/plugins/com.nxp.mcuxpresso.tools.linux_11.0.0.201905131304/tools/bin/../lib/gcc/arm-none-eabi/8.2.1/thumb/v6-m/nofp/libcr_eabihelpers.a(float.o)
                0x000000000000541c                __aeabi_fsub
 .text.__aeabi_fadd
                0x0000000000005544       0xac /usr/local/mcuxpressoide-11.0.0_2516/ide/plugins/com.nxp.mcuxpresso.tools.linux_11.0.0.201905131304/tools/bin/../lib/gcc/arm-none-eabi/8.2.1/thumb/v6-m/nofp/libcr_eabihelpers.a(float.o)
                0x0000000000005544                __aeabi_fadd
 .text.__aeabi_f2uiz
                0x00000000000055f0       0x2a /usr/local/mcuxpressoide-11.0.0_2516/ide/plugins/com.nxp.mcuxpresso.tools.linux_11.0.0.201905131304/tools/bin/../lib/gcc/arm-none-eabi/8.2.1/thumb/v6-m/nofp/libcr_eabihelpers.a(float.o)
                0x00000000000055f0                __aeabi_f2uiz
 .text.__bhs_ui2f
                0x000000000000561a       0x62 /usr/local/mcuxpressoide-11.0.0_2516/ide/plugins/com.nxp.mcuxpresso.tools.linux_11.0.0.201905131304/tools/bin/../lib/gcc/arm-none-eabi/8.2.1/thumb/v6-m/nofp/libcr_eabihelpers.a(float.o)
                0x000000000000561a                __bhs_ui2f
 .text.__aeabi_ui2f
                0x000000000000567c        0xc /usr/local/mcuxpressoide-11.0.0_2516/ide/plugins/com.nxp.mcuxpresso.tools.linux_11.0.0.201905131304/tools/bin/../lib/gcc/arm-none-eabi/8.2.1/thumb/v6-m/nofp/libcr_eabihelpers.a(float.o)
                0x000000000000567c                __aeabi_ui2f
 .text.__aeabi_f2d
                0x0000000000005688       0x3c /usr/local/mcuxpressoide-11.0.0_2516/ide/plugins/com.nxp.mcuxpresso.tools.linux_11.0.0.201905131304/tools/bin/../lib/gcc/arm-none-eabi/8.2.1/thumb/v6-m/nofp/libcr_eabihelpers.a(float.o)
                0x0000000000005688                __aeabi_f2d
 .text.__aeabi_llong_lmul
                0x00000000000056c4       0x2e /usr/local/mcuxpressoide-11.0.0_2516/ide/plugins/com.nxp.mcuxpresso.tools.linux_11.0.0.201905131304/tools/bin/../lib/gcc/arm-none-eabi/8.2.1/thumb/v6-m/nofp/libcr_eabihelpers.a(llong.o)
                0x00000000000056c4                __aeabi_lmul
 *(.rodata .rodata.* .constdata .constdata.*)
 *fill*         0x00000000000056f2        0x2 ff
 .rodata.adc_config
                0x00000000000056f4       0x10 ./src/Micro_tester.o
 .rodata.uart_config
                0x0000000000005704       0x18 ./src/Micro_tester.o
 .rodata.pinint_config
                0x000000000000571c        0xc ./src/Micro_tester.o
 .rodata.pin_config
                0x0000000000005728        0x8 ./src/Micro_tester.o
 .rodata.pwm_config
                0x0000000000005730       0x10 ./src/Micro_tester.o
 .rodata.spi_master_config
                0x0000000000005740       0x18 ./src/Micro_tester.o
 .rodata.spi_tx_config
                0x0000000000005758        0x4 ./src/Micro_tester.o
 .rodata.spi_tx_buff
                0x000000000000575c        0x8 ./src/Micro_tester.o
 .rodata.SWM_enable_ADC
                0x0000000000005764       0x30 /home/augusto/Desktop/InfoII/Libreria_LPC845/LPC845/Libreria_LPC845/Debug/libLibreria_LPC845.a(HAL_ADC.o)
 .rodata.hal_pinint_configure_pin_interrupt
                0x0000000000005794       0x20 /home/augusto/Desktop/InfoII/Libreria_LPC845/LPC845/Libreria_LPC845/Debug/libLibreria_LPC845.a(HAL_PININT.o)
 .rodata.SPI_get_status_flag
                0x00000000000057b4       0x24 /home/augusto/Desktop/InfoII/Libreria_LPC845/LPC845/Libreria_LPC845/Debug/libLibreria_LPC845.a(HAL_SPI.o)
 .rodata.SPI_enable_irq
                0x00000000000057d8       0x18 /home/augusto/Desktop/InfoII/Libreria_LPC845/LPC845/Libreria_LPC845/Debug/libLibreria_LPC845.a(HAL_SPI.o)
 .rodata.SPI_disable_irq
                0x00000000000057f0       0x18 /home/augusto/Desktop/InfoII/Libreria_LPC845/LPC845/Libreria_LPC845/Debug/libLibreria_LPC845.a(HAL_SPI.o)
 .rodata.SPI_get_irq_flag_status
                0x0000000000005808       0x18 /home/augusto/Desktop/InfoII/Libreria_LPC845/LPC845/Libreria_LPC845/Debug/libLibreria_LPC845.a(HAL_SPI.o)
 .rodata.SYSCON_set_iocon_glitch_divider
                0x0000000000005820       0x1c /home/augusto/Desktop/InfoII/Libreria_LPC845/LPC845/Libreria_LPC845/Debug/libLibreria_LPC845.a(HAL_SYSCON.o)
 .rodata.hal_syscon_get_peripheral_clock
                0x000000000000583c       0x20 /home/augusto/Desktop/InfoII/Libreria_LPC845/LPC845/Libreria_LPC845/Debug/libLibreria_LPC845.a(HAL_SYSCON.o)
 .rodata.SWM_assign_uart_TXD
                0x000000000000585c       0x14 /home/augusto/Desktop/InfoII/Libreria_LPC845/LPC845/Libreria_LPC845/Debug/libLibreria_LPC845.a(HAL_UART.o)
 .rodata.SWM_assign_uart_RXD
                0x0000000000005870       0x14 /home/augusto/Desktop/InfoII/Libreria_LPC845/LPC845/Libreria_LPC845/Debug/libLibreria_LPC845.a(HAL_UART.o)
 .rodata.hal_uart_init
                0x0000000000005884       0x14 /home/augusto/Desktop/InfoII/Libreria_LPC845/LPC845/Libreria_LPC845/Debug/libLibreria_LPC845.a(HAL_UART.o)
 .rodata.ADC    0x0000000000005898        0x4 /home/augusto/Desktop/InfoII/Libreria_LPC845/LPC845/Libreria_LPC845/Debug/libLibreria_LPC845.a(HPL_ADC.o)
                0x0000000000005898                ADC
 .rodata.CTIMER
                0x000000000000589c        0x4 /home/augusto/Desktop/InfoII/Libreria_LPC845/LPC845/Libreria_LPC845/Debug/libLibreria_LPC845.a(HPL_CTIMER.o)
                0x000000000000589c                CTIMER
 .rodata.GPIO   0x00000000000058a0        0x4 /home/augusto/Desktop/InfoII/Libreria_LPC845/LPC845/Libreria_LPC845/Debug/libLibreria_LPC845.a(HPL_GPIO.o)
                0x00000000000058a0                GPIO
 .rodata.IOCON  0x00000000000058a4        0x4 /home/augusto/Desktop/InfoII/Libreria_LPC845/LPC845/Libreria_LPC845/Debug/libLibreria_LPC845.a(HPL_IOCON.o)
                0x00000000000058a4                IOCON
 .rodata.IOCON_PIN_TABLE
                0x00000000000058a8      0x100 /home/augusto/Desktop/InfoII/Libreria_LPC845/LPC845/Libreria_LPC845/Debug/libLibreria_LPC845.a(HPL_IOCON.o)
                0x00000000000058a8                IOCON_PIN_TABLE
 .rodata.NVIC   0x00000000000059a8        0x4 /home/augusto/Desktop/InfoII/Libreria_LPC845/LPC845/Libreria_LPC845/Debug/libLibreria_LPC845.a(HPL_NVIC.o)
                0x00000000000059a8                NVIC
 .rodata.PININT
                0x00000000000059ac        0x4 /home/augusto/Desktop/InfoII/Libreria_LPC845/LPC845/Libreria_LPC845/Debug/libLibreria_LPC845.a(HPL_PININT.o)
                0x00000000000059ac                PININT
 .rodata.PMU    0x00000000000059b0        0x4 /home/augusto/Desktop/InfoII/Libreria_LPC845/LPC845/Libreria_LPC845/Debug/libLibreria_LPC845.a(HPL_PMU.o)
                0x00000000000059b0                PMU
 .rodata.SPI    0x00000000000059b4        0x8 /home/augusto/Desktop/InfoII/Libreria_LPC845/LPC845/Libreria_LPC845/Debug/libLibreria_LPC845.a(HPL_SPI.o)
                0x00000000000059b4                SPI
 .rodata.SWM    0x00000000000059bc        0x4 /home/augusto/Desktop/InfoII/Libreria_LPC845/LPC845/Libreria_LPC845/Debug/libLibreria_LPC845.a(HPL_SWM.o)
                0x00000000000059bc                SWM
 .rodata.SYSCON
                0x00000000000059c0        0x4 /home/augusto/Desktop/InfoII/Libreria_LPC845/LPC845/Libreria_LPC845/Debug/libLibreria_LPC845.a(HPL_SYSCON.o)
                0x00000000000059c0                SYSCON
 .rodata.SYSTICK
                0x00000000000059c4        0x4 /home/augusto/Desktop/InfoII/Libreria_LPC845/LPC845/Libreria_LPC845/Debug/libLibreria_LPC845.a(HPL_SYSTICK.o)
                0x00000000000059c4                SYSTICK
 .rodata.UART   0x00000000000059c8       0x14 /home/augusto/Desktop/InfoII/Libreria_LPC845/LPC845/Libreria_LPC845/Debug/libLibreria_LPC845.a(HPL_UART.o)
                0x00000000000059c8                UART
 .rodata.WKT    0x00000000000059dc        0x4 /home/augusto/Desktop/InfoII/Libreria_LPC845/LPC845/Libreria_LPC845/Debug/libLibreria_LPC845.a(HPL_WKT.o)
                0x00000000000059dc                WKT
                0x00000000000059e0                . = ALIGN (0x4)

.glue_7         0x00000000000059e0        0x0
 .glue_7        0x00000000000059e0        0x0 linker stubs

.glue_7t        0x00000000000059e0        0x0
 .glue_7t       0x00000000000059e0        0x0 linker stubs

.vfp11_veneer   0x00000000000059e0        0x0
 .vfp11_veneer  0x00000000000059e0        0x0 linker stubs

.v4_bx          0x00000000000059e0        0x0
 .v4_bx         0x00000000000059e0        0x0 linker stubs

.iplt           0x00000000000059e0        0x0
 .iplt          0x00000000000059e0        0x0 ./src/Micro_tester.o

.rel.dyn        0x00000000000059e0        0x0
 .rel.iplt      0x00000000000059e0        0x0 ./src/Micro_tester.o

.ARM.extab
 *(.ARM.extab* .gnu.linkonce.armextab.*)
                0x00000000000059e0                __exidx_start = .

.ARM.exidx
 *(.ARM.exidx* .gnu.linkonce.armexidx.*)
                0x00000000000059e0                __exidx_end = .
                0x00000000000059e0                _etext = .

.mtb_buffer_default
 *(.mtb*)

.uninit_RESERVED
                0x0000000010000000        0x0
                0x0000000010000000                . = ALIGN (0x4)
 *(.bss.$RESERVED*)
                0x0000000010000000                . = ALIGN (0x4)
                0x0000000010000000                _end_uninit_RESERVED = .

.data           0x0000000010000000       0xcc load address 0x00000000000059e0
 FILL mask 0xff
                0x0000000010000000                _data = .
 *(vtable)
 *(.ramfunc*)
 *(.data*)
 .data.pwm_channel_config
                0x0000000010000000       0x10 ./src/Micro_tester.o
 .data.trama    0x0000000010000010       0x23 ./src/Micro_tester.o
 *fill*         0x0000000010000033        0x1 ff
 .data.adc_seq_completed_callback
                0x0000000010000034        0x8 /home/augusto/Desktop/InfoII/Libreria_LPC845/LPC845/Libreria_LPC845/Debug/libLibreria_LPC845.a(HAL_ADC.o)
 .data.adc_overrun_callback
                0x000000001000003c        0x4 /home/augusto/Desktop/InfoII/Libreria_LPC845/LPC845/Libreria_LPC845/Debug/libLibreria_LPC845.a(HAL_ADC.o)
 .data.adc_compare_callback
                0x0000000010000040        0x4 /home/augusto/Desktop/InfoII/Libreria_LPC845/LPC845/Libreria_LPC845/Debug/libLibreria_LPC845.a(HAL_ADC.o)
 .data.match_callbacks
                0x0000000010000044       0x10 /home/augusto/Desktop/InfoII/Libreria_LPC845/LPC845/Libreria_LPC845/Debug/libLibreria_LPC845.a(HAL_CTIMER.o)
                0x0000000010000044                match_callbacks
 .data.capture_callbacks
                0x0000000010000054       0x10 /home/augusto/Desktop/InfoII/Libreria_LPC845/LPC845/Libreria_LPC845/Debug/libLibreria_LPC845.a(HAL_CTIMER.o)
                0x0000000010000054                capture_callbacks
 .data.pinint_callbacks
                0x0000000010000064       0x20 /home/augusto/Desktop/InfoII/Libreria_LPC845/LPC845/Libreria_LPC845/Debug/libLibreria_LPC845.a(HAL_PININT.o)
 .data.spi_rx_callback
                0x0000000010000084        0x8 /home/augusto/Desktop/InfoII/Libreria_LPC845/LPC845/Libreria_LPC845/Debug/libLibreria_LPC845.a(HAL_SPI.o)
 .data.spi_tx_callback
                0x000000001000008c        0x8 /home/augusto/Desktop/InfoII/Libreria_LPC845/LPC845/Libreria_LPC845/Debug/libLibreria_LPC845.a(HAL_SPI.o)
 .data.current_main_freq
                0x0000000010000094        0x4 /home/augusto/Desktop/InfoII/Libreria_LPC845/LPC845/Libreria_LPC845/Debug/libLibreria_LPC845.a(HAL_SYSCON.o)
 .data.current_fro_freq
                0x0000000010000098        0x4 /home/augusto/Desktop/InfoII/Libreria_LPC845/LPC845/Libreria_LPC845/Debug/libLibreria_LPC845.a(HAL_SYSCON.o)
 .data.systick_callback
                0x000000001000009c        0x4 /home/augusto/Desktop/InfoII/Libreria_LPC845/LPC845/Libreria_LPC845/Debug/libLibreria_LPC845.a(HAL_SYSTICK.o)
 .data.uart_rx_callback
                0x00000000100000a0       0x14 /home/augusto/Desktop/InfoII/Libreria_LPC845/LPC845/Libreria_LPC845/Debug/libLibreria_LPC845.a(HAL_UART.o)
 .data.uart_tx_callback
                0x00000000100000b4       0x14 /home/augusto/Desktop/InfoII/Libreria_LPC845/LPC845/Libreria_LPC845/Debug/libLibreria_LPC845.a(HAL_UART.o)
 .data.hal_wkt_irq_callback
                0x00000000100000c8        0x4 /home/augusto/Desktop/InfoII/Libreria_LPC845/LPC845/Libreria_LPC845/Debug/libLibreria_LPC845.a(HAL_WKT.o)
                0x00000000100000cc                . = ALIGN (0x4)
                0x00000000100000cc                _edata = .

.igot.plt       0x00000000100000cc        0x0 load address 0x0000000000005aac
 .igot.plt      0x00000000100000cc        0x0 ./src/Micro_tester.o

.bss            0x00000000100000cc       0x48 load address 0x0000000000005aac
                0x00000000100000cc                . = ALIGN (0x4)
                0x00000000100000cc                _bss = .
 *(.bss*)
 .bss.blink_time_ms
                0x00000000100000cc        0x4 ./src/Micro_tester.o
 .bss.adc_conversion
                0x00000000100000d0        0x4 ./src/Micro_tester.o
 .bss.spi_tx_idx
                0x00000000100000d4        0x4 ./src/Micro_tester.o
 .bss.spi_rx_idx
                0x00000000100000d8        0x4 ./src/Micro_tester.o
 .bss.spi_rx_buff
                0x00000000100000dc        0xa ./src/Micro_tester.o
 .bss.spi_rx_complete_flag
                0x00000000100000e6        0x1 ./src/Micro_tester.o
 *fill*         0x00000000100000e7        0x1 
 .bss.trama_counter
                0x00000000100000e8        0x4 ./src/Micro_tester.o
 .bss.tick_counter.5596
                0x00000000100000ec        0x4 ./src/Micro_tester.o
 .bss.adc_counter.5597
                0x00000000100000f0        0x4 ./src/Micro_tester.o
 .bss.nrf_counter.5598
                0x00000000100000f4        0x4 ./src/Micro_tester.o
 .bss.state.5616
                0x00000000100000f8        0x1 ./src/Micro_tester.o
 .bss.counter.5620
                0x00000000100000f9        0x1 ./src/Micro_tester.o
 *fill*         0x00000000100000fa        0x2 
 .bss.current_frg_freq
                0x00000000100000fc        0x8 /home/augusto/Desktop/InfoII/Libreria_LPC845/LPC845/Libreria_LPC845/Debug/libLibreria_LPC845.a(HAL_SYSCON.o)
 .bss.current_pll_freq
                0x0000000010000104        0x4 /home/augusto/Desktop/InfoII/Libreria_LPC845/LPC845/Libreria_LPC845/Debug/libLibreria_LPC845.a(HAL_SYSCON.o)
 .bss.current_clock_source
                0x0000000010000108        0x1 /home/augusto/Desktop/InfoII/Libreria_LPC845/LPC845/Libreria_LPC845/Debug/libLibreria_LPC845.a(HAL_WKT.o)
 *fill*         0x0000000010000109        0x3 
 .bss.current_ext_clock
                0x000000001000010c        0x4 /home/augusto/Desktop/InfoII/Libreria_LPC845/LPC845/Libreria_LPC845/Debug/libLibreria_LPC845.a(HAL_WKT.o)
 .bss.dummy_reg
                0x0000000010000110        0x4 /home/augusto/Desktop/InfoII/Libreria_LPC845/LPC845/Libreria_LPC845/Debug/libLibreria_LPC845.a(HPL_IOCON.o)
                0x0000000010000110                dummy_reg
 *(COMMON)
                0x0000000010000114                . = ALIGN (0x4)
                0x0000000010000114                _ebss = .
                [!provide]                        PROVIDE (end = .)

.noinit         0x0000000010000114        0x0 load address 0x0000000000005aac
                0x0000000010000114                . = ALIGN (0x4)
                0x0000000010000114                _noinit = .
 *(.noinit*)
                0x0000000010000114                . = ALIGN (0x4)
                0x0000000010000114                _end_noinit = .
                [!provide]                        PROVIDE (_pvHeapStart = DEFINED (__user_heap_base)?__user_heap_base:.)
                0x0000000010004000                PROVIDE (_vStackTop = DEFINED (__user_stack_top)?__user_stack_top:(__top_RamLoc16 - 0x0))
                0xffffffffefffbb27                PROVIDE (__valid_user_code_checksum = (0x0 - (((_vStackTop + (ResetISR + 0x1)) + (DEFINED (NMI_Handler)?NMI_Handler:M0_NMI_Handler + 0x1)) + (DEFINED (HardFault_Handler)?HardFault_Handler:M0_HardFault_Handler + 0x1))))
                0x0000000000000000                _image_start = LOADADDR (.text)
                0x0000000000005aac                _image_end = (LOADADDR (.data) + SIZEOF (.data))
                0x0000000000005aac                _image_size = (_image_end - _image_start)
OUTPUT(Micro_tester.axf elf32-littlearm)

.debug_info     0x0000000000000000    0x2a498
 .debug_info    0x0000000000000000     0x2b11 ./src/Micro_tester.o
 .debug_info    0x0000000000002b11      0x226 ./src/cr_startup_lpc84x.o
 .debug_info    0x0000000000002d37     0x494d /home/augusto/Desktop/InfoII/Libreria_LPC845/LPC845/Libreria_LPC845/Debug/libLibreria_LPC845.a(HAL_ADC.o)
 .debug_info    0x0000000000007684     0x480b /home/augusto/Desktop/InfoII/Libreria_LPC845/LPC845/Libreria_LPC845/Debug/libLibreria_LPC845.a(HAL_CTIMER.o)
 .debug_info    0x000000000000be8f     0x1d4f /home/augusto/Desktop/InfoII/Libreria_LPC845/LPC845/Libreria_LPC845/Debug/libLibreria_LPC845.a(HAL_GPIO.o)
 .debug_info    0x000000000000dbde     0x2058 /home/augusto/Desktop/InfoII/Libreria_LPC845/LPC845/Libreria_LPC845/Debug/libLibreria_LPC845.a(HAL_IOCON.o)
 .debug_info    0x000000000000fc36     0x3e2b /home/augusto/Desktop/InfoII/Libreria_LPC845/LPC845/Libreria_LPC845/Debug/libLibreria_LPC845.a(HAL_PININT.o)
 .debug_info    0x0000000000013a61     0x4744 /home/augusto/Desktop/InfoII/Libreria_LPC845/LPC845/Libreria_LPC845/Debug/libLibreria_LPC845.a(HAL_SPI.o)
 .debug_info    0x00000000000181a5     0x2fa9 /home/augusto/Desktop/InfoII/Libreria_LPC845/LPC845/Libreria_LPC845/Debug/libLibreria_LPC845.a(HAL_SYSCON.o)
 .debug_info    0x000000000001b14e      0x395 /home/augusto/Desktop/InfoII/Libreria_LPC845/LPC845/Libreria_LPC845/Debug/libLibreria_LPC845.a(HAL_SYSTICK.o)
 .debug_info    0x000000000001b4e3     0x45d7 /home/augusto/Desktop/InfoII/Libreria_LPC845/LPC845/Libreria_LPC845/Debug/libLibreria_LPC845.a(HAL_UART.o)
 .debug_info    0x000000000001faba     0x311b /home/augusto/Desktop/InfoII/Libreria_LPC845/LPC845/Libreria_LPC845/Debug/libLibreria_LPC845.a(HAL_WKT.o)
 .debug_info    0x0000000000022bd5      0x810 /home/augusto/Desktop/InfoII/Libreria_LPC845/LPC845/Libreria_LPC845/Debug/libLibreria_LPC845.a(HPL_ADC.o)
 .debug_info    0x00000000000233e5      0x6b4 /home/augusto/Desktop/InfoII/Libreria_LPC845/LPC845/Libreria_LPC845/Debug/libLibreria_LPC845.a(HPL_CTIMER.o)
 .debug_info    0x0000000000023a99      0x4ef /home/augusto/Desktop/InfoII/Libreria_LPC845/LPC845/Libreria_LPC845/Debug/libLibreria_LPC845.a(HPL_GPIO.o)
 .debug_info    0x0000000000023f88      0x4a5 /home/augusto/Desktop/InfoII/Libreria_LPC845/LPC845/Libreria_LPC845/Debug/libLibreria_LPC845.a(HPL_IOCON.o)
 .debug_info    0x000000000002442d     0x10f3 /home/augusto/Desktop/InfoII/Libreria_LPC845/LPC845/Libreria_LPC845/Debug/libLibreria_LPC845.a(HPL_NVIC.o)
 .debug_info    0x0000000000025520      0x4eb /home/augusto/Desktop/InfoII/Libreria_LPC845/LPC845/Libreria_LPC845/Debug/libLibreria_LPC845.a(HPL_PININT.o)
 .debug_info    0x0000000000025a0b      0x291 /home/augusto/Desktop/InfoII/Libreria_LPC845/LPC845/Libreria_LPC845/Debug/libLibreria_LPC845.a(HPL_PMU.o)
 .debug_info    0x0000000000025c9c      0x6a9 /home/augusto/Desktop/InfoII/Libreria_LPC845/LPC845/Libreria_LPC845/Debug/libLibreria_LPC845.a(HPL_SPI.o)
 .debug_info    0x0000000000026345     0x216a /home/augusto/Desktop/InfoII/Libreria_LPC845/LPC845/Libreria_LPC845/Debug/libLibreria_LPC845.a(HPL_SWM.o)
 .debug_info    0x00000000000284af     0x1446 /home/augusto/Desktop/InfoII/Libreria_LPC845/LPC845/Libreria_LPC845/Debug/libLibreria_LPC845.a(HPL_SYSCON.o)
 .debug_info    0x00000000000298f5      0x24a /home/augusto/Desktop/InfoII/Libreria_LPC845/LPC845/Libreria_LPC845/Debug/libLibreria_LPC845.a(HPL_SYSTICK.o)
 .debug_info    0x0000000000029b3f      0x7bb /home/augusto/Desktop/InfoII/Libreria_LPC845/LPC845/Libreria_LPC845/Debug/libLibreria_LPC845.a(HPL_UART.o)
 .debug_info    0x000000000002a2fa      0x19e /home/augusto/Desktop/InfoII/Libreria_LPC845/LPC845/Libreria_LPC845/Debug/libLibreria_LPC845.a(HPL_WKT.o)

.debug_abbrev   0x0000000000000000     0x2f83
 .debug_abbrev  0x0000000000000000      0x253 ./src/Micro_tester.o
 .debug_abbrev  0x0000000000000253      0x117 ./src/cr_startup_lpc84x.o
 .debug_abbrev  0x000000000000036a      0x3b8 /home/augusto/Desktop/InfoII/Libreria_LPC845/LPC845/Libreria_LPC845/Debug/libLibreria_LPC845.a(HAL_ADC.o)
 .debug_abbrev  0x0000000000000722      0x391 /home/augusto/Desktop/InfoII/Libreria_LPC845/LPC845/Libreria_LPC845/Debug/libLibreria_LPC845.a(HAL_CTIMER.o)
 .debug_abbrev  0x0000000000000ab3      0x284 /home/augusto/Desktop/InfoII/Libreria_LPC845/LPC845/Libreria_LPC845/Debug/libLibreria_LPC845.a(HAL_GPIO.o)
 .debug_abbrev  0x0000000000000d37      0x25b /home/augusto/Desktop/InfoII/Libreria_LPC845/LPC845/Libreria_LPC845/Debug/libLibreria_LPC845.a(HAL_IOCON.o)
 .debug_abbrev  0x0000000000000f92      0x30c /home/augusto/Desktop/InfoII/Libreria_LPC845/LPC845/Libreria_LPC845/Debug/libLibreria_LPC845.a(HAL_PININT.o)
 .debug_abbrev  0x000000000000129e      0x371 /home/augusto/Desktop/InfoII/Libreria_LPC845/LPC845/Libreria_LPC845/Debug/libLibreria_LPC845.a(HAL_SPI.o)
 .debug_abbrev  0x000000000000160f      0x35b /home/augusto/Desktop/InfoII/Libreria_LPC845/LPC845/Libreria_LPC845/Debug/libLibreria_LPC845.a(HAL_SYSCON.o)
 .debug_abbrev  0x000000000000196a      0x1b2 /home/augusto/Desktop/InfoII/Libreria_LPC845/LPC845/Libreria_LPC845/Debug/libLibreria_LPC845.a(HAL_SYSTICK.o)
 .debug_abbrev  0x0000000000001b1c      0x382 /home/augusto/Desktop/InfoII/Libreria_LPC845/LPC845/Libreria_LPC845/Debug/libLibreria_LPC845.a(HAL_UART.o)
 .debug_abbrev  0x0000000000001e9e      0x2ba /home/augusto/Desktop/InfoII/Libreria_LPC845/LPC845/Libreria_LPC845/Debug/libLibreria_LPC845.a(HAL_WKT.o)
 .debug_abbrev  0x0000000000002158       0xee /home/augusto/Desktop/InfoII/Libreria_LPC845/LPC845/Libreria_LPC845/Debug/libLibreria_LPC845.a(HPL_ADC.o)
 .debug_abbrev  0x0000000000002246      0x105 /home/augusto/Desktop/InfoII/Libreria_LPC845/LPC845/Libreria_LPC845/Debug/libLibreria_LPC845.a(HPL_CTIMER.o)
 .debug_abbrev  0x000000000000234b      0x128 /home/augusto/Desktop/InfoII/Libreria_LPC845/LPC845/Libreria_LPC845/Debug/libLibreria_LPC845.a(HPL_GPIO.o)
 .debug_abbrev  0x0000000000002473       0xf4 /home/augusto/Desktop/InfoII/Libreria_LPC845/LPC845/Libreria_LPC845/Debug/libLibreria_LPC845.a(HPL_IOCON.o)
 .debug_abbrev  0x0000000000002567      0x132 /home/augusto/Desktop/InfoII/Libreria_LPC845/LPC845/Libreria_LPC845/Debug/libLibreria_LPC845.a(HPL_NVIC.o)
 .debug_abbrev  0x0000000000002699       0xe5 /home/augusto/Desktop/InfoII/Libreria_LPC845/LPC845/Libreria_LPC845/Debug/libLibreria_LPC845.a(HPL_PININT.o)
 .debug_abbrev  0x000000000000277e       0xf4 /home/augusto/Desktop/InfoII/Libreria_LPC845/LPC845/Libreria_LPC845/Debug/libLibreria_LPC845.a(HPL_PMU.o)
 .debug_abbrev  0x0000000000002872      0x105 /home/augusto/Desktop/InfoII/Libreria_LPC845/LPC845/Libreria_LPC845/Debug/libLibreria_LPC845.a(HPL_SPI.o)
 .debug_abbrev  0x0000000000002977      0x1cb /home/augusto/Desktop/InfoII/Libreria_LPC845/LPC845/Libreria_LPC845/Debug/libLibreria_LPC845.a(HPL_SWM.o)
 .debug_abbrev  0x0000000000002b42      0x171 /home/augusto/Desktop/InfoII/Libreria_LPC845/LPC845/Libreria_LPC845/Debug/libLibreria_LPC845.a(HPL_SYSCON.o)
 .debug_abbrev  0x0000000000002cb3       0xee /home/augusto/Desktop/InfoII/Libreria_LPC845/LPC845/Libreria_LPC845/Debug/libLibreria_LPC845.a(HPL_SYSTICK.o)
 .debug_abbrev  0x0000000000002da1      0x105 /home/augusto/Desktop/InfoII/Libreria_LPC845/LPC845/Libreria_LPC845/Debug/libLibreria_LPC845.a(HPL_UART.o)
 .debug_abbrev  0x0000000000002ea6       0xdd /home/augusto/Desktop/InfoII/Libreria_LPC845/LPC845/Libreria_LPC845/Debug/libLibreria_LPC845.a(HPL_WKT.o)

.debug_aranges  0x0000000000000000      0xb20
 .debug_aranges
                0x0000000000000000       0x68 ./src/Micro_tester.o
 .debug_aranges
                0x0000000000000068       0x60 ./src/cr_startup_lpc84x.o
 .debug_aranges
                0x00000000000000c8      0x188 /home/augusto/Desktop/InfoII/Libreria_LPC845/LPC845/Libreria_LPC845/Debug/libLibreria_LPC845.a(HAL_ADC.o)
 .debug_aranges
                0x0000000000000250      0x160 /home/augusto/Desktop/InfoII/Libreria_LPC845/LPC845/Libreria_LPC845/Debug/libLibreria_LPC845.a(HAL_CTIMER.o)
 .debug_aranges
                0x00000000000003b0       0x80 /home/augusto/Desktop/InfoII/Libreria_LPC845/LPC845/Libreria_LPC845/Debug/libLibreria_LPC845.a(HAL_GPIO.o)
 .debug_aranges
                0x0000000000000430       0x30 /home/augusto/Desktop/InfoII/Libreria_LPC845/LPC845/Libreria_LPC845/Debug/libLibreria_LPC845.a(HAL_IOCON.o)
 .debug_aranges
                0x0000000000000460       0xd0 /home/augusto/Desktop/InfoII/Libreria_LPC845/LPC845/Libreria_LPC845/Debug/libLibreria_LPC845.a(HAL_PININT.o)
 .debug_aranges
                0x0000000000000530      0x170 /home/augusto/Desktop/InfoII/Libreria_LPC845/LPC845/Libreria_LPC845/Debug/libLibreria_LPC845.a(HAL_SPI.o)
 .debug_aranges
                0x00000000000006a0      0x100 /home/augusto/Desktop/InfoII/Libreria_LPC845/LPC845/Libreria_LPC845/Debug/libLibreria_LPC845.a(HAL_SYSCON.o)
 .debug_aranges
                0x00000000000007a0       0x60 /home/augusto/Desktop/InfoII/Libreria_LPC845/LPC845/Libreria_LPC845/Debug/libLibreria_LPC845.a(HAL_SYSTICK.o)
 .debug_aranges
                0x0000000000000800      0x138 /home/augusto/Desktop/InfoII/Libreria_LPC845/LPC845/Libreria_LPC845/Debug/libLibreria_LPC845.a(HAL_UART.o)
 .debug_aranges
                0x0000000000000938       0xb0 /home/augusto/Desktop/InfoII/Libreria_LPC845/LPC845/Libreria_LPC845/Debug/libLibreria_LPC845.a(HAL_WKT.o)
 .debug_aranges
                0x00000000000009e8       0x18 /home/augusto/Desktop/InfoII/Libreria_LPC845/LPC845/Libreria_LPC845/Debug/libLibreria_LPC845.a(HPL_ADC.o)
 .debug_aranges
                0x0000000000000a00       0x18 /home/augusto/Desktop/InfoII/Libreria_LPC845/LPC845/Libreria_LPC845/Debug/libLibreria_LPC845.a(HPL_CTIMER.o)
 .debug_aranges
                0x0000000000000a18       0x18 /home/augusto/Desktop/InfoII/Libreria_LPC845/LPC845/Libreria_LPC845/Debug/libLibreria_LPC845.a(HPL_GPIO.o)
 .debug_aranges
                0x0000000000000a30       0x18 /home/augusto/Desktop/InfoII/Libreria_LPC845/LPC845/Libreria_LPC845/Debug/libLibreria_LPC845.a(HPL_IOCON.o)
 .debug_aranges
                0x0000000000000a48       0x18 /home/augusto/Desktop/InfoII/Libreria_LPC845/LPC845/Libreria_LPC845/Debug/libLibreria_LPC845.a(HPL_NVIC.o)
 .debug_aranges
                0x0000000000000a60       0x18 /home/augusto/Desktop/InfoII/Libreria_LPC845/LPC845/Libreria_LPC845/Debug/libLibreria_LPC845.a(HPL_PININT.o)
 .debug_aranges
                0x0000000000000a78       0x18 /home/augusto/Desktop/InfoII/Libreria_LPC845/LPC845/Libreria_LPC845/Debug/libLibreria_LPC845.a(HPL_PMU.o)
 .debug_aranges
                0x0000000000000a90       0x18 /home/augusto/Desktop/InfoII/Libreria_LPC845/LPC845/Libreria_LPC845/Debug/libLibreria_LPC845.a(HPL_SPI.o)
 .debug_aranges
                0x0000000000000aa8       0x18 /home/augusto/Desktop/InfoII/Libreria_LPC845/LPC845/Libreria_LPC845/Debug/libLibreria_LPC845.a(HPL_SWM.o)
 .debug_aranges
                0x0000000000000ac0       0x18 /home/augusto/Desktop/InfoII/Libreria_LPC845/LPC845/Libreria_LPC845/Debug/libLibreria_LPC845.a(HPL_SYSCON.o)
 .debug_aranges
                0x0000000000000ad8       0x18 /home/augusto/Desktop/InfoII/Libreria_LPC845/LPC845/Libreria_LPC845/Debug/libLibreria_LPC845.a(HPL_SYSTICK.o)
 .debug_aranges
                0x0000000000000af0       0x18 /home/augusto/Desktop/InfoII/Libreria_LPC845/LPC845/Libreria_LPC845/Debug/libLibreria_LPC845.a(HPL_UART.o)
 .debug_aranges
                0x0000000000000b08       0x18 /home/augusto/Desktop/InfoII/Libreria_LPC845/LPC845/Libreria_LPC845/Debug/libLibreria_LPC845.a(HPL_WKT.o)

.debug_ranges   0x0000000000000000      0x928
 .debug_ranges  0x0000000000000000       0x58 ./src/Micro_tester.o
 .debug_ranges  0x0000000000000058       0x50 ./src/cr_startup_lpc84x.o
 .debug_ranges  0x00000000000000a8      0x178 /home/augusto/Desktop/InfoII/Libreria_LPC845/LPC845/Libreria_LPC845/Debug/libLibreria_LPC845.a(HAL_ADC.o)
 .debug_ranges  0x0000000000000220      0x150 /home/augusto/Desktop/InfoII/Libreria_LPC845/LPC845/Libreria_LPC845/Debug/libLibreria_LPC845.a(HAL_CTIMER.o)
 .debug_ranges  0x0000000000000370       0x70 /home/augusto/Desktop/InfoII/Libreria_LPC845/LPC845/Libreria_LPC845/Debug/libLibreria_LPC845.a(HAL_GPIO.o)
 .debug_ranges  0x00000000000003e0       0x20 /home/augusto/Desktop/InfoII/Libreria_LPC845/LPC845/Libreria_LPC845/Debug/libLibreria_LPC845.a(HAL_IOCON.o)
 .debug_ranges  0x0000000000000400       0xc0 /home/augusto/Desktop/InfoII/Libreria_LPC845/LPC845/Libreria_LPC845/Debug/libLibreria_LPC845.a(HAL_PININT.o)
 .debug_ranges  0x00000000000004c0      0x160 /home/augusto/Desktop/InfoII/Libreria_LPC845/LPC845/Libreria_LPC845/Debug/libLibreria_LPC845.a(HAL_SPI.o)
 .debug_ranges  0x0000000000000620       0xf0 /home/augusto/Desktop/InfoII/Libreria_LPC845/LPC845/Libreria_LPC845/Debug/libLibreria_LPC845.a(HAL_SYSCON.o)
 .debug_ranges  0x0000000000000710       0x50 /home/augusto/Desktop/InfoII/Libreria_LPC845/LPC845/Libreria_LPC845/Debug/libLibreria_LPC845.a(HAL_SYSTICK.o)
 .debug_ranges  0x0000000000000760      0x128 /home/augusto/Desktop/InfoII/Libreria_LPC845/LPC845/Libreria_LPC845/Debug/libLibreria_LPC845.a(HAL_UART.o)
 .debug_ranges  0x0000000000000888       0xa0 /home/augusto/Desktop/InfoII/Libreria_LPC845/LPC845/Libreria_LPC845/Debug/libLibreria_LPC845.a(HAL_WKT.o)

.debug_macro    0x0000000000000000     0x2b60
 .debug_macro   0x0000000000000000      0x18f ./src/Micro_tester.o
 .debug_macro   0x000000000000018f      0xa8a ./src/Micro_tester.o
 .debug_macro   0x0000000000000c19       0x82 ./src/Micro_tester.o
 .debug_macro   0x0000000000000c9b       0x10 ./src/Micro_tester.o
 .debug_macro   0x0000000000000cab      0x12e ./src/Micro_tester.o
 .debug_macro   0x0000000000000dd9       0x16 ./src/Micro_tester.o
 .debug_macro   0x0000000000000def      0x5b3 ./src/Micro_tester.o
 .debug_macro   0x00000000000013a2       0x16 ./src/Micro_tester.o
 .debug_macro   0x00000000000013b8       0x34 ./src/Micro_tester.o
 .debug_macro   0x00000000000013ec       0x10 ./src/Micro_tester.o
 .debug_macro   0x00000000000013fc       0x10 ./src/Micro_tester.o
 .debug_macro   0x000000000000140c       0x10 ./src/Micro_tester.o
 .debug_macro   0x000000000000141c       0x1d ./src/cr_startup_lpc84x.o
 .debug_macro   0x0000000000001439       0xda /home/augusto/Desktop/InfoII/Libreria_LPC845/LPC845/Libreria_LPC845/Debug/libLibreria_LPC845.a(HAL_ADC.o)
 .debug_macro   0x0000000000001513      0xa96 /home/augusto/Desktop/InfoII/Libreria_LPC845/LPC845/Libreria_LPC845/Debug/libLibreria_LPC845.a(HAL_ADC.o)
 .debug_macro   0x0000000000001fa9       0x10 /home/augusto/Desktop/InfoII/Libreria_LPC845/LPC845/Libreria_LPC845/Debug/libLibreria_LPC845.a(HAL_ADC.o)
 .debug_macro   0x0000000000001fb9       0x2c /home/augusto/Desktop/InfoII/Libreria_LPC845/LPC845/Libreria_LPC845/Debug/libLibreria_LPC845.a(HAL_ADC.o)
 .debug_macro   0x0000000000001fe5       0x10 /home/augusto/Desktop/InfoII/Libreria_LPC845/LPC845/Libreria_LPC845/Debug/libLibreria_LPC845.a(HAL_ADC.o)
 .debug_macro   0x0000000000001ff5       0xfa /home/augusto/Desktop/InfoII/Libreria_LPC845/LPC845/Libreria_LPC845/Debug/libLibreria_LPC845.a(HAL_CTIMER.o)
 .debug_macro   0x00000000000020ef       0x10 /home/augusto/Desktop/InfoII/Libreria_LPC845/LPC845/Libreria_LPC845/Debug/libLibreria_LPC845.a(HAL_CTIMER.o)
 .debug_macro   0x00000000000020ff       0x71 /home/augusto/Desktop/InfoII/Libreria_LPC845/LPC845/Libreria_LPC845/Debug/libLibreria_LPC845.a(HAL_GPIO.o)
 .debug_macro   0x0000000000002170       0x10 /home/augusto/Desktop/InfoII/Libreria_LPC845/LPC845/Libreria_LPC845/Debug/libLibreria_LPC845.a(HAL_GPIO.o)
 .debug_macro   0x0000000000002180       0x8e /home/augusto/Desktop/InfoII/Libreria_LPC845/LPC845/Libreria_LPC845/Debug/libLibreria_LPC845.a(HAL_IOCON.o)
 .debug_macro   0x000000000000220e       0x2e /home/augusto/Desktop/InfoII/Libreria_LPC845/LPC845/Libreria_LPC845/Debug/libLibreria_LPC845.a(HAL_IOCON.o)
 .debug_macro   0x000000000000223c       0xc2 /home/augusto/Desktop/InfoII/Libreria_LPC845/LPC845/Libreria_LPC845/Debug/libLibreria_LPC845.a(HAL_PININT.o)
 .debug_macro   0x00000000000022fe       0x10 /home/augusto/Desktop/InfoII/Libreria_LPC845/LPC845/Libreria_LPC845/Debug/libLibreria_LPC845.a(HAL_PININT.o)
 .debug_macro   0x000000000000230e       0xd1 /home/augusto/Desktop/InfoII/Libreria_LPC845/LPC845/Libreria_LPC845/Debug/libLibreria_LPC845.a(HAL_SPI.o)
 .debug_macro   0x00000000000023df       0x16 /home/augusto/Desktop/InfoII/Libreria_LPC845/LPC845/Libreria_LPC845/Debug/libLibreria_LPC845.a(HAL_SPI.o)
 .debug_macro   0x00000000000023f5       0xb0 /home/augusto/Desktop/InfoII/Libreria_LPC845/LPC845/Libreria_LPC845/Debug/libLibreria_LPC845.a(HAL_SYSCON.o)
 .debug_macro   0x00000000000024a5       0x63 /home/augusto/Desktop/InfoII/Libreria_LPC845/LPC845/Libreria_LPC845/Debug/libLibreria_LPC845.a(HAL_SYSTICK.o)
 .debug_macro   0x0000000000002508       0x10 /home/augusto/Desktop/InfoII/Libreria_LPC845/LPC845/Libreria_LPC845/Debug/libLibreria_LPC845.a(HAL_SYSTICK.o)
 .debug_macro   0x0000000000002518       0xcb /home/augusto/Desktop/InfoII/Libreria_LPC845/LPC845/Libreria_LPC845/Debug/libLibreria_LPC845.a(HAL_UART.o)
 .debug_macro   0x00000000000025e3       0x28 /home/augusto/Desktop/InfoII/Libreria_LPC845/LPC845/Libreria_LPC845/Debug/libLibreria_LPC845.a(HAL_UART.o)
 .debug_macro   0x000000000000260b       0xce /home/augusto/Desktop/InfoII/Libreria_LPC845/LPC845/Libreria_LPC845/Debug/libLibreria_LPC845.a(HAL_WKT.o)
 .debug_macro   0x00000000000026d9       0x10 /home/augusto/Desktop/InfoII/Libreria_LPC845/LPC845/Libreria_LPC845/Debug/libLibreria_LPC845.a(HAL_WKT.o)
 .debug_macro   0x00000000000026e9       0x16 /home/augusto/Desktop/InfoII/Libreria_LPC845/LPC845/Libreria_LPC845/Debug/libLibreria_LPC845.a(HAL_WKT.o)
 .debug_macro   0x00000000000026ff       0x4c /home/augusto/Desktop/InfoII/Libreria_LPC845/LPC845/Libreria_LPC845/Debug/libLibreria_LPC845.a(HPL_ADC.o)
 .debug_macro   0x000000000000274b       0x4c /home/augusto/Desktop/InfoII/Libreria_LPC845/LPC845/Libreria_LPC845/Debug/libLibreria_LPC845.a(HPL_CTIMER.o)
 .debug_macro   0x0000000000002797       0x45 /home/augusto/Desktop/InfoII/Libreria_LPC845/LPC845/Libreria_LPC845/Debug/libLibreria_LPC845.a(HPL_GPIO.o)
 .debug_macro   0x00000000000027dc       0x45 /home/augusto/Desktop/InfoII/Libreria_LPC845/LPC845/Libreria_LPC845/Debug/libLibreria_LPC845.a(HPL_IOCON.o)
 .debug_macro   0x0000000000002821       0x4c /home/augusto/Desktop/InfoII/Libreria_LPC845/LPC845/Libreria_LPC845/Debug/libLibreria_LPC845.a(HPL_NVIC.o)
 .debug_macro   0x000000000000286d       0x4c /home/augusto/Desktop/InfoII/Libreria_LPC845/LPC845/Libreria_LPC845/Debug/libLibreria_LPC845.a(HPL_PININT.o)
 .debug_macro   0x00000000000028b9       0x4b /home/augusto/Desktop/InfoII/Libreria_LPC845/LPC845/Libreria_LPC845/Debug/libLibreria_LPC845.a(HPL_PMU.o)
 .debug_macro   0x0000000000002904       0x10 /home/augusto/Desktop/InfoII/Libreria_LPC845/LPC845/Libreria_LPC845/Debug/libLibreria_LPC845.a(HPL_PMU.o)
 .debug_macro   0x0000000000002914       0x4b /home/augusto/Desktop/InfoII/Libreria_LPC845/LPC845/Libreria_LPC845/Debug/libLibreria_LPC845.a(HPL_SPI.o)
 .debug_macro   0x000000000000295f       0x10 /home/augusto/Desktop/InfoII/Libreria_LPC845/LPC845/Libreria_LPC845/Debug/libLibreria_LPC845.a(HPL_SPI.o)
 .debug_macro   0x000000000000296f       0x7b /home/augusto/Desktop/InfoII/Libreria_LPC845/LPC845/Libreria_LPC845/Debug/libLibreria_LPC845.a(HPL_SWM.o)
 .debug_macro   0x00000000000029ea       0x26 /home/augusto/Desktop/InfoII/Libreria_LPC845/LPC845/Libreria_LPC845/Debug/libLibreria_LPC845.a(HPL_SWM.o)
 .debug_macro   0x0000000000002a10       0x4b /home/augusto/Desktop/InfoII/Libreria_LPC845/LPC845/Libreria_LPC845/Debug/libLibreria_LPC845.a(HPL_SYSCON.o)
 .debug_macro   0x0000000000002a5b       0x4c /home/augusto/Desktop/InfoII/Libreria_LPC845/LPC845/Libreria_LPC845/Debug/libLibreria_LPC845.a(HPL_SYSTICK.o)
 .debug_macro   0x0000000000002aa7       0x4b /home/augusto/Desktop/InfoII/Libreria_LPC845/LPC845/Libreria_LPC845/Debug/libLibreria_LPC845.a(HPL_UART.o)
 .debug_macro   0x0000000000002af2       0x22 /home/augusto/Desktop/InfoII/Libreria_LPC845/LPC845/Libreria_LPC845/Debug/libLibreria_LPC845.a(HPL_UART.o)
 .debug_macro   0x0000000000002b14       0x4c /home/augusto/Desktop/InfoII/Libreria_LPC845/LPC845/Libreria_LPC845/Debug/libLibreria_LPC845.a(HPL_WKT.o)

.debug_line     0x0000000000000000     0x6c1b
 .debug_line    0x0000000000000000      0x59e ./src/Micro_tester.o
 .debug_line    0x000000000000059e      0x133 ./src/cr_startup_lpc84x.o
 .debug_line    0x00000000000006d1      0xb75 /home/augusto/Desktop/InfoII/Libreria_LPC845/LPC845/Libreria_LPC845/Debug/libLibreria_LPC845.a(HAL_ADC.o)
 .debug_line    0x0000000000001246      0xbff /home/augusto/Desktop/InfoII/Libreria_LPC845/LPC845/Libreria_LPC845/Debug/libLibreria_LPC845.a(HAL_CTIMER.o)
 .debug_line    0x0000000000001e45      0x49b /home/augusto/Desktop/InfoII/Libreria_LPC845/LPC845/Libreria_LPC845/Debug/libLibreria_LPC845.a(HAL_GPIO.o)
 .debug_line    0x00000000000022e0      0x401 /home/augusto/Desktop/InfoII/Libreria_LPC845/LPC845/Libreria_LPC845/Debug/libLibreria_LPC845.a(HAL_IOCON.o)
 .debug_line    0x00000000000026e1      0x6a0 /home/augusto/Desktop/InfoII/Libreria_LPC845/LPC845/Libreria_LPC845/Debug/libLibreria_LPC845.a(HAL_PININT.o)
 .debug_line    0x0000000000002d81      0xbe1 /home/augusto/Desktop/InfoII/Libreria_LPC845/LPC845/Libreria_LPC845/Debug/libLibreria_LPC845.a(HAL_SPI.o)
 .debug_line    0x0000000000003962      0x7a9 /home/augusto/Desktop/InfoII/Libreria_LPC845/LPC845/Libreria_LPC845/Debug/libLibreria_LPC845.a(HAL_SYSCON.o)
 .debug_line    0x000000000000410b      0x3b7 /home/augusto/Desktop/InfoII/Libreria_LPC845/LPC845/Libreria_LPC845/Debug/libLibreria_LPC845.a(HAL_SYSTICK.o)
 .debug_line    0x00000000000044c2      0x92f /home/augusto/Desktop/InfoII/Libreria_LPC845/LPC845/Libreria_LPC845/Debug/libLibreria_LPC845.a(HAL_UART.o)
 .debug_line    0x0000000000004df1      0x5f6 /home/augusto/Desktop/InfoII/Libreria_LPC845/LPC845/Libreria_LPC845/Debug/libLibreria_LPC845.a(HAL_WKT.o)
 .debug_line    0x00000000000053e7      0x1ce /home/augusto/Desktop/InfoII/Libreria_LPC845/LPC845/Libreria_LPC845/Debug/libLibreria_LPC845.a(HPL_ADC.o)
 .debug_line    0x00000000000055b5      0x1d4 /home/augusto/Desktop/InfoII/Libreria_LPC845/LPC845/Libreria_LPC845/Debug/libLibreria_LPC845.a(HPL_CTIMER.o)
 .debug_line    0x0000000000005789      0x1d0 /home/augusto/Desktop/InfoII/Libreria_LPC845/LPC845/Libreria_LPC845/Debug/libLibreria_LPC845.a(HPL_GPIO.o)
 .debug_line    0x0000000000005959      0x1d2 /home/augusto/Desktop/InfoII/Libreria_LPC845/LPC845/Libreria_LPC845/Debug/libLibreria_LPC845.a(HPL_IOCON.o)
 .debug_line    0x0000000000005b2b      0x1d0 /home/augusto/Desktop/InfoII/Libreria_LPC845/LPC845/Libreria_LPC845/Debug/libLibreria_LPC845.a(HPL_NVIC.o)
 .debug_line    0x0000000000005cfb      0x1d4 /home/augusto/Desktop/InfoII/Libreria_LPC845/LPC845/Libreria_LPC845/Debug/libLibreria_LPC845.a(HPL_PININT.o)
 .debug_line    0x0000000000005ecf      0x1ce /home/augusto/Desktop/InfoII/Libreria_LPC845/LPC845/Libreria_LPC845/Debug/libLibreria_LPC845.a(HPL_PMU.o)
 .debug_line    0x000000000000609d      0x1ce /home/augusto/Desktop/InfoII/Libreria_LPC845/LPC845/Libreria_LPC845/Debug/libLibreria_LPC845.a(HPL_SPI.o)
 .debug_line    0x000000000000626b      0x268 /home/augusto/Desktop/InfoII/Libreria_LPC845/LPC845/Libreria_LPC845/Debug/libLibreria_LPC845.a(HPL_SWM.o)
 .debug_line    0x00000000000064d3      0x1d4 /home/augusto/Desktop/InfoII/Libreria_LPC845/LPC845/Libreria_LPC845/Debug/libLibreria_LPC845.a(HPL_SYSCON.o)