Archive member included to satisfy reference by file (symbol)

/home/augusto/Desktop/InfoII/Libreria_LPC845/LPC845/Libreria_LPC845/Debug/libLibreria_LPC845.a(HAL_ADC.o)
                              ./src/Micro_tester.o (hal_adc_init_async_mode)
/home/augusto/Desktop/InfoII/Libreria_LPC845/LPC845/Libreria_LPC845/Debug/libLibreria_LPC845.a(HAL_CTIMER.o)
                              ./src/Micro_tester.o (hal_ctimer_pwm_mode_init)
/home/augusto/Desktop/InfoII/Libreria_LPC845/LPC845/Libreria_LPC845/Debug/libLibreria_LPC845.a(HAL_GPIO.o)
                              ./src/Micro_tester.o (hal_gpio_init)
/home/augusto/Desktop/InfoII/Libreria_LPC845/LPC845/Libreria_LPC845/Debug/libLibreria_LPC845.a(HAL_IOCON.o)
                              ./src/Micro_tester.o (hal_iocon_config_io)
/home/augusto/Desktop/InfoII/Libreria_LPC845/LPC845/Libreria_LPC845/Debug/libLibreria_LPC845.a(HAL_PININT.o)
                              ./src/Micro_tester.o (hal_pinint_init)
/home/augusto/Desktop/InfoII/Libreria_LPC845/LPC845/Libreria_LPC845/Debug/libLibreria_LPC845.a(HAL_SPI.o)
                              ./src/Micro_tester.o (hal_spi_master_mode_init)
/home/augusto/Desktop/InfoII/Libreria_LPC845/LPC845/Libreria_LPC845/Debug/libLibreria_LPC845.a(HAL_SYSCON.o)
                              /home/augusto/Desktop/InfoII/Libreria_LPC845/LPC845/Libreria_LPC845/Debug/libLibreria_LPC845.a(HAL_ADC.o) (hal_syscon_get_system_clock)
/home/augusto/Desktop/InfoII/Libreria_LPC845/LPC845/Libreria_LPC845/Debug/libLibreria_LPC845.a(HAL_SYSTICK.o)
                              ./src/Micro_tester.o (hal_systick_init)
/home/augusto/Desktop/InfoII/Libreria_LPC845/LPC845/Libreria_LPC845/Debug/libLibreria_LPC845.a(HAL_UART.o)
                              ./src/Micro_tester.o (hal_uart_init)
/home/augusto/Desktop/InfoII/Libreria_LPC845/LPC845/Libreria_LPC845/Debug/libLibreria_LPC845.a(HAL_WKT.o)
                              ./src/Micro_tester.o (hal_wkt_init)
/home/augusto/Desktop/InfoII/Libreria_LPC845/LPC845/Libreria_LPC845/Debug/libLibreria_LPC845.a(HPL_ADC.o)
                              /home/augusto/Desktop/InfoII/Libreria_LPC845/LPC845/Libreria_LPC845/Debug/libLibreria_LPC845.a(HAL_ADC.o) (ADC)
/home/augusto/Desktop/InfoII/Libreria_LPC845/LPC845/Libreria_LPC845/Debug/libLibreria_LPC845.a(HPL_CTIMER.o)
                              /home/augusto/Desktop/InfoII/Libreria_LPC845/LPC845/Libreria_LPC845/Debug/libLibreria_LPC845.a(HAL_CTIMER.o) (CTIMER)
/home/augusto/Desktop/InfoII/Libreria_LPC845/LPC845/Libreria_LPC845/Debug/libLibreria_LPC845.a(HPL_GPIO.o)
                              /home/augusto/Desktop/InfoII/Libreria_LPC845/LPC845/Libreria_LPC845/Debug/libLibreria_LPC845.a(HAL_GPIO.o) (GPIO)
/home/augusto/Desktop/InfoII/Libreria_LPC845/LPC845/Libreria_LPC845/Debug/libLibreria_LPC845.a(HPL_IOCON.o)
                              /home/augusto/Desktop/InfoII/Libreria_LPC845/LPC845/Libreria_LPC845/Debug/libLibreria_LPC845.a(HAL_IOCON.o) (IOCON)
/home/augusto/Desktop/InfoII/Libreria_LPC845/LPC845/Libreria_LPC845/Debug/libLibreria_LPC845.a(HPL_NVIC.o)
                              /home/augusto/Desktop/InfoII/Libreria_LPC845/LPC845/Libreria_LPC845/Debug/libLibreria_LPC845.a(HAL_ADC.o) (NVIC)
/home/augusto/Desktop/InfoII/Libreria_LPC845/LPC845/Libreria_LPC845/Debug/libLibreria_LPC845.a(HPL_PININT.o)
                              /home/augusto/Desktop/InfoII/Libreria_LPC845/LPC845/Libreria_LPC845/Debug/libLibreria_LPC845.a(HAL_PININT.o) (PININT)
/home/augusto/Desktop/InfoII/Libreria_LPC845/LPC845/Libreria_LPC845/Debug/libLibreria_LPC845.a(HPL_PMU.o)
                              /home/augusto/Desktop/InfoII/Libreria_LPC845/LPC845/Libreria_LPC845/Debug/libLibreria_LPC845.a(HAL_WKT.o) (PMU)
/home/augusto/Desktop/InfoII/Libreria_LPC845/LPC845/Libreria_LPC845/Debug/libLibreria_LPC845.a(HPL_SPI.o)
                              /home/augusto/Desktop/InfoII/Libreria_LPC845/LPC845/Libreria_LPC845/Debug/libLibreria_LPC845.a(HAL_SPI.o) (SPI)
/home/augusto/Desktop/InfoII/Libreria_LPC845/LPC845/Libreria_LPC845/Debug/libLibreria_LPC845.a(HPL_SWM.o)
                              /home/augusto/Desktop/InfoII/Libreria_LPC845/LPC845/Libreria_LPC845/Debug/libLibreria_LPC845.a(HAL_ADC.o) (SWM)
/home/augusto/Desktop/InfoII/Libreria_LPC845/LPC845/Libreria_LPC845/Debug/libLibreria_LPC845.a(HPL_SYSCON.o)
                              /home/augusto/Desktop/InfoII/Libreria_LPC845/LPC845/Libreria_LPC845/Debug/libLibreria_LPC845.a(HAL_ADC.o) (SYSCON)
/home/augusto/Desktop/InfoII/Libreria_LPC845/LPC845/Libreria_LPC845/Debug/libLibreria_LPC845.a(HPL_SYSTICK.o)
                              /home/augusto/Desktop/InfoII/Libreria_LPC845/LPC845/Libreria_LPC845/Debug/libLibreria_LPC845.a(HAL_SYSTICK.o) (SYSTICK)
/home/augusto/Desktop/InfoII/Libreria_LPC845/LPC845/Libreria_LPC845/Debug/libLibreria_LPC845.a(HPL_UART.o)
                              /home/augusto/Desktop/InfoII/Libreria_LPC845/LPC845/Libreria_LPC845/Debug/libLibreria_LPC845.a(HAL_UART.o) (UART)
[...]
Memory Configuration

Name             Origin             Length             Attributes
MFlash64         0x0000000000000000 0x0000000000010000 xr
RamLoc16         0x0000000010000000 0x0000000000004000 xrw
*default*        0x0000000000000000 0xffffffffffffffff

Linker script and memory map

LOAD ./src/Micro_tester.o
LOAD ./src/aeabi_romdiv_patch.o
LOAD ./src/cr_startup_lpc84x.o
LOAD ./src/crp.o
LOAD ./src/mtb.o
LOAD /home/augusto/Desktop/InfoII/Libreria_LPC845/LPC845/Libreria_LPC845/Debug/libLibreria_LPC845.a
START GROUP
LOAD /usr/local/mcuxpressoide-11.0.0_2516/ide/plugins/com.nxp.mcuxpresso.tools.linux_11.0.0.201905131304/tools/bin/../lib/gcc/arm-none-eabi/8.2.1/../../../../arm-none-eabi/lib/thumb/v6-m/nofp/libcr_c.a
LOAD /usr/local/mcuxpressoide-11.0.0_2516/ide/plugins/com.nxp.mcuxpresso.tools.linux_11.0.0.201905131304/tools/bin/../lib/gcc/arm-none-eabi/8.2.1/thumb/v6-m/nofp/libcr_eabihelpers.a
LOAD /usr/local/mcuxpressoide-11.0.0_2516/ide/plugins/com.nxp.mcuxpresso.tools.linux_11.0.0.201905131304/tools/bin/../lib/gcc/arm-none-eabi/8.2.1/thumb/v6-m/nofp/libgcc.a
END GROUP
                0x0000000000000000                __base_MFlash64 = 0x0
                0x0000000000000000                __base_Flash = 0x0
                0x0000000000010000                __top_MFlash64 = 0x10000
                0x0000000000010000                __top_Flash = 0x10000
                0x0000000010000000                __base_RamLoc16 = 0x10000000
                0x0000000010000000                __base_RAM = 0x10000000
                0x0000000010004000                __top_RamLoc16 = 0x10004000
                0x0000000010004000                __top_RAM = 0x10004000

.text           0x0000000000000000     0x59d8
 FILL mask 0xff
                0x0000000000000000                __vectors_start__ = ABSOLUTE (.)
 *(.isr_vector)
 .isr_vector    0x0000000000000000       0xc0 ./src/cr_startup_lpc84x.o
                0x0000000000000000                g_pfnVectors
                0x00000000000000c0                . = ALIGN (0x4)
                0x00000000000000c0                __section_table_start = .
                0x00000000000000c0                __data_section_table = .
                0x00000000000000c0        0x4 LONG 0x59d8 LOADADDR (.data)
                0x00000000000000c4        0x4 LONG 0x10000000 ADDR (.data)
                0x00000000000000c8        0x4 LONG 0xcc SIZEOF (.data)
                0x00000000000000cc                __data_section_table_end = .
                0x00000000000000cc                __bss_section_table = .
                0x00000000000000cc        0x4 LONG 0x100000cc ADDR (.bss)
                0x00000000000000d0        0x4 LONG 0x48 SIZEOF (.bss)
                0x00000000000000d4                __bss_section_table_end = .
                0x00000000000000d4                __section_table_end = .
 *(.after_vectors*)
 .after_vectors
                0x00000000000000d4      0x114 ./src/cr_startup_lpc84x.o
                0x00000000000000d4                data_init
                0x0000000000000114                bss_init
                0x0000000000000148                ResetISR
                0x00000000000001c4                NMI_Handler
                0x00000000000001ca                HardFault_Handler
                0x00000000000001d0                SVC_Handler
                0x00000000000001d6                PendSV_Handler
                0x00000000000001e2                CMP_IRQHandler
                0x00000000000001e2                I2C0_IRQHandler
                0x00000000000001e2                MRT_IRQHandler
                0x00000000000001e2                I2C1_IRQHandler
                0x00000000000001e2                IntDefaultHandler
                0x00000000000001e2                I2C2_IRQHandler
                0x00000000000001e2                BOD_IRQHandler
                0x00000000000001e2                I2C3_IRQHandler
                0x00000000000001e2                SCT_IRQHandler
                0x00000000000001e2                WDT_IRQHandler
                0x00000000000001e2                FAIM_IRQHandler
                0x00000000000001e2                DAC0_IRQHandler
                0x00000000000001e2                DMA_IRQHandler
                0x00000000000001e2                FLASH_IRQHandler
 *(.text*)
 .text.main     0x00000000000001e8      0x110 ./src/Micro_tester.o
                0x00000000000001e8                main
 .text.tick_callback
                0x00000000000002f8       0xc4 ./src/Micro_tester.o
 .text.adc_callback
                0x00000000000003bc       0x6c ./src/Micro_tester.o
 .text.rx_callback
                0x0000000000000428       0x40 ./src/Micro_tester.o
 .text.tx_callback
                0x0000000000000468       0x3c ./src/Micro_tester.o
 .text.pinint_callback
                0x00000000000004a4       0x38 ./src/Micro_tester.o
 .text.match_callback
                0x00000000000004dc       0x1c ./src/Micro_tester.o
 .text.spi_tx_callback
                0x00000000000004f8       0x34 ./src/Micro_tester.o
 .text.spi_rx_callback
                0x000000000000052c       0x38 ./src/Micro_tester.o
 .text.wkt_callback
                0x0000000000000564       0x1c ./src/Micro_tester.o
 .text.ADC_control_config
                0x0000000000000580       0x84 /home/augusto/Desktop/InfoII/Libreria_LPC845/LPC845/Libreria_LPC845/Debug/libLibreria_LPC845.a(HAL_ADC.o)
 .text.ADC_sequence_config_channels
                0x0000000000000604       0x44 /home/augusto/Desktop/InfoII/Libreria_LPC845/LPC845/Libreria_LPC845/Debug/libLibreria_LPC845.a(HAL_ADC.o)
 .text.ADC_sequence_get_channels
                0x0000000000000648       0x2c /home/augusto/Desktop/InfoII/Libreria_LPC845/LPC845/Libreria_LPC845/Debug/libLibreria_LPC845.a(HAL_ADC.o)
 .text.ADC_sequence_config_trigger
                0x0000000000000674       0x48 /home/augusto/Desktop/InfoII/Libreria_LPC845/LPC845/Libreria_LPC845/Debug/libLibreria_LPC845.a(HAL_ADC.o)
 .text.ADC_sequence_config_trigger_pol
                0x00000000000006bc       0x48 /home/augusto/Desktop/InfoII/Libreria_LPC845/LPC845/Libreria_LPC845/Debug/libLibreria_LPC845.a(HAL_ADC.o)
 .text.ADC_sequence_config_sync
                0x0000000000000704       0x48 /home/augusto/Desktop/InfoII/Libreria_LPC845/LPC845/Libreria_LPC845/Debug/libLibreria_LPC845.a(HAL_ADC.o)
 .text.ADC_sequence_set_start
                0x000000000000074c       0x30 /home/augusto/Desktop/InfoII/Libreria_LPC845/LPC845/Libreria_LPC845/Debug/libLibreria_LPC845.a(HAL_ADC.o)
 .text.ADC_sequence_set_burst
                0x000000000000077c       0x58 /home/augusto/Desktop/InfoII/Libreria_LPC845/LPC845/Libreria_LPC845/Debug/libLibreria_LPC845.a(HAL_ADC.o)
 .text.ADC_sequence_clear_burst
                0x00000000000007d4       0x44 /home/augusto/Desktop/InfoII/Libreria_LPC845/LPC845/Libreria_LPC845/Debug/libLibreria_LPC845.a(HAL_ADC.o)
 .text.ADC_sequence_set_singlestep
                0x0000000000000818       0x30 /home/augusto/Desktop/InfoII/Libreria_LPC845/LPC845/Libreria_LPC845/Debug/libLibreria_LPC845.a(HAL_ADC.o)
 .text.ADC_sequence_clear_singlestep
                0x0000000000000848       0x30 /home/augusto/Desktop/InfoII/Libreria_LPC845/LPC845/Libreria_LPC845/Debug/libLibreria_LPC845.a(HAL_ADC.o)
 .text.ADC_sequence_A_make_low_priority
                0x0000000000000878       0x1c /home/augusto/Desktop/InfoII/Libreria_LPC845/LPC845/Libreria_LPC845/Debug/libLibreria_LPC845.a(HAL_ADC.o)
 .text.ADC_sequence_A_make_high_priority
                0x0000000000000894       0x20 /home/augusto/Desktop/InfoII/Libreria_LPC845/LPC845/Libreria_LPC845/Debug/libLibreria_LPC845.a(HAL_ADC.o)
 .text.ADC_sequence_config_interrupt_mode
                0x00000000000008b4       0x48 /home/augusto/Desktop/InfoII/Libreria_LPC845/LPC845/Libreria_LPC845/Debug/libLibreria_LPC845.a(HAL_ADC.o)
 .text.ADC_sequence_get_mode
                0x00000000000008fc       0x2c /home/augusto/Desktop/InfoII/Libreria_LPC845/LPC845/Libreria_LPC845/Debug/libLibreria_LPC845.a(HAL_ADC.o)
 .text.ADC_sequence_enable
                0x0000000000000928       0x30 /home/augusto/Desktop/InfoII/Libreria_LPC845/LPC845/Libreria_LPC845/Debug/libLibreria_LPC845.a(HAL_ADC.o)
 .text.ADC_enable_sequence_interrupt
                0x0000000000000958       0x3c /home/augusto/Desktop/InfoII/Libreria_LPC845/LPC845/Libreria_LPC845/Debug/libLibreria_LPC845.a(HAL_ADC.o)
 .text.ADC_disable_sequence_interrupt
                0x0000000000000994       0x3c /home/augusto/Desktop/InfoII/Libreria_LPC845/LPC845/Libreria_LPC845/Debug/libLibreria_LPC845.a(HAL_ADC.o)
 .text.ADC_get_global_data
                0x00000000000009d0       0x28 /home/augusto/Desktop/InfoII/Libreria_LPC845/LPC845/Libreria_LPC845/Debug/libLibreria_LPC845.a(HAL_ADC.o)
 .text.ADC_get_channel_data
                0x00000000000009f8       0x28 /home/augusto/Desktop/InfoII/Libreria_LPC845/LPC845/Libreria_LPC845/Debug/libLibreria_LPC845.a(HAL_ADC.o)
 .text.ADC_set_vrange
                0x0000000000000a20       0x38 /home/augusto/Desktop/InfoII/Libreria_LPC845/LPC845/Libreria_LPC845/Debug/libLibreria_LPC845.a(HAL_ADC.o)
 .text.ADC_hardware_calib
                0x0000000000000a58       0x74 /home/augusto/Desktop/InfoII/Libreria_LPC845/LPC845/Libreria_LPC845/Debug/libLibreria_LPC845.a(HAL_ADC.o)
 .text.SYSCON_set_adc_clock
                0x0000000000000acc       0x50 /home/augusto/Desktop/InfoII/Libreria_LPC845/LPC845/Libreria_LPC845/Debug/libLibreria_LPC845.a(HAL_ADC.o)
 .text.SYSCON_enable_clock
                0x0000000000000b1c       0x68 /home/augusto/Desktop/InfoII/Libreria_LPC845/LPC845/Libreria_LPC845/Debug/libLibreria_LPC845.a(HAL_ADC.o)
 .text.SYSCON_assert_reset
                0x0000000000000b84       0x6c /home/augusto/Desktop/InfoII/Libreria_LPC845/LPC845/Libreria_LPC845/Debug/libLibreria_LPC845.a(HAL_ADC.o)
 .text.SYSCON_clear_reset
                0x0000000000000bf0       0x68 /home/augusto/Desktop/InfoII/Libreria_LPC845/LPC845/Libreria_LPC845/Debug/libLibreria_LPC845.a(HAL_ADC.o)
 .text.SYSCON_power_up_peripheral
                0x0000000000000c58       0x44 /home/augusto/Desktop/InfoII/Libreria_LPC845/LPC845/Libreria_LPC845/Debug/libLibreria_LPC845.a(HAL_ADC.o)
 .text.SWM_init
                0x0000000000000c9c       0x1c /home/augusto/Desktop/InfoII/Libreria_LPC845/LPC845/Libreria_LPC845/Debug/libLibreria_LPC845.a(HAL_ADC.o)
 .text.SWM_deinit
                0x0000000000000cb8       0x1c /home/augusto/Desktop/InfoII/Libreria_LPC845/LPC845/Libreria_LPC845/Debug/libLibreria_LPC845.a(HAL_ADC.o)
 .text.SWM_enable_ADC
                0x0000000000000cd4      0x218 /home/augusto/Desktop/InfoII/Libreria_LPC845/LPC845/Libreria_LPC845/Debug/libLibreria_LPC845.a(HAL_ADC.o)
 .text.NVIC_enable_interrupt
                0x0000000000000eec       0x3c /home/augusto/Desktop/InfoII/Libreria_LPC845/LPC845/Libreria_LPC845/Debug/libLibreria_LPC845.a(HAL_ADC.o)
 .text.hal_adc_init_async_mode
                0x0000000000000f28       0xe8 /home/augusto/Desktop/InfoII/Libreria_LPC845/LPC845/Libreria_LPC845/Debug/libLibreria_LPC845.a(HAL_ADC.o)
                0x0000000000000f28                hal_adc_init_async_mode
 .text.hal_adc_config_sequence
                0x0000000000001010      0x15c /home/augusto/Desktop/InfoII/Libreria_LPC845/LPC845/Libreria_LPC845/Debug/libLibreria_LPC845.a(HAL_ADC.o)
                0x0000000000001010                hal_adc_config_sequence
 .text.hal_adc_enable_sequence
                0x000000000000116c       0x1e /home/augusto/Desktop/InfoII/Libreria_LPC845/LPC845/Libreria_LPC845/Debug/libLibreria_LPC845.a(HAL_ADC.o)
                0x000000000000116c                hal_adc_enable_sequence
 .text.hal_adc_start_sequence
                0x000000000000118a       0x1e /home/augusto/Desktop/InfoII/Libreria_LPC845/LPC845/Libreria_LPC845/Debug/libLibreria_LPC845.a(HAL_ADC.o)
                0x000000000000118a                hal_adc_start_sequence
 .text.hal_adc_get_sequence_result
                0x00000000000011a8      0x104 /home/augusto/Desktop/InfoII/Libreria_LPC845/LPC845/Libreria_LPC845/Debug/libLibreria_LPC845.a(HAL_ADC.o)
                0x00000000000011a8                hal_adc_get_sequence_result
 .text.dummy_irq_callback
                0x00000000000012ac        0xa /home/augusto/Desktop/InfoII/Libreria_LPC845/LPC845/Libreria_LPC845/Debug/libLibreria_LPC845.a(HAL_ADC.o)
 *fill*         0x00000000000012b6        0x2 ff
 .text.ADC_SEQA_IRQHandler
                0x00000000000012b8       0x38 /home/augusto/Desktop/InfoII/Libreria_LPC845/LPC845/Libreria_LPC845/Debug/libLibreria_LPC845.a(HAL_ADC.o)
                0x00000000000012b8                ADC_SEQA_IRQHandler
 .text.ADC_SEQB_IRQHandler
                0x00000000000012f0       0x38 /home/augusto/Desktop/InfoII/Libreria_LPC845/LPC845/Libreria_LPC845/Debug/libLibreria_LPC845.a(HAL_ADC.o)
                0x00000000000012f0                ADC_SEQB_IRQHandler
 .text.ADC_THCMP_IRQHandler
                0x0000000000001328       0x14 /home/augusto/Desktop/InfoII/Libreria_LPC845/LPC845/Libreria_LPC845/Debug/libLibreria_LPC845.a(HAL_ADC.o)
                0x0000000000001328                ADC_THCMP_IRQHandler
 .text.ADC_OVR_IRQHandler
                0x000000000000133c       0x14 /home/augusto/Desktop/InfoII/Libreria_LPC845/LPC845/Libreria_LPC845/Debug/libLibreria_LPC845.a(HAL_ADC.o)
                0x000000000000133c                ADC_OVR_IRQHandler
 .text.SYSCON_enable_clock
                0x0000000000001350       0x68 /home/augusto/Desktop/InfoII/Libreria_LPC845/LPC845/Libreria_LPC845/Debug/libLibreria_LPC845.a(HAL_CTIMER.o)
 .text.SYSCON_clear_reset
                0x00000000000013b8       0x68 /home/augusto/Desktop/InfoII/Libreria_LPC845/LPC845/Libreria_LPC845/Debug/libLibreria_LPC845.a(HAL_CTIMER.o)
 .text.CTIMER_get_match_irq_flag
                0x0000000000001420       0x6c /home/augusto/Desktop/InfoII/Libreria_LPC845/LPC845/Libreria_LPC845/Debug/libLibreria_LPC845.a(HAL_CTIMER.o)
 .text.CTIMER_get_capture_irq_flag
                0x000000000000148c       0x6c /home/augusto/Desktop/InfoII/Libreria_LPC845/LPC845/Libreria_LPC845/Debug/libLibreria_LPC845.a(HAL_CTIMER.o)
 .text.CTIMER_clear_match_irq_flag
                0x00000000000014f8       0x6c /home/augusto/Desktop/InfoII/Libreria_LPC845/LPC845/Libreria_LPC845/Debug/libLibreria_LPC845.a(HAL_CTIMER.o)
 .text.CTIMER_clear_capture_irq_flag
                0x0000000000001564       0x6c /home/augusto/Desktop/InfoII/Libreria_LPC845/LPC845/Libreria_LPC845/Debug/libLibreria_LPC845.a(HAL_CTIMER.o)
 .text.CTIMER_enable_counter
                0x00000000000015d0       0x1c /home/augusto/Desktop/InfoII/Libreria_LPC845/LPC845/Libreria_LPC845/Debug/libLibreria_LPC845.a(HAL_CTIMER.o)
 .text.CTIMER_disable_counter
                0x00000000000015ec       0x1c /home/augusto/Desktop/InfoII/Libreria_LPC845/LPC845/Libreria_LPC845/Debug/libLibreria_LPC845.a(HAL_CTIMER.o)
 .text.CTIMER_assert_counter_reset
                0x0000000000001608       0x1c /home/augusto/Desktop/InfoII/Libreria_LPC845/LPC845/Libreria_LPC845/Debug/libLibreria_LPC845.a(HAL_CTIMER.o)
 .text.CTIMER_clear_counter_reset
                0x0000000000001624       0x1c /home/augusto/Desktop/InfoII/Libreria_LPC845/LPC845/Libreria_LPC845/Debug/libLibreria_LPC845.a(HAL_CTIMER.o)
 .text.CTIMER_write_prescaler
                0x0000000000001640       0x1c /home/augusto/Desktop/InfoII/Libreria_LPC845/LPC845/Libreria_LPC845/Debug/libLibreria_LPC845.a(HAL_CTIMER.o)
 .text.CTIMER_read_prescaler
                0x000000000000165c       0x14 /home/augusto/Desktop/InfoII/Libreria_LPC845/LPC845/Libreria_LPC845/Debug/libLibreria_LPC845.a(HAL_CTIMER.o)
 .text.CTIMER_enable_interrupt_on_match
                0x0000000000001670       0x6c /home/augusto/Desktop/InfoII/Libreria_LPC845/LPC845/Libreria_LPC845/Debug/libLibreria_LPC845.a(HAL_CTIMER.o)
 .text.CTIMER_disable_interrupt_on_match
                0x00000000000016dc       0x70 /home/augusto/Desktop/InfoII/Libreria_LPC845/LPC845/Libreria_LPC845/Debug/libLibreria_LPC845.a(HAL_CTIMER.o)
 .text.CTIMER_enable_reset_on_match
                0x000000000000174c       0x6c /home/augusto/Desktop/InfoII/Libreria_LPC845/LPC845/Libreria_LPC845/Debug/libLibreria_LPC845.a(HAL_CTIMER.o)
 .text.CTIMER_disable_stop_on_match
                0x00000000000017b8       0x74 /home/augusto/Desktop/InfoII/Libreria_LPC845/LPC845/Libreria_LPC845/Debug/libLibreria_LPC845.a(HAL_CTIMER.o)
 .text.CTIMER_enable_reload_on_match
                0x000000000000182c       0x74 /home/augusto/Desktop/InfoII/Libreria_LPC845/LPC845/Libreria_LPC845/Debug/libLibreria_LPC845.a(HAL_CTIMER.o)
 .text.CTIMER_write_match_value
                0x00000000000018a0       0x2c /home/augusto/Desktop/InfoII/Libreria_LPC845/LPC845/Libreria_LPC845/Debug/libLibreria_LPC845.a(HAL_CTIMER.o)
 .text.CTIMER_read_match_value
                0x00000000000018cc       0x28 /home/augusto/Desktop/InfoII/Libreria_LPC845/LPC845/Libreria_LPC845/Debug/libLibreria_LPC845.a(HAL_CTIMER.o)
 .text.CTIMER_config_counter_timer_mode
                0x00000000000018f4       0x34 /home/augusto/Desktop/InfoII/Libreria_LPC845/LPC845/Libreria_LPC845/Debug/libLibreria_LPC845.a(HAL_CTIMER.o)
 .text.CTIMER_enable_pwm
                0x0000000000001928       0x54 /home/augusto/Desktop/InfoII/Libreria_LPC845/LPC845/Libreria_LPC845/Debug/libLibreria_LPC845.a(HAL_CTIMER.o)
 .text.CTIMER_write_shadow_register
                0x000000000000197c       0x2c /home/augusto/Desktop/InfoII/Libreria_LPC845/LPC845/Libreria_LPC845/Debug/libLibreria_LPC845.a(HAL_CTIMER.o)
 .text.NVIC_enable_interrupt
                0x00000000000019a8       0x3c /home/augusto/Desktop/InfoII/Libreria_LPC845/LPC845/Libreria_LPC845/Debug/libLibreria_LPC845.a(HAL_CTIMER.o)
 .text.SWM_init
                0x00000000000019e4       0x1c /home/augusto/Desktop/InfoII/Libreria_LPC845/LPC845/Libreria_LPC845/Debug/libLibreria_LPC845.a(HAL_CTIMER.o)
 .text.SWM_deinit
                0x0000000000001a00       0x1c /home/augusto/Desktop/InfoII/Libreria_LPC845/LPC845/Libreria_LPC845/Debug/libLibreria_LPC845.a(HAL_CTIMER.o)
 .text.SWM_assign_T0_MAT
                0x0000000000001a1c       0xe0 /home/augusto/Desktop/InfoII/Libreria_LPC845/LPC845/Libreria_LPC845/Debug/libLibreria_LPC845.a(HAL_CTIMER.o)
 .text.hal_ctimer_pwm_mode_init
                0x0000000000001afc       0xa8 /home/augusto/Desktop/InfoII/Libreria_LPC845/LPC845/Libreria_LPC845/Debug/libLibreria_LPC845.a(HAL_CTIMER.o)
                0x0000000000001afc                hal_ctimer_pwm_mode_init
 .text.hal_ctimer_pwm_mode_set_period
                0x0000000000001ba4       0x22 /home/augusto/Desktop/InfoII/Libreria_LPC845/LPC845/Libreria_LPC845/Debug/libLibreria_LPC845.a(HAL_CTIMER.o)
                0x0000000000001ba4                hal_ctimer_pwm_mode_set_period
 *fill*         0x0000000000001bc6        0x2 ff
 .text.hal_ctimer_pwm_mode_config_channel
                0x0000000000001bc8      0x128 /home/augusto/Desktop/InfoII/Libreria_LPC845/LPC845/Libreria_LPC845/Debug/libLibreria_LPC845.a(HAL_CTIMER.o)
                0x0000000000001bc8                hal_ctimer_pwm_mode_config_channel
 .text.dummy_irq
                0x0000000000001cf0        0xa /home/augusto/Desktop/InfoII/Libreria_LPC845/LPC845/Libreria_LPC845/Debug/libLibreria_LPC845.a(HAL_CTIMER.o)
 *fill*         0x0000000000001cfa        0x2 ff
 .text.hal_ctimer_calc_match_value
                0x0000000000001cfc       0x64 /home/augusto/Desktop/InfoII/Libreria_LPC845/LPC845/Libreria_LPC845/Debug/libLibreria_LPC845.a(HAL_CTIMER.o)
 .text.CTIMER0_IRQHandler
                0x0000000000001d60       0x94 /home/augusto/Desktop/InfoII/Libreria_LPC845/LPC845/Libreria_LPC845/Debug/libLibreria_LPC845.a(HAL_CTIMER.o)
                0x0000000000001d60                CTIMER0_IRQHandler
 .text.GPIO_write_set
                0x0000000000001df4       0x30 /home/augusto/Desktop/InfoII/Libreria_LPC845/LPC845/Libreria_LPC845/Debug/libLibreria_LPC845.a(HAL_GPIO.o)
 .text.GPIO_write_toggle
                0x0000000000001e24       0x30 /home/augusto/Desktop/InfoII/Libreria_LPC845/LPC845/Libreria_LPC845/Debug/libLibreria_LPC845.a(HAL_GPIO.o)
 .text.GPIO_write_dir_set
                0x0000000000001e54       0x30 /home/augusto/Desktop/InfoII/Libreria_LPC845/LPC845/Libreria_LPC845/Debug/libLibreria_LPC845.a(HAL_GPIO.o)
 .text.GPIO_write_dir_clear
                0x0000000000001e84       0x30 /home/augusto/Desktop/InfoII/Libreria_LPC845/LPC845/Libreria_LPC845/Debug/libLibreria_LPC845.a(HAL_GPIO.o)
 .text.SYSCON_enable_clock
                0x0000000000001eb4       0x68 /home/augusto/Desktop/InfoII/Libreria_LPC845/LPC845/Libreria_LPC845/Debug/libLibreria_LPC845.a(HAL_GPIO.o)
 .text.hal_gpio_init
                0x0000000000001f1c       0x2a /home/augusto/Desktop/InfoII/Libreria_LPC845/LPC845/Libreria_LPC845/Debug/libLibreria_LPC845.a(HAL_GPIO.o)
                0x0000000000001f1c                hal_gpio_init
 .text.hal_gpio_set_dir
                0x0000000000001f46       0x8c /home/augusto/Desktop/InfoII/Libreria_LPC845/LPC845/Libreria_LPC845/Debug/libLibreria_LPC845.a(HAL_GPIO.o)
                0x0000000000001f46                hal_gpio_set_dir
 .text.hal_gpio_toggle_pin
                0x0000000000001fd2       0x30 /home/augusto/Desktop/InfoII/Libreria_LPC845/LPC845/Libreria_LPC845/Debug/libLibreria_LPC845.a(HAL_GPIO.o)
                0x0000000000001fd2                hal_gpio_toggle_pin
 *fill*         0x0000000000002002        0x2 ff
 .text.SYSCON_enable_clock
                0x0000000000002004       0x68 /home/augusto/Desktop/InfoII/Libreria_LPC845/LPC845/Libreria_LPC845/Debug/libLibreria_LPC845.a(HAL_IOCON.o)
 .text.SYSCON_disable_clock
                0x000000000000206c       0x68 /home/augusto/Desktop/InfoII/Libreria_LPC845/LPC845/Libreria_LPC845/Debug/libLibreria_LPC845.a(HAL_IOCON.o)
 .text.hal_iocon_config_io
                0x00000000000020d4      0x1f4 /home/augusto/Desktop/InfoII/Libreria_LPC845/LPC845/Libreria_LPC845/Debug/libLibreria_LPC845.a(HAL_IOCON.o)
                0x00000000000020d4                hal_iocon_config_io
 .text.PININT_set_interrupt_mode
                0x00000000000022c8       0x84 /home/augusto/Desktop/InfoII/Libreria_LPC845/LPC845/Libreria_LPC845/Debug/libLibreria_LPC845.a(HAL_PININT.o)
 .text.PININT_get_interrupt_mode
                0x000000000000234c       0x3c /home/augusto/Desktop/InfoII/Libreria_LPC845/LPC845/Libreria_LPC845/Debug/libLibreria_LPC845.a(HAL_PININT.o)
 .text.PININT_enable_rising_edge
                0x0000000000002388       0x48 /home/augusto/Desktop/InfoII/Libreria_LPC845/LPC845/Libreria_LPC845/Debug/libLibreria_LPC845.a(HAL_PININT.o)
 .text.PININT_enable_falling_edge
                0x00000000000023d0       0x48 /home/augusto/Desktop/InfoII/Libreria_LPC845/LPC845/Libreria_LPC845/Debug/libLibreria_LPC845.a(HAL_PININT.o)
 .text.PININT_enable_high_level
                0x0000000000002418       0x48 /home/augusto/Desktop/InfoII/Libreria_LPC845/LPC845/Libreria_LPC845/Debug/libLibreria_LPC845.a(HAL_PININT.o)
 .text.PININT_disable_high_level
                0x0000000000002460       0x48 /home/augusto/Desktop/InfoII/Libreria_LPC845/LPC845/Libreria_LPC845/Debug/libLibreria_LPC845.a(HAL_PININT.o)
 .text.PININT_clear_edge_level_irq
                0x00000000000024a8       0x48 /home/augusto/Desktop/InfoII/Libreria_LPC845/LPC845/Libreria_LPC845/Debug/libLibreria_LPC845.a(HAL_PININT.o)
 .text.SYSCON_enable_clock
                0x00000000000024f0       0x68 /home/augusto/Desktop/InfoII/Libreria_LPC845/LPC845/Libreria_LPC845/Debug/libLibreria_LPC845.a(HAL_PININT.o)
 .text.SYSCON_set_pinint_pin
                0x0000000000002558       0x44 /home/augusto/Desktop/InfoII/Libreria_LPC845/LPC845/Libreria_LPC845/Debug/libLibreria_LPC845.a(HAL_PININT.o)
 .text.NVIC_enable_interrupt
                0x000000000000259c       0x3c /home/augusto/Desktop/InfoII/Libreria_LPC845/LPC845/Libreria_LPC845/Debug/libLibreria_LPC845.a(HAL_PININT.o)
 .text.hal_pinint_init
                0x00000000000025d8       0x10 /home/augusto/Desktop/InfoII/Libreria_LPC845/LPC845/Libreria_LPC845/Debug/libLibreria_LPC845.a(HAL_PININT.o)
                0x00000000000025d8                hal_pinint_init
 .text.hal_pinint_configure_pin_interrupt
                0x00000000000025e8       0xe8 /home/augusto/Desktop/InfoII/Libreria_LPC845/LPC845/Libreria_LPC845/Debug/libLibreria_LPC845.a(HAL_PININT.o)
                0x00000000000025e8                hal_pinint_configure_pin_interrupt
 .text.dummy_irq_callback
                0x00000000000026d0        0xa /home/augusto/Desktop/InfoII/Libreria_LPC845/LPC845/Libreria_LPC845/Debug/libLibreria_LPC845.a(HAL_PININT.o)
 *fill*         0x00000000000026da        0x2 ff
 .text.hal_pinint_handle_irq
                0x00000000000026dc       0x3c /home/augusto/Desktop/InfoII/Libreria_LPC845/LPC845/Libreria_LPC845/Debug/libLibreria_LPC845.a(HAL_PININT.o)
 .text.PININT0_IRQHandler
                0x0000000000002718       0x10 /home/augusto/Desktop/InfoII/Libreria_LPC845/LPC845/Libreria_LPC845/Debug/libLibreria_LPC845.a(HAL_PININT.o)
                0x0000000000002718                PININT0_IRQHandler
 .text.PININT1_IRQHandler
                0x0000000000002728       0x10 /home/augusto/Desktop/InfoII/Libreria_LPC845/LPC845/Libreria_LPC845/Debug/libLibreria_LPC845.a(HAL_PININT.o)
                0x0000000000002728                PININT1_IRQHandler
 .text.PININT2_IRQHandler
                0x0000000000002738       0x10 /home/augusto/Desktop/InfoII/Libreria_LPC845/LPC845/Libreria_LPC845/Debug/libLibreria_LPC845.a(HAL_PININT.o)
                0x0000000000002738                PININT2_IRQHandler
 .text.PININT3_IRQHandler
                0x0000000000002748       0x10 /home/augusto/Desktop/InfoII/Libreria_LPC845/LPC845/Libreria_LPC845/Debug/libLibreria_LPC845.a(HAL_PININT.o)
                0x0000000000002748                PININT3_IRQHandler
 .text.PININT4_IRQHandler
                0x0000000000002758       0x10 /home/augusto/Desktop/InfoII/Libreria_LPC845/LPC845/Libreria_LPC845/Debug/libLibreria_LPC845.a(HAL_PININT.o)
                0x0000000000002758                PININT4_IRQHandler
 .text.PININT5_IRQHandler
                0x0000000000002768       0x10 /home/augusto/Desktop/InfoII/Libreria_LPC845/LPC845/Libreria_LPC845/Debug/libLibreria_LPC845.a(HAL_PININT.o)
                0x0000000000002768                PININT5_IRQHandler
 .text.PININT6_IRQHandler
                0x0000000000002778       0x28 /home/augusto/Desktop/InfoII/Libreria_LPC845/LPC845/Libreria_LPC845/Debug/libLibreria_LPC845.a(HAL_PININT.o)
                0x0000000000002778                PININT6_IRQHandler
 .text.PININT7_IRQHandler
                0x00000000000027a0       0x28 /home/augusto/Desktop/InfoII/Libreria_LPC845/LPC845/Libreria_LPC845/Debug/libLibreria_LPC845.a(HAL_PININT.o)
                0x00000000000027a0                PININT7_IRQHandler
 .text.SPI_enable
                0x00000000000027c8       0x2c /home/augusto/Desktop/InfoII/Libreria_LPC845/LPC845/Libreria_LPC845/Debug/libLibreria_LPC845.a(HAL_SPI.o)
 .text.SPI_set_master_mode
                0x00000000000027f4       0x2c /home/augusto/Desktop/InfoII/Libreria_LPC845/LPC845/Libreria_LPC845/Debug/libLibreria_LPC845.a(HAL_SPI.o)
 .text.SPI_set_cpha_change
                0x0000000000002820       0x2c /home/augusto/Desktop/InfoII/Libreria_LPC845/LPC845/Libreria_LPC845/Debug/libLibreria_LPC845.a(HAL_SPI.o)
 .text.SPI_set_cpha_capture
                0x000000000000284c       0x2c /home/augusto/Desktop/InfoII/Libreria_LPC845/LPC845/Libreria_LPC845/Debug/libLibreria_LPC845.a(HAL_SPI.o)
 .text.SPI_set_cpol_low
                0x0000000000002878       0x2c /home/augusto/Desktop/InfoII/Libreria_LPC845/LPC845/Libreria_LPC845/Debug/libLibreria_LPC845.a(HAL_SPI.o)
 .text.SPI_set_cpol_high
                0x00000000000028a4       0x2c /home/augusto/Desktop/InfoII/Libreria_LPC845/LPC845/Libreria_LPC845/Debug/libLibreria_LPC845.a(HAL_SPI.o)
 .text.SPI_set_ssel_active_low
                0x00000000000028d0       0x98 /home/augusto/Desktop/InfoII/Libreria_LPC845/LPC845/Libreria_LPC845/Debug/libLibreria_LPC845.a(HAL_SPI.o)
 .text.SPI_set_ssel_active_high
                0x0000000000002968       0x90 /home/augusto/Desktop/InfoII/Libreria_LPC845/LPC845/Libreria_LPC845/Debug/libLibreria_LPC845.a(HAL_SPI.o)
 .text.SPI_set_pre_delay
                0x00000000000029f8       0x40 /home/augusto/Desktop/InfoII/Libreria_LPC845/LPC845/Libreria_LPC845/Debug/libLibreria_LPC845.a(HAL_SPI.o)
 .text.SPI_set_post_delay
                0x0000000000002a38       0x44 /home/augusto/Desktop/InfoII/Libreria_LPC845/LPC845/Libreria_LPC845/Debug/libLibreria_LPC845.a(HAL_SPI.o)
 .text.SPI_set_frame_delay
                0x0000000000002a7c       0x48 /home/augusto/Desktop/InfoII/Libreria_LPC845/LPC845/Libreria_LPC845/Debug/libLibreria_LPC845.a(HAL_SPI.o)
 .text.SPI_set_transfer_delay
                0x0000000000002ac4       0x48 /home/augusto/Desktop/InfoII/Libreria_LPC845/LPC845/Libreria_LPC845/Debug/libLibreria_LPC845.a(HAL_SPI.o)
 .text.SPI_get_status_flag
                0x0000000000002b0c       0xec /home/augusto/Desktop/InfoII/Libreria_LPC845/LPC845/Libreria_LPC845/Debug/libLibreria_LPC845.a(HAL_SPI.o)
 .text.SPI_enable_irq
                0x0000000000002bf8       0xb0 /home/augusto/Desktop/InfoII/Libreria_LPC845/LPC845/Libreria_LPC845/Debug/libLibreria_LPC845.a(HAL_SPI.o)
 .text.SPI_disable_irq
                0x0000000000002ca8       0xb0 /home/augusto/Desktop/InfoII/Libreria_LPC845/LPC845/Libreria_LPC845/Debug/libLibreria_LPC845.a(HAL_SPI.o)
 .text.SPI_read_rx_data
                0x0000000000002d58       0x28 /home/augusto/Desktop/InfoII/Libreria_LPC845/LPC845/Libreria_LPC845/Debug/libLibreria_LPC845.a(HAL_SPI.o)
 .text.SPI_select_slave
                0x0000000000002d80      0x1dc /home/augusto/Desktop/InfoII/Libreria_LPC845/LPC845/Libreria_LPC845/Debug/libLibreria_LPC845.a(HAL_SPI.o)
 .text.SPI_set_data_and_control
                0x0000000000002f5c       0x2c /home/augusto/Desktop/InfoII/Libreria_LPC845/LPC845/Libreria_LPC845/Debug/libLibreria_LPC845.a(HAL_SPI.o)
 .text.SPI_set_clock_div
                0x0000000000002f88       0x3c /home/augusto/Desktop/InfoII/Libreria_LPC845/LPC845/Libreria_LPC845/Debug/libLibreria_LPC845.a(HAL_SPI.o)
 .text.SPI_get_irq_flag_status
                0x0000000000002fc4       0xb0 /home/augusto/Desktop/InfoII/Libreria_LPC845/LPC845/Libreria_LPC845/Debug/libLibreria_LPC845.a(HAL_SPI.o)
 .text.SYSCON_enable_clock
                0x0000000000003074       0x68 /home/augusto/Desktop/InfoII/Libreria_LPC845/LPC845/Libreria_LPC845/Debug/libLibreria_LPC845.a(HAL_SPI.o)
 .text.SYSCON_clear_reset
                0x00000000000030dc       0x68 /home/augusto/Desktop/InfoII/Libreria_LPC845/LPC845/Libreria_LPC845/Debug/libLibreria_LPC845.a(HAL_SPI.o)
 .text.SYSCON_set_peripheral_clock_source
                0x0000000000003144       0x44 /home/augusto/Desktop/InfoII/Libreria_LPC845/LPC845/Libreria_LPC845/Debug/libLibreria_LPC845.a(HAL_SPI.o)
 .text.SWM_init
                0x0000000000003188       0x1c /home/augusto/Desktop/InfoII/Libreria_LPC845/LPC845/Libreria_LPC845/Debug/libLibreria_LPC845.a(HAL_SPI.o)
 .text.SWM_deinit
                0x00000000000031a4       0x1c /home/augusto/Desktop/InfoII/Libreria_LPC845/LPC845/Libreria_LPC845/Debug/libLibreria_LPC845.a(HAL_SPI.o)
 .text.SWM_assign_spi_SCK
                0x00000000000031c0       0x84 /home/augusto/Desktop/InfoII/Libreria_LPC845/LPC845/Libreria_LPC845/Debug/libLibreria_LPC845.a(HAL_SPI.o)
 .text.SWM_assign_spi_MOSI
                0x0000000000003244       0x80 /home/augusto/Desktop/InfoII/Libreria_LPC845/LPC845/Libreria_LPC845/Debug/libLibreria_LPC845.a(HAL_SPI.o)
 .text.SWM_assign_spi_MISO
                0x00000000000032c4       0x88 /home/augusto/Desktop/InfoII/Libreria_LPC845/LPC845/Libreria_LPC845/Debug/libLibreria_LPC845.a(HAL_SPI.o)
 .text.SWM_assign_spi_SSEL0
                0x000000000000334c       0x8c /home/augusto/Desktop/InfoII/Libreria_LPC845/LPC845/Libreria_LPC845/Debug/libLibreria_LPC845.a(HAL_SPI.o)
 .text.SWM_assign_spi_SSEL1
                0x00000000000033d8       0x84 /home/augusto/Desktop/InfoII/Libreria_LPC845/LPC845/Libreria_LPC845/Debug/libLibreria_LPC845.a(HAL_SPI.o)
 .text.SWM_assign_spi_SSEL2
                0x000000000000345c       0x58 /home/augusto/Desktop/InfoII/Libreria_LPC845/LPC845/Libreria_LPC845/Debug/libLibreria_LPC845.a(HAL_SPI.o)
 .text.SWM_assign_spi_SSEL3
                0x00000000000034b4       0x5c /home/augusto/Desktop/InfoII/Libreria_LPC845/LPC845/Libreria_LPC845/Debug/libLibreria_LPC845.a(HAL_SPI.o)
 .text.NVIC_enable_interrupt
                0x0000000000003510       0x3c /home/augusto/Desktop/InfoII/Libreria_LPC845/LPC845/Libreria_LPC845/Debug/libLibreria_LPC845.a(HAL_SPI.o)
 .text.hal_spi_master_mode_init
                0x000000000000354c      0x25c /home/augusto/Desktop/InfoII/Libreria_LPC845/LPC845/Libreria_LPC845/Debug/libLibreria_LPC845.a(HAL_SPI.o)
                0x000000000000354c                hal_spi_master_mode_init
 .text.hal_spi_master_mode_rx_data
                0x00000000000037a8       0x20 /home/augusto/Desktop/InfoII/Libreria_LPC845/LPC845/Libreria_LPC845/Debug/libLibreria_LPC845.a(HAL_SPI.o)
                0x00000000000037a8                hal_spi_master_mode_rx_data
 .text.hal_spi_master_mode_config_tx
                0x00000000000037c8       0x98 /home/augusto/Desktop/InfoII/Libreria_LPC845/LPC845/Libreria_LPC845/Debug/libLibreria_LPC845.a(HAL_SPI.o)
                0x00000000000037c8                hal_spi_master_mode_config_tx
 .text.hal_spi_master_mode_tx_data
                0x0000000000003860       0x30 /home/augusto/Desktop/InfoII/Libreria_LPC845/LPC845/Libreria_LPC845/Debug/libLibreria_LPC845.a(HAL_SPI.o)
                0x0000000000003860                hal_spi_master_mode_tx_data
 .text.dummy_irq
                0x0000000000003890        0xa /home/augusto/Desktop/InfoII/Libreria_LPC845/LPC845/Libreria_LPC845/Debug/libLibreria_LPC845.a(HAL_SPI.o)
 *fill*         0x000000000000389a        0x2 ff
 .text.spi_irq_handler
                0x000000000000389c       0x8c /home/augusto/Desktop/InfoII/Libreria_LPC845/LPC845/Libreria_LPC845/Debug/libLibreria_LPC845.a(HAL_SPI.o)
 .text.SPI0_IRQHandler
                0x0000000000003928       0x10 /home/augusto/Desktop/InfoII/Libreria_LPC845/LPC845/Libreria_LPC845/Debug/libLibreria_LPC845.a(HAL_SPI.o)
                0x0000000000003928                SPI0_IRQHandler
 .text.SPI1_IRQHandler
                0x0000000000003938       0x10 /home/augusto/Desktop/InfoII/Libreria_LPC845/LPC845/Libreria_LPC845/Debug/libLibreria_LPC845.a(HAL_SPI.o)
                0x0000000000003938                SPI1_IRQHandler
 .text.SYSCON_set_fro_direct
                0x0000000000003948       0x34 /home/augusto/Desktop/InfoII/Libreria_LPC845/LPC845/Libreria_LPC845/Debug/libLibreria_LPC845.a(HAL_SYSCON.o)
 .text.SYSCON_clear_fro_direct
                0x000000000000397c       0x38 /home/augusto/Desktop/InfoII/Libreria_LPC845/LPC845/Libreria_LPC845/Debug/libLibreria_LPC845.a(HAL_SYSCON.o)
 .text.SYSCON_set_system_clock_source
                0x00000000000039b4       0xa4 /home/augusto/Desktop/InfoII/Libreria_LPC845/LPC845/Libreria_LPC845/Debug/libLibreria_LPC845.a(HAL_SYSCON.o)
 .text.SYSCON_set_peripheral_clock_source
                0x0000000000003a58       0x44 /home/augusto/Desktop/InfoII/Libreria_LPC845/LPC845/Libreria_LPC845/Debug/libLibreria_LPC845.a(HAL_SYSCON.o)
 .text.SYSCON_set_frg_config
                0x0000000000003a9c       0xe0 /home/augusto/Desktop/InfoII/Libreria_LPC845/LPC845/Libreria_LPC845/Debug/libLibreria_LPC845.a(HAL_SYSCON.o)
 .text.SYSCON_set_clkout_config
                0x0000000000003b7c       0x54 /home/augusto/Desktop/InfoII/Libreria_LPC845/LPC845/Libreria_LPC845/Debug/libLibreria_LPC845.a(HAL_SYSCON.o)
 .text.SYSCON_set_iocon_glitch_divider
                0x0000000000003bd0       0xf8 /home/augusto/Desktop/InfoII/Libreria_LPC845/LPC845/Libreria_LPC845/Debug/libLibreria_LPC845.a(HAL_SYSCON.o)
 .text.SWM_init
                0x0000000000003cc8       0x1c /home/augusto/Desktop/InfoII/Libreria_LPC845/LPC845/Libreria_LPC845/Debug/libLibreria_LPC845.a(HAL_SYSCON.o)
 .text.SWM_deinit
                0x0000000000003ce4       0x1c /home/augusto/Desktop/InfoII/Libreria_LPC845/LPC845/Libreria_LPC845/Debug/libLibreria_LPC845.a(HAL_SYSCON.o)
 .text.SWM_assign_CLKOUT
                0x0000000000003d00       0x48 /home/augusto/Desktop/InfoII/Libreria_LPC845/LPC845/Libreria_LPC845/Debug/libLibreria_LPC845.a(HAL_SYSCON.o)
 .text.hal_syscon_get_system_clock
                0x0000000000003d48       0x14 /home/augusto/Desktop/InfoII/Libreria_LPC845/LPC845/Libreria_LPC845/Debug/libLibreria_LPC845.a(HAL_SYSCON.o)
                0x0000000000003d48                hal_syscon_get_system_clock
 .text.hal_syscon_get_fro_clock
                0x0000000000003d5c       0x14 /home/augusto/Desktop/InfoII/Libreria_LPC845/LPC845/Libreria_LPC845/Debug/libLibreria_LPC845.a(HAL_SYSCON.o)
                0x0000000000003d5c                hal_syscon_get_fro_clock
 .text.hal_syscon_config_fro_direct
                0x0000000000003d70       0x60 /home/augusto/Desktop/InfoII/Libreria_LPC845/LPC845/Libreria_LPC845/Debug/libLibreria_LPC845.a(HAL_SYSCON.o)
                0x0000000000003d70                hal_syscon_config_fro_direct
 .text.hal_syscon_config_clkout
                0x0000000000003dd0       0x56 /home/augusto/Desktop/InfoII/Libreria_LPC845/LPC845/Libreria_LPC845/Debug/libLibreria_LPC845.a(HAL_SYSCON.o)
                0x0000000000003dd0                hal_syscon_config_clkout
 *fill*         0x0000000000003e26        0x2 ff
 .text.hal_syscon_config_frg
                0x0000000000003e28       0xbc /home/augusto/Desktop/InfoII/Libreria_LPC845/LPC845/Libreria_LPC845/Debug/libLibreria_LPC845.a(HAL_SYSCON.o)
                0x0000000000003e28                hal_syscon_config_frg
 .text.hal_syscon_set_peripheral_clock_source
                0x0000000000003ee4       0x2a /home/augusto/Desktop/InfoII/Libreria_LPC845/LPC845/Libreria_LPC845/Debug/libLibreria_LPC845.a(HAL_SYSCON.o)
                0x0000000000003ee4                hal_syscon_set_peripheral_clock_source
 *fill*         0x0000000000003f0e        0x2 ff
 .text.hal_syscon_get_peripheral_clock
                0x0000000000003f10       0x7c /home/augusto/Desktop/InfoII/Libreria_LPC845/LPC845/Libreria_LPC845/Debug/libLibreria_LPC845.a(HAL_SYSCON.o)
                0x0000000000003f10                hal_syscon_get_peripheral_clock
 .text.hal_syscon_set_iocon_glitch_divider
                0x0000000000003f8c       0x26 /home/augusto/Desktop/InfoII/Libreria_LPC845/LPC845/Libreria_LPC845/Debug/libLibreria_LPC845.a(HAL_SYSCON.o)
                0x0000000000003f8c                hal_syscon_set_iocon_glitch_divider
 *fill*         0x0000000000003fb2        0x2 ff
 .text.hal_syscon_get_pll_clock
                0x0000000000003fb4       0x14 /home/augusto/Desktop/InfoII/Libreria_LPC845/LPC845/Libreria_LPC845/Debug/libLibreria_LPC845.a(HAL_SYSCON.o)
                0x0000000000003fb4                hal_syscon_get_pll_clock
 .text.SYSTICK_enable_count
                0x0000000000003fc8       0x1c /home/augusto/Desktop/InfoII/Libreria_LPC845/LPC845/Libreria_LPC845/Debug/libLibreria_LPC845.a(HAL_SYSTICK.o)
 .text.SYSTICK_enable_interrupt
                0x0000000000003fe4       0x1c /home/augusto/Desktop/InfoII/Libreria_LPC845/LPC845/Libreria_LPC845/Debug/libLibreria_LPC845.a(HAL_SYSTICK.o)
 .text.SYSTICK_select_clock_source
                0x0000000000004000       0x38 /home/augusto/Desktop/InfoII/Libreria_LPC845/LPC845/Libreria_LPC845/Debug/libLibreria_LPC845.a(HAL_SYSTICK.o)
 .text.SYSTICK_set_reload
                0x0000000000004038       0x38 /home/augusto/Desktop/InfoII/Libreria_LPC845/LPC845/Libreria_LPC845/Debug/libLibreria_LPC845.a(HAL_SYSTICK.o)
 .text.SYSTICK_set_clear_current_value
                0x0000000000004070       0x20 /home/augusto/Desktop/InfoII/Libreria_LPC845/LPC845/Libreria_LPC845/Debug/libLibreria_LPC845.a(HAL_SYSTICK.o)
 .text.hal_systick_init
                0x0000000000004090       0x78 /home/augusto/Desktop/InfoII/Libreria_LPC845/LPC845/Libreria_LPC845/Debug/libLibreria_LPC845.a(HAL_SYSTICK.o)
                0x0000000000004090                hal_systick_init
 .text.SysTick_Handler
                0x0000000000004108       0x14 /home/augusto/Desktop/InfoII/Libreria_LPC845/LPC845/Libreria_LPC845/Debug/libLibreria_LPC845.a(HAL_SYSTICK.o)
                0x0000000000004108                SysTick_Handler
 .text.dummy_irq
                0x000000000000411c        0xa /home/augusto/Desktop/InfoII/Libreria_LPC845/LPC845/Libreria_LPC845/Debug/libLibreria_LPC845.a(HAL_SYSTICK.o)
 *fill*         0x0000000000004126        0x2 ff
 .text.UART_enable
                0x0000000000004128       0x2c /home/augusto/Desktop/InfoII/Libreria_LPC845/LPC845/Libreria_LPC845/Debug/libLibreria_LPC845.a(HAL_UART.o)
 .text.UART_config_data_length
                0x0000000000004154       0x44 /home/augusto/Desktop/InfoII/Libreria_LPC845/LPC845/Libreria_LPC845/Debug/libLibreria_LPC845.a(HAL_UART.o)
 .text.UART_config_parity
                0x0000000000004198       0x44 /home/augusto/Desktop/InfoII/Libreria_LPC845/LPC845/Libreria_LPC845/Debug/libLibreria_LPC845.a(HAL_UART.o)
 .text.UART_config_stop_bits
                0x00000000000041dc       0x44 /home/augusto/Desktop/InfoII/Libreria_LPC845/LPC845/Libreria_LPC845/Debug/libLibreria_LPC845.a(HAL_UART.o)
 .text.UART_get_flag_RXRDY
                0x0000000000004220       0x2c /home/augusto/Desktop/InfoII/Libreria_LPC845/LPC845/Libreria_LPC845/Debug/libLibreria_LPC845.a(HAL_UART.o)
 .text.UART_get_flag_TXRDY
                0x000000000000424c       0x2c /home/augusto/Desktop/InfoII/Libreria_LPC845/LPC845/Libreria_LPC845/Debug/libLibreria_LPC845.a(HAL_UART.o)
 .text.UART_enable_irq_RXRDY
                0x0000000000004278       0x2c /home/augusto/Desktop/InfoII/Libreria_LPC845/LPC845/Libreria_LPC845/Debug/libLibreria_LPC845.a(HAL_UART.o)
 .text.UART_enable_irq_TXRDY
                0x00000000000042a4       0x2c /home/augusto/Desktop/InfoII/Libreria_LPC845/LPC845/Libreria_LPC845/Debug/libLibreria_LPC845.a(HAL_UART.o)
 .text.UART_disable_irq_RXRDY
                0x00000000000042d0       0x2c /home/augusto/Desktop/InfoII/Libreria_LPC845/LPC845/Libreria_LPC845/Debug/libLibreria_LPC845.a(HAL_UART.o)
 .text.UART_disable_irq_TXRDY
                0x00000000000042fc       0x2c /home/augusto/Desktop/InfoII/Libreria_LPC845/LPC845/Libreria_LPC845/Debug/libLibreria_LPC845.a(HAL_UART.o)
 .text.UART_get_data
                0x0000000000004328       0x2c /home/augusto/Desktop/InfoII/Libreria_LPC845/LPC845/Libreria_LPC845/Debug/libLibreria_LPC845.a(HAL_UART.o)
 .text.UART_write_data
                0x0000000000004354       0x3c /home/augusto/Desktop/InfoII/Libreria_LPC845/LPC845/Libreria_LPC845/Debug/libLibreria_LPC845.a(HAL_UART.o)
 .text.UART_set_BRGVAL
                0x0000000000004390       0x38 /home/augusto/Desktop/InfoII/Libreria_LPC845/LPC845/Libreria_LPC845/Debug/libLibreria_LPC845.a(HAL_UART.o)
 .text.UART_get_irq_status_RXRDY
                0x00000000000043c8       0x2c /home/augusto/Desktop/InfoII/Libreria_LPC845/LPC845/Libreria_LPC845/Debug/libLibreria_LPC845.a(HAL_UART.o)
 .text.UART_get_irq_status_TXRDY
                0x00000000000043f4       0x2c /home/augusto/Desktop/InfoII/Libreria_LPC845/LPC845/Libreria_LPC845/Debug/libLibreria_LPC845.a(HAL_UART.o)
 .text.UART_set_OSRVAL
                0x0000000000004420       0x3c /home/augusto/Desktop/InfoII/Libreria_LPC845/LPC845/Libreria_LPC845/Debug/libLibreria_LPC845.a(HAL_UART.o)
 .text.NVIC_enable_interrupt
                0x000000000000445c       0x3c /home/augusto/Desktop/InfoII/Libreria_LPC845/LPC845/Libreria_LPC845/Debug/libLibreria_LPC845.a(HAL_UART.o)
 .text.SYSCON_enable_clock
                0x0000000000004498       0x68 /home/augusto/Desktop/InfoII/Libreria_LPC845/LPC845/Libreria_LPC845/Debug/libLibreria_LPC845.a(HAL_UART.o)
 .text.SYSCON_clear_reset
                0x0000000000004500       0x68 /home/augusto/Desktop/InfoII/Libreria_LPC845/LPC845/Libreria_LPC845/Debug/libLibreria_LPC845.a(HAL_UART.o)
 .text.SWM_init
                0x0000000000004568       0x1c /home/augusto/Desktop/InfoII/Libreria_LPC845/LPC845/Libreria_LPC845/Debug/libLibreria_LPC845.a(HAL_UART.o)
 .text.SWM_deinit
                0x0000000000004584       0x1c /home/augusto/Desktop/InfoII/Libreria_LPC845/LPC845/Libreria_LPC845/Debug/libLibreria_LPC845.a(HAL_UART.o)
 .text.SWM_assign_uart_TXD
                0x00000000000045a0      0x100 /home/augusto/Desktop/InfoII/Libreria_LPC845/LPC845/Libreria_LPC845/Debug/libLibreria_LPC845.a(HAL_UART.o)
 .text.SWM_assign_uart_RXD
                0x00000000000046a0       0xfc /home/augusto/Desktop/InfoII/Libreria_LPC845/LPC845/Libreria_LPC845/Debug/libLibreria_LPC845.a(HAL_UART.o)
 .text.hal_uart_init
                0x000000000000479c      0x22c /home/augusto/Desktop/InfoII/Libreria_LPC845/LPC845/Libreria_LPC845/Debug/libLibreria_LPC845.a(HAL_UART.o)
                0x000000000000479c                hal_uart_init
 .text.hal_uart_tx_byte
                0x00000000000049c8       0x5c /home/augusto/Desktop/InfoII/Libreria_LPC845/LPC845/Libreria_LPC845/Debug/libLibreria_LPC845.a(HAL_UART.o)
                0x00000000000049c8                hal_uart_tx_byte
 .text.hal_uart_rx_byte
                0x0000000000004a24       0x3a /home/augusto/Desktop/InfoII/Libreria_LPC845/LPC845/Libreria_LPC845/Debug/libLibreria_LPC845.a(HAL_UART.o)
                0x0000000000004a24                hal_uart_rx_byte
 *fill*         0x0000000000004a5e        0x2 ff
 .text.hal_uart_register_rx_callback
                0x0000000000004a60       0x54 /home/augusto/Desktop/InfoII/Libreria_LPC845/LPC845/Libreria_LPC845/Debug/libLibreria_LPC845.a(HAL_UART.o)
                0x0000000000004a60                hal_uart_register_rx_callback
 .text.hal_uart_register_tx_callback
                0x0000000000004ab4       0x40 /home/augusto/Desktop/InfoII/Libreria_LPC845/LPC845/Libreria_LPC845/Debug/libLibreria_LPC845.a(HAL_UART.o)
                0x0000000000004ab4                hal_uart_register_tx_callback
 .text.dummy_callback
                0x0000000000004af4        0xa /home/augusto/Desktop/InfoII/Libreria_LPC845/LPC845/Libreria_LPC845/Debug/libLibreria_LPC845.a(HAL_UART.o)
 .text.hal_uart_calculate_brgval
                0x0000000000004afe       0x32 /home/augusto/Desktop/InfoII/Libreria_LPC845/LPC845/Libreria_LPC845/Debug/libLibreria_LPC845.a(HAL_UART.o)
 .text.hal_uart_handle_irq
                0x0000000000004b30       0x84 /home/augusto/Desktop/InfoII/Libreria_LPC845/LPC845/Libreria_LPC845/Debug/libLibreria_LPC845.a(HAL_UART.o)
 .text.UART0_IRQHandler
                0x0000000000004bb4       0x10 /home/augusto/Desktop/InfoII/Libreria_LPC845/LPC845/Libreria_LPC845/Debug/libLibreria_LPC845.a(HAL_UART.o)
                0x0000000000004bb4                UART0_IRQHandler
 .text.UART1_IRQHandler
                0x0000000000004bc4       0x10 /home/augusto/Desktop/InfoII/Libreria_LPC845/LPC845/Libreria_LPC845/Debug/libLibreria_LPC845.a(HAL_UART.o)
                0x0000000000004bc4                UART1_IRQHandler
 .text.UART2_IRQHandler
                0x0000000000004bd4       0x10 /home/augusto/Desktop/InfoII/Libreria_LPC845/LPC845/Libreria_LPC845/Debug/libLibreria_LPC845.a(HAL_UART.o)
                0x0000000000004bd4                UART2_IRQHandler
 .text.UART3_irq
                0x0000000000004be4       0x10 /home/augusto/Desktop/InfoII/Libreria_LPC845/LPC845/Libreria_LPC845/Debug/libLibreria_LPC845.a(HAL_UART.o)
                0x0000000000004be4                UART3_irq
 .text.UART4_irq
                0x0000000000004bf4       0x10 /home/augusto/Desktop/InfoII/Libreria_LPC845/LPC845/Libreria_LPC845/Debug/libLibreria_LPC845.a(HAL_UART.o)
                0x0000000000004bf4                UART4_irq
 .text.WKT_select_clock_source
                0x0000000000004c04       0x34 /home/augusto/Desktop/InfoII/Libreria_LPC845/LPC845/Libreria_LPC845/Debug/libLibreria_LPC845.a(HAL_WKT.o)
 .text.WKT_clear_alarm_flag
                0x0000000000004c38       0x1c /home/augusto/Desktop/InfoII/Libreria_LPC845/LPC845/Libreria_LPC845/Debug/libLibreria_LPC845.a(HAL_WKT.o)
 .text.WKT_set_internal_clock_source
                0x0000000000004c54       0x1c /home/augusto/Desktop/InfoII/Libreria_LPC845/LPC845/Libreria_LPC845/Debug/libLibreria_LPC845.a(HAL_WKT.o)
 .text.WKT_set_external_clock_source
                0x0000000000004c70       0x1c /home/augusto/Desktop/InfoII/Libreria_LPC845/LPC845/Libreria_LPC845/Debug/libLibreria_LPC845.a(HAL_WKT.o)
 .text.WKT_write_count
                0x0000000000004c8c       0x1c /home/augusto/Desktop/InfoII/Libreria_LPC845/LPC845/Libreria_LPC845/Debug/libLibreria_LPC845.a(HAL_WKT.o)
 .text.NVIC_enable_interrupt
                0x0000000000004ca8       0x3c /home/augusto/Desktop/InfoII/Libreria_LPC845/LPC845/Libreria_LPC845/Debug/libLibreria_LPC845.a(HAL_WKT.o)
 .text.NVIC_disable_interrupt
                0x0000000000004ce4       0x3c /home/augusto/Desktop/InfoII/Libreria_LPC845/LPC845/Libreria_LPC845/Debug/libLibreria_LPC845.a(HAL_WKT.o)
 .text.NVIC_clear_pending_interrupt
                0x0000000000004d20       0x44 /home/augusto/Desktop/InfoII/Libreria_LPC845/LPC845/Libreria_LPC845/Debug/libLibreria_LPC845.a(HAL_WKT.o)
 .text.SYSCON_enable_clock
                0x0000000000004d64       0x68 /home/augusto/Desktop/InfoII/Libreria_LPC845/LPC845/Libreria_LPC845/Debug/libLibreria_LPC845.a(HAL_WKT.o)
 .text.SYSCON_clear_reset
                0x0000000000004dcc       0x68 /home/augusto/Desktop/InfoII/Libreria_LPC845/LPC845/Libreria_LPC845/Debug/libLibreria_LPC845.a(HAL_WKT.o)
 .text.PMU_enable_wake_up_clock_pin
                0x0000000000004e34       0x1c /home/augusto/Desktop/InfoII/Libreria_LPC845/LPC845/Libreria_LPC845/Debug/libLibreria_LPC845.a(HAL_WKT.o)
 .text.PMU_disable_wake_up_clock_pin
                0x0000000000004e50       0x1c /home/augusto/Desktop/InfoII/Libreria_LPC845/LPC845/Libreria_LPC845/Debug/libLibreria_LPC845.a(HAL_WKT.o)
 .text.hal_wkt_init
                0x0000000000004e6c       0x48 /home/augusto/Desktop/InfoII/Libreria_LPC845/LPC845/Libreria_LPC845/Debug/libLibreria_LPC845.a(HAL_WKT.o)
                0x0000000000004e6c                hal_wkt_init
 .text.hal_wkt_select_clock_source
                0x0000000000004eb4       0x5c /home/augusto/Desktop/InfoII/Libreria_LPC845/LPC845/Libreria_LPC845/Debug/libLibreria_LPC845.a(HAL_WKT.o)
                0x0000000000004eb4                hal_wkt_select_clock_source
 .text.hal_wkt_register_callback
                0x0000000000004f10       0x40 /home/augusto/Desktop/InfoII/Libreria_LPC845/LPC845/Libreria_LPC845/Debug/libLibreria_LPC845.a(HAL_WKT.o)
                0x0000000000004f10                hal_wkt_register_callback
 .text.hal_wkt_start_count
                0x0000000000004f50       0x94 /home/augusto/Desktop/InfoII/Libreria_LPC845/LPC845/Libreria_LPC845/Debug/libLibreria_LPC845.a(HAL_WKT.o)
                0x0000000000004f50                hal_wkt_start_count
 .text.dummy_irq
                0x0000000000004fe4        0xa /home/augusto/Desktop/InfoII/Libreria_LPC845/LPC845/Libreria_LPC845/Debug/libLibreria_LPC845.a(HAL_WKT.o)
 *fill*         0x0000000000004fee        0x2 ff
 .text.WKT_IRQHandler
                0x0000000000004ff0       0x18 /home/augusto/Desktop/InfoII/Libreria_LPC845/LPC845/Libreria_LPC845/Debug/libLibreria_LPC845.a(HAL_WKT.o)
                0x0000000000004ff0                WKT_IRQHandler
 .text.__weak_main
                0x0000000000005008        0x8 /usr/local/mcuxpressoide-11.0.0_2516/ide/plugins/com.nxp.mcuxpresso.tools.linux_11.0.0.201905131304/tools/bin/../lib/gcc/arm-none-eabi/8.2.1/../../../../arm-none-eabi/lib/thumb/v6-m/nofp/libcr_c.a(__weak__main.o)
                0x0000000000005008                __main
                0x0000000000005008                __weak_main
 .text.__aeabi_division_idivmod
                0x0000000000005010       0x78 /usr/local/mcuxpressoide-11.0.0_2516/ide/plugins/com.nxp.mcuxpresso.tools.linux_11.0.0.201905131304/tools/bin/../lib/gcc/arm-none-eabi/8.2.1/thumb/v6-m/nofp/libcr_eabihelpers.a(division_32.o)
                0x0000000000005010                __aeabi_idiv
                0x0000000000005010                __aeabi_idivmod
                0x0000000000005016                __aeabi_uidiv
                0x0000000000005016                __aeabi_uidivmod
 .text.__aeabi_division_idiv0
                0x0000000000005088        0x2 /usr/local/mcuxpressoide-11.0.0_2516/ide/plugins/com.nxp.mcuxpresso.tools.linux_11.0.0.201905131304/tools/bin/../lib/gcc/arm-none-eabi/8.2.1/thumb/v6-m/nofp/libcr_eabihelpers.a(division_idiv0.o)
                0x0000000000005088                __aeabi_idiv0
 *fill*         0x000000000000508a        0x2 ff
 .text.__aeabi_ddiv
                0x000000000000508c      0x148 /usr/local/mcuxpressoide-11.0.0_2516/ide/plugins/com.nxp.mcuxpresso.tools.linux_11.0.0.201905131304/tools/bin/../lib/gcc/arm-none-eabi/8.2.1/thumb/v6-m/nofp/libcr_eabihelpers.a(double.o)
                0x000000000000508c                __aeabi_ddiv
 .text.__aeabi_d2uiz
                0x00000000000051d4       0x34 /usr/local/mcuxpressoide-11.0.0_2516/ide/plugins/com.nxp.mcuxpresso.tools.linux_11.0.0.201905131304/tools/bin/../lib/gcc/arm-none-eabi/8.2.1/thumb/v6-m/nofp/libcr_eabihelpers.a(double.o)
                0x00000000000051d4                __aeabi_d2uiz
 .text.__bhs_ui2d
                0x0000000000005208       0x5e /usr/local/mcuxpressoide-11.0.0_2516/ide/plugins/com.nxp.mcuxpresso.tools.linux_11.0.0.201905131304/tools/bin/../lib/gcc/arm-none-eabi/8.2.1/thumb/v6-m/nofp/libcr_eabihelpers.a(double.o)
                0x0000000000005208                __bhs_ui2d
 .text.__aeabi_ui2d
                0x0000000000005266        0xc /usr/local/mcuxpressoide-11.0.0_2516/ide/plugins/com.nxp.mcuxpresso.tools.linux_11.0.0.201905131304/tools/bin/../lib/gcc/arm-none-eabi/8.2.1/thumb/v6-m/nofp/libcr_eabihelpers.a(double.o)
                0x0000000000005266                __aeabi_ui2d
 *fill*         0x0000000000005272        0x2 ff
 .text.__aeabi_fmul
                0x0000000000005274       0xc4 /usr/local/mcuxpressoide-11.0.0_2516/ide/plugins/com.nxp.mcuxpresso.tools.linux_11.0.0.201905131304/tools/bin/../lib/gcc/arm-none-eabi/8.2.1/thumb/v6-m/nofp/libcr_eabihelpers.a(float.o)
                0x0000000000005274                __aeabi_fmul
 .text.__aeabi_fdiv
                0x0000000000005338       0xdc /usr/local/mcuxpressoide-11.0.0_2516/ide/plugins/com.nxp.mcuxpresso.tools.linux_11.0.0.201905131304/tools/bin/../lib/gcc/arm-none-eabi/8.2.1/thumb/v6-m/nofp/libcr_eabihelpers.a(float.o)
                0x0000000000005338                __aeabi_fdiv
 .text.__aeabi_fsub
                0x0000000000005414      0x128 /usr/local/mcuxpressoide-11.0.0_2516/ide/plugins/com.nxp.mcuxpresso.tools.linux_11.0.0.201905131304/tools/bin/../lib/gcc/arm-none-eabi/8.2.1/thumb/v6-m/nofp/libcr_eabihelpers.a(float.o)
                0x0000000000005414                __aeabi_fsub
 .text.__aeabi_fadd
                0x000000000000553c       0xac /usr/local/mcuxpressoide-11.0.0_2516/ide/plugins/com.nxp.mcuxpresso.tools.linux_11.0.0.201905131304/tools/bin/../lib/gcc/arm-none-eabi/8.2.1/thumb/v6-m/nofp/libcr_eabihelpers.a(float.o)
                0x000000000000553c                __aeabi_fadd
 .text.__aeabi_f2uiz
                0x00000000000055e8       0x2a /usr/local/mcuxpressoide-11.0.0_2516/ide/plugins/com.nxp.mcuxpresso.tools.linux_11.0.0.201905131304/tools/bin/../lib/gcc/arm-none-eabi/8.2.1/thumb/v6-m/nofp/libcr_eabihelpers.a(float.o)
                0x00000000000055e8                __aeabi_f2uiz
 .text.__bhs_ui2f
                0x0000000000005612       0x62 /usr/local/mcuxpressoide-11.0.0_2516/ide/plugins/com.nxp.mcuxpresso.tools.linux_11.0.0.201905131304/tools/bin/../lib/gcc/arm-none-eabi/8.2.1/thumb/v6-m/nofp/libcr_eabihelpers.a(float.o)
                0x0000000000005612                __bhs_ui2f
 .text.__aeabi_ui2f
                0x0000000000005674        0xc /usr/local/mcuxpressoide-11.0.0_2516/ide/plugins/com.nxp.mcuxpresso.tools.linux_11.0.0.201905131304/tools/bin/../lib/gcc/arm-none-eabi/8.2.1/thumb/v6-m/nofp/libcr_eabihelpers.a(float.o)
                0x0000000000005674                __aeabi_ui2f
 .text.__aeabi_f2d
                0x0000000000005680       0x3c /usr/local/mcuxpressoide-11.0.0_2516/ide/plugins/com.nxp.mcuxpresso.tools.linux_11.0.0.201905131304/tools/bin/../lib/gcc/arm-none-eabi/8.2.1/thumb/v6-m/nofp/libcr_eabihelpers.a(float.o)
                0x0000000000005680                __aeabi_f2d
 .text.__aeabi_llong_lmul
                0x00000000000056bc       0x2e /usr/local/mcuxpressoide-11.0.0_2516/ide/plugins/com.nxp.mcuxpresso.tools.linux_11.0.0.201905131304/tools/bin/../lib/gcc/arm-none-eabi/8.2.1/thumb/v6-m/nofp/libcr_eabihelpers.a(llong.o)
                0x00000000000056bc                __aeabi_lmul
 *(.rodata .rodata.* .constdata .constdata.*)
 *fill*         0x00000000000056ea        0x2 ff
 .rodata.adc_config
                0x00000000000056ec       0x10 ./src/Micro_tester.o
 .rodata.uart_config
                0x00000000000056fc       0x18 ./src/Micro_tester.o
 .rodata.pinint_config
                0x0000000000005714        0xc ./src/Micro_tester.o
 .rodata.pin_config
                0x0000000000005720        0x8 ./src/Micro_tester.o
 .rodata.pwm_config
                0x0000000000005728       0x10 ./src/Micro_tester.o
 .rodata.spi_master_config
                0x0000000000005738       0x18 ./src/Micro_tester.o
 .rodata.spi_tx_config
                0x0000000000005750        0x4 ./src/Micro_tester.o
 .rodata.spi_tx_buff
                0x0000000000005754        0x8 ./src/Micro_tester.o
 .rodata.SWM_enable_ADC
                0x000000000000575c       0x30 /home/augusto/Desktop/InfoII/Libreria_LPC845/LPC845/Libreria_LPC845/Debug/libLibreria_LPC845.a(HAL_ADC.o)
 .rodata.hal_pinint_configure_pin_interrupt
                0x000000000000578c       0x20 /home/augusto/Desktop/InfoII/Libreria_LPC845/LPC845/Libreria_LPC845/Debug/libLibreria_LPC845.a(HAL_PININT.o)
 .rodata.SPI_get_status_flag
                0x00000000000057ac       0x24 /home/augusto/Desktop/InfoII/Libreria_LPC845/LPC845/Libreria_LPC845/Debug/libLibreria_LPC845.a(HAL_SPI.o)
 .rodata.SPI_enable_irq
                0x00000000000057d0       0x18 /home/augusto/Desktop/InfoII/Libreria_LPC845/LPC845/Libreria_LPC845/Debug/libLibreria_LPC845.a(HAL_SPI.o)
 .rodata.SPI_disable_irq
                0x00000000000057e8       0x18 /home/augusto/Desktop/InfoII/Libreria_LPC845/LPC845/Libreria_LPC845/Debug/libLibreria_LPC845.a(HAL_SPI.o)
 .rodata.SPI_get_irq_flag_status
                0x0000000000005800       0x18 /home/augusto/Desktop/InfoII/Libreria_LPC845/LPC845/Libreria_LPC845/Debug/libLibreria_LPC845.a(HAL_SPI.o)
 .rodata.SYSCON_set_iocon_glitch_divider
                0x0000000000005818       0x1c /home/augusto/Desktop/InfoII/Libreria_LPC845/LPC845/Libreria_LPC845/Debug/libLibreria_LPC845.a(HAL_SYSCON.o)
 .rodata.hal_syscon_get_peripheral_clock
                0x0000000000005834       0x20 /home/augusto/Desktop/InfoII/Libreria_LPC845/LPC845/Libreria_LPC845/Debug/libLibreria_LPC845.a(HAL_SYSCON.o)
 .rodata.SWM_assign_uart_TXD
                0x0000000000005854       0x14 /home/augusto/Desktop/InfoII/Libreria_LPC845/LPC845/Libreria_LPC845/Debug/libLibreria_LPC845.a(HAL_UART.o)
 .rodata.SWM_assign_uart_RXD
                0x0000000000005868       0x14 /home/augusto/Desktop/InfoII/Libreria_LPC845/LPC845/Libreria_LPC845/Debug/libLibreria_LPC845.a(HAL_UART.o)
 .rodata.hal_uart_init
                0x000000000000587c       0x14 /home/augusto/Desktop/InfoII/Libreria_LPC845/LPC845/Libreria_LPC845/Debug/libLibreria_LPC845.a(HAL_UART.o)
 .rodata.ADC    0x0000000000005890        0x4 /home/augusto/Desktop/InfoII/Libreria_LPC845/LPC845/Libreria_LPC845/Debug/libLibreria_LPC845.a(HPL_ADC.o)
                0x0000000000005890                ADC
 .rodata.CTIMER
                0x0000000000005894        0x4 /home/augusto/Desktop/InfoII/Libreria_LPC845/LPC845/Libreria_LPC845/Debug/libLibreria_LPC845.a(HPL_CTIMER.o)
                0x0000000000005894                CTIMER
 .rodata.GPIO   0x0000000000005898        0x4 /home/augusto/Desktop/InfoII/Libreria_LPC845/LPC845/Libreria_LPC845/Debug/libLibreria_LPC845.a(HPL_GPIO.o)
                0x0000000000005898                GPIO
 .rodata.IOCON  0x000000000000589c        0x4 /home/augusto/Desktop/InfoII/Libreria_LPC845/LPC845/Libreria_LPC845/Debug/libLibreria_LPC845.a(HPL_IOCON.o)
                0x000000000000589c                IOCON
 .rodata.IOCON_PIN_TABLE
                0x00000000000058a0      0x100 /home/augusto/Desktop/InfoII/Libreria_LPC845/LPC845/Libreria_LPC845/Debug/libLibreria_LPC845.a(HPL_IOCON.o)
                0x00000000000058a0                IOCON_PIN_TABLE
 .rodata.NVIC   0x00000000000059a0        0x4 /home/augusto/Desktop/InfoII/Libreria_LPC845/LPC845/Libreria_LPC845/Debug/libLibreria_LPC845.a(HPL_NVIC.o)
                0x00000000000059a0                NVIC
 .rodata.PININT
                0x00000000000059a4        0x4 /home/augusto/Desktop/InfoII/Libreria_LPC845/LPC845/Libreria_LPC845/Debug/libLibreria_LPC845.a(HPL_PININT.o)
                0x00000000000059a4                PININT
 .rodata.PMU    0x00000000000059a8        0x4 /home/augusto/Desktop/InfoII/Libreria_LPC845/LPC845/Libreria_LPC845/Debug/libLibreria_LPC845.a(HPL_PMU.o)
                0x00000000000059a8                PMU
 .rodata.SPI    0x00000000000059ac        0x8 /home/augusto/Desktop/InfoII/Libreria_LPC845/LPC845/Libreria_LPC845/Debug/libLibreria_LPC845.a(HPL_SPI.o)
                0x00000000000059ac                SPI
 .rodata.SWM    0x00000000000059b4        0x4 /home/augusto/Desktop/InfoII/Libreria_LPC845/LPC845/Libreria_LPC845/Debug/libLibreria_LPC845.a(HPL_SWM.o)
                0x00000000000059b4                SWM
 .rodata.SYSCON
                0x00000000000059b8        0x4 /home/augusto/Desktop/InfoII/Libreria_LPC845/LPC845/Libreria_LPC845/Debug/libLibreria_LPC845.a(HPL_SYSCON.o)
                0x00000000000059b8                SYSCON
 .rodata.SYSTICK
                0x00000000000059bc        0x4 /home/augusto/Desktop/InfoII/Libreria_LPC845/LPC845/Libreria_LPC845/Debug/libLibreria_LPC845.a(HPL_SYSTICK.o)
                0x00000000000059bc                SYSTICK
 .rodata.UART   0x00000000000059c0       0x14 /home/augusto/Desktop/InfoII/Libreria_LPC845/LPC845/Libreria_LPC845/Debug/libLibreria_LPC845.a(HPL_UART.o)
                0x00000000000059c0                UART
 .rodata.WKT    0x00000000000059d4        0x4 /home/augusto/Desktop/InfoII/Libreria_LPC845/LPC845/Libreria_LPC845/Debug/libLibreria_LPC845.a(HPL_WKT.o)
                0x00000000000059d4                WKT
                0x00000000000059d8                . = ALIGN (0x4)

.glue_7         0x00000000000059d8        0x0
 .glue_7        0x00000000000059d8        0x0 linker stubs

.glue_7t        0x00000000000059d8        0x0
 .glue_7t       0x00000000000059d8        0x0 linker stubs

.vfp11_veneer   0x00000000000059d8        0x0
 .vfp11_veneer  0x00000000000059d8        0x0 linker stubs

.v4_bx          0x00000000000059d8        0x0
 .v4_bx         0x00000000000059d8        0x0 linker stubs

.iplt           0x00000000000059d8        0x0
 .iplt          0x00000000000059d8        0x0 ./src/Micro_tester.o

.rel.dyn        0x00000000000059d8        0x0
 .rel.iplt      0x00000000000059d8        0x0 ./src/Micro_tester.o

.ARM.extab
 *(.ARM.extab* .gnu.linkonce.armextab.*)
                0x00000000000059d8                __exidx_start = .

.ARM.exidx
 *(.ARM.exidx* .gnu.linkonce.armexidx.*)
                0x00000000000059d8                __exidx_end = .
                0x00000000000059d8                _etext = .

.mtb_buffer_default
 *(.mtb*)

.uninit_RESERVED
                0x0000000010000000        0x0
                0x0000000010000000                . = ALIGN (0x4)
 *(.bss.$RESERVED*)
                0x0000000010000000                . = ALIGN (0x4)
                0x0000000010000000                _end_uninit_RESERVED = .

.data           0x0000000010000000       0xcc load address 0x00000000000059d8
 FILL mask 0xff
                0x0000000010000000                _data = .
 *(vtable)
 *(.ramfunc*)
 *(.data*)
 .data.pwm_channel_config
                0x0000000010000000       0x10 ./src/Micro_tester.o
 .data.trama    0x0000000010000010       0x23 ./src/Micro_tester.o
 *fill*         0x0000000010000033        0x1 ff
 .data.adc_seq_completed_callback
                0x0000000010000034        0x8 /home/augusto/Desktop/InfoII/Libreria_LPC845/LPC845/Libreria_LPC845/Debug/libLibreria_LPC845.a(HAL_ADC.o)
 .data.adc_overrun_callback
                0x000000001000003c        0x4 /home/augusto/Desktop/InfoII/Libreria_LPC845/LPC845/Libreria_LPC845/Debug/libLibreria_LPC845.a(HAL_ADC.o)
 .data.adc_compare_callback
                0x0000000010000040        0x4 /home/augusto/Desktop/InfoII/Libreria_LPC845/LPC845/Libreria_LPC845/Debug/libLibreria_LPC845.a(HAL_ADC.o)
 .data.match_callbacks
                0x0000000010000044       0x10 /home/augusto/Desktop/InfoII/Libreria_LPC845/LPC845/Libreria_LPC845/Debug/libLibreria_LPC845.a(HAL_CTIMER.o)
                0x0000000010000044                match_callbacks
 .data.capture_callbacks
                0x0000000010000054       0x10 /home/augusto/Desktop/InfoII/Libreria_LPC845/LPC845/Libreria_LPC845/Debug/libLibreria_LPC845.a(HAL_CTIMER.o)
                0x0000000010000054                capture_callbacks
 .data.pinint_callbacks
                0x0000000010000064       0x20 /home/augusto/Desktop/InfoII/Libreria_LPC845/LPC845/Libreria_LPC845/Debug/libLibreria_LPC845.a(HAL_PININT.o)
 .data.spi_rx_callback
                0x0000000010000084        0x8 /home/augusto/Desktop/InfoII/Libreria_LPC845/LPC845/Libreria_LPC845/Debug/libLibreria_LPC845.a(HAL_SPI.o)
 .data.spi_tx_callback
                0x000000001000008c        0x8 /home/augusto/Desktop/InfoII/Libreria_LPC845/LPC845/Libreria_LPC845/Debug/libLibreria_LPC845.a(HAL_SPI.o)
 .data.current_main_freq
                0x0000000010000094        0x4 /home/augusto/Desktop/InfoII/Libreria_LPC845/LPC845/Libreria_LPC845/Debug/libLibreria_LPC845.a(HAL_SYSCON.o)
 .data.current_fro_freq
                0x0000000010000098        0x4 /home/augusto/Desktop/InfoII/Libreria_LPC845/LPC845/Libreria_LPC845/Debug/libLibreria_LPC845.a(HAL_SYSCON.o)
 .data.systick_callback
                0x000000001000009c        0x4 /home/augusto/Desktop/InfoII/Libreria_LPC845/LPC845/Libreria_LPC845/Debug/libLibreria_LPC845.a(HAL_SYSTICK.o)
 .data.uart_rx_callback
                0x00000000100000a0       0x14 /home/augusto/Desktop/InfoII/Libreria_LPC845/LPC845/Libreria_LPC845/Debug/libLibreria_LPC845.a(HAL_UART.o)
 .data.uart_tx_callback
                0x00000000100000b4       0x14 /home/augusto/Desktop/InfoII/Libreria_LPC845/LPC845/Libreria_LPC845/Debug/libLibreria_LPC845.a(HAL_UART.o)
 .data.hal_wkt_irq_callback
                0x00000000100000c8        0x4 /home/augusto/Desktop/InfoII/Libreria_LPC845/LPC845/Libreria_LPC845/Debug/libLibreria_LPC845.a(HAL_WKT.o)
                0x00000000100000cc                . = ALIGN (0x4)
                0x00000000100000cc                _edata = .

.igot.plt       0x00000000100000cc        0x0 load address 0x0000000000005aa4
 .igot.plt      0x00000000100000cc        0x0 ./src/Micro_tester.o

.bss            0x00000000100000cc       0x48 load address 0x0000000000005aa4
                0x00000000100000cc                . = ALIGN (0x4)
                0x00000000100000cc                _bss = .
 *(.bss*)
 .bss.blink_time_ms
                0x00000000100000cc        0x4 ./src/Micro_tester.o
 .bss.adc_conversion
                0x00000000100000d0        0x4 ./src/Micro_tester.o
 .bss.spi_tx_idx
                0x00000000100000d4        0x4 ./src/Micro_tester.o
 .bss.spi_rx_idx
                0x00000000100000d8        0x4 ./src/Micro_tester.o
 .bss.spi_rx_buff
                0x00000000100000dc        0xa ./src/Micro_tester.o
 .bss.spi_rx_complete_flag
                0x00000000100000e6        0x1 ./src/Micro_tester.o
 *fill*         0x00000000100000e7        0x1 
 .bss.trama_counter
                0x00000000100000e8        0x4 ./src/Micro_tester.o
 .bss.tick_counter.5596
                0x00000000100000ec        0x4 ./src/Micro_tester.o
 .bss.adc_counter.5597
                0x00000000100000f0        0x4 ./src/Micro_tester.o
 .bss.nrf_counter.5598
                0x00000000100000f4        0x4 ./src/Micro_tester.o
 .bss.state.5615
                0x00000000100000f8        0x1 ./src/Micro_tester.o
 .bss.counter.5619
                0x00000000100000f9        0x1 ./src/Micro_tester.o
 *fill*         0x00000000100000fa        0x2 
 .bss.current_frg_freq
                0x00000000100000fc        0x8 /home/augusto/Desktop/InfoII/Libreria_LPC845/LPC845/Libreria_LPC845/Debug/libLibreria_LPC845.a(HAL_SYSCON.o)
 .bss.current_pll_freq
                0x0000000010000104        0x4 /home/augusto/Desktop/InfoII/Libreria_LPC845/LPC845/Libreria_LPC845/Debug/libLibreria_LPC845.a(HAL_SYSCON.o)
 .bss.current_clock_source
                0x0000000010000108        0x1 /home/augusto/Desktop/InfoII/Libreria_LPC845/LPC845/Libreria_LPC845/Debug/libLibreria_LPC845.a(HAL_WKT.o)
 *fill*         0x0000000010000109        0x3 
 .bss.current_ext_clock
                0x000000001000010c        0x4 /home/augusto/Desktop/InfoII/Libreria_LPC845/LPC845/Libreria_LPC845/Debug/libLibreria_LPC845.a(HAL_WKT.o)
 .bss.dummy_reg
                0x0000000010000110        0x4 /home/augusto/Desktop/InfoII/Libreria_LPC845/LPC845/Libreria_LPC845/Debug/libLibreria_LPC845.a(HPL_IOCON.o)
                0x0000000010000110                dummy_reg
 *(COMMON)
                0x0000000010000114                . = ALIGN (0x4)
                0x0000000010000114                _ebss = .
                [!provide]                        PROVIDE (end = .)

.noinit         0x0000000010000114        0x0 load address 0x0000000000005aa4
                0x0000000010000114                . = ALIGN (0x4)
                0x0000000010000114                _noinit = .
 *(.noinit*)
                0x0000000010000114                . = ALIGN (0x4)
                0x0000000010000114                _end_noinit = .
                [!provide]                        PROVIDE (_pvHeapStart = DEFINED (__user_heap_base)?__user_heap_base:.)
                0x0000000010004000                PROVIDE (_vStackTop = DEFINED (__user_stack_top)?__user_stack_top:(__top_RamLoc16 - 0x0))
                0xffffffffefffbb27                PROVIDE (__valid_user_code_checksum = (0x0 - (((_vStackTop + (ResetISR + 0x1)) + (DEFINED (NMI_Handler)?NMI_Handler:M0_NMI_Handler + 0x1)) + (DEFINED (HardFault_Handler)?HardFault_Handler:M0_HardFault_Handler + 0x1))))
                0x0000000000000000                _image_start = LOADADDR (.text)
                0x0000000000005aa4                _image_end = (LOADADDR (.data) + SIZEOF (.data))
                0x0000000000005aa4                _image_size = (_image_end - _image_start)
OUTPUT(Micro_tester.axf elf32-littlearm)

.debug_info     0x0000000000000000    0x2a47c
 .debug_info    0x0000000000000000     0x2afb ./src/Micro_tester.o
 .debug_info    0x0000000000002afb      0x226 ./src/cr_startup_lpc84x.o
 .debug_info    0x0000000000002d21     0x4947 /home/augusto/Desktop/InfoII/Libreria_LPC845/LPC845/Libreria_LPC845/Debug/libLibreria_LPC845.a(HAL_ADC.o)
 .debug_info    0x0000000000007668     0x480b /home/augusto/Desktop/InfoII/Libreria_LPC845/LPC845/Libreria_LPC845/Debug/libLibreria_LPC845.a(HAL_CTIMER.o)
 .debug_info    0x000000000000be73     0x1d4f /home/augusto/Desktop/InfoII/Libreria_LPC845/LPC845/Libreria_LPC845/Debug/libLibreria_LPC845.a(HAL_GPIO.o)
 .debug_info    0x000000000000dbc2     0x2058 /home/augusto/Desktop/InfoII/Libreria_LPC845/LPC845/Libreria_LPC845/Debug/libLibreria_LPC845.a(HAL_IOCON.o)
 .debug_info    0x000000000000fc1a     0x3e2b /home/augusto/Desktop/InfoII/Libreria_LPC845/LPC845/Libreria_LPC845/Debug/libLibreria_LPC845.a(HAL_PININT.o)
 .debug_info    0x0000000000013a45     0x4744 /home/augusto/Desktop/InfoII/Libreria_LPC845/LPC845/Libreria_LPC845/Debug/libLibreria_LPC845.a(HAL_SPI.o)
 .debug_info    0x0000000000018189     0x2fa9 /home/augusto/Desktop/InfoII/Libreria_LPC845/LPC845/Libreria_LPC845/Debug/libLibreria_LPC845.a(HAL_SYSCON.o)
 .debug_info    0x000000000001b132      0x395 /home/augusto/Desktop/InfoII/Libreria_LPC845/LPC845/Libreria_LPC845/Debug/libLibreria_LPC845.a(HAL_SYSTICK.o)
 .debug_info    0x000000000001b4c7     0x45d7 /home/augusto/Desktop/InfoII/Libreria_LPC845/LPC845/Libreria_LPC845/Debug/libLibreria_LPC845.a(HAL_UART.o)
 .debug_info    0x000000000001fa9e     0x311b /home/augusto/Desktop/InfoII/Libreria_LPC845/LPC845/Libreria_LPC845/Debug/libLibreria_LPC845.a(HAL_WKT.o)
 .debug_info    0x0000000000022bb9      0x810 /home/augusto/Desktop/InfoII/Libreria_LPC845/LPC845/Libreria_LPC845/Debug/libLibreria_LPC845.a(HPL_ADC.o)
 .debug_info    0x00000000000233c9      0x6b4 /home/augusto/Desktop/InfoII/Libreria_LPC845/LPC845/Libreria_LPC845/Debug/libLibreria_LPC845.a(HPL_CTIMER.o)
 .debug_info    0x0000000000023a7d      0x4ef /home/augusto/Desktop/InfoII/Libreria_LPC845/LPC845/Libreria_LPC845/Debug/libLibreria_LPC845.a(HPL_GPIO.o)
 .debug_info    0x0000000000023f6c      0x4a5 /home/augusto/Desktop/InfoII/Libreria_LPC845/LPC845/Libreria_LPC845/Debug/libLibreria_LPC845.a(HPL_IOCON.o)
 .debug_info    0x0000000000024411     0x10f3 /home/augusto/Desktop/InfoII/Libreria_LPC845/LPC845/Libreria_LPC845/Debug/libLibreria_LPC845.a(HPL_NVIC.o)
 .debug_info    0x0000000000025504      0x4eb /home/augusto/Desktop/InfoII/Libreria_LPC845/LPC845/Libreria_LPC845/Debug/libLibreria_LPC845.a(HPL_PININT.o)
 .debug_info    0x00000000000259ef      0x291 /home/augusto/Desktop/InfoII/Libreria_LPC845/LPC845/Libreria_LPC845/Debug/libLibreria_LPC845.a(HPL_PMU.o)
 .debug_info    0x0000000000025c80      0x6a9 /home/augusto/Desktop/InfoII/Libreria_LPC845/LPC845/Libreria_LPC845/Debug/libLibreria_LPC845.a(HPL_SPI.o)
 .debug_info    0x0000000000026329     0x216a /home/augusto/Desktop/InfoII/Libreria_LPC845/LPC845/Libreria_LPC845/Debug/libLibreria_LPC845.a(HPL_SWM.o)
 .debug_info    0x0000000000028493     0x1446 /home/augusto/Desktop/InfoII/Libreria_LPC845/LPC845/Libreria_LPC845/Debug/libLibreria_LPC845.a(HPL_SYSCON.o)
 .debug_info    0x00000000000298d9      0x24a /home/augusto/Desktop/InfoII/Libreria_LPC845/LPC845/Libreria_LPC845/Debug/libLibreria_LPC845.a(HPL_SYSTICK.o)
 .debug_info    0x0000000000029b23      0x7bb /home/augusto/Desktop/InfoII/Libreria_LPC845/LPC845/Libreria_LPC845/Debug/libLibreria_LPC845.a(HPL_UART.o)
 .debug_info    0x000000000002a2de      0x19e /home/augusto/Desktop/InfoII/Libreria_LPC845/LPC845/Libreria_LPC845/Debug/libLibreria_LPC845.a(HPL_WKT.o)

.debug_abbrev   0x0000000000000000     0x2f83
 .debug_abbrev  0x0000000000000000      0x253 ./src/Micro_tester.o
 .debug_abbrev  0x0000000000000253      0x117 ./src/cr_startup_lpc84x.o
 .debug_abbrev  0x000000000000036a      0x3b8 /home/augusto/Desktop/InfoII/Libreria_LPC845/LPC845/Libreria_LPC845/Debug/libLibreria_LPC845.a(HAL_ADC.o)
 .debug_abbrev  0x0000000000000722      0x391 /home/augusto/Desktop/InfoII/Libreria_LPC845/LPC845/Libreria_LPC845/Debug/libLibreria_LPC845.a(HAL_CTIMER.o)
 .debug_abbrev  0x0000000000000ab3      0x284 /home/augusto/Desktop/InfoII/Libreria_LPC845/LPC845/Libreria_LPC845/Debug/libLibreria_LPC845.a(HAL_GPIO.o)
 .debug_abbrev  0x0000000000000d37      0x25b /home/augusto/Desktop/InfoII/Libreria_LPC845/LPC845/Libreria_LPC845/Debug/libLibreria_LPC845.a(HAL_IOCON.o)
 .debug_abbrev  0x0000000000000f92      0x30c /home/augusto/Desktop/InfoII/Libreria_LPC845/LPC845/Libreria_LPC845/Debug/libLibreria_LPC845.a(HAL_PININT.o)
 .debug_abbrev  0x000000000000129e      0x371 /home/augusto/Desktop/InfoII/Libreria_LPC845/LPC845/Libreria_LPC845/Debug/libLibreria_LPC845.a(HAL_SPI.o)
 .debug_abbrev  0x000000000000160f      0x35b /home/augusto/Desktop/InfoII/Libreria_LPC845/LPC845/Libreria_LPC845/Debug/libLibreria_LPC845.a(HAL_SYSCON.o)
 .debug_abbrev  0x000000000000196a      0x1b2 /home/augusto/Desktop/InfoII/Libreria_LPC845/LPC845/Libreria_LPC845/Debug/libLibreria_LPC845.a(HAL_SYSTICK.o)
 .debug_abbrev  0x0000000000001b1c      0x382 /home/augusto/Desktop/InfoII/Libreria_LPC845/LPC845/Libreria_LPC845/Debug/libLibreria_LPC845.a(HAL_UART.o)
 .debug_abbrev  0x0000000000001e9e      0x2ba /home/augusto/Desktop/InfoII/Libreria_LPC845/LPC845/Libreria_LPC845/Debug/libLibreria_LPC845.a(HAL_WKT.o)
 .debug_abbrev  0x0000000000002158       0xee /home/augusto/Desktop/InfoII/Libreria_LPC845/LPC845/Libreria_LPC845/Debug/libLibreria_LPC845.a(HPL_ADC.o)
 .debug_abbrev  0x0000000000002246      0x105 /home/augusto/Desktop/InfoII/Libreria_LPC845/LPC845/Libreria_LPC845/Debug/libLibreria_LPC845.a(HPL_CTIMER.o)
 .debug_abbrev  0x000000000000234b      0x128 /home/augusto/Desktop/InfoII/Libreria_LPC845/LPC845/Libreria_LPC845/Debug/libLibreria_LPC845.a(HPL_GPIO.o)
 .debug_abbrev  0x0000000000002473       0xf4 /home/augusto/Desktop/InfoII/Libreria_LPC845/LPC845/Libreria_LPC845/Debug/libLibreria_LPC845.a(HPL_IOCON.o)
 .debug_abbrev  0x0000000000002567      0x132 /home/augusto/Desktop/InfoII/Libreria_LPC845/LPC845/Libreria_LPC845/Debug/libLibreria_LPC845.a(HPL_NVIC.o)
 .debug_abbrev  0x0000000000002699       0xe5 /home/augusto/Desktop/InfoII/Libreria_LPC845/LPC845/Libreria_LPC845/Debug/libLibreria_LPC845.a(HPL_PININT.o)
 .debug_abbrev  0x000000000000277e       0xf4 /home/augusto/Desktop/InfoII/Libreria_LPC845/LPC845/Libreria_LPC845/Debug/libLibreria_LPC845.a(HPL_PMU.o)
 .debug_abbrev  0x0000000000002872      0x105 /home/augusto/Desktop/InfoII/Libreria_LPC845/LPC845/Libreria_LPC845/Debug/libLibreria_LPC845.a(HPL_SPI.o)
 .debug_abbrev  0x0000000000002977      0x1cb /home/augusto/Desktop/InfoII/Libreria_LPC845/LPC845/Libreria_LPC845/Debug/libLibreria_LPC845.a(HPL_SWM.o)
 .debug_abbrev  0x0000000000002b42      0x171 /home/augusto/Desktop/InfoII/Libreria_LPC845/LPC845/Libreria_LPC845/Debug/libLibreria_LPC845.a(HPL_SYSCON.o)
 .debug_abbrev  0x0000000000002cb3       0xee /home/augusto/Desktop/InfoII/Libreria_LPC845/LPC845/Libreria_LPC845/Debug/libLibreria_LPC845.a(HPL_SYSTICK.o)
 .debug_abbrev  0x0000000000002da1      0x105 /home/augusto/Desktop/InfoII/Libreria_LPC845/LPC845/Libreria_LPC845/Debug/libLibreria_LPC845.a(HPL_UART.o)
 .debug_abbrev  0x0000000000002ea6       0xdd /home/augusto/Desktop/InfoII/Libreria_LPC845/LPC845/Libreria_LPC845/Debug/libLibreria_LPC845.a(HPL_WKT.o)

.debug_aranges  0x0000000000000000      0xb20
 .debug_aranges
                0x0000000000000000       0x68 ./src/Micro_tester.o
 .debug_aranges
                0x0000000000000068       0x60 ./src/cr_startup_lpc84x.o
 .debug_aranges
                0x00000000000000c8      0x188 /home/augusto/Desktop/InfoII/Libreria_LPC845/LPC845/Libreria_LPC845/Debug/libLibreria_LPC845.a(HAL_ADC.o)
 .debug_aranges
                0x0000000000000250      0x160 /home/augusto/Desktop/InfoII/Libreria_LPC845/LPC845/Libreria_LPC845/Debug/libLibreria_LPC845.a(HAL_CTIMER.o)
 .debug_aranges
                0x00000000000003b0       0x80 /home/augusto/Desktop/InfoII/Libreria_LPC845/LPC845/Libreria_LPC845/Debug/libLibreria_LPC845.a(HAL_GPIO.o)
 .debug_aranges
                0x0000000000000430       0x30 /home/augusto/Desktop/InfoII/Libreria_LPC845/LPC845/Libreria_LPC845/Debug/libLibreria_LPC845.a(HAL_IOCON.o)
 .debug_aranges
                0x0000000000000460       0xd0 /home/augusto/Desktop/InfoII/Libreria_LPC845/LPC845/Libreria_LPC845/Debug/libLibreria_LPC845.a(HAL_PININT.o)
 .debug_aranges
                0x0000000000000530      0x170 /home/augusto/Desktop/InfoII/Libreria_LPC845/LPC845/Libreria_LPC845/Debug/libLibreria_LPC845.a(HAL_SPI.o)
 .debug_aranges
                0x00000000000006a0      0x100 /home/augusto/Desktop/InfoII/Libreria_LPC845/LPC845/Libreria_LPC845/Debug/libLibreria_LPC845.a(HAL_SYSCON.o)
 .debug_aranges
                0x00000000000007a0       0x60 /home/augusto/Desktop/InfoII/Libreria_LPC845/LPC845/Libreria_LPC845/Debug/libLibreria_LPC845.a(HAL_SYSTICK.o)
 .debug_aranges
                0x0000000000000800      0x138 /home/augusto/Desktop/InfoII/Libreria_LPC845/LPC845/Libreria_LPC845/Debug/libLibreria_LPC845.a(HAL_UART.o)
 .debug_aranges
                0x0000000000000938       0xb0 /home/augusto/Desktop/InfoII/Libreria_LPC845/LPC845/Libreria_LPC845/Debug/libLibreria_LPC845.a(HAL_WKT.o)
 .debug_aranges
                0x00000000000009e8       0x18 /home/augusto/Desktop/InfoII/Libreria_LPC845/LPC845/Libreria_LPC845/Debug/libLibreria_LPC845.a(HPL_ADC.o)
 .debug_aranges
                0x0000000000000a00       0x18 /home/augusto/Desktop/InfoII/Libreria_LPC845/LPC845/Libreria_LPC845/Debug/libLibreria_LPC845.a(HPL_CTIMER.o)
 .debug_aranges
                0x0000000000000a18       0x18 /home/augusto/Desktop/InfoII/Libreria_LPC845/LPC845/Libreria_LPC845/Debug/libLibreria_LPC845.a(HPL_GPIO.o)
 .debug_aranges
                0x0000000000000a30       0x18 /home/augusto/Desktop/InfoII/Libreria_LPC845/LPC845/Libreria_LPC845/Debug/libLibreria_LPC845.a(HPL_IOCON.o)
 .debug_aranges
                0x0000000000000a48       0x18 /home/augusto/Desktop/InfoII/Libreria_LPC845/LPC845/Libreria_LPC845/Debug/libLibreria_LPC845.a(HPL_NVIC.o)
 .debug_aranges
                0x0000000000000a60       0x18 /home/augusto/Desktop/InfoII/Libreria_LPC845/LPC845/Libreria_LPC845/Debug/libLibreria_LPC845.a(HPL_PININT.o)
 .debug_aranges
                0x0000000000000a78       0x18 /home/augusto/Desktop/InfoII/Libreria_LPC845/LPC845/Libreria_LPC845/Debug/libLibreria_LPC845.a(HPL_PMU.o)
 .debug_aranges
                0x0000000000000a90       0x18 /home/augusto/Desktop/InfoII/Libreria_LPC845/LPC845/Libreria_LPC845/Debug/libLibreria_LPC845.a(HPL_SPI.o)
 .debug_aranges
                0x0000000000000aa8       0x18 /home/augusto/Desktop/InfoII/Libreria_LPC845/LPC845/Libreria_LPC845/Debug/libLibreria_LPC845.a(HPL_SWM.o)
 .debug_aranges
                0x0000000000000ac0       0x18 /home/augusto/Desktop/InfoII/Libreria_LPC845/LPC845/Libreria_LPC845/Debug/libLibreria_LPC845.a(HPL_SYSCON.o)
 .debug_aranges
                0x0000000000000ad8       0x18 /home/augusto/Desktop/InfoII/Libreria_LPC845/LPC845/Libreria_LPC845/Debug/libLibreria_LPC845.a(HPL_SYSTICK.o)
 .debug_aranges
                0x0000000000000af0       0x18 /home/augusto/Desktop/InfoII/Libreria_LPC845/LPC845/Libreria_LPC845/Debug/libLibreria_LPC845.a(HPL_UART.o)
 .debug_aranges
                0x0000000000000b08       0x18 /home/augusto/Desktop/InfoII/Libreria_LPC845/LPC845/Libreria_LPC845/Debug/libLibreria_LPC845.a(HPL_WKT.o)

.debug_ranges   0x0000000000000000      0x928
 .debug_ranges  0x0000000000000000       0x58 ./src/Micro_tester.o
 .debug_ranges  0x0000000000000058       0x50 ./src/cr_startup_lpc84x.o
 .debug_ranges  0x00000000000000a8      0x178 /home/augusto/Desktop/InfoII/Libreria_LPC845/LPC845/Libreria_LPC845/Debug/libLibreria_LPC845.a(HAL_ADC.o)
 .debug_ranges  0x0000000000000220      0x150 /home/augusto/Desktop/InfoII/Libreria_LPC845/LPC845/Libreria_LPC845/Debug/libLibreria_LPC845.a(HAL_CTIMER.o)
 .debug_ranges  0x0000000000000370       0x70 /home/augusto/Desktop/InfoII/Libreria_LPC845/LPC845/Libreria_LPC845/Debug/libLibreria_LPC845.a(HAL_GPIO.o)
 .debug_ranges  0x00000000000003e0       0x20 /home/augusto/Desktop/InfoII/Libreria_LPC845/LPC845/Libreria_LPC845/Debug/libLibreria_LPC845.a(HAL_IOCON.o)
 .debug_ranges  0x0000000000000400       0xc0 /home/augusto/Desktop/InfoII/Libreria_LPC845/LPC845/Libreria_LPC845/Debug/libLibreria_LPC845.a(HAL_PININT.o)
 .debug_ranges  0x00000000000004c0      0x160 /home/augusto/Desktop/InfoII/Libreria_LPC845/LPC845/Libreria_LPC845/Debug/libLibreria_LPC845.a(HAL_SPI.o)
 .debug_ranges  0x0000000000000620       0xf0 /home/augusto/Desktop/InfoII/Libreria_LPC845/LPC845/Libreria_LPC845/Debug/libLibreria_LPC845.a(HAL_SYSCON.o)
 .debug_ranges  0x0000000000000710       0x50 /home/augusto/Desktop/InfoII/Libreria_LPC845/LPC845/Libreria_LPC845/Debug/libLibreria_LPC845.a(HAL_SYSTICK.o)
 .debug_ranges  0x0000000000000760      0x128 /home/augusto/Desktop/InfoII/Libreria_LPC845/LPC845/Libreria_LPC845/Debug/libLibreria_LPC845.a(HAL_UART.o)
 .debug_ranges  0x0000000000000888       0xa0 /home/augusto/Desktop/InfoII/Libreria_LPC845/LPC845/Libreria_LPC845/Debug/libLibreria_LPC845.a(HAL_WKT.o)

.debug_macro    0x0000000000000000     0x2b60
 .debug_macro   0x0000000000000000      0x18f ./src/Micro_tester.o
 .debug_macro   0x000000000000018f      0xa8a ./src/Micro_tester.o
 .debug_macro   0x0000000000000c19       0x82 ./src/Micro_tester.o
 .debug_macro   0x0000000000000c9b       0x10 ./src/Micro_tester.o
 .debug_macro   0x0000000000000cab      0x12e ./src/Micro_tester.o
 .debug_macro   0x0000000000000dd9       0x16 ./src/Micro_tester.o
 .debug_macro   0x0000000000000def      0x5b3 ./src/Micro_tester.o
 .debug_macro   0x00000000000013a2       0x16 ./src/Micro_tester.o
 .debug_macro   0x00000000000013b8       0x34 ./src/Micro_tester.o
 .debug_macro   0x00000000000013ec       0x10 ./src/Micro_tester.o
 .debug_macro   0x00000000000013fc       0x10 ./src/Micro_tester.o
 .debug_macro   0x000000000000140c       0x10 ./src/Micro_tester.o
 .debug_macro   0x000000000000141c       0x1d ./src/cr_startup_lpc84x.o
 .debug_macro   0x0000000000001439       0xda /home/augusto/Desktop/InfoII/Libreria_LPC845/LPC845/Libreria_LPC845/Debug/libLibreria_LPC845.a(HAL_ADC.o)
 .debug_macro   0x0000000000001513      0xa96 /home/augusto/Desktop/InfoII/Libreria_LPC845/LPC845/Libreria_LPC845/Debug/libLibreria_LPC845.a(HAL_ADC.o)
 .debug_macro   0x0000000000001fa9       0x10 /home/augusto/Desktop/InfoII/Libreria_LPC845/LPC845/Libreria_LPC845/Debug/libLibreria_LPC845.a(HAL_ADC.o)
 .debug_macro   0x0000000000001fb9       0x2c /home/augusto/Desktop/InfoII/Libreria_LPC845/LPC845/Libreria_LPC845/Debug/libLibreria_LPC845.a(HAL_ADC.o)
 .debug_macro   0x0000000000001fe5       0x10 /home/augusto/Desktop/InfoII/Libreria_LPC845/LPC845/Libreria_LPC845/Debug/libLibreria_LPC845.a(HAL_ADC.o)
 .debug_macro   0x0000000000001ff5       0xfa /home/augusto/Desktop/InfoII/Libreria_LPC845/LPC845/Libreria_LPC845/Debug/libLibreria_LPC845.a(HAL_CTIMER.o)
 .debug_macro   0x00000000000020ef       0x10 /home/augusto/Desktop/InfoII/Libreria_LPC845/LPC845/Libreria_LPC845/Debug/libLibreria_LPC845.a(HAL_CTIMER.o)
 .debug_macro   0x00000000000020ff       0x71 /home/augusto/Desktop/InfoII/Libreria_LPC845/LPC845/Libreria_LPC845/Debug/libLibreria_LPC845.a(HAL_GPIO.o)
 .debug_macro   0x0000000000002170       0x10 /home/augusto/Desktop/InfoII/Libreria_LPC845/LPC845/Libreria_LPC845/Debug/libLibreria_LPC845.a(HAL_GPIO.o)
 .debug_macro   0x0000000000002180       0x8e /home/augusto/Desktop/InfoII/Libreria_LPC845/LPC845/Libreria_LPC845/Debug/libLibreria_LPC845.a(HAL_IOCON.o)
 .debug_macro   0x000000000000220e       0x2e /home/augusto/Desktop/InfoII/Libreria_LPC845/LPC845/Libreria_LPC845/Debug/libLibreria_LPC845.a(HAL_IOCON.o)
 .debug_macro   0x000000000000223c       0xc2 /home/augusto/Desktop/InfoII/Libreria_LPC845/LPC845/Libreria_LPC845/Debug/libLibreria_LPC845.a(HAL_PININT.o)
 .debug_macro   0x00000000000022fe       0x10 /home/augusto/Desktop/InfoII/Libreria_LPC845/LPC845/Libreria_LPC845/Debug/libLibreria_LPC845.a(HAL_PININT.o)
 .debug_macro   0x000000000000230e       0xd1 /home/augusto/Desktop/InfoII/Libreria_LPC845/LPC845/Libreria_LPC845/Debug/libLibreria_LPC845.a(HAL_SPI.o)
 .debug_macro   0x00000000000023df       0x16 /home/augusto/Desktop/InfoII/Libreria_LPC845/LPC845/Libreria_LPC845/Debug/libLibreria_LPC845.a(HAL_SPI.o)
 .debug_macro   0x00000000000023f5       0xb0 /home/augusto/Desktop/InfoII/Libreria_LPC845/LPC845/Libreria_LPC845/Debug/libLibreria_LPC845.a(HAL_SYSCON.o)
 .debug_macro   0x00000000000024a5       0x63 /home/augusto/Desktop/InfoII/Libreria_LPC845/LPC845/Libreria_LPC845/Debug/libLibreria_LPC845.a(HAL_SYSTICK.o)
 .debug_macro   0x0000000000002508       0x10 /home/augusto/Desktop/InfoII/Libreria_LPC845/LPC845/Libreria_LPC845/Debug/libLibreria_LPC845.a(HAL_SYSTICK.o)
 .debug_macro   0x0000000000002518       0xcb /home/augusto/Desktop/InfoII/Libreria_LPC845/LPC845/Libreria_LPC845/Debug/libLibreria_LPC845.a(HAL_UART.o)
 .debug_macro   0x00000000000025e3       0x28 /home/augusto/Desktop/InfoII/Libreria_LPC845/LPC845/Libreria_LPC845/Debug/libLibreria_LPC845.a(HAL_UART.o)
 .debug_macro   0x000000000000260b       0xce /home/augusto/Desktop/InfoII/Libreria_LPC845/LPC845/Libreria_LPC845/Debug/libLibreria_LPC845.a(HAL_WKT.o)
 .debug_macro   0x00000000000026d9       0x10 /home/augusto/Desktop/InfoII/Libreria_LPC845/LPC845/Libreria_LPC845/Debug/libLibreria_LPC845.a(HAL_WKT.o)
 .debug_macro   0x00000000000026e9       0x16 /home/augusto/Desktop/InfoII/Libreria_LPC845/LPC845/Libreria_LPC845/Debug/libLibreria_LPC845.a(HAL_WKT.o)
 .debug_macro   0x00000000000026ff       0x4c /home/augusto/Desktop/InfoII/Libreria_LPC845/LPC845/Libreria_LPC845/Debug/libLibreria_LPC845.a(HPL_ADC.o)
 .debug_macro   0x000000000000274b       0x4c /home/augusto/Desktop/InfoII/Libreria_LPC845/LPC845/Libreria_LPC845/Debug/libLibreria_LPC845.a(HPL_CTIMER.o)
 .debug_macro   0x0000000000002797       0x45 /home/augusto/Desktop/InfoII/Libreria_LPC845/LPC845/Libreria_LPC845/Debug/libLibreria_LPC845.a(HPL_GPIO.o)
 .debug_macro   0x00000000000027dc       0x45 /home/augusto/Desktop/InfoII/Libreria_LPC845/LPC845/Libreria_LPC845/Debug/libLibreria_LPC845.a(HPL_IOCON.o)
 .debug_macro   0x0000000000002821       0x4c /home/augusto/Desktop/InfoII/Libreria_LPC845/LPC845/Libreria_LPC845/Debug/libLibreria_LPC845.a(HPL_NVIC.o)
 .debug_macro   0x000000000000286d       0x4c /home/augusto/Desktop/InfoII/Libreria_LPC845/LPC845/Libreria_LPC845/Debug/libLibreria_LPC845.a(HPL_PININT.o)
 .debug_macro   0x00000000000028b9       0x4b /home/augusto/Desktop/InfoII/Libreria_LPC845/LPC845/Libreria_LPC845/Debug/libLibreria_LPC845.a(HPL_PMU.o)
 .debug_macro   0x0000000000002904       0x10 /home/augusto/Desktop/InfoII/Libreria_LPC845/LPC845/Libreria_LPC845/Debug/libLibreria_LPC845.a(HPL_PMU.o)
 .debug_macro   0x0000000000002914       0x4b /home/augusto/Desktop/InfoII/Libreria_LPC845/LPC845/Libreria_LPC845/Debug/libLibreria_LPC845.a(HPL_SPI.o)
 .debug_macro   0x000000000000295f       0x10 /home/augusto/Desktop/InfoII/Libreria_LPC845/LPC845/Libreria_LPC845/Debug/libLibreria_LPC845.a(HPL_SPI.o)
 .debug_macro   0x000000000000296f       0x7b /home/augusto/Desktop/InfoII/Libreria_LPC845/LPC845/Libreria_LPC845/Debug/libLibreria_LPC845.a(HPL_SWM.o)
 .debug_macro   0x00000000000029ea       0x26 /home/augusto/Desktop/InfoII/Libreria_LPC845/LPC845/Libreria_LPC845/Debug/libLibreria_LPC845.a(HPL_SWM.o)
 .debug_macro   0x0000000000002a10       0x4b /home/augusto/Desktop/InfoII/Libreria_LPC845/LPC845/Libreria_LPC845/Debug/libLibreria_LPC845.a(HPL_SYSCON.o)
 .debug_macro   0x0000000000002a5b       0x4c /home/augusto/Desktop/InfoII/Libreria_LPC845/LPC845/Libreria_LPC845/Debug/libLibreria_LPC845.a(HPL_SYSTICK.o)
 .debug_macro   0x0000000000002aa7       0x4b /home/augusto/Desktop/InfoII/Libreria_LPC845/LPC845/Libreria_LPC845/Debug/libLibreria_LPC845.a(HPL_UART.o)
 .debug_macro   0x0000000000002af2       0x22 /home/augusto/Desktop/InfoII/Libreria_LPC845/LPC845/Libreria_LPC845/Debug/libLibreria_LPC845.a(HPL_UART.o)
 .debug_macro   0x0000000000002b14       0x4c /home/augusto/Desktop/InfoII/Libreria_LPC845/LPC845/Libreria_LPC845/Debug/libLibreria_LPC845.a(HPL_WKT.o)

.debug_line     0x0000000000000000     0x6c12
 .debug_line    0x0000000000000000      0x59b ./src/Micro_tester.o
 .debug_line    0x000000000000059b      0x133 ./src/cr_startup_lpc84x.o
 .debug_line    0x00000000000006ce      0xb6f /home/augusto/Desktop/InfoII/Libreria_LPC845/LPC845/Libreria_LPC845/Debug/libLibreria_LPC845.a(HAL_ADC.o)
 .debug_line    0x000000000000123d      0xbff /home/augusto/Desktop/InfoII/Libreria_LPC845/LPC845/Libreria_LPC845/Debug/libLibreria_LPC845.a(HAL_CTIMER.o)
 .debug_line    0x0000000000001e3c      0x49b /home/augusto/Desktop/InfoII/Libreria_LPC845/LPC845/Libreria_LPC845/Debug/libLibreria_LPC845.a(HAL_GPIO.o)
 .debug_line    0x00000000000022d7      0x401 /home/augusto/Desktop/InfoII/Libreria_LPC845/LPC845/Libreria_LPC845/Debug/libLibreria_LPC845.a(HAL_IOCON.o)
 .debug_line    0x00000000000026d8      0x6a0 /home/augusto/Desktop/InfoII/Libreria_LPC845/LPC845/Libreria_LPC845/Debug/libLibreria_LPC845.a(HAL_PININT.o)
 .debug_line    0x0000000000002d78      0xbe1 /home/augusto/Desktop/InfoII/Libreria_LPC845/LPC845/Libreria_LPC845/Debug/libLibreria_LPC845.a(HAL_SPI.o)
 .debug_line    0x0000000000003959      0x7a9 /home/augusto/Desktop/InfoII/Libreria_LPC845/LPC845/Libreria_LPC845/Debug/libLibreria_LPC845.a(HAL_SYSCON.o)
 .debug_line    0x0000000000004102      0x3b7 /home/augusto/Desktop/InfoII/Libreria_LPC845/LPC845/Libreria_LPC845/Debug/libLibreria_LPC845.a(HAL_SYSTICK.o)
 .debug_line    0x00000000000044b9      0x92f /home/augusto/Desktop/InfoII/Libreria_LPC845/LPC845/Libreria_LPC845/Debug/libLibreria_LPC845.a(HAL_UART.o)
 .debug_line    0x0000000000004de8      0x5f6 /home/augusto/Desktop/InfoII/Libreria_LPC845/LPC845/Libreria_LPC845/Debug/libLibreria_LPC845.a(HAL_WKT.o)
 .debug_line    0x00000000000053de      0x1ce /home/augusto/Desktop/InfoII/Libreria_LPC845/LPC845/Libreria_LPC845/Debug/libLibreria_LPC845.a(HPL_ADC.o)
 .debug_line    0x00000000000055ac      0x1d4 /home/augusto/Desktop/InfoII/Libreria_LPC845/LPC845/Libreria_LPC845/Debug/libLibreria_LPC845.a(HPL_CTIMER.o)
 .debug_line    0x0000000000005780      0x1d0 /home/augusto/Desktop/InfoII/Libreria_LPC845/LPC845/Libreria_LPC845/Debug/libLibreria_LPC845.a(HPL_GPIO.o)
 .debug_line    0x0000000000005950      0x1d2 /home/augusto/Desktop/InfoII/Libreria_LPC845/LPC845/Libreria_LPC845/Debug/libLibreria_LPC845.a(HPL_IOCON.o)
 .debug_line    0x0000000000005b22      0x1d0 /home/augusto/Desktop/InfoII/Libreria_LPC845/LPC845/Libreria_LPC845/Debug/libLibreria_LPC845.a(HPL_NVIC.o)
 .debug_line    0x0000000000005cf2      0x1d4 /home/augusto/Desktop/InfoII/Libreria_LPC845/LPC845/Libreria_LPC845/Debug/libLibreria_LPC845.a(HPL_PININT.o)
 .debug_line    0x0000000000005ec6      0x1ce /home/augusto/Desktop/InfoII/Libreria_LPC845/LPC845/Libreria_LPC845/Debug/libLibreria_LPC845.a(HPL_PMU.o)
 .debug_line    0x0000000000006094      0x1ce /home/augusto/Desktop/InfoII/Libreria_LPC845/LPC845/Libreria_LPC845/Debug/libLibreria_LPC845.a(HPL_SPI.o)
 .debug_line    0x0000000000006262      0x268 /home/augusto/Desktop/InfoII/Libreria_LPC845/LPC845/Libreria_LPC845/Debug/libLibreria_LPC845.a(HPL_SWM.o)
 .debug_line    0x00000000000064ca      0x1d4 /home/augusto/Desktop/InfoII/Libreria_LPC845/LPC845/Libreria_LPC845/Debug/libLibreria_LPC845.a(HPL_SYSCON.o)